{"timestamp":"2026-07-02T10:59:43.188173Z","level":"info","event":"DAG bundles loaded: dags-folder","logger":"airflow.dag_processing.bundles.manager.DagBundlesManager","filename":"manager.py","lineno":179}
{"timestamp":"2026-07-02T10:59:43.188579Z","level":"info","event":"Filling up the DagBag from /opt/airflow/dags/orchestration/master_pipeline.py","logger":"airflow.models.dagbag.DagBag","filename":"dagbag.py","lineno":593}
{"timestamp":"2026-07-02T10:59:43.199099Z","level":"warning","event":"The `airflow.operators.empty.EmptyOperator` attribute is deprecated. Please use `'airflow.providers.standard.operators.empty.EmptyOperator'`.","category":"DeprecatedImportWarning","filename":"/opt/airflow/dags/orchestration/master_pipeline.py","lineno":4,"logger":"py.warnings"}
{"timestamp":"2026-07-02T10:59:43.199160Z","level":"warning","event":"The `airflow.operators.bash.BashOperator` attribute is deprecated. Please use `'airflow.providers.standard.operators.bash.BashOperator'`.","category":"DeprecatedImportWarning","filename":"/opt/airflow/dags/orchestration/master_pipeline.py","lineno":5,"logger":"py.warnings"}
{"timestamp":"2026-07-02T10:59:43.199189Z","level":"warning","event":"The `airflow.operators.trigger_dagrun.TriggerDagRunOperator` attribute is deprecated. Please use `'airflow.providers.standard.operators.trigger_dagrun.TriggerDagRunOperator'`.","category":"DeprecatedImportWarning","filename":"/opt/airflow/dags/orchestration/master_pipeline.py","lineno":6,"logger":"py.warnings"}
{"timestamp":"2026-07-02T10:59:43.388774Z","level":"info","event":"Tmp dir root location: /tmp","logger":"airflow.task.hooks.airflow.providers.standard.hooks.subprocess.SubprocessHook","filename":"subprocess.py","lineno":78}
{"timestamp":"2026-07-02T10:59:43.389246Z","level":"info","event":"Running command: ['/usr/bin/bash', '-c', '\\n        python /opt/project/phase9/scripts/run_dbt_models.py\\n        ']","logger":"airflow.task.hooks.airflow.providers.standard.hooks.subprocess.SubprocessHook","filename":"subprocess.py","lineno":88}
{"timestamp":"2026-07-02T10:59:43.393883Z","level":"info","event":"Output:","logger":"airflow.task.hooks.airflow.providers.standard.hooks.subprocess.SubprocessHook","filename":"subprocess.py","lineno":99}
{"timestamp":"2026-07-02T10:59:44.945271Z","level":"info","event":"\u001b[0m10:59:44  Running with dbt=1.11.11","logger":"airflow.task.hooks.airflow.providers.standard.hooks.subprocess.SubprocessHook","filename":"subprocess.py","lineno":106}
{"timestamp":"2026-07-02T10:59:44.953746Z","level":"info","event":"\u001b[0m10:59:44  dbt version: 1.11.11","logger":"airflow.task.hooks.airflow.providers.standard.hooks.subprocess.SubprocessHook","filename":"subprocess.py","lineno":106}
{"timestamp":"2026-07-02T10:59:44.954129Z","level":"info","event":"\u001b[0m10:59:44  python version: 3.12.11","logger":"airflow.task.hooks.airflow.providers.standard.hooks.subprocess.SubprocessHook","filename":"subprocess.py","lineno":106}
{"timestamp":"2026-07-02T10:59:44.954412Z","level":"info","event":"\u001b[0m10:59:44  python path: /usr/python/bin/python3.12","logger":"airflow.task.hooks.airflow.providers.standard.hooks.subprocess.SubprocessHook","filename":"subprocess.py","lineno":106}
{"timestamp":"2026-07-02T10:59:44.954746Z","level":"info","event":"\u001b[0m10:59:44  os info: Linux-6.12.76-linuxkit-aarch64-with-glibc2.36","logger":"airflow.task.hooks.airflow.providers.standard.hooks.subprocess.SubprocessHook","filename":"subprocess.py","lineno":106}
{"timestamp":"2026-07-02T10:59:45.399698Z","level":"info","event":"\u001b[0m10:59:45  Using profiles dir at /home/airflow/.dbt","logger":"airflow.task.hooks.airflow.providers.standard.hooks.subprocess.SubprocessHook","filename":"subprocess.py","lineno":106}
{"timestamp":"2026-07-02T10:59:45.400178Z","level":"info","event":"\u001b[0m10:59:45  Using profiles.yml file at /home/airflow/.dbt/profiles.yml","logger":"airflow.task.hooks.airflow.providers.standard.hooks.subprocess.SubprocessHook","filename":"subprocess.py","lineno":106}
{"timestamp":"2026-07-02T10:59:45.400846Z","level":"info","event":"\u001b[0m10:59:45  Using dbt_project.yml file at /opt/project/phase8/dbt/uk_housing_dbt/dbt_project.yml","logger":"airflow.task.hooks.airflow.providers.standard.hooks.subprocess.SubprocessHook","filename":"subprocess.py","lineno":106}
{"timestamp":"2026-07-02T10:59:45.401433Z","level":"info","event":"\u001b[0m10:59:45  adapter type: snowflake","logger":"airflow.task.hooks.airflow.providers.standard.hooks.subprocess.SubprocessHook","filename":"subprocess.py","lineno":106}
{"timestamp":"2026-07-02T10:59:45.401714Z","level":"info","event":"\u001b[0m10:59:45  adapter version: 1.10.5","logger":"airflow.task.hooks.airflow.providers.standard.hooks.subprocess.SubprocessHook","filename":"subprocess.py","lineno":106}
{"timestamp":"2026-07-02T10:59:45.456783Z","level":"info","event":"\u001b[0m10:59:45  Configuration:","logger":"airflow.task.hooks.airflow.providers.standard.hooks.subprocess.SubprocessHook","filename":"subprocess.py","lineno":106}
{"timestamp":"2026-07-02T10:59:45.457213Z","level":"info","event":"\u001b[0m10:59:45    profiles.yml file [\u001b[32mOK found and valid\u001b[0m]","logger":"airflow.task.hooks.airflow.providers.standard.hooks.subprocess.SubprocessHook","filename":"subprocess.py","lineno":106}
{"timestamp":"2026-07-02T10:59:45.457554Z","level":"info","event":"\u001b[0m10:59:45    dbt_project.yml file [\u001b[32mOK found and valid\u001b[0m]","logger":"airflow.task.hooks.airflow.providers.standard.hooks.subprocess.SubprocessHook","filename":"subprocess.py","lineno":106}
{"timestamp":"2026-07-02T10:59:45.457824Z","level":"info","event":"\u001b[0m10:59:45  Required dependencies:","logger":"airflow.task.hooks.airflow.providers.standard.hooks.subprocess.SubprocessHook","filename":"subprocess.py","lineno":106}
{"timestamp":"2026-07-02T10:59:45.463298Z","level":"info","event":"\u001b[0m10:59:45   - git [\u001b[32mOK found\u001b[0m]","logger":"airflow.task.hooks.airflow.providers.standard.hooks.subprocess.SubprocessHook","filename":"subprocess.py","lineno":106}
{"timestamp":"2026-07-02T10:59:45.463344Z","level":"info","event":"","logger":"airflow.task.hooks.airflow.providers.standard.hooks.subprocess.SubprocessHook","filename":"subprocess.py","lineno":106}
{"timestamp":"2026-07-02T10:59:45.463533Z","level":"info","event":"\u001b[0m10:59:45  Connection:","logger":"airflow.task.hooks.airflow.providers.standard.hooks.subprocess.SubprocessHook","filename":"subprocess.py","lineno":106}
{"timestamp":"2026-07-02T10:59:45.463830Z","level":"info","event":"\u001b[0m10:59:45    account: UGLGPMY-FW39691","logger":"airflow.task.hooks.airflow.providers.standard.hooks.subprocess.SubprocessHook","filename":"subprocess.py","lineno":106}
{"timestamp":"2026-07-02T10:59:45.464060Z","level":"info","event":"\u001b[0m10:59:45    user: BIBHRAJSAHA","logger":"airflow.task.hooks.airflow.providers.standard.hooks.subprocess.SubprocessHook","filename":"subprocess.py","lineno":106}
{"timestamp":"2026-07-02T10:59:45.464340Z","level":"info","event":"\u001b[0m10:59:45    database: UK_HOUSING_DW","logger":"airflow.task.hooks.airflow.providers.standard.hooks.subprocess.SubprocessHook","filename":"subprocess.py","lineno":106}
{"timestamp":"2026-07-02T10:59:45.464645Z","level":"info","event":"\u001b[0m10:59:45    warehouse: COMPUTE_WH","logger":"airflow.task.hooks.airflow.providers.standard.hooks.subprocess.SubprocessHook","filename":"subprocess.py","lineno":106}
{"timestamp":"2026-07-02T10:59:45.465081Z","level":"info","event":"\u001b[0m10:59:45    role: ACCOUNTADMIN","logger":"airflow.task.hooks.airflow.providers.standard.hooks.subprocess.SubprocessHook","filename":"subprocess.py","lineno":106}
{"timestamp":"2026-07-02T10:59:45.465272Z","level":"info","event":"\u001b[0m10:59:45    schema: STAGING","logger":"airflow.task.hooks.airflow.providers.standard.hooks.subprocess.SubprocessHook","filename":"subprocess.py","lineno":106}
{"timestamp":"2026-07-02T10:59:45.465500Z","level":"info","event":"\u001b[0m10:59:45    authenticator: None","logger":"airflow.task.hooks.airflow.providers.standard.hooks.subprocess.SubprocessHook","filename":"subprocess.py","lineno":106}
{"timestamp":"2026-07-02T10:59:45.465753Z","level":"info","event":"\u001b[0m10:59:45    oauth_client_id: None","logger":"airflow.task.hooks.airflow.providers.standard.hooks.subprocess.SubprocessHook","filename":"subprocess.py","lineno":106}
{"timestamp":"2026-07-02T10:59:45.465983Z","level":"info","event":"\u001b[0m10:59:45    query_tag: None","logger":"airflow.task.hooks.airflow.providers.standard.hooks.subprocess.SubprocessHook","filename":"subprocess.py","lineno":106}
{"timestamp":"2026-07-02T10:59:45.466203Z","level":"info","event":"\u001b[0m10:59:45    client_session_keep_alive: False","logger":"airflow.task.hooks.airflow.providers.standard.hooks.subprocess.SubprocessHook","filename":"subprocess.py","lineno":106}
{"timestamp":"2026-07-02T10:59:45.466428Z","level":"info","event":"\u001b[0m10:59:45    host: None","logger":"airflow.task.hooks.airflow.providers.standard.hooks.subprocess.SubprocessHook","filename":"subprocess.py","lineno":106}
{"timestamp":"2026-07-02T10:59:45.466670Z","level":"info","event":"\u001b[0m10:59:45    port: None","logger":"airflow.task.hooks.airflow.providers.standard.hooks.subprocess.SubprocessHook","filename":"subprocess.py","lineno":106}
{"timestamp":"2026-07-02T10:59:45.466926Z","level":"info","event":"\u001b[0m10:59:45    proxy_host: None","logger":"airflow.task.hooks.airflow.providers.standard.hooks.subprocess.SubprocessHook","filename":"subprocess.py","lineno":106}
{"timestamp":"2026-07-02T10:59:45.467248Z","level":"info","event":"\u001b[0m10:59:45    proxy_port: None","logger":"airflow.task.hooks.airflow.providers.standard.hooks.subprocess.SubprocessHook","filename":"subprocess.py","lineno":106}
{"timestamp":"2026-07-02T10:59:45.467498Z","level":"info","event":"\u001b[0m10:59:45    protocol: None","logger":"airflow.task.hooks.airflow.providers.standard.hooks.subprocess.SubprocessHook","filename":"subprocess.py","lineno":106}
{"timestamp":"2026-07-02T10:59:45.467801Z","level":"info","event":"\u001b[0m10:59:45    connect_retries: 1","logger":"airflow.task.hooks.airflow.providers.standard.hooks.subprocess.SubprocessHook","filename":"subprocess.py","lineno":106}
{"timestamp":"2026-07-02T10:59:45.468072Z","level":"info","event":"\u001b[0m10:59:45    connect_timeout: None","logger":"airflow.task.hooks.airflow.providers.standard.hooks.subprocess.SubprocessHook","filename":"subprocess.py","lineno":106}
{"timestamp":"2026-07-02T10:59:45.468332Z","level":"info","event":"\u001b[0m10:59:45    retry_on_database_errors: False","logger":"airflow.task.hooks.airflow.providers.standard.hooks.subprocess.SubprocessHook","filename":"subprocess.py","lineno":106}
{"timestamp":"2026-07-02T10:59:45.468572Z","level":"info","event":"\u001b[0m10:59:45    retry_all: False","logger":"airflow.task.hooks.airflow.providers.standard.hooks.subprocess.SubprocessHook","filename":"subprocess.py","lineno":106}
{"timestamp":"2026-07-02T10:59:45.468782Z","level":"info","event":"\u001b[0m10:59:45    insecure_mode: False","logger":"airflow.task.hooks.airflow.providers.standard.hooks.subprocess.SubprocessHook","filename":"subprocess.py","lineno":106}
{"timestamp":"2026-07-02T10:59:45.469013Z","level":"info","event":"\u001b[0m10:59:45    reuse_connections: True","logger":"airflow.task.hooks.airflow.providers.standard.hooks.subprocess.SubprocessHook","filename":"subprocess.py","lineno":106}
{"timestamp":"2026-07-02T10:59:45.469227Z","level":"info","event":"\u001b[0m10:59:45    s3_stage_vpce_dns_name: None","logger":"airflow.task.hooks.airflow.providers.standard.hooks.subprocess.SubprocessHook","filename":"subprocess.py","lineno":106}
{"timestamp":"2026-07-02T10:59:45.469449Z","level":"info","event":"\u001b[0m10:59:45    platform_detection_timeout_seconds: 0.0","logger":"airflow.task.hooks.airflow.providers.standard.hooks.subprocess.SubprocessHook","filename":"subprocess.py","lineno":106}
{"timestamp":"2026-07-02T10:59:45.469795Z","level":"info","event":"\u001b[0m10:59:45  Registered adapter: snowflake=1.10.5","logger":"airflow.task.hooks.airflow.providers.standard.hooks.subprocess.SubprocessHook","filename":"subprocess.py","lineno":106}
{"timestamp":"2026-07-02T10:59:46.726135Z","level":"info","event":"\u001b[0m10:59:46    Connection test: [\u001b[32mOK connection ok\u001b[0m]","logger":"airflow.task.hooks.airflow.providers.standard.hooks.subprocess.SubprocessHook","filename":"subprocess.py","lineno":106}
{"timestamp":"2026-07-02T10:59:46.726341Z","level":"info","event":"","logger":"airflow.task.hooks.airflow.providers.standard.hooks.subprocess.SubprocessHook","filename":"subprocess.py","lineno":106}
{"timestamp":"2026-07-02T10:59:46.726501Z","level":"info","event":"\u001b[0m10:59:46  \u001b[32mAll checks passed!\u001b[0m","logger":"airflow.task.hooks.airflow.providers.standard.hooks.subprocess.SubprocessHook","filename":"subprocess.py","lineno":106}
{"timestamp":"2026-07-02T10:59:49.892058Z","level":"info","event":"\u001b[0m10:59:49  Running with dbt=1.11.11","logger":"airflow.task.hooks.airflow.providers.standard.hooks.subprocess.SubprocessHook","filename":"subprocess.py","lineno":106}
{"timestamp":"2026-07-02T10:59:50.012069Z","level":"info","event":"\u001b[0m10:59:50  Warning: No packages were found in packages.yml","logger":"airflow.task.hooks.airflow.providers.standard.hooks.subprocess.SubprocessHook","filename":"subprocess.py","lineno":106}
{"timestamp":"2026-07-02T10:59:50.016416Z","level":"info","event":"\u001b[0m10:59:50  Warning: No packages were found in packages.yml","logger":"airflow.task.hooks.airflow.providers.standard.hooks.subprocess.SubprocessHook","filename":"subprocess.py","lineno":106}
{"timestamp":"2026-07-02T10:59:52.750156Z","level":"info","event":"\u001b[0m10:59:52  Running with dbt=1.11.11","logger":"airflow.task.hooks.airflow.providers.standard.hooks.subprocess.SubprocessHook","filename":"subprocess.py","lineno":106}
{"timestamp":"2026-07-02T10:59:53.258464Z","level":"info","event":"\u001b[0m10:59:53  Registered adapter: snowflake=1.10.5","logger":"airflow.task.hooks.airflow.providers.standard.hooks.subprocess.SubprocessHook","filename":"subprocess.py","lineno":106}
{"timestamp":"2026-07-02T10:59:53.580742Z","level":"info","event":"\u001b[0m10:59:53  Found 36 models, 51 data tests, 14 sources, 520 macros","logger":"airflow.task.hooks.airflow.providers.standard.hooks.subprocess.SubprocessHook","filename":"subprocess.py","lineno":106}
{"timestamp":"2026-07-02T10:59:53.585917Z","level":"info","event":"\u001b[0m10:59:53","logger":"airflow.task.hooks.airflow.providers.standard.hooks.subprocess.SubprocessHook","filename":"subprocess.py","lineno":106}
{"timestamp":"2026-07-02T10:59:53.586347Z","level":"info","event":"\u001b[0m10:59:53  Concurrency: 4 threads (target='dev')","logger":"airflow.task.hooks.airflow.providers.standard.hooks.subprocess.SubprocessHook","filename":"subprocess.py","lineno":106}
{"timestamp":"2026-07-02T10:59:53.586678Z","level":"info","event":"\u001b[0m10:59:53","logger":"airflow.task.hooks.airflow.providers.standard.hooks.subprocess.SubprocessHook","filename":"subprocess.py","lineno":106}
{"timestamp":"2026-07-02T10:59:55.209878Z","level":"info","event":"\u001b[0m10:59:55  1 of 87 START sql view model STAGING.stg_crime_scores .......................... [RUN]","logger":"airflow.task.hooks.airflow.providers.standard.hooks.subprocess.SubprocessHook","filename":"subprocess.py","lineno":106}
{"timestamp":"2026-07-02T10:59:55.211000Z","level":"info","event":"\u001b[0m10:59:55  2 of 87 START sql view model STAGING.stg_growth_scores ......................... [RUN]","logger":"airflow.task.hooks.airflow.providers.standard.hooks.subprocess.SubprocessHook","filename":"subprocess.py","lineno":106}
{"timestamp":"2026-07-02T10:59:55.211751Z","level":"info","event":"\u001b[0m10:59:55  3 of 87 START sql view model STAGING.stg_healthcare_intelligence ............... [RUN]","logger":"airflow.task.hooks.airflow.providers.standard.hooks.subprocess.SubprocessHook","filename":"subprocess.py","lineno":106}
{"timestamp":"2026-07-02T10:59:55.212990Z","level":"info","event":"\u001b[0m10:59:55  4 of 87 START sql view model STAGING.stg_historical_housing_trends ............. [RUN]","logger":"airflow.task.hooks.airflow.providers.standard.hooks.subprocess.SubprocessHook","filename":"subprocess.py","lineno":106}
{"timestamp":"2026-07-02T10:59:55.633626Z","level":"info","event":"\u001b[0m10:59:55  4 of 87 OK created sql view model STAGING.stg_historical_housing_trends ........ [\u001b[32mSUCCESS 1\u001b[0m in 0.41s]","logger":"airflow.task.hooks.airflow.providers.standard.hooks.subprocess.SubprocessHook","filename":"subprocess.py","lineno":106}
{"timestamp":"2026-07-02T10:59:55.634151Z","level":"info","event":"\u001b[0m10:59:55  3 of 87 OK created sql view model STAGING.stg_healthcare_intelligence .......... [\u001b[32mSUCCESS 1\u001b[0m in 0.41s]","logger":"airflow.task.hooks.airflow.providers.standard.hooks.subprocess.SubprocessHook","filename":"subprocess.py","lineno":106}
{"timestamp":"2026-07-02T10:59:55.634798Z","level":"info","event":"\u001b[0m10:59:55  1 of 87 OK created sql view model STAGING.stg_crime_scores ..................... [\u001b[32mSUCCESS 1\u001b[0m in 0.42s]","logger":"airflow.task.hooks.airflow.providers.standard.hooks.subprocess.SubprocessHook","filename":"subprocess.py","lineno":106}
{"timestamp":"2026-07-02T10:59:55.635360Z","level":"info","event":"\u001b[0m10:59:55  2 of 87 OK created sql view model STAGING.stg_growth_scores .................... [\u001b[32mSUCCESS 1\u001b[0m in 0.42s]","logger":"airflow.task.hooks.airflow.providers.standard.hooks.subprocess.SubprocessHook","filename":"subprocess.py","lineno":106}
{"timestamp":"2026-07-02T10:59:55.639138Z","level":"info","event":"\u001b[0m10:59:55  5 of 87 START sql view model STAGING.stg_housing_intelligence .................. [RUN]","logger":"airflow.task.hooks.airflow.providers.standard.hooks.subprocess.SubprocessHook","filename":"subprocess.py","lineno":106}
{"timestamp":"2026-07-02T10:59:55.639571Z","level":"info","event":"\u001b[0m10:59:55  6 of 87 START sql view model STAGING.stg_investment_scores ..................... [RUN]","logger":"airflow.task.hooks.airflow.providers.standard.hooks.subprocess.SubprocessHook","filename":"subprocess.py","lineno":106}
{"timestamp":"2026-07-02T10:59:55.640033Z","level":"info","event":"\u001b[0m10:59:55  7 of 87 START sql view model STAGING.stg_local_authority_trends ................ [RUN]","logger":"airflow.task.hooks.airflow.providers.standard.hooks.subprocess.SubprocessHook","filename":"subprocess.py","lineno":106}
{"timestamp":"2026-07-02T10:59:55.640473Z","level":"info","event":"\u001b[0m10:59:55  8 of 87 START sql view model STAGING.stg_location_intelligence ................. [RUN]","logger":"airflow.task.hooks.airflow.providers.standard.hooks.subprocess.SubprocessHook","filename":"subprocess.py","lineno":106}
{"timestamp":"2026-07-02T10:59:55.989137Z","level":"info","event":"\u001b[0m10:59:55  5 of 87 OK created sql view model STAGING.stg_housing_intelligence ............. [\u001b[32mSUCCESS 1\u001b[0m in 0.34s]","logger":"airflow.task.hooks.airflow.providers.standard.hooks.subprocess.SubprocessHook","filename":"subprocess.py","lineno":106}
{"timestamp":"2026-07-02T10:59:55.992714Z","level":"info","event":"\u001b[0m10:59:55  7 of 87 OK created sql view model STAGING.stg_local_authority_trends ........... [\u001b[32mSUCCESS 1\u001b[0m in 0.35s]","logger":"airflow.task.hooks.airflow.providers.standard.hooks.subprocess.SubprocessHook","filename":"subprocess.py","lineno":106}
{"timestamp":"2026-07-02T10:59:55.994474Z","level":"info","event":"\u001b[0m10:59:55  6 of 87 OK created sql view model STAGING.stg_investment_scores ................ [\u001b[32mSUCCESS 1\u001b[0m in 0.35s]","logger":"airflow.task.hooks.airflow.providers.standard.hooks.subprocess.SubprocessHook","filename":"subprocess.py","lineno":106}
{"timestamp":"2026-07-02T10:59:55.998233Z","level":"info","event":"\u001b[0m10:59:55  9 of 87 START sql view model STAGING.stg_opportunity_explorer .................. [RUN]","logger":"airflow.task.hooks.airflow.providers.standard.hooks.subprocess.SubprocessHook","filename":"subprocess.py","lineno":106}
{"timestamp":"2026-07-02T10:59:55.999435Z","level":"info","event":"\u001b[0m10:59:55  10 of 87 START sql view model STAGING.stg_rankings ............................. [RUN]","logger":"airflow.task.hooks.airflow.providers.standard.hooks.subprocess.SubprocessHook","filename":"subprocess.py","lineno":106}
{"timestamp":"2026-07-02T10:59:56.000582Z","level":"info","event":"\u001b[0m10:59:56  11 of 87 START sql view model STAGING.stg_regional_housing_trends .............. [RUN]","logger":"airflow.task.hooks.airflow.providers.standard.hooks.subprocess.SubprocessHook","filename":"subprocess.py","lineno":106}
{"timestamp":"2026-07-02T10:59:56.017332Z","level":"info","event":"\u001b[0m10:59:56  8 of 87 OK created sql view model STAGING.stg_location_intelligence ............ [\u001b[32mSUCCESS 1\u001b[0m in 0.37s]","logger":"airflow.task.hooks.airflow.providers.standard.hooks.subprocess.SubprocessHook","filename":"subprocess.py","lineno":106}
{"timestamp":"2026-07-02T10:59:56.023781Z","level":"info","event":"\u001b[0m10:59:56  12 of 87 START sql view model STAGING.stg_regional_intelligence ................ [RUN]","logger":"airflow.task.hooks.airflow.providers.standard.hooks.subprocess.SubprocessHook","filename":"subprocess.py","lineno":106}
{"timestamp":"2026-07-02T10:59:56.308792Z","level":"info","event":"\u001b[0m10:59:56  9 of 87 OK created sql view model STAGING.stg_opportunity_explorer ............. [\u001b[32mSUCCESS 1\u001b[0m in 0.31s]","logger":"airflow.task.hooks.airflow.providers.standard.hooks.subprocess.SubprocessHook","filename":"subprocess.py","lineno":106}
{"timestamp":"2026-07-02T10:59:56.309407Z","level":"info","event":"\u001b[0m10:59:56  12 of 87 OK created sql view model STAGING.stg_regional_intelligence ........... [\u001b[32mSUCCESS 1\u001b[0m in 0.28s]","logger":"airflow.task.hooks.airflow.providers.standard.hooks.subprocess.SubprocessHook","filename":"subprocess.py","lineno":106}
{"timestamp":"2026-07-02T10:59:56.311977Z","level":"info","event":"\u001b[0m10:59:56  13 of 87 START sql view model STAGING.stg_school_intelligence .................. [RUN]","logger":"airflow.task.hooks.airflow.providers.standard.hooks.subprocess.SubprocessHook","filename":"subprocess.py","lineno":106}
{"timestamp":"2026-07-02T10:59:56.312574Z","level":"info","event":"\u001b[0m10:59:56  14 of 87 START sql view model STAGING.stg_transport_intelligence ............... [RUN]","logger":"airflow.task.hooks.airflow.providers.standard.hooks.subprocess.SubprocessHook","filename":"subprocess.py","lineno":106}
{"timestamp":"2026-07-02T10:59:56.325784Z","level":"info","event":"\u001b[0m10:59:56  11 of 87 OK created sql view model STAGING.stg_regional_housing_trends ......... [\u001b[32mSUCCESS 1\u001b[0m in 0.32s]","logger":"airflow.task.hooks.airflow.providers.standard.hooks.subprocess.SubprocessHook","filename":"subprocess.py","lineno":106}
{"timestamp":"2026-07-02T10:59:56.326797Z","level":"info","event":"\u001b[0m10:59:56  10 of 87 OK created sql view model STAGING.stg_rankings ........................ [\u001b[32mSUCCESS 1\u001b[0m in 0.32s]","logger":"airflow.task.hooks.airflow.providers.standard.hooks.subprocess.SubprocessHook","filename":"subprocess.py","lineno":106}
{"timestamp":"2026-07-02T10:59:56.332994Z","level":"info","event":"\u001b[0m10:59:56  15 of 87 START sql table model dimensions.dim_date ............................. [RUN]","logger":"airflow.task.hooks.airflow.providers.standard.hooks.subprocess.SubprocessHook","filename":"subprocess.py","lineno":106}
{"timestamp":"2026-07-02T10:59:56.333394Z","level":"info","event":"\u001b[0m10:59:56  16 of 87 START sql view model intermediate.int_housing_trends .................. [RUN]","logger":"airflow.task.hooks.airflow.providers.standard.hooks.subprocess.SubprocessHook","filename":"subprocess.py","lineno":106}
{"timestamp":"2026-07-02T10:59:56.671337Z","level":"info","event":"\u001b[0m10:59:56  14 of 87 OK created sql view model STAGING.stg_transport_intelligence .......... [\u001b[32mSUCCESS 1\u001b[0m in 0.35s]","logger":"airflow.task.hooks.airflow.providers.standard.hooks.subprocess.SubprocessHook","filename":"subprocess.py","lineno":106}
{"timestamp":"2026-07-02T10:59:56.674571Z","level":"info","event":"\u001b[0m10:59:56  13 of 87 OK created sql view model STAGING.stg_school_intelligence ............. [\u001b[32mSUCCESS 1\u001b[0m in 0.35s]","logger":"airflow.task.hooks.airflow.providers.standard.hooks.subprocess.SubprocessHook","filename":"subprocess.py","lineno":106}
{"timestamp":"2026-07-02T10:59:56.678757Z","level":"info","event":"\u001b[0m10:59:56  17 of 87 START sql table model dimensions.dim_country .......................... [RUN]","logger":"airflow.task.hooks.airflow.providers.standard.hooks.subprocess.SubprocessHook","filename":"subprocess.py","lineno":106}
{"timestamp":"2026-07-02T10:59:56.679214Z","level":"info","event":"\u001b[0m10:59:56  18 of 87 START sql table model dimensions.dim_local_authority .................. [RUN]","logger":"airflow.task.hooks.airflow.providers.standard.hooks.subprocess.SubprocessHook","filename":"subprocess.py","lineno":106}
{"timestamp":"2026-07-02T10:59:56.717300Z","level":"info","event":"\u001b[0m10:59:56  16 of 87 OK created sql view model intermediate.int_housing_trends ............. [\u001b[32mSUCCESS 1\u001b[0m in 0.38s]","logger":"airflow.task.hooks.airflow.providers.standard.hooks.subprocess.SubprocessHook","filename":"subprocess.py","lineno":106}
{"timestamp":"2026-07-02T10:59:56.718549Z","level":"info","event":"\u001b[0m10:59:56  19 of 87 START sql table model dimensions.dim_location ......................... [RUN]","logger":"airflow.task.hooks.airflow.providers.standard.hooks.subprocess.SubprocessHook","filename":"subprocess.py","lineno":106}
{"timestamp":"2026-07-02T10:59:57.245774Z","level":"info","event":"\u001b[0m10:59:57  15 of 87 OK created sql table model dimensions.dim_date ........................ [\u001b[32mSUCCESS 1\u001b[0m in 0.91s]","logger":"airflow.task.hooks.airflow.providers.standard.hooks.subprocess.SubprocessHook","filename":"subprocess.py","lineno":106}
{"timestamp":"2026-07-02T10:59:57.248018Z","level":"info","event":"\u001b[0m10:59:57  20 of 87 START sql table model dimensions.dim_region ........................... [RUN]","logger":"airflow.task.hooks.airflow.providers.standard.hooks.subprocess.SubprocessHook","filename":"subprocess.py","lineno":106}
{"timestamp":"2026-07-02T10:59:57.409799Z","level":"info","event":"\u001b[0m10:59:57  17 of 87 OK created sql table model dimensions.dim_country ..................... [\u001b[32mSUCCESS 1\u001b[0m in 0.73s]","logger":"airflow.task.hooks.airflow.providers.standard.hooks.subprocess.SubprocessHook","filename":"subprocess.py","lineno":106}
{"timestamp":"2026-07-02T10:59:57.411856Z","level":"info","event":"\u001b[0m10:59:57  21 of 87 START sql view model intermediate.int_housing_scores .................. [RUN]","logger":"airflow.task.hooks.airflow.providers.standard.hooks.subprocess.SubprocessHook","filename":"subprocess.py","lineno":106}
{"timestamp":"2026-07-02T10:59:57.456760Z","level":"info","event":"\u001b[0m10:59:57  18 of 87 OK created sql table model dimensions.dim_local_authority ............. [\u001b[32mSUCCESS 1\u001b[0m in 0.78s]","logger":"airflow.task.hooks.airflow.providers.standard.hooks.subprocess.SubprocessHook","filename":"subprocess.py","lineno":106}
{"timestamp":"2026-07-02T10:59:57.458396Z","level":"info","event":"\u001b[0m10:59:57  22 of 87 START sql view model intermediate.int_local_authority_trends .......... [RUN]","logger":"airflow.task.hooks.airflow.providers.standard.hooks.subprocess.SubprocessHook","filename":"subprocess.py","lineno":106}
{"timestamp":"2026-07-02T10:59:57.605610Z","level":"info","event":"\u001b[0m10:59:57  19 of 87 OK created sql table model dimensions.dim_location .................... [\u001b[32mSUCCESS 1\u001b[0m in 0.89s]","logger":"airflow.task.hooks.airflow.providers.standard.hooks.subprocess.SubprocessHook","filename":"subprocess.py","lineno":106}
{"timestamp":"2026-07-02T10:59:57.610343Z","level":"info","event":"\u001b[0m10:59:57  23 of 87 START sql view model intermediate.int_regional_trends ................. [RUN]","logger":"airflow.task.hooks.airflow.providers.standard.hooks.subprocess.SubprocessHook","filename":"subprocess.py","lineno":106}
{"timestamp":"2026-07-02T10:59:57.728141Z","level":"info","event":"\u001b[0m10:59:57  21 of 87 OK created sql view model intermediate.int_housing_scores ............. [\u001b[32mSUCCESS 1\u001b[0m in 0.31s]","logger":"airflow.task.hooks.airflow.providers.standard.hooks.subprocess.SubprocessHook","filename":"subprocess.py","lineno":106}
{"timestamp":"2026-07-02T10:59:57.730585Z","level":"info","event":"\u001b[0m10:59:57  24 of 87 START test not_null_dim_date_date_key ................................. [RUN]","logger":"airflow.task.hooks.airflow.providers.standard.hooks.subprocess.SubprocessHook","filename":"subprocess.py","lineno":106}
{"timestamp":"2026-07-02T10:59:57.807385Z","level":"info","event":"\u001b[0m10:59:57  22 of 87 OK created sql view model intermediate.int_local_authority_trends ..... [\u001b[32mSUCCESS 1\u001b[0m in 0.35s]","logger":"airflow.task.hooks.airflow.providers.standard.hooks.subprocess.SubprocessHook","filename":"subprocess.py","lineno":106}
{"timestamp":"2026-07-02T10:59:57.811163Z","level":"info","event":"\u001b[0m10:59:57  25 of 87 START test not_null_dim_date_month .................................... [RUN]","logger":"airflow.task.hooks.airflow.providers.standard.hooks.subprocess.SubprocessHook","filename":"subprocess.py","lineno":106}
{"timestamp":"2026-07-02T10:59:57.824537Z","level":"info","event":"\u001b[0m10:59:57  20 of 87 OK created sql table model dimensions.dim_region ...................... [\u001b[32mSUCCESS 1\u001b[0m in 0.58s]","logger":"airflow.task.hooks.airflow.providers.standard.hooks.subprocess.SubprocessHook","filename":"subprocess.py","lineno":106}
{"timestamp":"2026-07-02T10:59:57.825494Z","level":"info","event":"\u001b[0m10:59:57  26 of 87 START test not_null_dim_date_year ..................................... [RUN]","logger":"airflow.task.hooks.airflow.providers.standard.hooks.subprocess.SubprocessHook","filename":"subprocess.py","lineno":106}
{"timestamp":"2026-07-02T10:59:57.971061Z","level":"info","event":"\u001b[0m10:59:57  23 of 87 OK created sql view model intermediate.int_regional_trends ............ [\u001b[32mSUCCESS 1\u001b[0m in 0.36s]","logger":"airflow.task.hooks.airflow.providers.standard.hooks.subprocess.SubprocessHook","filename":"subprocess.py","lineno":106}
{"timestamp":"2026-07-02T10:59:57.974644Z","level":"info","event":"\u001b[0m10:59:57  27 of 87 START test unique_dim_date_date_key ................................... [RUN]","logger":"airflow.task.hooks.airflow.providers.standard.hooks.subprocess.SubprocessHook","filename":"subprocess.py","lineno":106}
{"timestamp":"2026-07-02T10:59:58.040039Z","level":"info","event":"\u001b[0m10:59:58  25 of 87 PASS not_null_dim_date_month .......................................... [\u001b[32mPASS\u001b[0m in 0.23s]","logger":"airflow.task.hooks.airflow.providers.standard.hooks.subprocess.SubprocessHook","filename":"subprocess.py","lineno":106}
{"timestamp":"2026-07-02T10:59:58.041902Z","level":"info","event":"\u001b[0m10:59:58  24 of 87 PASS not_null_dim_date_date_key ....................................... [\u001b[32mPASS\u001b[0m in 0.31s]","logger":"airflow.task.hooks.airflow.providers.standard.hooks.subprocess.SubprocessHook","filename":"subprocess.py","lineno":106}
{"timestamp":"2026-07-02T10:59:58.044072Z","level":"info","event":"\u001b[0m10:59:58  28 of 87 START test not_null_dim_country_country ............................... [RUN]","logger":"airflow.task.hooks.airflow.providers.standard.hooks.subprocess.SubprocessHook","filename":"subprocess.py","lineno":106}
{"timestamp":"2026-07-02T10:59:58.044570Z","level":"info","event":"\u001b[0m10:59:58  29 of 87 START test not_null_dim_country_country_key ........................... [RUN]","logger":"airflow.task.hooks.airflow.providers.standard.hooks.subprocess.SubprocessHook","filename":"subprocess.py","lineno":106}
{"timestamp":"2026-07-02T10:59:58.128852Z","level":"info","event":"\u001b[0m10:59:58  26 of 87 PASS not_null_dim_date_year ........................................... [\u001b[32mPASS\u001b[0m in 0.30s]","logger":"airflow.task.hooks.airflow.providers.standard.hooks.subprocess.SubprocessHook","filename":"subprocess.py","lineno":106}
{"timestamp":"2026-07-02T10:59:58.130484Z","level":"info","event":"\u001b[0m10:59:58  30 of 87 START test unique_dim_country_country ................................. [RUN]","logger":"airflow.task.hooks.airflow.providers.standard.hooks.subprocess.SubprocessHook","filename":"subprocess.py","lineno":106}
{"timestamp":"2026-07-02T10:59:58.246144Z","level":"info","event":"\u001b[0m10:59:58  27 of 87 PASS unique_dim_date_date_key ......................................... [\u001b[32mPASS\u001b[0m in 0.27s]","logger":"airflow.task.hooks.airflow.providers.standard.hooks.subprocess.SubprocessHook","filename":"subprocess.py","lineno":106}
{"timestamp":"2026-07-02T10:59:58.247881Z","level":"info","event":"\u001b[0m10:59:58  31 of 87 START test unique_dim_country_country_key ............................. [RUN]","logger":"airflow.task.hooks.airflow.providers.standard.hooks.subprocess.SubprocessHook","filename":"subprocess.py","lineno":106}
{"timestamp":"2026-07-02T10:59:58.323545Z","level":"info","event":"\u001b[0m10:59:58  29 of 87 PASS not_null_dim_country_country_key ................................. [\u001b[32mPASS\u001b[0m in 0.28s]","logger":"airflow.task.hooks.airflow.providers.standard.hooks.subprocess.SubprocessHook","filename":"subprocess.py","lineno":106}
{"timestamp":"2026-07-02T10:59:58.325636Z","level":"info","event":"\u001b[0m10:59:58  28 of 87 PASS not_null_dim_country_country ..................................... [\u001b[32mPASS\u001b[0m in 0.28s]","logger":"airflow.task.hooks.airflow.providers.standard.hooks.subprocess.SubprocessHook","filename":"subprocess.py","lineno":106}
{"timestamp":"2026-07-02T10:59:58.328518Z","level":"info","event":"\u001b[0m10:59:58  32 of 87 START test not_null_dim_local_authority_lad_code ...................... [RUN]","logger":"airflow.task.hooks.airflow.providers.standard.hooks.subprocess.SubprocessHook","filename":"subprocess.py","lineno":106}
{"timestamp":"2026-07-02T10:59:58.329507Z","level":"info","event":"\u001b[0m10:59:58  33 of 87 START test not_null_dim_local_authority_local_authority_key ........... [RUN]","logger":"airflow.task.hooks.airflow.providers.standard.hooks.subprocess.SubprocessHook","filename":"subprocess.py","lineno":106}
{"timestamp":"2026-07-02T10:59:58.368335Z","level":"info","event":"\u001b[0m10:59:58  30 of 87 PASS unique_dim_country_country ....................................... [\u001b[32mPASS\u001b[0m in 0.24s]","logger":"airflow.task.hooks.airflow.providers.standard.hooks.subprocess.SubprocessHook","filename":"subprocess.py","lineno":106}
{"timestamp":"2026-07-02T10:59:58.369638Z","level":"info","event":"\u001b[0m10:59:58  34 of 87 START test unique_dim_local_authority_lad_code ........................ [RUN]","logger":"airflow.task.hooks.airflow.providers.standard.hooks.subprocess.SubprocessHook","filename":"subprocess.py","lineno":106}
{"timestamp":"2026-07-02T10:59:58.481445Z","level":"info","event":"\u001b[0m10:59:58  31 of 87 PASS unique_dim_country_country_key ................................... [\u001b[32mPASS\u001b[0m in 0.23s]","logger":"airflow.task.hooks.airflow.providers.standard.hooks.subprocess.SubprocessHook","filename":"subprocess.py","lineno":106}
{"timestamp":"2026-07-02T10:59:58.483349Z","level":"info","event":"\u001b[0m10:59:58  35 of 87 START test unique_dim_local_authority_local_authority_key ............. [RUN]","logger":"airflow.task.hooks.airflow.providers.standard.hooks.subprocess.SubprocessHook","filename":"subprocess.py","lineno":106}
{"timestamp":"2026-07-02T10:59:58.631648Z","level":"info","event":"\u001b[0m10:59:58  32 of 87 PASS not_null_dim_local_authority_lad_code ............................ [\u001b[32mPASS\u001b[0m in 0.30s]","logger":"airflow.task.hooks.airflow.providers.standard.hooks.subprocess.SubprocessHook","filename":"subprocess.py","lineno":106}
{"timestamp":"2026-07-02T10:59:58.634000Z","level":"info","event":"\u001b[0m10:59:58  33 of 87 PASS not_null_dim_local_authority_local_authority_key ................. [\u001b[32mPASS\u001b[0m in 0.30s]","logger":"airflow.task.hooks.airflow.providers.standard.hooks.subprocess.SubprocessHook","filename":"subprocess.py","lineno":106}
{"timestamp":"2026-07-02T10:59:58.638844Z","level":"info","event":"\u001b[0m10:59:58  34 of 87 PASS unique_dim_local_authority_lad_code .............................. [\u001b[32mPASS\u001b[0m in 0.27s]","logger":"airflow.task.hooks.airflow.providers.standard.hooks.subprocess.SubprocessHook","filename":"subprocess.py","lineno":106}
{"timestamp":"2026-07-02T10:59:58.639916Z","level":"info","event":"\u001b[0m10:59:58  36 of 87 START test not_null_dim_location_location_key ......................... [RUN]","logger":"airflow.task.hooks.airflow.providers.standard.hooks.subprocess.SubprocessHook","filename":"subprocess.py","lineno":106}
{"timestamp":"2026-07-02T10:59:58.640970Z","level":"info","event":"\u001b[0m10:59:58  37 of 87 START test not_null_dim_location_lsoa_code ............................ [RUN]","logger":"airflow.task.hooks.airflow.providers.standard.hooks.subprocess.SubprocessHook","filename":"subprocess.py","lineno":106}
{"timestamp":"2026-07-02T10:59:58.643186Z","level":"info","event":"\u001b[0m10:59:58  38 of 87 START test unique_dim_location_location_key ........................... [RUN]","logger":"airflow.task.hooks.airflow.providers.standard.hooks.subprocess.SubprocessHook","filename":"subprocess.py","lineno":106}
{"timestamp":"2026-07-02T10:59:58.719211Z","level":"info","event":"\u001b[0m10:59:58  35 of 87 PASS unique_dim_local_authority_local_authority_key ................... [\u001b[32mPASS\u001b[0m in 0.24s]","logger":"airflow.task.hooks.airflow.providers.standard.hooks.subprocess.SubprocessHook","filename":"subprocess.py","lineno":106}
{"timestamp":"2026-07-02T10:59:58.720391Z","level":"info","event":"\u001b[0m10:59:58  39 of 87 START test unique_dim_location_lsoa_code .............................. [RUN]","logger":"airflow.task.hooks.airflow.providers.standard.hooks.subprocess.SubprocessHook","filename":"subprocess.py","lineno":106}
{"timestamp":"2026-07-02T10:59:58.933350Z","level":"info","event":"\u001b[0m10:59:58  37 of 87 PASS not_null_dim_location_lsoa_code .................................. [\u001b[32mPASS\u001b[0m in 0.29s]","logger":"airflow.task.hooks.airflow.providers.standard.hooks.subprocess.SubprocessHook","filename":"subprocess.py","lineno":106}
{"timestamp":"2026-07-02T10:59:58.934494Z","level":"info","event":"\u001b[0m10:59:58  36 of 87 PASS not_null_dim_location_location_key ............................... [\u001b[32mPASS\u001b[0m in 0.29s]","logger":"airflow.task.hooks.airflow.providers.standard.hooks.subprocess.SubprocessHook","filename":"subprocess.py","lineno":106}
{"timestamp":"2026-07-02T10:59:58.936191Z","level":"info","event":"\u001b[0m10:59:58  40 of 87 START test not_null_dim_region_region ................................. [RUN]","logger":"airflow.task.hooks.airflow.providers.standard.hooks.subprocess.SubprocessHook","filename":"subprocess.py","lineno":106}
{"timestamp":"2026-07-02T10:59:58.936623Z","level":"info","event":"\u001b[0m10:59:58  41 of 87 START test not_null_dim_region_region_key ............................. [RUN]","logger":"airflow.task.hooks.airflow.providers.standard.hooks.subprocess.SubprocessHook","filename":"subprocess.py","lineno":106}
{"timestamp":"2026-07-02T10:59:58.968468Z","level":"info","event":"\u001b[0m10:59:58  38 of 87 PASS unique_dim_location_location_key ................................. [\u001b[32mPASS\u001b[0m in 0.32s]","logger":"airflow.task.hooks.airflow.providers.standard.hooks.subprocess.SubprocessHook","filename":"subprocess.py","lineno":106}
{"timestamp":"2026-07-02T10:59:58.969705Z","level":"info","event":"\u001b[0m10:59:58  42 of 87 START test unique_dim_region_region ................................... [RUN]","logger":"airflow.task.hooks.airflow.providers.standard.hooks.subprocess.SubprocessHook","filename":"subprocess.py","lineno":106}
{"timestamp":"2026-07-02T10:59:59.026936Z","level":"info","event":"\u001b[0m10:59:59  39 of 87 PASS unique_dim_location_lsoa_code .................................... [\u001b[32mPASS\u001b[0m in 0.31s]","logger":"airflow.task.hooks.airflow.providers.standard.hooks.subprocess.SubprocessHook","filename":"subprocess.py","lineno":106}
{"timestamp":"2026-07-02T10:59:59.028142Z","level":"info","event":"\u001b[0m10:59:59  43 of 87 START test unique_dim_region_region_key ............................... [RUN]","logger":"airflow.task.hooks.airflow.providers.standard.hooks.subprocess.SubprocessHook","filename":"subprocess.py","lineno":106}
{"timestamp":"2026-07-02T10:59:59.235043Z","level":"info","event":"\u001b[0m10:59:59  41 of 87 PASS not_null_dim_region_region_key ................................... [\u001b[32mPASS\u001b[0m in 0.30s]","logger":"airflow.task.hooks.airflow.providers.standard.hooks.subprocess.SubprocessHook","filename":"subprocess.py","lineno":106}
{"timestamp":"2026-07-02T10:59:59.237912Z","level":"info","event":"\u001b[0m10:59:59  40 of 87 PASS not_null_dim_region_region ....................................... [\u001b[32mPASS\u001b[0m in 0.30s]","logger":"airflow.task.hooks.airflow.providers.standard.hooks.subprocess.SubprocessHook","filename":"subprocess.py","lineno":106}
{"timestamp":"2026-07-02T10:59:59.253635Z","level":"info","event":"\u001b[0m10:59:59  42 of 87 PASS unique_dim_region_region ......................................... [\u001b[32mPASS\u001b[0m in 0.28s]","logger":"airflow.task.hooks.airflow.providers.standard.hooks.subprocess.SubprocessHook","filename":"subprocess.py","lineno":106}
{"timestamp":"2026-07-02T10:59:59.320177Z","level":"info","event":"\u001b[0m10:59:59  43 of 87 PASS unique_dim_region_region_key ..................................... [\u001b[32mPASS\u001b[0m in 0.29s]","logger":"airflow.task.hooks.airflow.providers.standard.hooks.subprocess.SubprocessHook","filename":"subprocess.py","lineno":106}
{"timestamp":"2026-07-02T10:59:59.326644Z","level":"info","event":"\u001b[0m10:59:59  44 of 87 START sql table model marts.fct_housing_intelligence .................. [RUN]","logger":"airflow.task.hooks.airflow.providers.standard.hooks.subprocess.SubprocessHook","filename":"subprocess.py","lineno":106}
{"timestamp":"2026-07-02T10:59:59.328276Z","level":"info","event":"\u001b[0m10:59:59  45 of 87 START sql table model marts.fct_housing_trends ........................ [RUN]","logger":"airflow.task.hooks.airflow.providers.standard.hooks.subprocess.SubprocessHook","filename":"subprocess.py","lineno":106}
{"timestamp":"2026-07-02T10:59:59.329392Z","level":"info","event":"\u001b[0m10:59:59  46 of 87 START sql table model marts.fct_local_authority_trends ................ [RUN]","logger":"airflow.task.hooks.airflow.providers.standard.hooks.subprocess.SubprocessHook","filename":"subprocess.py","lineno":106}
{"timestamp":"2026-07-02T10:59:59.330987Z","level":"info","event":"\u001b[0m10:59:59  47 of 87 START sql table model marts.fct_regional_trends ....................... [RUN]","logger":"airflow.task.hooks.airflow.providers.standard.hooks.subprocess.SubprocessHook","filename":"subprocess.py","lineno":106}
{"timestamp":"2026-07-02T11:00:02.289663Z","level":"info","event":"\u001b[0m11:00:02  44 of 87 OK created sql table model marts.fct_housing_intelligence ............. [\u001b[32mSUCCESS 1\u001b[0m in 1.05s]","logger":"airflow.task.hooks.airflow.providers.standard.hooks.subprocess.SubprocessHook","filename":"subprocess.py","lineno":106}
{"timestamp":"2026-07-02T11:00:02.291214Z","level":"info","event":"\u001b[0m11:00:02  46 of 87 OK created sql table model marts.fct_local_authority_trends ........... [\u001b[32mSUCCESS 1\u001b[0m in 1.07s]","logger":"airflow.task.hooks.airflow.providers.standard.hooks.subprocess.SubprocessHook","filename":"subprocess.py","lineno":106}
{"timestamp":"2026-07-02T11:00:02.292401Z","level":"info","event":"\u001b[0m11:00:02  45 of 87 OK created sql table model marts.fct_housing_trends ................... [\u001b[32mSUCCESS 1\u001b[0m in 1.48s]","logger":"airflow.task.hooks.airflow.providers.standard.hooks.subprocess.SubprocessHook","filename":"subprocess.py","lineno":106}
{"timestamp":"2026-07-02T11:00:02.297762Z","level":"info","event":"\u001b[0m11:00:02  47 of 87 OK created sql table model marts.fct_regional_trends .................. [\u001b[32mSUCCESS 1\u001b[0m in 1.02s]","logger":"airflow.task.hooks.airflow.providers.standard.hooks.subprocess.SubprocessHook","filename":"subprocess.py","lineno":106}
{"timestamp":"2026-07-02T11:00:02.311860Z","level":"info","event":"\u001b[0m11:00:02  48 of 87 START sql table model marts.mart_healthcare_accessibility ............. [RUN]","logger":"airflow.task.hooks.airflow.providers.standard.hooks.subprocess.SubprocessHook","filename":"subprocess.py","lineno":106}
{"timestamp":"2026-07-02T11:00:02.312749Z","level":"info","event":"\u001b[0m11:00:02  49 of 87 START sql table model marts.mart_school_accessibility ................. [RUN]","logger":"airflow.task.hooks.airflow.providers.standard.hooks.subprocess.SubprocessHook","filename":"subprocess.py","lineno":106}
{"timestamp":"2026-07-02T11:00:02.313701Z","level":"info","event":"\u001b[0m11:00:02  50 of 87 START sql table model marts.mart_transport_accessibility .............. [RUN]","logger":"airflow.task.hooks.airflow.providers.standard.hooks.subprocess.SubprocessHook","filename":"subprocess.py","lineno":106}
{"timestamp":"2026-07-02T11:00:02.314453Z","level":"info","event":"\u001b[0m11:00:02  51 of 87 START test not_null_fct_housing_intelligence_housing_intelligence_index  [RUN]","logger":"airflow.task.hooks.airflow.providers.standard.hooks.subprocess.SubprocessHook","filename":"subprocess.py","lineno":106}
{"timestamp":"2026-07-02T11:00:02.700475Z","level":"info","event":"\u001b[0m11:00:02  51 of 87 PASS not_null_fct_housing_intelligence_housing_intelligence_index ..... [\u001b[32mPASS\u001b[0m in 0.38s]","logger":"airflow.task.hooks.airflow.providers.standard.hooks.subprocess.SubprocessHook","filename":"subprocess.py","lineno":106}
{"timestamp":"2026-07-02T11:00:02.702717Z","level":"info","event":"\u001b[0m11:00:02  52 of 87 START test not_null_fct_housing_intelligence_local_authority_key ...... [RUN]","logger":"airflow.task.hooks.airflow.providers.standard.hooks.subprocess.SubprocessHook","filename":"subprocess.py","lineno":106}
{"timestamp":"2026-07-02T11:00:03.004223Z","level":"info","event":"\u001b[0m11:00:03  52 of 87 PASS not_null_fct_housing_intelligence_local_authority_key ............ [\u001b[32mPASS\u001b[0m in 0.30s]","logger":"airflow.task.hooks.airflow.providers.standard.hooks.subprocess.SubprocessHook","filename":"subprocess.py","lineno":106}
{"timestamp":"2026-07-02T11:00:03.005371Z","level":"info","event":"\u001b[0m11:00:03  53 of 87 START test not_null_fct_housing_intelligence_location_key ............. [RUN]","logger":"airflow.task.hooks.airflow.providers.standard.hooks.subprocess.SubprocessHook","filename":"subprocess.py","lineno":106}
{"timestamp":"2026-07-02T11:00:03.236790Z","level":"info","event":"\u001b[0m11:00:03  48 of 87 OK created sql table model marts.mart_healthcare_accessibility ........ [\u001b[32mSUCCESS 1\u001b[0m in 0.92s]","logger":"airflow.task.hooks.airflow.providers.standard.hooks.subprocess.SubprocessHook","filename":"subprocess.py","lineno":106}
{"timestamp":"2026-07-02T11:00:03.238224Z","level":"info","event":"\u001b[0m11:00:03  54 of 87 START test not_null_fct_housing_intelligence_region_key ............... [RUN]","logger":"airflow.task.hooks.airflow.providers.standard.hooks.subprocess.SubprocessHook","filename":"subprocess.py","lineno":106}
{"timestamp":"2026-07-02T11:00:03.272393Z","level":"info","event":"\u001b[0m11:00:03  49 of 87 OK created sql table model marts.mart_school_accessibility ............ [\u001b[32mSUCCESS 1\u001b[0m in 0.96s]","logger":"airflow.task.hooks.airflow.providers.standard.hooks.subprocess.SubprocessHook","filename":"subprocess.py","lineno":106}
{"timestamp":"2026-07-02T11:00:03.274532Z","level":"info","event":"\u001b[0m11:00:03  55 of 87 START test not_null_fct_local_authority_trends_country_key ............ [RUN]","logger":"airflow.task.hooks.airflow.providers.standard.hooks.subprocess.SubprocessHook","filename":"subprocess.py","lineno":106}
{"timestamp":"2026-07-02T11:00:03.318485Z","level":"info","event":"\u001b[0m11:00:03  50 of 87 OK created sql table model marts.mart_transport_accessibility ......... [\u001b[32mSUCCESS 1\u001b[0m in 1.00s]","logger":"airflow.task.hooks.airflow.providers.standard.hooks.subprocess.SubprocessHook","filename":"subprocess.py","lineno":106}
{"timestamp":"2026-07-02T11:00:03.319721Z","level":"info","event":"\u001b[0m11:00:03  56 of 87 START test not_null_fct_local_authority_trends_date_key ............... [RUN]","logger":"airflow.task.hooks.airflow.providers.standard.hooks.subprocess.SubprocessHook","filename":"subprocess.py","lineno":106}
{"timestamp":"2026-07-02T11:00:03.361240Z","level":"info","event":"\u001b[0m11:00:03  53 of 87 PASS not_null_fct_housing_intelligence_location_key ................... [\u001b[32mPASS\u001b[0m in 0.36s]","logger":"airflow.task.hooks.airflow.providers.standard.hooks.subprocess.SubprocessHook","filename":"subprocess.py","lineno":106}
{"timestamp":"2026-07-02T11:00:03.362225Z","level":"info","event":"\u001b[0m11:00:03  57 of 87 START test not_null_fct_local_authority_trends_local_authority_key .... [RUN]","logger":"airflow.task.hooks.airflow.providers.standard.hooks.subprocess.SubprocessHook","filename":"subprocess.py","lineno":106}
{"timestamp":"2026-07-02T11:00:03.454645Z","level":"info","event":"\u001b[0m11:00:03  54 of 87 PASS not_null_fct_housing_intelligence_region_key ..................... [\u001b[32mPASS\u001b[0m in 0.22s]","logger":"airflow.task.hooks.airflow.providers.standard.hooks.subprocess.SubprocessHook","filename":"subprocess.py","lineno":106}
{"timestamp":"2026-07-02T11:00:03.456430Z","level":"info","event":"\u001b[0m11:00:03  58 of 87 START test not_null_fct_local_authority_trends_region_key ............. [RUN]","logger":"airflow.task.hooks.airflow.providers.standard.hooks.subprocess.SubprocessHook","filename":"subprocess.py","lineno":106}
{"timestamp":"2026-07-02T11:00:03.581931Z","level":"info","event":"\u001b[0m11:00:03  56 of 87 PASS not_null_fct_local_authority_trends_date_key ..................... [\u001b[32mPASS\u001b[0m in 0.26s]","logger":"airflow.task.hooks.airflow.providers.standard.hooks.subprocess.SubprocessHook","filename":"subprocess.py","lineno":106}
{"timestamp":"2026-07-02T11:00:03.583312Z","level":"info","event":"\u001b[0m11:00:03  59 of 87 START test not_null_fct_housing_trends_country_key .................... [RUN]","logger":"airflow.task.hooks.airflow.providers.standard.hooks.subprocess.SubprocessHook","filename":"subprocess.py","lineno":106}
{"timestamp":"2026-07-02T11:00:03.589863Z","level":"info","event":"\u001b[0m11:00:03  55 of 87 PASS not_null_fct_local_authority_trends_country_key .................. [\u001b[32mPASS\u001b[0m in 0.31s]","logger":"airflow.task.hooks.airflow.providers.standard.hooks.subprocess.SubprocessHook","filename":"subprocess.py","lineno":106}
{"timestamp":"2026-07-02T11:00:03.593052Z","level":"info","event":"\u001b[0m11:00:03  60 of 87 START test not_null_fct_housing_trends_date_key ....................... [RUN]","logger":"airflow.task.hooks.airflow.providers.standard.hooks.subprocess.SubprocessHook","filename":"subprocess.py","lineno":106}
{"timestamp":"2026-07-02T11:00:03.606477Z","level":"info","event":"\u001b[0m11:00:03  57 of 87 PASS not_null_fct_local_authority_trends_local_authority_key .......... [\u001b[32mPASS\u001b[0m in 0.24s]","logger":"airflow.task.hooks.airflow.providers.standard.hooks.subprocess.SubprocessHook","filename":"subprocess.py","lineno":106}
{"timestamp":"2026-07-02T11:00:03.607703Z","level":"info","event":"\u001b[0m11:00:03  61 of 87 START test not_null_fct_housing_trends_local_authority_key ............ [RUN]","logger":"airflow.task.hooks.airflow.providers.standard.hooks.subprocess.SubprocessHook","filename":"subprocess.py","lineno":106}
{"timestamp":"2026-07-02T11:00:03.779046Z","level":"info","event":"\u001b[0m11:00:03  58 of 87 PASS not_null_fct_local_authority_trends_region_key ................... [\u001b[32mPASS\u001b[0m in 0.32s]","logger":"airflow.task.hooks.airflow.providers.standard.hooks.subprocess.SubprocessHook","filename":"subprocess.py","lineno":106}
{"timestamp":"2026-07-02T11:00:03.781463Z","level":"info","event":"\u001b[0m11:00:03  62 of 87 START test not_null_fct_housing_trends_location_key ................... [RUN]","logger":"airflow.task.hooks.airflow.providers.standard.hooks.subprocess.SubprocessHook","filename":"subprocess.py","lineno":106}
{"timestamp":"2026-07-02T11:00:03.884563Z","level":"info","event":"\u001b[0m11:00:03  60 of 87 PASS not_null_fct_housing_trends_date_key ............................. [\u001b[32mPASS\u001b[0m in 0.29s]","logger":"airflow.task.hooks.airflow.providers.standard.hooks.subprocess.SubprocessHook","filename":"subprocess.py","lineno":106}
{"timestamp":"2026-07-02T11:00:03.888920Z","level":"info","event":"\u001b[0m11:00:03  59 of 87 PASS not_null_fct_housing_trends_country_key .......................... [\u001b[32mPASS\u001b[0m in 0.30s]","logger":"airflow.task.hooks.airflow.providers.standard.hooks.subprocess.SubprocessHook","filename":"subprocess.py","lineno":106}
{"timestamp":"2026-07-02T11:00:03.892080Z","level":"info","event":"\u001b[0m11:00:03  61 of 87 PASS not_null_fct_housing_trends_local_authority_key .................. [\u001b[32mPASS\u001b[0m in 0.28s]","logger":"airflow.task.hooks.airflow.providers.standard.hooks.subprocess.SubprocessHook","filename":"subprocess.py","lineno":106}
{"timestamp":"2026-07-02T11:00:03.893594Z","level":"info","event":"\u001b[0m11:00:03  63 of 87 START test not_null_fct_housing_trends_region_key ..................... [RUN]","logger":"airflow.task.hooks.airflow.providers.standard.hooks.subprocess.SubprocessHook","filename":"subprocess.py","lineno":106}
{"timestamp":"2026-07-02T11:00:03.896826Z","level":"info","event":"\u001b[0m11:00:03  64 of 87 START test not_null_fct_regional_trends_country_key ................... [RUN]","logger":"airflow.task.hooks.airflow.providers.standard.hooks.subprocess.SubprocessHook","filename":"subprocess.py","lineno":106}
{"timestamp":"2026-07-02T11:00:03.897968Z","level":"info","event":"\u001b[0m11:00:03  65 of 87 START test not_null_fct_regional_trends_date_key ...................... [RUN]","logger":"airflow.task.hooks.airflow.providers.standard.hooks.subprocess.SubprocessHook","filename":"subprocess.py","lineno":106}
{"timestamp":"2026-07-02T11:00:04.109516Z","level":"info","event":"\u001b[0m11:00:04  62 of 87 PASS not_null_fct_housing_trends_location_key ......................... [\u001b[32mPASS\u001b[0m in 0.33s]","logger":"airflow.task.hooks.airflow.providers.standard.hooks.subprocess.SubprocessHook","filename":"subprocess.py","lineno":106}
{"timestamp":"2026-07-02T11:00:04.113453Z","level":"info","event":"\u001b[0m11:00:04  66 of 87 START test not_null_fct_regional_trends_region_key .................... [RUN]","logger":"airflow.task.hooks.airflow.providers.standard.hooks.subprocess.SubprocessHook","filename":"subprocess.py","lineno":106}
{"timestamp":"2026-07-02T11:00:04.165932Z","level":"info","event":"\u001b[0m11:00:04  63 of 87 PASS not_null_fct_housing_trends_region_key ........................... [\u001b[32mPASS\u001b[0m in 0.27s]","logger":"airflow.task.hooks.airflow.providers.standard.hooks.subprocess.SubprocessHook","filename":"subprocess.py","lineno":106}
{"timestamp":"2026-07-02T11:00:04.167803Z","level":"info","event":"\u001b[0m11:00:04  67 of 87 START test not_null_mart_healthcare_accessibility_healthcare_accessibility_score  [RUN]","logger":"airflow.task.hooks.airflow.providers.standard.hooks.subprocess.SubprocessHook","filename":"subprocess.py","lineno":106}
{"timestamp":"2026-07-02T11:00:04.213673Z","level":"info","event":"\u001b[0m11:00:04  64 of 87 PASS not_null_fct_regional_trends_country_key ......................... [\u001b[32mPASS\u001b[0m in 0.32s]","logger":"airflow.task.hooks.airflow.providers.standard.hooks.subprocess.SubprocessHook","filename":"subprocess.py","lineno":106}
{"timestamp":"2026-07-02T11:00:04.214995Z","level":"info","event":"\u001b[0m11:00:04  68 of 87 START test not_null_mart_healthcare_accessibility_location_key ........ [RUN]","logger":"airflow.task.hooks.airflow.providers.standard.hooks.subprocess.SubprocessHook","filename":"subprocess.py","lineno":106}
{"timestamp":"2026-07-02T11:00:04.221859Z","level":"info","event":"\u001b[0m11:00:04  65 of 87 PASS not_null_fct_regional_trends_date_key ............................ [\u001b[32mPASS\u001b[0m in 0.32s]","logger":"airflow.task.hooks.airflow.providers.standard.hooks.subprocess.SubprocessHook","filename":"subprocess.py","lineno":106}
{"timestamp":"2026-07-02T11:00:04.223272Z","level":"info","event":"\u001b[0m11:00:04  69 of 87 START test not_null_mart_school_accessibility_location_key ............ [RUN]","logger":"airflow.task.hooks.airflow.providers.standard.hooks.subprocess.SubprocessHook","filename":"subprocess.py","lineno":106}
{"timestamp":"2026-07-02T11:00:04.409691Z","level":"info","event":"\u001b[0m11:00:04  66 of 87 PASS not_null_fct_regional_trends_region_key .......................... [\u001b[32mPASS\u001b[0m in 0.30s]","logger":"airflow.task.hooks.airflow.providers.standard.hooks.subprocess.SubprocessHook","filename":"subprocess.py","lineno":106}
{"timestamp":"2026-07-02T11:00:04.412231Z","level":"info","event":"\u001b[0m11:00:04  70 of 87 START test not_null_mart_school_accessibility_school_accessibility_score  [RUN]","logger":"airflow.task.hooks.airflow.providers.standard.hooks.subprocess.SubprocessHook","filename":"subprocess.py","lineno":106}
{"timestamp":"2026-07-02T11:00:04.483373Z","level":"info","event":"\u001b[0m11:00:04  68 of 87 PASS not_null_mart_healthcare_accessibility_location_key .............. [\u001b[32mPASS\u001b[0m in 0.27s]","logger":"airflow.task.hooks.airflow.providers.standard.hooks.subprocess.SubprocessHook","filename":"subprocess.py","lineno":106}
{"timestamp":"2026-07-02T11:00:04.484989Z","level":"info","event":"\u001b[0m11:00:04  71 of 87 START test not_null_mart_transport_accessibility_location_key ......... [RUN]","logger":"airflow.task.hooks.airflow.providers.standard.hooks.subprocess.SubprocessHook","filename":"subprocess.py","lineno":106}
{"timestamp":"2026-07-02T11:00:04.509658Z","level":"info","event":"\u001b[0m11:00:04  67 of 87 PASS not_null_mart_healthcare_accessibility_healthcare_accessibility_score  [\u001b[32mPASS\u001b[0m in 0.34s]","logger":"airflow.task.hooks.airflow.providers.standard.hooks.subprocess.SubprocessHook","filename":"subprocess.py","lineno":106}
{"timestamp":"2026-07-02T11:00:04.511173Z","level":"info","event":"\u001b[0m11:00:04  72 of 87 START test not_null_mart_transport_accessibility_transport_accessibility_score  [RUN]","logger":"airflow.task.hooks.airflow.providers.standard.hooks.subprocess.SubprocessHook","filename":"subprocess.py","lineno":106}
{"timestamp":"2026-07-02T11:00:04.537631Z","level":"info","event":"\u001b[0m11:00:04  69 of 87 PASS not_null_mart_school_accessibility_location_key .................. [\u001b[32mPASS\u001b[0m in 0.31s]","logger":"airflow.task.hooks.airflow.providers.standard.hooks.subprocess.SubprocessHook","filename":"subprocess.py","lineno":106}
{"timestamp":"2026-07-02T11:00:04.539234Z","level":"info","event":"\u001b[0m11:00:04  73 of 87 START sql table model marts.mart_affordability_analytics .............. [RUN]","logger":"airflow.task.hooks.airflow.providers.standard.hooks.subprocess.SubprocessHook","filename":"subprocess.py","lineno":106}
{"timestamp":"2026-07-02T11:00:04.722767Z","level":"info","event":"\u001b[0m11:00:04  70 of 87 PASS not_null_mart_school_accessibility_school_accessibility_score .... [\u001b[32mPASS\u001b[0m in 0.31s]","logger":"airflow.task.hooks.airflow.providers.standard.hooks.subprocess.SubprocessHook","filename":"subprocess.py","lineno":106}
{"timestamp":"2026-07-02T11:00:04.726791Z","level":"info","event":"\u001b[0m11:00:04  74 of 87 START sql table model marts.mart_area_rankings ........................ [RUN]","logger":"airflow.task.hooks.airflow.providers.standard.hooks.subprocess.SubprocessHook","filename":"subprocess.py","lineno":106}
{"timestamp":"2026-07-02T11:00:04.809393Z","level":"info","event":"\u001b[0m11:00:04  72 of 87 PASS not_null_mart_transport_accessibility_transport_accessibility_score  [\u001b[32mPASS\u001b[0m in 0.30s]","logger":"airflow.task.hooks.airflow.providers.standard.hooks.subprocess.SubprocessHook","filename":"subprocess.py","lineno":106}
{"timestamp":"2026-07-02T11:00:04.811419Z","level":"info","event":"\u001b[0m11:00:04  75 of 87 START sql table model marts.mart_growth_analytics ..................... [RUN]","logger":"airflow.task.hooks.airflow.providers.standard.hooks.subprocess.SubprocessHook","filename":"subprocess.py","lineno":106}
{"timestamp":"2026-07-02T11:00:04.826504Z","level":"info","event":"\u001b[0m11:00:04  71 of 87 PASS not_null_mart_transport_accessibility_location_key ............... [\u001b[32mPASS\u001b[0m in 0.34s]","logger":"airflow.task.hooks.airflow.providers.standard.hooks.subprocess.SubprocessHook","filename":"subprocess.py","lineno":106}
{"timestamp":"2026-07-02T11:00:04.828128Z","level":"info","event":"\u001b[0m11:00:04  76 of 87 START sql table model marts.mart_investment_opportunities ............. [RUN]","logger":"airflow.task.hooks.airflow.providers.standard.hooks.subprocess.SubprocessHook","filename":"subprocess.py","lineno":106}
{"timestamp":"2026-07-02T11:00:05.432856Z","level":"info","event":"\u001b[0m11:00:05  73 of 87 OK created sql table model marts.mart_affordability_analytics ......... [\u001b[32mSUCCESS 1\u001b[0m in 0.89s]","logger":"airflow.task.hooks.airflow.providers.standard.hooks.subprocess.SubprocessHook","filename":"subprocess.py","lineno":106}
{"timestamp":"2026-07-02T11:00:05.435101Z","level":"info","event":"\u001b[0m11:00:05  77 of 87 START sql table model marts.mart_regional_performance ................. [RUN]","logger":"airflow.task.hooks.airflow.providers.standard.hooks.subprocess.SubprocessHook","filename":"subprocess.py","lineno":106}
{"timestamp":"2026-07-02T11:00:05.550351Z","level":"info","event":"\u001b[0m11:00:05  74 of 87 OK created sql table model marts.mart_area_rankings ................... [\u001b[32mSUCCESS 1\u001b[0m in 0.82s]","logger":"airflow.task.hooks.airflow.providers.standard.hooks.subprocess.SubprocessHook","filename":"subprocess.py","lineno":106}
{"timestamp":"2026-07-02T11:00:05.551623Z","level":"info","event":"\u001b[0m11:00:05  78 of 87 START sql table model marts.mart_area_profile ......................... [RUN]","logger":"airflow.task.hooks.airflow.providers.standard.hooks.subprocess.SubprocessHook","filename":"subprocess.py","lineno":106}
{"timestamp":"2026-07-02T11:00:05.723779Z","level":"info","event":"\u001b[0m11:00:05  75 of 87 OK created sql table model marts.mart_growth_analytics ................ [\u001b[32mSUCCESS 1\u001b[0m in 0.91s]","logger":"airflow.task.hooks.airflow.providers.standard.hooks.subprocess.SubprocessHook","filename":"subprocess.py","lineno":106}
{"timestamp":"2026-07-02T11:00:05.724668Z","level":"info","event":"\u001b[0m11:00:05  79 of 87 START test not_null_mart_affordability_analytics_affordability_score .. [RUN]","logger":"airflow.task.hooks.airflow.providers.standard.hooks.subprocess.SubprocessHook","filename":"subprocess.py","lineno":106}
{"timestamp":"2026-07-02T11:00:05.834740Z","level":"info","event":"\u001b[0m11:00:05  76 of 87 OK created sql table model marts.mart_investment_opportunities ........ [\u001b[32mSUCCESS 1\u001b[0m in 1.01s]","logger":"airflow.task.hooks.airflow.providers.standard.hooks.subprocess.SubprocessHook","filename":"subprocess.py","lineno":106}
{"timestamp":"2026-07-02T11:00:05.836217Z","level":"info","event":"\u001b[0m11:00:05  80 of 87 START test not_null_mart_area_rankings_housing_intelligence_index ..... [RUN]","logger":"airflow.task.hooks.airflow.providers.standard.hooks.subprocess.SubprocessHook","filename":"subprocess.py","lineno":106}
{"timestamp":"2026-07-02T11:00:06.126996Z","level":"info","event":"\u001b[0m11:00:06  80 of 87 PASS not_null_mart_area_rankings_housing_intelligence_index ........... [\u001b[32mPASS\u001b[0m in 0.29s]","logger":"airflow.task.hooks.airflow.providers.standard.hooks.subprocess.SubprocessHook","filename":"subprocess.py","lineno":106}
{"timestamp":"2026-07-02T11:00:06.129625Z","level":"info","event":"\u001b[0m11:00:06  79 of 87 PASS not_null_mart_affordability_analytics_affordability_score ........ [\u001b[32mPASS\u001b[0m in 0.40s]","logger":"airflow.task.hooks.airflow.providers.standard.hooks.subprocess.SubprocessHook","filename":"subprocess.py","lineno":106}
{"timestamp":"2026-07-02T11:00:06.131334Z","level":"info","event":"\u001b[0m11:00:06  81 of 87 START test not_null_mart_area_rankings_location_key ................... [RUN]","logger":"airflow.task.hooks.airflow.providers.standard.hooks.subprocess.SubprocessHook","filename":"subprocess.py","lineno":106}
{"timestamp":"2026-07-02T11:00:06.132708Z","level":"info","event":"\u001b[0m11:00:06  82 of 87 START test not_null_mart_growth_analytics_growth_score ................ [RUN]","logger":"airflow.task.hooks.airflow.providers.standard.hooks.subprocess.SubprocessHook","filename":"subprocess.py","lineno":106}
{"timestamp":"2026-07-02T11:00:06.438978Z","level":"info","event":"\u001b[0m11:00:06  82 of 87 PASS not_null_mart_growth_analytics_growth_score ...................... [\u001b[32mPASS\u001b[0m in 0.30s]","logger":"airflow.task.hooks.airflow.providers.standard.hooks.subprocess.SubprocessHook","filename":"subprocess.py","lineno":106}
{"timestamp":"2026-07-02T11:00:06.441812Z","level":"info","event":"\u001b[0m11:00:06  77 of 87 OK created sql table model marts.mart_regional_performance ............ [\u001b[32mSUCCESS 1\u001b[0m in 1.01s]","logger":"airflow.task.hooks.airflow.providers.standard.hooks.subprocess.SubprocessHook","filename":"subprocess.py","lineno":106}
{"timestamp":"2026-07-02T11:00:06.442969Z","level":"info","event":"\u001b[0m11:00:06  83 of 87 START test not_null_mart_investment_opportunities_investment_score .... [RUN]","logger":"airflow.task.hooks.airflow.providers.standard.hooks.subprocess.SubprocessHook","filename":"subprocess.py","lineno":106}
{"timestamp":"2026-07-02T11:00:06.444369Z","level":"info","event":"\u001b[0m11:00:06  84 of 87 START test not_null_mart_regional_performance_region_key .............. [RUN]","logger":"airflow.task.hooks.airflow.providers.standard.hooks.subprocess.SubprocessHook","filename":"subprocess.py","lineno":106}
{"timestamp":"2026-07-02T11:00:06.574241Z","level":"info","event":"\u001b[0m11:00:06  81 of 87 PASS not_null_mart_area_rankings_location_key ......................... [\u001b[32mPASS\u001b[0m in 0.44s]","logger":"airflow.task.hooks.airflow.providers.standard.hooks.subprocess.SubprocessHook","filename":"subprocess.py","lineno":106}
{"timestamp":"2026-07-02T11:00:06.578799Z","level":"info","event":"\u001b[0m11:00:06  78 of 87 OK created sql table model marts.mart_area_profile .................... [\u001b[32mSUCCESS 1\u001b[0m in 1.02s]","logger":"airflow.task.hooks.airflow.providers.standard.hooks.subprocess.SubprocessHook","filename":"subprocess.py","lineno":106}
{"timestamp":"2026-07-02T11:00:06.591617Z","level":"info","event":"\u001b[0m11:00:06  85 of 87 START test not_null_mart_area_profile_housing_intelligence_index ...... [RUN]","logger":"airflow.task.hooks.airflow.providers.standard.hooks.subprocess.SubprocessHook","filename":"subprocess.py","lineno":106}
{"timestamp":"2026-07-02T11:00:06.592440Z","level":"info","event":"\u001b[0m11:00:06  86 of 87 START test not_null_mart_area_profile_location_key .................... [RUN]","logger":"airflow.task.hooks.airflow.providers.standard.hooks.subprocess.SubprocessHook","filename":"subprocess.py","lineno":106}
{"timestamp":"2026-07-02T11:00:06.795347Z","level":"info","event":"\u001b[0m11:00:06  83 of 87 PASS not_null_mart_investment_opportunities_investment_score .......... [\u001b[32mPASS\u001b[0m in 0.35s]","logger":"airflow.task.hooks.airflow.providers.standard.hooks.subprocess.SubprocessHook","filename":"subprocess.py","lineno":106}
{"timestamp":"2026-07-02T11:00:06.796489Z","level":"info","event":"\u001b[0m11:00:06  87 of 87 START test unique_mart_area_profile_location_key ...................... [RUN]","logger":"airflow.task.hooks.airflow.providers.standard.hooks.subprocess.SubprocessHook","filename":"subprocess.py","lineno":106}
{"timestamp":"2026-07-02T11:00:06.922905Z","level":"info","event":"\u001b[0m11:00:06  85 of 87 PASS not_null_mart_area_profile_housing_intelligence_index ............ [\u001b[32mPASS\u001b[0m in 0.33s]","logger":"airflow.task.hooks.airflow.providers.standard.hooks.subprocess.SubprocessHook","filename":"subprocess.py","lineno":106}
{"timestamp":"2026-07-02T11:00:06.924271Z","level":"info","event":"\u001b[0m11:00:06  86 of 87 PASS not_null_mart_area_profile_location_key .......................... [\u001b[32mPASS\u001b[0m in 0.33s]","logger":"airflow.task.hooks.airflow.providers.standard.hooks.subprocess.SubprocessHook","filename":"subprocess.py","lineno":106}
{"timestamp":"2026-07-02T11:00:06.930403Z","level":"info","event":"\u001b[0m11:00:06  84 of 87 PASS not_null_mart_regional_performance_region_key .................... [\u001b[32mPASS\u001b[0m in 0.48s]","logger":"airflow.task.hooks.airflow.providers.standard.hooks.subprocess.SubprocessHook","filename":"subprocess.py","lineno":106}
{"timestamp":"2026-07-02T11:00:07.282402Z","level":"info","event":"\u001b[0m11:00:07  87 of 87 PASS unique_mart_area_profile_location_key ............................ [\u001b[32mPASS\u001b[0m in 0.49s]","logger":"airflow.task.hooks.airflow.providers.standard.hooks.subprocess.SubprocessHook","filename":"subprocess.py","lineno":106}
{"timestamp":"2026-07-02T11:00:08.875634Z","level":"info","event":"\u001b[0m11:00:08","logger":"airflow.task.hooks.airflow.providers.standard.hooks.subprocess.SubprocessHook","filename":"subprocess.py","lineno":106}
{"timestamp":"2026-07-02T11:00:08.876856Z","level":"info","event":"\u001b[0m11:00:08  Finished running 18 table models, 51 data tests, 18 view models in 0 hours 0 minutes and 15.29 seconds (15.29s).","logger":"airflow.task.hooks.airflow.providers.standard.hooks.subprocess.SubprocessHook","filename":"subprocess.py","lineno":106}
{"timestamp":"2026-07-02T11:00:08.965756Z","level":"info","event":"\u001b[0m11:00:08","logger":"airflow.task.hooks.airflow.providers.standard.hooks.subprocess.SubprocessHook","filename":"subprocess.py","lineno":106}
{"timestamp":"2026-07-02T11:00:08.966109Z","level":"info","event":"\u001b[0m11:00:08  \u001b[32mCompleted successfully\u001b[0m","logger":"airflow.task.hooks.airflow.providers.standard.hooks.subprocess.SubprocessHook","filename":"subprocess.py","lineno":106}
{"timestamp":"2026-07-02T11:00:08.966525Z","level":"info","event":"\u001b[0m11:00:08","logger":"airflow.task.hooks.airflow.providers.standard.hooks.subprocess.SubprocessHook","filename":"subprocess.py","lineno":106}
{"timestamp":"2026-07-02T11:00:08.967020Z","level":"info","event":"\u001b[0m11:00:08  Done. PASS=87 WARN=0 ERROR=0 SKIP=0 NO-OP=0 TOTAL=87","logger":"airflow.task.hooks.airflow.providers.standard.hooks.subprocess.SubprocessHook","filename":"subprocess.py","lineno":106}
{"timestamp":"2026-07-02T11:00:11.124113Z","level":"info","event":"======================================================================","logger":"airflow.task.hooks.airflow.providers.standard.hooks.subprocess.SubprocessHook","filename":"subprocess.py","lineno":106}
{"timestamp":"2026-07-02T11:00:11.125896Z","level":"info","event":"UK Housing Intelligence Platform","logger":"airflow.task.hooks.airflow.providers.standard.hooks.subprocess.SubprocessHook","filename":"subprocess.py","lineno":106}
{"timestamp":"2026-07-02T11:00:11.125958Z","level":"info","event":"dbt Transformation Runner","logger":"airflow.task.hooks.airflow.providers.standard.hooks.subprocess.SubprocessHook","filename":"subprocess.py","lineno":106}
{"timestamp":"2026-07-02T11:00:11.126021Z","level":"info","event":"======================================================================","logger":"airflow.task.hooks.airflow.providers.standard.hooks.subprocess.SubprocessHook","filename":"subprocess.py","lineno":106}
{"timestamp":"2026-07-02T11:00:11.126043Z","level":"info","event":"","logger":"airflow.task.hooks.airflow.providers.standard.hooks.subprocess.SubprocessHook","filename":"subprocess.py","lineno":106}
{"timestamp":"2026-07-02T11:00:11.126071Z","level":"info","event":"Running dbt debug...","logger":"airflow.task.hooks.airflow.providers.standard.hooks.subprocess.SubprocessHook","filename":"subprocess.py","lineno":106}
{"timestamp":"2026-07-02T11:00:11.126126Z","level":"info","event":"","logger":"airflow.task.hooks.airflow.providers.standard.hooks.subprocess.SubprocessHook","filename":"subprocess.py","lineno":106}
{"timestamp":"2026-07-02T11:00:11.126150Z","level":"info","event":"","logger":"airflow.task.hooks.airflow.providers.standard.hooks.subprocess.SubprocessHook","filename":"subprocess.py","lineno":106}
{"timestamp":"2026-07-02T11:00:11.126172Z","level":"info","event":"dbt debug successful.","logger":"airflow.task.hooks.airflow.providers.standard.hooks.subprocess.SubprocessHook","filename":"subprocess.py","lineno":106}
{"timestamp":"2026-07-02T11:00:11.126195Z","level":"info","event":"","logger":"airflow.task.hooks.airflow.providers.standard.hooks.subprocess.SubprocessHook","filename":"subprocess.py","lineno":106}
{"timestamp":"2026-07-02T11:00:11.126219Z","level":"info","event":"Running dbt deps...","logger":"airflow.task.hooks.airflow.providers.standard.hooks.subprocess.SubprocessHook","filename":"subprocess.py","lineno":106}
{"timestamp":"2026-07-02T11:00:11.126242Z","level":"info","event":"","logger":"airflow.task.hooks.airflow.providers.standard.hooks.subprocess.SubprocessHook","filename":"subprocess.py","lineno":106}
{"timestamp":"2026-07-02T11:00:11.126280Z","level":"info","event":"","logger":"airflow.task.hooks.airflow.providers.standard.hooks.subprocess.SubprocessHook","filename":"subprocess.py","lineno":106}
{"timestamp":"2026-07-02T11:00:11.126309Z","level":"info","event":"Running dbt build...","logger":"airflow.task.hooks.airflow.providers.standard.hooks.subprocess.SubprocessHook","filename":"subprocess.py","lineno":106}
{"timestamp":"2026-07-02T11:00:11.126332Z","level":"info","event":"","logger":"airflow.task.hooks.airflow.providers.standard.hooks.subprocess.SubprocessHook","filename":"subprocess.py","lineno":106}
{"timestamp":"2026-07-02T11:00:11.126358Z","level":"info","event":"","logger":"airflow.task.hooks.airflow.providers.standard.hooks.subprocess.SubprocessHook","filename":"subprocess.py","lineno":106}
{"timestamp":"2026-07-02T11:00:11.126383Z","level":"info","event":"All dbt models executed successfully.","logger":"airflow.task.hooks.airflow.providers.standard.hooks.subprocess.SubprocessHook","filename":"subprocess.py","lineno":106}
{"timestamp":"2026-07-02T11:00:11.142602Z","level":"info","event":"Command exited with return code 0","logger":"airflow.task.hooks.airflow.providers.standard.hooks.subprocess.SubprocessHook","filename":"subprocess.py","lineno":110}
{"timestamp":"2026-07-02T11:00:11.148791Z","level":"info","event":"Pushing xcom","ti":"RuntimeTaskInstance(id=UUID('019f227b-24d7-7630-a5e5-81527f1c39d9'), task_id='run_dbt_models', dag_id='uk_housing_master_pipeline', run_id='manual__2026-07-02T10:58:43.517441+00:00', try_number=1, dag_version_id=UUID('019f2273-b3ce-7ff9-9ceb-a474c83fbccb'), map_index=-1, hostname='9ad83d0d1d52', context_carrier={}, task=<Task(BashOperator): run_dbt_models>, bundle_instance=LocalDagBundle(name=dags-folder), max_tries=3, start_date=datetime.datetime(2026, 7, 2, 10, 59, 43, 164105, tzinfo=datetime.timezone.utc), end_date=None, state=<TaskInstanceState.RUNNING: 'running'>, is_mapped=False, rendered_map_index=None)","logger":"task","filename":"task_runner.py","lineno":1352}
