{"timestamp":"2026-07-02T12:09:56.698988Z","level":"info","event":"DAG bundles loaded: dags-folder","logger":"airflow.dag_processing.bundles.manager.DagBundlesManager","filename":"manager.py","lineno":179}
{"timestamp":"2026-07-02T12:09:56.699881Z","level":"info","event":"Filling up the DagBag from /opt/airflow/dags/orchestration/master_pipeline.py","logger":"airflow.models.dagbag.DagBag","filename":"dagbag.py","lineno":593}
{"timestamp":"2026-07-02T12:09:56.719418Z","level":"warning","event":"The `airflow.operators.empty.EmptyOperator` attribute is deprecated. Please use `'airflow.providers.standard.operators.empty.EmptyOperator'`.","category":"DeprecatedImportWarning","filename":"/opt/airflow/dags/orchestration/master_pipeline.py","lineno":4,"logger":"py.warnings"}
{"timestamp":"2026-07-02T12:09:56.719505Z","level":"warning","event":"The `airflow.operators.bash.BashOperator` attribute is deprecated. Please use `'airflow.providers.standard.operators.bash.BashOperator'`.","category":"DeprecatedImportWarning","filename":"/opt/airflow/dags/orchestration/master_pipeline.py","lineno":5,"logger":"py.warnings"}
{"timestamp":"2026-07-02T12:09:56.719553Z","level":"warning","event":"The `airflow.operators.trigger_dagrun.TriggerDagRunOperator` attribute is deprecated. Please use `'airflow.providers.standard.operators.trigger_dagrun.TriggerDagRunOperator'`.","category":"DeprecatedImportWarning","filename":"/opt/airflow/dags/orchestration/master_pipeline.py","lineno":6,"logger":"py.warnings"}
{"timestamp":"2026-07-02T12:09:56.719594Z","level":"warning","event":"The `airflow.utils.trigger_rule.TriggerRule` attribute is deprecated. Please use `'airflow.task.trigger_rule.TriggerRule'`.","category":"DeprecatedImportWarning","filename":"/opt/airflow/dags/orchestration/master_pipeline.py","lineno":7,"logger":"py.warnings"}
{"timestamp":"2026-07-02T12:09:57.010952Z","level":"info","event":"Tmp dir root location: /tmp","logger":"airflow.task.hooks.airflow.providers.standard.hooks.subprocess.SubprocessHook","filename":"subprocess.py","lineno":78}
{"timestamp":"2026-07-02T12:09:57.012021Z","level":"info","event":"Running command: ['/usr/bin/bash', '-c', '\\n        python /opt/project/phase9/scripts/load_raw_to_snowflake.py\\n        ']","logger":"airflow.task.hooks.airflow.providers.standard.hooks.subprocess.SubprocessHook","filename":"subprocess.py","lineno":88}
{"timestamp":"2026-07-02T12:09:57.018582Z","level":"info","event":"Output:","logger":"airflow.task.hooks.airflow.providers.standard.hooks.subprocess.SubprocessHook","filename":"subprocess.py","lineno":99}
{"timestamp":"2026-07-02T12:10:10.283549Z","level":"info","event":"======================================================================","logger":"airflow.task.hooks.airflow.providers.standard.hooks.subprocess.SubprocessHook","filename":"subprocess.py","lineno":106}
{"timestamp":"2026-07-02T12:10:10.291267Z","level":"info","event":"UK Housing Intelligence Platform","logger":"airflow.task.hooks.airflow.providers.standard.hooks.subprocess.SubprocessHook","filename":"subprocess.py","lineno":106}
{"timestamp":"2026-07-02T12:10:10.291458Z","level":"info","event":"RAW Data Loader","logger":"airflow.task.hooks.airflow.providers.standard.hooks.subprocess.SubprocessHook","filename":"subprocess.py","lineno":106}
{"timestamp":"2026-07-02T12:10:10.291548Z","level":"info","event":"======================================================================","logger":"airflow.task.hooks.airflow.providers.standard.hooks.subprocess.SubprocessHook","filename":"subprocess.py","lineno":106}
{"timestamp":"2026-07-02T12:10:10.291723Z","level":"info","event":"","logger":"airflow.task.hooks.airflow.providers.standard.hooks.subprocess.SubprocessHook","filename":"subprocess.py","lineno":106}
{"timestamp":"2026-07-02T12:10:10.291812Z","level":"info","event":"Executing SQL file:","logger":"airflow.task.hooks.airflow.providers.standard.hooks.subprocess.SubprocessHook","filename":"subprocess.py","lineno":106}
{"timestamp":"2026-07-02T12:10:10.291880Z","level":"info","event":"/opt/project/phase8/snowflake/09_load_raw_tables.sql","logger":"airflow.task.hooks.airflow.providers.standard.hooks.subprocess.SubprocessHook","filename":"subprocess.py","lineno":106}
{"timestamp":"2026-07-02T12:10:10.291957Z","level":"info","event":"","logger":"airflow.task.hooks.airflow.providers.standard.hooks.subprocess.SubprocessHook","filename":"subprocess.py","lineno":106}
{"timestamp":"2026-07-02T12:10:10.292040Z","level":"info","event":"----------------------------------------------------------------------","logger":"airflow.task.hooks.airflow.providers.standard.hooks.subprocess.SubprocessHook","filename":"subprocess.py","lineno":106}
{"timestamp":"2026-07-02T12:10:10.292109Z","level":"info","event":"-- =====================================================","logger":"airflow.task.hooks.airflow.providers.standard.hooks.subprocess.SubprocessHook","filename":"subprocess.py","lineno":106}
{"timestamp":"2026-07-02T12:10:10.292180Z","level":"info","event":"-- UK Housing Intelligence Platform","logger":"airflow.task.hooks.airflow.providers.standard.hooks.subprocess.SubprocessHook","filename":"subprocess.py","lineno":106}
{"timestamp":"2026-07-02T12:10:10.292277Z","level":"info","event":"-- Phase 8","logger":"airflow.task.hooks.airflow.providers.standard.hooks.subprocess.SubprocessHook","filename":"subprocess.py","lineno":106}
{"timestamp":"2026-07-02T12:10:10.292336Z","level":"info","event":"-- Load All RAW Tables","logger":"airflow.task.hooks.airflow.providers.standard.hooks.subprocess.SubprocessHook","filename":"subprocess.py","lineno":106}
{"timestamp":"2026-07-02T12:10:10.292395Z","level":"info","event":"-- =====================================================","logger":"airflow.task.hooks.airflow.providers.standard.hooks.subprocess.SubprocessHook","filename":"subprocess.py","lineno":106}
{"timestamp":"2026-07-02T12:10:10.292448Z","level":"info","event":"","logger":"airflow.task.hooks.airflow.providers.standard.hooks.subprocess.SubprocessHook","filename":"subprocess.py","lineno":106}
{"timestamp":"2026-07-02T12:10:10.292630Z","level":"info","event":"USE DATABASE UK_HOUSING_DW","logger":"airflow.task.hooks.airflow.providers.standard.hooks.subprocess.SubprocessHook","filename":"subprocess.py","lineno":106}
{"timestamp":"2026-07-02T12:10:10.292976Z","level":"info","event":"----------------------------------------------------------------------","logger":"airflow.task.hooks.airflow.providers.standard.hooks.subprocess.SubprocessHook","filename":"subprocess.py","lineno":106}
{"timestamp":"2026-07-02T12:10:10.293096Z","level":"info","event":"USE SCHEMA RAW","logger":"airflow.task.hooks.airflow.providers.standard.hooks.subprocess.SubprocessHook","filename":"subprocess.py","lineno":106}
{"timestamp":"2026-07-02T12:10:10.293196Z","level":"info","event":"----------------------------------------------------------------------","logger":"airflow.task.hooks.airflow.providers.standard.hooks.subprocess.SubprocessHook","filename":"subprocess.py","lineno":106}
{"timestamp":"2026-07-02T12:10:10.293289Z","level":"info","event":"---------------------------------------------------------","logger":"airflow.task.hooks.airflow.providers.standard.hooks.subprocess.SubprocessHook","filename":"subprocess.py","lineno":106}
{"timestamp":"2026-07-02T12:10:10.293409Z","level":"info","event":"-- CRIME SCORES","logger":"airflow.task.hooks.airflow.providers.standard.hooks.subprocess.SubprocessHook","filename":"subprocess.py","lineno":106}
{"timestamp":"2026-07-02T12:10:10.293527Z","level":"info","event":"---------------------------------------------------------","logger":"airflow.task.hooks.airflow.providers.standard.hooks.subprocess.SubprocessHook","filename":"subprocess.py","lineno":106}
{"timestamp":"2026-07-02T12:10:10.293639Z","level":"info","event":"","logger":"airflow.task.hooks.airflow.providers.standard.hooks.subprocess.SubprocessHook","filename":"subprocess.py","lineno":106}
{"timestamp":"2026-07-02T12:10:10.293719Z","level":"info","event":"COPY INTO CRIME_SCORES","logger":"airflow.task.hooks.airflow.providers.standard.hooks.subprocess.SubprocessHook","filename":"subprocess.py","lineno":106}
{"timestamp":"2026-07-02T12:10:10.293846Z","level":"info","event":"FROM @GOLD_STAGE/crime_scores/","logger":"airflow.task.hooks.airflow.providers.standard.hooks.subprocess.SubprocessHook","filename":"subprocess.py","lineno":106}
{"timestamp":"2026-07-02T12:10:10.293920Z","level":"info","event":"MATCH_BY_COLUMN_NAME = CASE_INSENSITIVE","logger":"airflow.task.hooks.airflow.providers.standard.hooks.subprocess.SubprocessHook","filename":"subprocess.py","lineno":106}
{"timestamp":"2026-07-02T12:10:10.294003Z","level":"info","event":"----------------------------------------------------------------------","logger":"airflow.task.hooks.airflow.providers.standard.hooks.subprocess.SubprocessHook","filename":"subprocess.py","lineno":106}
{"timestamp":"2026-07-02T12:10:10.294088Z","level":"info","event":"---------------------------------------------------------","logger":"airflow.task.hooks.airflow.providers.standard.hooks.subprocess.SubprocessHook","filename":"subprocess.py","lineno":106}
{"timestamp":"2026-07-02T12:10:10.294178Z","level":"info","event":"-- GROWTH SCORES","logger":"airflow.task.hooks.airflow.providers.standard.hooks.subprocess.SubprocessHook","filename":"subprocess.py","lineno":106}
{"timestamp":"2026-07-02T12:10:10.294438Z","level":"info","event":"---------------------------------------------------------","logger":"airflow.task.hooks.airflow.providers.standard.hooks.subprocess.SubprocessHook","filename":"subprocess.py","lineno":106}
{"timestamp":"2026-07-02T12:10:10.294560Z","level":"info","event":"","logger":"airflow.task.hooks.airflow.providers.standard.hooks.subprocess.SubprocessHook","filename":"subprocess.py","lineno":106}
{"timestamp":"2026-07-02T12:10:10.294734Z","level":"info","event":"COPY INTO GROWTH_SCORES","logger":"airflow.task.hooks.airflow.providers.standard.hooks.subprocess.SubprocessHook","filename":"subprocess.py","lineno":106}
{"timestamp":"2026-07-02T12:10:10.294928Z","level":"info","event":"FROM @GOLD_STAGE/growth_scores/","logger":"airflow.task.hooks.airflow.providers.standard.hooks.subprocess.SubprocessHook","filename":"subprocess.py","lineno":106}
{"timestamp":"2026-07-02T12:10:10.295012Z","level":"info","event":"MATCH_BY_COLUMN_NAME = CASE_INSENSITIVE","logger":"airflow.task.hooks.airflow.providers.standard.hooks.subprocess.SubprocessHook","filename":"subprocess.py","lineno":106}
{"timestamp":"2026-07-02T12:10:10.295071Z","level":"info","event":"----------------------------------------------------------------------","logger":"airflow.task.hooks.airflow.providers.standard.hooks.subprocess.SubprocessHook","filename":"subprocess.py","lineno":106}
{"timestamp":"2026-07-02T12:10:10.295136Z","level":"info","event":"---------------------------------------------------------","logger":"airflow.task.hooks.airflow.providers.standard.hooks.subprocess.SubprocessHook","filename":"subprocess.py","lineno":106}
{"timestamp":"2026-07-02T12:10:10.295220Z","level":"info","event":"-- HEALTHCARE INTELLIGENCE","logger":"airflow.task.hooks.airflow.providers.standard.hooks.subprocess.SubprocessHook","filename":"subprocess.py","lineno":106}
{"timestamp":"2026-07-02T12:10:10.295352Z","level":"info","event":"---------------------------------------------------------","logger":"airflow.task.hooks.airflow.providers.standard.hooks.subprocess.SubprocessHook","filename":"subprocess.py","lineno":106}
{"timestamp":"2026-07-02T12:10:10.295454Z","level":"info","event":"","logger":"airflow.task.hooks.airflow.providers.standard.hooks.subprocess.SubprocessHook","filename":"subprocess.py","lineno":106}
{"timestamp":"2026-07-02T12:10:10.295523Z","level":"info","event":"COPY INTO HEALTHCARE_INTELLIGENCE","logger":"airflow.task.hooks.airflow.providers.standard.hooks.subprocess.SubprocessHook","filename":"subprocess.py","lineno":106}
{"timestamp":"2026-07-02T12:10:10.295642Z","level":"info","event":"FROM @GOLD_STAGE/healthcare_intelligence/","logger":"airflow.task.hooks.airflow.providers.standard.hooks.subprocess.SubprocessHook","filename":"subprocess.py","lineno":106}
{"timestamp":"2026-07-02T12:10:10.295701Z","level":"info","event":"MATCH_BY_COLUMN_NAME = CASE_INSENSITIVE","logger":"airflow.task.hooks.airflow.providers.standard.hooks.subprocess.SubprocessHook","filename":"subprocess.py","lineno":106}
{"timestamp":"2026-07-02T12:10:10.295854Z","level":"info","event":"----------------------------------------------------------------------","logger":"airflow.task.hooks.airflow.providers.standard.hooks.subprocess.SubprocessHook","filename":"subprocess.py","lineno":106}
{"timestamp":"2026-07-02T12:10:10.296004Z","level":"info","event":"---------------------------------------------------------","logger":"airflow.task.hooks.airflow.providers.standard.hooks.subprocess.SubprocessHook","filename":"subprocess.py","lineno":106}
{"timestamp":"2026-07-02T12:10:10.296066Z","level":"info","event":"-- HOUSING INTELLIGENCE","logger":"airflow.task.hooks.airflow.providers.standard.hooks.subprocess.SubprocessHook","filename":"subprocess.py","lineno":106}
{"timestamp":"2026-07-02T12:10:10.296157Z","level":"info","event":"---------------------------------------------------------","logger":"airflow.task.hooks.airflow.providers.standard.hooks.subprocess.SubprocessHook","filename":"subprocess.py","lineno":106}
{"timestamp":"2026-07-02T12:10:10.296286Z","level":"info","event":"","logger":"airflow.task.hooks.airflow.providers.standard.hooks.subprocess.SubprocessHook","filename":"subprocess.py","lineno":106}
{"timestamp":"2026-07-02T12:10:10.296351Z","level":"info","event":"COPY INTO HOUSING_INTELLIGENCE","logger":"airflow.task.hooks.airflow.providers.standard.hooks.subprocess.SubprocessHook","filename":"subprocess.py","lineno":106}
{"timestamp":"2026-07-02T12:10:10.296510Z","level":"info","event":"FROM @GOLD_STAGE/housing_index/","logger":"airflow.task.hooks.airflow.providers.standard.hooks.subprocess.SubprocessHook","filename":"subprocess.py","lineno":106}
{"timestamp":"2026-07-02T12:10:10.296722Z","level":"info","event":"MATCH_BY_COLUMN_NAME = CASE_INSENSITIVE","logger":"airflow.task.hooks.airflow.providers.standard.hooks.subprocess.SubprocessHook","filename":"subprocess.py","lineno":106}
{"timestamp":"2026-07-02T12:10:10.296905Z","level":"info","event":"----------------------------------------------------------------------","logger":"airflow.task.hooks.airflow.providers.standard.hooks.subprocess.SubprocessHook","filename":"subprocess.py","lineno":106}
{"timestamp":"2026-07-02T12:10:10.297174Z","level":"info","event":"---------------------------------------------------------","logger":"airflow.task.hooks.airflow.providers.standard.hooks.subprocess.SubprocessHook","filename":"subprocess.py","lineno":106}
{"timestamp":"2026-07-02T12:10:10.297303Z","level":"info","event":"-- INVESTMENT SCORES","logger":"airflow.task.hooks.airflow.providers.standard.hooks.subprocess.SubprocessHook","filename":"subprocess.py","lineno":106}
{"timestamp":"2026-07-02T12:10:10.297572Z","level":"info","event":"---------------------------------------------------------","logger":"airflow.task.hooks.airflow.providers.standard.hooks.subprocess.SubprocessHook","filename":"subprocess.py","lineno":106}
{"timestamp":"2026-07-02T12:10:10.297696Z","level":"info","event":"","logger":"airflow.task.hooks.airflow.providers.standard.hooks.subprocess.SubprocessHook","filename":"subprocess.py","lineno":106}
{"timestamp":"2026-07-02T12:10:10.297851Z","level":"info","event":"COPY INTO INVESTMENT_SCORES","logger":"airflow.task.hooks.airflow.providers.standard.hooks.subprocess.SubprocessHook","filename":"subprocess.py","lineno":106}
{"timestamp":"2026-07-02T12:10:10.297937Z","level":"info","event":"FROM @GOLD_STAGE/investment_scores/","logger":"airflow.task.hooks.airflow.providers.standard.hooks.subprocess.SubprocessHook","filename":"subprocess.py","lineno":106}
{"timestamp":"2026-07-02T12:10:10.298011Z","level":"info","event":"MATCH_BY_COLUMN_NAME = CASE_INSENSITIVE","logger":"airflow.task.hooks.airflow.providers.standard.hooks.subprocess.SubprocessHook","filename":"subprocess.py","lineno":106}
{"timestamp":"2026-07-02T12:10:10.298117Z","level":"info","event":"----------------------------------------------------------------------","logger":"airflow.task.hooks.airflow.providers.standard.hooks.subprocess.SubprocessHook","filename":"subprocess.py","lineno":106}
{"timestamp":"2026-07-02T12:10:10.298309Z","level":"info","event":"---------------------------------------------------------","logger":"airflow.task.hooks.airflow.providers.standard.hooks.subprocess.SubprocessHook","filename":"subprocess.py","lineno":106}
{"timestamp":"2026-07-02T12:10:10.298422Z","level":"info","event":"-- LOCATION INTELLIGENCE","logger":"airflow.task.hooks.airflow.providers.standard.hooks.subprocess.SubprocessHook","filename":"subprocess.py","lineno":106}
{"timestamp":"2026-07-02T12:10:10.298488Z","level":"info","event":"---------------------------------------------------------","logger":"airflow.task.hooks.airflow.providers.standard.hooks.subprocess.SubprocessHook","filename":"subprocess.py","lineno":106}
{"timestamp":"2026-07-02T12:10:10.298543Z","level":"info","event":"","logger":"airflow.task.hooks.airflow.providers.standard.hooks.subprocess.SubprocessHook","filename":"subprocess.py","lineno":106}
{"timestamp":"2026-07-02T12:10:10.298624Z","level":"info","event":"COPY INTO LOCATION_INTELLIGENCE","logger":"airflow.task.hooks.airflow.providers.standard.hooks.subprocess.SubprocessHook","filename":"subprocess.py","lineno":106}
{"timestamp":"2026-07-02T12:10:10.298720Z","level":"info","event":"FROM @GOLD_STAGE/location_intelligence/","logger":"airflow.task.hooks.airflow.providers.standard.hooks.subprocess.SubprocessHook","filename":"subprocess.py","lineno":106}
{"timestamp":"2026-07-02T12:10:10.298781Z","level":"info","event":"MATCH_BY_COLUMN_NAME = CASE_INSENSITIVE","logger":"airflow.task.hooks.airflow.providers.standard.hooks.subprocess.SubprocessHook","filename":"subprocess.py","lineno":106}
{"timestamp":"2026-07-02T12:10:10.298842Z","level":"info","event":"----------------------------------------------------------------------","logger":"airflow.task.hooks.airflow.providers.standard.hooks.subprocess.SubprocessHook","filename":"subprocess.py","lineno":106}
{"timestamp":"2026-07-02T12:10:10.298943Z","level":"info","event":"---------------------------------------------------------","logger":"airflow.task.hooks.airflow.providers.standard.hooks.subprocess.SubprocessHook","filename":"subprocess.py","lineno":106}
{"timestamp":"2026-07-02T12:10:10.299023Z","level":"info","event":"-- OPPORTUNITY EXPLORER","logger":"airflow.task.hooks.airflow.providers.standard.hooks.subprocess.SubprocessHook","filename":"subprocess.py","lineno":106}
{"timestamp":"2026-07-02T12:10:10.299087Z","level":"info","event":"---------------------------------------------------------","logger":"airflow.task.hooks.airflow.providers.standard.hooks.subprocess.SubprocessHook","filename":"subprocess.py","lineno":106}
{"timestamp":"2026-07-02T12:10:10.299148Z","level":"info","event":"","logger":"airflow.task.hooks.airflow.providers.standard.hooks.subprocess.SubprocessHook","filename":"subprocess.py","lineno":106}
{"timestamp":"2026-07-02T12:10:10.299216Z","level":"info","event":"COPY INTO OPPORTUNITY_EXPLORER","logger":"airflow.task.hooks.airflow.providers.standard.hooks.subprocess.SubprocessHook","filename":"subprocess.py","lineno":106}
{"timestamp":"2026-07-02T12:10:10.299296Z","level":"info","event":"FROM @GOLD_STAGE/opportunity_explorer/","logger":"airflow.task.hooks.airflow.providers.standard.hooks.subprocess.SubprocessHook","filename":"subprocess.py","lineno":106}
{"timestamp":"2026-07-02T12:10:10.299351Z","level":"info","event":"MATCH_BY_COLUMN_NAME = CASE_INSENSITIVE","logger":"airflow.task.hooks.airflow.providers.standard.hooks.subprocess.SubprocessHook","filename":"subprocess.py","lineno":106}
{"timestamp":"2026-07-02T12:10:10.299413Z","level":"info","event":"----------------------------------------------------------------------","logger":"airflow.task.hooks.airflow.providers.standard.hooks.subprocess.SubprocessHook","filename":"subprocess.py","lineno":106}
{"timestamp":"2026-07-02T12:10:10.299473Z","level":"info","event":"---------------------------------------------------------","logger":"airflow.task.hooks.airflow.providers.standard.hooks.subprocess.SubprocessHook","filename":"subprocess.py","lineno":106}
{"timestamp":"2026-07-02T12:10:10.299540Z","level":"info","event":"-- RANKINGS","logger":"airflow.task.hooks.airflow.providers.standard.hooks.subprocess.SubprocessHook","filename":"subprocess.py","lineno":106}
{"timestamp":"2026-07-02T12:10:10.299615Z","level":"info","event":"---------------------------------------------------------","logger":"airflow.task.hooks.airflow.providers.standard.hooks.subprocess.SubprocessHook","filename":"subprocess.py","lineno":106}
{"timestamp":"2026-07-02T12:10:10.299680Z","level":"info","event":"","logger":"airflow.task.hooks.airflow.providers.standard.hooks.subprocess.SubprocessHook","filename":"subprocess.py","lineno":106}
{"timestamp":"2026-07-02T12:10:10.299732Z","level":"info","event":"COPY INTO RANKINGS","logger":"airflow.task.hooks.airflow.providers.standard.hooks.subprocess.SubprocessHook","filename":"subprocess.py","lineno":106}
{"timestamp":"2026-07-02T12:10:10.299800Z","level":"info","event":"FROM @GOLD_STAGE/rankings/","logger":"airflow.task.hooks.airflow.providers.standard.hooks.subprocess.SubprocessHook","filename":"subprocess.py","lineno":106}
{"timestamp":"2026-07-02T12:10:10.300123Z","level":"info","event":"MATCH_BY_COLUMN_NAME = CASE_INSENSITIVE","logger":"airflow.task.hooks.airflow.providers.standard.hooks.subprocess.SubprocessHook","filename":"subprocess.py","lineno":106}
{"timestamp":"2026-07-02T12:10:10.300430Z","level":"info","event":"----------------------------------------------------------------------","logger":"airflow.task.hooks.airflow.providers.standard.hooks.subprocess.SubprocessHook","filename":"subprocess.py","lineno":106}
{"timestamp":"2026-07-02T12:10:10.300716Z","level":"info","event":"---------------------------------------------------------","logger":"airflow.task.hooks.airflow.providers.standard.hooks.subprocess.SubprocessHook","filename":"subprocess.py","lineno":106}
{"timestamp":"2026-07-02T12:10:10.300917Z","level":"info","event":"-- REGIONAL INTELLIGENCE","logger":"airflow.task.hooks.airflow.providers.standard.hooks.subprocess.SubprocessHook","filename":"subprocess.py","lineno":106}
{"timestamp":"2026-07-02T12:10:10.301160Z","level":"info","event":"---------------------------------------------------------","logger":"airflow.task.hooks.airflow.providers.standard.hooks.subprocess.SubprocessHook","filename":"subprocess.py","lineno":106}
{"timestamp":"2026-07-02T12:10:10.301245Z","level":"info","event":"","logger":"airflow.task.hooks.airflow.providers.standard.hooks.subprocess.SubprocessHook","filename":"subprocess.py","lineno":106}
{"timestamp":"2026-07-02T12:10:10.301306Z","level":"info","event":"COPY INTO REGIONAL_INTELLIGENCE","logger":"airflow.task.hooks.airflow.providers.standard.hooks.subprocess.SubprocessHook","filename":"subprocess.py","lineno":106}
{"timestamp":"2026-07-02T12:10:10.301364Z","level":"info","event":"FROM @GOLD_STAGE/regional_intelligence/","logger":"airflow.task.hooks.airflow.providers.standard.hooks.subprocess.SubprocessHook","filename":"subprocess.py","lineno":106}
{"timestamp":"2026-07-02T12:10:10.301445Z","level":"info","event":"MATCH_BY_COLUMN_NAME = CASE_INSENSITIVE","logger":"airflow.task.hooks.airflow.providers.standard.hooks.subprocess.SubprocessHook","filename":"subprocess.py","lineno":106}
{"timestamp":"2026-07-02T12:10:10.301648Z","level":"info","event":"----------------------------------------------------------------------","logger":"airflow.task.hooks.airflow.providers.standard.hooks.subprocess.SubprocessHook","filename":"subprocess.py","lineno":106}
{"timestamp":"2026-07-02T12:10:10.301932Z","level":"info","event":"---------------------------------------------------------","logger":"airflow.task.hooks.airflow.providers.standard.hooks.subprocess.SubprocessHook","filename":"subprocess.py","lineno":106}
{"timestamp":"2026-07-02T12:10:10.302020Z","level":"info","event":"-- SCHOOL INTELLIGENCE","logger":"airflow.task.hooks.airflow.providers.standard.hooks.subprocess.SubprocessHook","filename":"subprocess.py","lineno":106}
{"timestamp":"2026-07-02T12:10:10.302113Z","level":"info","event":"---------------------------------------------------------","logger":"airflow.task.hooks.airflow.providers.standard.hooks.subprocess.SubprocessHook","filename":"subprocess.py","lineno":106}
{"timestamp":"2026-07-02T12:10:10.302222Z","level":"info","event":"","logger":"airflow.task.hooks.airflow.providers.standard.hooks.subprocess.SubprocessHook","filename":"subprocess.py","lineno":106}
{"timestamp":"2026-07-02T12:10:10.302319Z","level":"info","event":"COPY INTO SCHOOL_INTELLIGENCE","logger":"airflow.task.hooks.airflow.providers.standard.hooks.subprocess.SubprocessHook","filename":"subprocess.py","lineno":106}
{"timestamp":"2026-07-02T12:10:10.302392Z","level":"info","event":"FROM @GOLD_STAGE/school_intelligence/","logger":"airflow.task.hooks.airflow.providers.standard.hooks.subprocess.SubprocessHook","filename":"subprocess.py","lineno":106}
{"timestamp":"2026-07-02T12:10:10.302469Z","level":"info","event":"MATCH_BY_COLUMN_NAME = CASE_INSENSITIVE","logger":"airflow.task.hooks.airflow.providers.standard.hooks.subprocess.SubprocessHook","filename":"subprocess.py","lineno":106}
{"timestamp":"2026-07-02T12:10:10.302541Z","level":"info","event":"----------------------------------------------------------------------","logger":"airflow.task.hooks.airflow.providers.standard.hooks.subprocess.SubprocessHook","filename":"subprocess.py","lineno":106}
{"timestamp":"2026-07-02T12:10:10.302644Z","level":"info","event":"---------------------------------------------------------","logger":"airflow.task.hooks.airflow.providers.standard.hooks.subprocess.SubprocessHook","filename":"subprocess.py","lineno":106}
{"timestamp":"2026-07-02T12:10:10.302703Z","level":"info","event":"-- TRANSPORT INTELLIGENCE","logger":"airflow.task.hooks.airflow.providers.standard.hooks.subprocess.SubprocessHook","filename":"subprocess.py","lineno":106}
{"timestamp":"2026-07-02T12:10:10.302769Z","level":"info","event":"---------------------------------------------------------","logger":"airflow.task.hooks.airflow.providers.standard.hooks.subprocess.SubprocessHook","filename":"subprocess.py","lineno":106}
{"timestamp":"2026-07-02T12:10:10.302842Z","level":"info","event":"","logger":"airflow.task.hooks.airflow.providers.standard.hooks.subprocess.SubprocessHook","filename":"subprocess.py","lineno":106}
{"timestamp":"2026-07-02T12:10:10.302929Z","level":"info","event":"COPY INTO TRANSPORT_INTELLIGENCE","logger":"airflow.task.hooks.airflow.providers.standard.hooks.subprocess.SubprocessHook","filename":"subprocess.py","lineno":106}
{"timestamp":"2026-07-02T12:10:10.303036Z","level":"info","event":"FROM @GOLD_STAGE/transport_intelligence/","logger":"airflow.task.hooks.airflow.providers.standard.hooks.subprocess.SubprocessHook","filename":"subprocess.py","lineno":106}
{"timestamp":"2026-07-02T12:10:10.303280Z","level":"info","event":"MATCH_BY_COLUMN_NAME = CASE_INSENSITIVE","logger":"airflow.task.hooks.airflow.providers.standard.hooks.subprocess.SubprocessHook","filename":"subprocess.py","lineno":106}
{"timestamp":"2026-07-02T12:10:10.303480Z","level":"info","event":"----------------------------------------------------------------------","logger":"airflow.task.hooks.airflow.providers.standard.hooks.subprocess.SubprocessHook","filename":"subprocess.py","lineno":106}
{"timestamp":"2026-07-02T12:10:10.303712Z","level":"info","event":"---------------------------------------------------------","logger":"airflow.task.hooks.airflow.providers.standard.hooks.subprocess.SubprocessHook","filename":"subprocess.py","lineno":106}
{"timestamp":"2026-07-02T12:10:10.303895Z","level":"info","event":"-- HISTORICAL HOUSING TRENDS","logger":"airflow.task.hooks.airflow.providers.standard.hooks.subprocess.SubprocessHook","filename":"subprocess.py","lineno":106}
{"timestamp":"2026-07-02T12:10:10.304125Z","level":"info","event":"---------------------------------------------------------","logger":"airflow.task.hooks.airflow.providers.standard.hooks.subprocess.SubprocessHook","filename":"subprocess.py","lineno":106}
{"timestamp":"2026-07-02T12:10:10.304219Z","level":"info","event":"","logger":"airflow.task.hooks.airflow.providers.standard.hooks.subprocess.SubprocessHook","filename":"subprocess.py","lineno":106}
{"timestamp":"2026-07-02T12:10:10.304309Z","level":"info","event":"COPY INTO HISTORICAL_HOUSING_TRENDS","logger":"airflow.task.hooks.airflow.providers.standard.hooks.subprocess.SubprocessHook","filename":"subprocess.py","lineno":106}
{"timestamp":"2026-07-02T12:10:10.304392Z","level":"info","event":"FROM @GOLD_STAGE/trends/historical/","logger":"airflow.task.hooks.airflow.providers.standard.hooks.subprocess.SubprocessHook","filename":"subprocess.py","lineno":106}
{"timestamp":"2026-07-02T12:10:10.304468Z","level":"info","event":"MATCH_BY_COLUMN_NAME = CASE_INSENSITIVE","logger":"airflow.task.hooks.airflow.providers.standard.hooks.subprocess.SubprocessHook","filename":"subprocess.py","lineno":106}
{"timestamp":"2026-07-02T12:10:10.304549Z","level":"info","event":"----------------------------------------------------------------------","logger":"airflow.task.hooks.airflow.providers.standard.hooks.subprocess.SubprocessHook","filename":"subprocess.py","lineno":106}
{"timestamp":"2026-07-02T12:10:10.304656Z","level":"info","event":"---------------------------------------------------------","logger":"airflow.task.hooks.airflow.providers.standard.hooks.subprocess.SubprocessHook","filename":"subprocess.py","lineno":106}
{"timestamp":"2026-07-02T12:10:10.304721Z","level":"info","event":"-- LOCAL AUTHORITY TRENDS","logger":"airflow.task.hooks.airflow.providers.standard.hooks.subprocess.SubprocessHook","filename":"subprocess.py","lineno":106}
{"timestamp":"2026-07-02T12:10:10.304794Z","level":"info","event":"---------------------------------------------------------","logger":"airflow.task.hooks.airflow.providers.standard.hooks.subprocess.SubprocessHook","filename":"subprocess.py","lineno":106}
{"timestamp":"2026-07-02T12:10:10.304855Z","level":"info","event":"","logger":"airflow.task.hooks.airflow.providers.standard.hooks.subprocess.SubprocessHook","filename":"subprocess.py","lineno":106}
{"timestamp":"2026-07-02T12:10:10.304923Z","level":"info","event":"COPY INTO LOCAL_AUTHORITY_TRENDS","logger":"airflow.task.hooks.airflow.providers.standard.hooks.subprocess.SubprocessHook","filename":"subprocess.py","lineno":106}
{"timestamp":"2026-07-02T12:10:10.304985Z","level":"info","event":"FROM @GOLD_STAGE/trends/local_authority/","logger":"airflow.task.hooks.airflow.providers.standard.hooks.subprocess.SubprocessHook","filename":"subprocess.py","lineno":106}
{"timestamp":"2026-07-02T12:10:10.305055Z","level":"info","event":"MATCH_BY_COLUMN_NAME = CASE_INSENSITIVE","logger":"airflow.task.hooks.airflow.providers.standard.hooks.subprocess.SubprocessHook","filename":"subprocess.py","lineno":106}
{"timestamp":"2026-07-02T12:10:10.305103Z","level":"info","event":"----------------------------------------------------------------------","logger":"airflow.task.hooks.airflow.providers.standard.hooks.subprocess.SubprocessHook","filename":"subprocess.py","lineno":106}
{"timestamp":"2026-07-02T12:10:10.305256Z","level":"info","event":"---------------------------------------------------------","logger":"airflow.task.hooks.airflow.providers.standard.hooks.subprocess.SubprocessHook","filename":"subprocess.py","lineno":106}
{"timestamp":"2026-07-02T12:10:10.305354Z","level":"info","event":"-- REGIONAL HOUSING TRENDS","logger":"airflow.task.hooks.airflow.providers.standard.hooks.subprocess.SubprocessHook","filename":"subprocess.py","lineno":106}
{"timestamp":"2026-07-02T12:10:10.305443Z","level":"info","event":"---------------------------------------------------------","logger":"airflow.task.hooks.airflow.providers.standard.hooks.subprocess.SubprocessHook","filename":"subprocess.py","lineno":106}
{"timestamp":"2026-07-02T12:10:10.305529Z","level":"info","event":"","logger":"airflow.task.hooks.airflow.providers.standard.hooks.subprocess.SubprocessHook","filename":"subprocess.py","lineno":106}
{"timestamp":"2026-07-02T12:10:10.305632Z","level":"info","event":"COPY INTO REGIONAL_HOUSING_TRENDS","logger":"airflow.task.hooks.airflow.providers.standard.hooks.subprocess.SubprocessHook","filename":"subprocess.py","lineno":106}
{"timestamp":"2026-07-02T12:10:10.305733Z","level":"info","event":"FROM @GOLD_STAGE/trends/regional/","logger":"airflow.task.hooks.airflow.providers.standard.hooks.subprocess.SubprocessHook","filename":"subprocess.py","lineno":106}
{"timestamp":"2026-07-02T12:10:10.305817Z","level":"info","event":"MATCH_BY_COLUMN_NAME = CASE_INSENSITIVE","logger":"airflow.task.hooks.airflow.providers.standard.hooks.subprocess.SubprocessHook","filename":"subprocess.py","lineno":106}
{"timestamp":"2026-07-02T12:10:10.305882Z","level":"info","event":"","logger":"airflow.task.hooks.airflow.providers.standard.hooks.subprocess.SubprocessHook","filename":"subprocess.py","lineno":106}
{"timestamp":"2026-07-02T12:10:10.305970Z","level":"info","event":"All RAW tables loaded successfully.","logger":"airflow.task.hooks.airflow.providers.standard.hooks.subprocess.SubprocessHook","filename":"subprocess.py","lineno":106}
{"timestamp":"2026-07-02T12:10:10.306039Z","level":"info","event":"","logger":"airflow.task.hooks.airflow.providers.standard.hooks.subprocess.SubprocessHook","filename":"subprocess.py","lineno":106}
{"timestamp":"2026-07-02T12:10:10.306211Z","level":"info","event":"Snowflake connection closed.","logger":"airflow.task.hooks.airflow.providers.standard.hooks.subprocess.SubprocessHook","filename":"subprocess.py","lineno":106}
{"timestamp":"2026-07-02T12:10:10.582382Z","level":"info","event":"Command exited with return code 0","logger":"airflow.task.hooks.airflow.providers.standard.hooks.subprocess.SubprocessHook","filename":"subprocess.py","lineno":110}
{"timestamp":"2026-07-02T12:10:10.587846Z","level":"info","event":"Pushing xcom","ti":"RuntimeTaskInstance(id=UUID('019f22bb-8243-776d-88ad-57d608b4872a'), task_id='load_raw_data', dag_id='uk_housing_master_pipeline', run_id='manual__2026-07-02T12:09:01.710908+00:00', try_number=1, dag_version_id=UUID('019f22aa-99fc-7c23-9e3d-13215a8888ad'), map_index=-1, hostname='d695e676442d', context_carrier={}, task=<Task(BashOperator): load_raw_data>, bundle_instance=LocalDagBundle(name=dags-folder), max_tries=3, start_date=datetime.datetime(2026, 7, 2, 12, 9, 56, 659979, tzinfo=datetime.timezone.utc), end_date=None, state=<TaskInstanceState.RUNNING: 'running'>, is_mapped=False, rendered_map_index=None)","logger":"task","filename":"task_runner.py","lineno":1352}
