{"timestamp":"2026-07-01T06:18:11.000877Z","level":"info","event":"DAG bundles loaded: dags-folder","logger":"airflow.dag_processing.bundles.manager.DagBundlesManager","filename":"manager.py","lineno":179}
{"timestamp":"2026-07-01T06:18:11.002552Z","level":"info","event":"Filling up the DagBag from /opt/airflow/dags/orchestration/master_pipeline.py","logger":"airflow.models.dagbag.DagBag","filename":"dagbag.py","lineno":593}
{"timestamp":"2026-07-01T06:18:11.058923Z","level":"warning","event":"The `airflow.operators.empty.EmptyOperator` attribute is deprecated. Please use `'airflow.providers.standard.operators.empty.EmptyOperator'`.","category":"DeprecatedImportWarning","filename":"/opt/airflow/dags/orchestration/master_pipeline.py","lineno":4,"logger":"py.warnings"}
{"timestamp":"2026-07-01T06:18:11.059942Z","level":"warning","event":"The `airflow.operators.bash.BashOperator` attribute is deprecated. Please use `'airflow.providers.standard.operators.bash.BashOperator'`.","category":"DeprecatedImportWarning","filename":"/opt/airflow/dags/orchestration/master_pipeline.py","lineno":5,"logger":"py.warnings"}
{"timestamp":"2026-07-01T06:18:11.060132Z","level":"warning","event":"The `airflow.operators.trigger_dagrun.TriggerDagRunOperator` attribute is deprecated. Please use `'airflow.providers.standard.operators.trigger_dagrun.TriggerDagRunOperator'`.","category":"DeprecatedImportWarning","filename":"/opt/airflow/dags/orchestration/master_pipeline.py","lineno":6,"logger":"py.warnings"}
{"timestamp":"2026-07-01T06:18:11.101197Z","level":"info","event":"Tmp dir root location: /tmp","logger":"airflow.task.hooks.airflow.providers.standard.hooks.subprocess.SubprocessHook","filename":"subprocess.py","lineno":78}
{"timestamp":"2026-07-01T06:18:11.104823Z","level":"info","event":"Running command: ['/usr/bin/bash', '-c', '\\n        python /opt/project/phase9/scripts/run_dbt_models.py\\n        ']","logger":"airflow.task.hooks.airflow.providers.standard.hooks.subprocess.SubprocessHook","filename":"subprocess.py","lineno":88}
{"timestamp":"2026-07-01T06:18:11.112478Z","level":"info","event":"Output:","logger":"airflow.task.hooks.airflow.providers.standard.hooks.subprocess.SubprocessHook","filename":"subprocess.py","lineno":99}
{"timestamp":"2026-07-01T06:18:13.593473Z","level":"info","event":"\u001b[0m06:18:13  Running with dbt=1.11.11","logger":"airflow.task.hooks.airflow.providers.standard.hooks.subprocess.SubprocessHook","filename":"subprocess.py","lineno":106}
{"timestamp":"2026-07-01T06:18:13.614850Z","level":"info","event":"\u001b[0m06:18:13  dbt version: 1.11.11","logger":"airflow.task.hooks.airflow.providers.standard.hooks.subprocess.SubprocessHook","filename":"subprocess.py","lineno":106}
{"timestamp":"2026-07-01T06:18:13.615255Z","level":"info","event":"\u001b[0m06:18:13  python version: 3.12.11","logger":"airflow.task.hooks.airflow.providers.standard.hooks.subprocess.SubprocessHook","filename":"subprocess.py","lineno":106}
{"timestamp":"2026-07-01T06:18:13.615620Z","level":"info","event":"\u001b[0m06:18:13  python path: /usr/python/bin/python3.12","logger":"airflow.task.hooks.airflow.providers.standard.hooks.subprocess.SubprocessHook","filename":"subprocess.py","lineno":106}
{"timestamp":"2026-07-01T06:18:13.615783Z","level":"info","event":"\u001b[0m06:18:13  os info: Linux-6.12.76-linuxkit-aarch64-with-glibc2.36","logger":"airflow.task.hooks.airflow.providers.standard.hooks.subprocess.SubprocessHook","filename":"subprocess.py","lineno":106}
{"timestamp":"2026-07-01T06:18:14.553997Z","level":"info","event":"\u001b[0m06:18:14  Using profiles dir at /home/airflow/.dbt","logger":"airflow.task.hooks.airflow.providers.standard.hooks.subprocess.SubprocessHook","filename":"subprocess.py","lineno":106}
{"timestamp":"2026-07-01T06:18:14.555007Z","level":"info","event":"\u001b[0m06:18:14  Using profiles.yml file at /home/airflow/.dbt/profiles.yml","logger":"airflow.task.hooks.airflow.providers.standard.hooks.subprocess.SubprocessHook","filename":"subprocess.py","lineno":106}
{"timestamp":"2026-07-01T06:18:14.555120Z","level":"info","event":"\u001b[0m06:18:14  Using dbt_project.yml file at /opt/project/phase8/dbt/uk_housing_dbt/dbt_project.yml","logger":"airflow.task.hooks.airflow.providers.standard.hooks.subprocess.SubprocessHook","filename":"subprocess.py","lineno":106}
{"timestamp":"2026-07-01T06:18:14.555224Z","level":"info","event":"\u001b[0m06:18:14  adapter type: snowflake","logger":"airflow.task.hooks.airflow.providers.standard.hooks.subprocess.SubprocessHook","filename":"subprocess.py","lineno":106}
{"timestamp":"2026-07-01T06:18:14.555255Z","level":"info","event":"\u001b[0m06:18:14  adapter version: 1.10.5","logger":"airflow.task.hooks.airflow.providers.standard.hooks.subprocess.SubprocessHook","filename":"subprocess.py","lineno":106}
{"timestamp":"2026-07-01T06:18:14.661230Z","level":"info","event":"\u001b[0m06:18:14  Configuration:","logger":"airflow.task.hooks.airflow.providers.standard.hooks.subprocess.SubprocessHook","filename":"subprocess.py","lineno":106}
{"timestamp":"2026-07-01T06:18:14.661968Z","level":"info","event":"\u001b[0m06:18:14    profiles.yml file [\u001b[32mOK found and valid\u001b[0m]","logger":"airflow.task.hooks.airflow.providers.standard.hooks.subprocess.SubprocessHook","filename":"subprocess.py","lineno":106}
{"timestamp":"2026-07-01T06:18:14.662533Z","level":"info","event":"\u001b[0m06:18:14    dbt_project.yml file [\u001b[32mOK found and valid\u001b[0m]","logger":"airflow.task.hooks.airflow.providers.standard.hooks.subprocess.SubprocessHook","filename":"subprocess.py","lineno":106}
{"timestamp":"2026-07-01T06:18:14.663133Z","level":"info","event":"\u001b[0m06:18:14  Required dependencies:","logger":"airflow.task.hooks.airflow.providers.standard.hooks.subprocess.SubprocessHook","filename":"subprocess.py","lineno":106}
{"timestamp":"2026-07-01T06:18:14.686423Z","level":"info","event":"\u001b[0m06:18:14   - git [\u001b[32mOK found\u001b[0m]","logger":"airflow.task.hooks.airflow.providers.standard.hooks.subprocess.SubprocessHook","filename":"subprocess.py","lineno":106}
{"timestamp":"2026-07-01T06:18:14.686538Z","level":"info","event":"","logger":"airflow.task.hooks.airflow.providers.standard.hooks.subprocess.SubprocessHook","filename":"subprocess.py","lineno":106}
{"timestamp":"2026-07-01T06:18:14.686845Z","level":"info","event":"\u001b[0m06:18:14  Connection:","logger":"airflow.task.hooks.airflow.providers.standard.hooks.subprocess.SubprocessHook","filename":"subprocess.py","lineno":106}
{"timestamp":"2026-07-01T06:18:14.687157Z","level":"info","event":"\u001b[0m06:18:14    account: UGLGPMY-FW39691","logger":"airflow.task.hooks.airflow.providers.standard.hooks.subprocess.SubprocessHook","filename":"subprocess.py","lineno":106}
{"timestamp":"2026-07-01T06:18:14.687473Z","level":"info","event":"\u001b[0m06:18:14    user: BIBHRAJSAHA","logger":"airflow.task.hooks.airflow.providers.standard.hooks.subprocess.SubprocessHook","filename":"subprocess.py","lineno":106}
{"timestamp":"2026-07-01T06:18:14.687736Z","level":"info","event":"\u001b[0m06:18:14    database: UK_HOUSING_DW","logger":"airflow.task.hooks.airflow.providers.standard.hooks.subprocess.SubprocessHook","filename":"subprocess.py","lineno":106}
{"timestamp":"2026-07-01T06:18:14.687988Z","level":"info","event":"\u001b[0m06:18:14    warehouse: COMPUTE_WH","logger":"airflow.task.hooks.airflow.providers.standard.hooks.subprocess.SubprocessHook","filename":"subprocess.py","lineno":106}
{"timestamp":"2026-07-01T06:18:14.688233Z","level":"info","event":"\u001b[0m06:18:14    role: ACCOUNTADMIN","logger":"airflow.task.hooks.airflow.providers.standard.hooks.subprocess.SubprocessHook","filename":"subprocess.py","lineno":106}
{"timestamp":"2026-07-01T06:18:14.688611Z","level":"info","event":"\u001b[0m06:18:14    schema: STAGING","logger":"airflow.task.hooks.airflow.providers.standard.hooks.subprocess.SubprocessHook","filename":"subprocess.py","lineno":106}
{"timestamp":"2026-07-01T06:18:14.688973Z","level":"info","event":"\u001b[0m06:18:14    authenticator: None","logger":"airflow.task.hooks.airflow.providers.standard.hooks.subprocess.SubprocessHook","filename":"subprocess.py","lineno":106}
{"timestamp":"2026-07-01T06:18:14.689334Z","level":"info","event":"\u001b[0m06:18:14    oauth_client_id: None","logger":"airflow.task.hooks.airflow.providers.standard.hooks.subprocess.SubprocessHook","filename":"subprocess.py","lineno":106}
{"timestamp":"2026-07-01T06:18:14.689640Z","level":"info","event":"\u001b[0m06:18:14    query_tag: None","logger":"airflow.task.hooks.airflow.providers.standard.hooks.subprocess.SubprocessHook","filename":"subprocess.py","lineno":106}
{"timestamp":"2026-07-01T06:18:14.689870Z","level":"info","event":"\u001b[0m06:18:14    client_session_keep_alive: False","logger":"airflow.task.hooks.airflow.providers.standard.hooks.subprocess.SubprocessHook","filename":"subprocess.py","lineno":106}
{"timestamp":"2026-07-01T06:18:14.690116Z","level":"info","event":"\u001b[0m06:18:14    host: None","logger":"airflow.task.hooks.airflow.providers.standard.hooks.subprocess.SubprocessHook","filename":"subprocess.py","lineno":106}
{"timestamp":"2026-07-01T06:18:14.690372Z","level":"info","event":"\u001b[0m06:18:14    port: None","logger":"airflow.task.hooks.airflow.providers.standard.hooks.subprocess.SubprocessHook","filename":"subprocess.py","lineno":106}
{"timestamp":"2026-07-01T06:18:14.690702Z","level":"info","event":"\u001b[0m06:18:14    proxy_host: None","logger":"airflow.task.hooks.airflow.providers.standard.hooks.subprocess.SubprocessHook","filename":"subprocess.py","lineno":106}
{"timestamp":"2026-07-01T06:18:14.690896Z","level":"info","event":"\u001b[0m06:18:14    proxy_port: None","logger":"airflow.task.hooks.airflow.providers.standard.hooks.subprocess.SubprocessHook","filename":"subprocess.py","lineno":106}
{"timestamp":"2026-07-01T06:18:14.691223Z","level":"info","event":"\u001b[0m06:18:14    protocol: None","logger":"airflow.task.hooks.airflow.providers.standard.hooks.subprocess.SubprocessHook","filename":"subprocess.py","lineno":106}
{"timestamp":"2026-07-01T06:18:14.691548Z","level":"info","event":"\u001b[0m06:18:14    connect_retries: 1","logger":"airflow.task.hooks.airflow.providers.standard.hooks.subprocess.SubprocessHook","filename":"subprocess.py","lineno":106}
{"timestamp":"2026-07-01T06:18:14.691910Z","level":"info","event":"\u001b[0m06:18:14    connect_timeout: None","logger":"airflow.task.hooks.airflow.providers.standard.hooks.subprocess.SubprocessHook","filename":"subprocess.py","lineno":106}
{"timestamp":"2026-07-01T06:18:14.692352Z","level":"info","event":"\u001b[0m06:18:14    retry_on_database_errors: False","logger":"airflow.task.hooks.airflow.providers.standard.hooks.subprocess.SubprocessHook","filename":"subprocess.py","lineno":106}
{"timestamp":"2026-07-01T06:18:14.692790Z","level":"info","event":"\u001b[0m06:18:14    retry_all: False","logger":"airflow.task.hooks.airflow.providers.standard.hooks.subprocess.SubprocessHook","filename":"subprocess.py","lineno":106}
{"timestamp":"2026-07-01T06:18:14.693717Z","level":"info","event":"\u001b[0m06:18:14    insecure_mode: False","logger":"airflow.task.hooks.airflow.providers.standard.hooks.subprocess.SubprocessHook","filename":"subprocess.py","lineno":106}
{"timestamp":"2026-07-01T06:18:14.694847Z","level":"info","event":"\u001b[0m06:18:14    reuse_connections: True","logger":"airflow.task.hooks.airflow.providers.standard.hooks.subprocess.SubprocessHook","filename":"subprocess.py","lineno":106}
{"timestamp":"2026-07-01T06:18:14.695482Z","level":"info","event":"\u001b[0m06:18:14    s3_stage_vpce_dns_name: None","logger":"airflow.task.hooks.airflow.providers.standard.hooks.subprocess.SubprocessHook","filename":"subprocess.py","lineno":106}
{"timestamp":"2026-07-01T06:18:14.696469Z","level":"info","event":"\u001b[0m06:18:14    platform_detection_timeout_seconds: 0.0","logger":"airflow.task.hooks.airflow.providers.standard.hooks.subprocess.SubprocessHook","filename":"subprocess.py","lineno":106}
{"timestamp":"2026-07-01T06:18:14.697919Z","level":"info","event":"\u001b[0m06:18:14  Registered adapter: snowflake=1.10.5","logger":"airflow.task.hooks.airflow.providers.standard.hooks.subprocess.SubprocessHook","filename":"subprocess.py","lineno":106}
{"timestamp":"2026-07-01T06:18:16.131286Z","level":"info","event":"\u001b[0m06:18:16    Connection test: [\u001b[32mOK connection ok\u001b[0m]","logger":"airflow.task.hooks.airflow.providers.standard.hooks.subprocess.SubprocessHook","filename":"subprocess.py","lineno":106}
{"timestamp":"2026-07-01T06:18:16.132854Z","level":"info","event":"","logger":"airflow.task.hooks.airflow.providers.standard.hooks.subprocess.SubprocessHook","filename":"subprocess.py","lineno":106}
{"timestamp":"2026-07-01T06:18:16.132952Z","level":"info","event":"\u001b[0m06:18:16  \u001b[32mAll checks passed!\u001b[0m","logger":"airflow.task.hooks.airflow.providers.standard.hooks.subprocess.SubprocessHook","filename":"subprocess.py","lineno":106}
{"timestamp":"2026-07-01T06:18:19.432135Z","level":"info","event":"\u001b[0m06:18:19  Running with dbt=1.11.11","logger":"airflow.task.hooks.airflow.providers.standard.hooks.subprocess.SubprocessHook","filename":"subprocess.py","lineno":106}
{"timestamp":"2026-07-01T06:18:19.606078Z","level":"info","event":"\u001b[0m06:18:19  Warning: No packages were found in packages.yml","logger":"airflow.task.hooks.airflow.providers.standard.hooks.subprocess.SubprocessHook","filename":"subprocess.py","lineno":106}
{"timestamp":"2026-07-01T06:18:19.610192Z","level":"info","event":"\u001b[0m06:18:19  Warning: No packages were found in packages.yml","logger":"airflow.task.hooks.airflow.providers.standard.hooks.subprocess.SubprocessHook","filename":"subprocess.py","lineno":106}
{"timestamp":"2026-07-01T06:18:22.757886Z","level":"info","event":"\u001b[0m06:18:22  Running with dbt=1.11.11","logger":"airflow.task.hooks.airflow.providers.standard.hooks.subprocess.SubprocessHook","filename":"subprocess.py","lineno":106}
{"timestamp":"2026-07-01T06:18:23.308659Z","level":"info","event":"\u001b[0m06:18:23  Registered adapter: snowflake=1.10.5","logger":"airflow.task.hooks.airflow.providers.standard.hooks.subprocess.SubprocessHook","filename":"subprocess.py","lineno":106}
{"timestamp":"2026-07-01T06:18:23.658393Z","level":"info","event":"\u001b[0m06:18:23  Found 36 models, 51 data tests, 14 sources, 520 macros","logger":"airflow.task.hooks.airflow.providers.standard.hooks.subprocess.SubprocessHook","filename":"subprocess.py","lineno":106}
{"timestamp":"2026-07-01T06:18:23.663472Z","level":"info","event":"\u001b[0m06:18:23","logger":"airflow.task.hooks.airflow.providers.standard.hooks.subprocess.SubprocessHook","filename":"subprocess.py","lineno":106}
{"timestamp":"2026-07-01T06:18:23.663962Z","level":"info","event":"\u001b[0m06:18:23  Concurrency: 4 threads (target='dev')","logger":"airflow.task.hooks.airflow.providers.standard.hooks.subprocess.SubprocessHook","filename":"subprocess.py","lineno":106}
{"timestamp":"2026-07-01T06:18:23.664289Z","level":"info","event":"\u001b[0m06:18:23","logger":"airflow.task.hooks.airflow.providers.standard.hooks.subprocess.SubprocessHook","filename":"subprocess.py","lineno":106}
{"timestamp":"2026-07-01T06:18:25.550876Z","level":"info","event":"\u001b[0m06:18:25  1 of 87 START sql view model STAGING.stg_crime_scores .......................... [RUN]","logger":"airflow.task.hooks.airflow.providers.standard.hooks.subprocess.SubprocessHook","filename":"subprocess.py","lineno":106}
{"timestamp":"2026-07-01T06:18:25.552196Z","level":"info","event":"\u001b[0m06:18:25  2 of 87 START sql view model STAGING.stg_growth_scores ......................... [RUN]","logger":"airflow.task.hooks.airflow.providers.standard.hooks.subprocess.SubprocessHook","filename":"subprocess.py","lineno":106}
{"timestamp":"2026-07-01T06:18:25.552309Z","level":"info","event":"\u001b[0m06:18:25  3 of 87 START sql view model STAGING.stg_healthcare_intelligence ............... [RUN]","logger":"airflow.task.hooks.airflow.providers.standard.hooks.subprocess.SubprocessHook","filename":"subprocess.py","lineno":106}
{"timestamp":"2026-07-01T06:18:25.552666Z","level":"info","event":"\u001b[0m06:18:25  4 of 87 START sql view model STAGING.stg_historical_housing_trends ............. [RUN]","logger":"airflow.task.hooks.airflow.providers.standard.hooks.subprocess.SubprocessHook","filename":"subprocess.py","lineno":106}
{"timestamp":"2026-07-01T06:18:26.086108Z","level":"info","event":"\u001b[0m06:18:26  1 of 87 OK created sql view model STAGING.stg_crime_scores ..................... [\u001b[32mSUCCESS 1\u001b[0m in 0.51s]","logger":"airflow.task.hooks.airflow.providers.standard.hooks.subprocess.SubprocessHook","filename":"subprocess.py","lineno":106}
{"timestamp":"2026-07-01T06:18:26.107448Z","level":"info","event":"\u001b[0m06:18:26  2 of 87 OK created sql view model STAGING.stg_growth_scores .................... [\u001b[32mSUCCESS 1\u001b[0m in 0.55s]","logger":"airflow.task.hooks.airflow.providers.standard.hooks.subprocess.SubprocessHook","filename":"subprocess.py","lineno":106}
{"timestamp":"2026-07-01T06:18:26.107783Z","level":"info","event":"\u001b[0m06:18:26  3 of 87 OK created sql view model STAGING.stg_healthcare_intelligence .......... [\u001b[32mSUCCESS 1\u001b[0m in 0.55s]","logger":"airflow.task.hooks.airflow.providers.standard.hooks.subprocess.SubprocessHook","filename":"subprocess.py","lineno":106}
{"timestamp":"2026-07-01T06:18:26.108105Z","level":"info","event":"\u001b[0m06:18:26  5 of 87 START sql view model STAGING.stg_housing_intelligence .................. [RUN]","logger":"airflow.task.hooks.airflow.providers.standard.hooks.subprocess.SubprocessHook","filename":"subprocess.py","lineno":106}
{"timestamp":"2026-07-01T06:18:26.112327Z","level":"info","event":"\u001b[0m06:18:26  6 of 87 START sql view model STAGING.stg_investment_scores ..................... [RUN]","logger":"airflow.task.hooks.airflow.providers.standard.hooks.subprocess.SubprocessHook","filename":"subprocess.py","lineno":106}
{"timestamp":"2026-07-01T06:18:26.112683Z","level":"info","event":"\u001b[0m06:18:26  7 of 87 START sql view model STAGING.stg_local_authority_trends ................ [RUN]","logger":"airflow.task.hooks.airflow.providers.standard.hooks.subprocess.SubprocessHook","filename":"subprocess.py","lineno":106}
{"timestamp":"2026-07-01T06:18:26.115370Z","level":"info","event":"\u001b[0m06:18:26  4 of 87 OK created sql view model STAGING.stg_historical_housing_trends ........ [\u001b[32mSUCCESS 1\u001b[0m in 0.56s]","logger":"airflow.task.hooks.airflow.providers.standard.hooks.subprocess.SubprocessHook","filename":"subprocess.py","lineno":106}
{"timestamp":"2026-07-01T06:18:26.121891Z","level":"info","event":"\u001b[0m06:18:26  8 of 87 START sql view model STAGING.stg_location_intelligence ................. [RUN]","logger":"airflow.task.hooks.airflow.providers.standard.hooks.subprocess.SubprocessHook","filename":"subprocess.py","lineno":106}
{"timestamp":"2026-07-01T06:18:26.549411Z","level":"info","event":"\u001b[0m06:18:26  8 of 87 OK created sql view model STAGING.stg_location_intelligence ............ [\u001b[32mSUCCESS 1\u001b[0m in 0.42s]","logger":"airflow.task.hooks.airflow.providers.standard.hooks.subprocess.SubprocessHook","filename":"subprocess.py","lineno":106}
{"timestamp":"2026-07-01T06:18:26.556173Z","level":"info","event":"\u001b[0m06:18:26  5 of 87 OK created sql view model STAGING.stg_housing_intelligence ............. [\u001b[32mSUCCESS 1\u001b[0m in 0.44s]","logger":"airflow.task.hooks.airflow.providers.standard.hooks.subprocess.SubprocessHook","filename":"subprocess.py","lineno":106}
{"timestamp":"2026-07-01T06:18:26.556711Z","level":"info","event":"\u001b[0m06:18:26  6 of 87 OK created sql view model STAGING.stg_investment_scores ................ [\u001b[32mSUCCESS 1\u001b[0m in 0.44s]","logger":"airflow.task.hooks.airflow.providers.standard.hooks.subprocess.SubprocessHook","filename":"subprocess.py","lineno":106}
{"timestamp":"2026-07-01T06:18:26.557674Z","level":"info","event":"\u001b[0m06:18:26  7 of 87 OK created sql view model STAGING.stg_local_authority_trends ........... [\u001b[32mSUCCESS 1\u001b[0m in 0.44s]","logger":"airflow.task.hooks.airflow.providers.standard.hooks.subprocess.SubprocessHook","filename":"subprocess.py","lineno":106}
{"timestamp":"2026-07-01T06:18:26.559138Z","level":"info","event":"\u001b[0m06:18:26  9 of 87 START sql view model STAGING.stg_opportunity_explorer .................. [RUN]","logger":"airflow.task.hooks.airflow.providers.standard.hooks.subprocess.SubprocessHook","filename":"subprocess.py","lineno":106}
{"timestamp":"2026-07-01T06:18:26.561466Z","level":"info","event":"\u001b[0m06:18:26  10 of 87 START sql view model STAGING.stg_rankings ............................. [RUN]","logger":"airflow.task.hooks.airflow.providers.standard.hooks.subprocess.SubprocessHook","filename":"subprocess.py","lineno":106}
{"timestamp":"2026-07-01T06:18:26.561894Z","level":"info","event":"\u001b[0m06:18:26  11 of 87 START sql view model STAGING.stg_regional_housing_trends .............. [RUN]","logger":"airflow.task.hooks.airflow.providers.standard.hooks.subprocess.SubprocessHook","filename":"subprocess.py","lineno":106}
{"timestamp":"2026-07-01T06:18:26.562597Z","level":"info","event":"\u001b[0m06:18:26  12 of 87 START sql view model STAGING.stg_regional_intelligence ................ [RUN]","logger":"airflow.task.hooks.airflow.providers.standard.hooks.subprocess.SubprocessHook","filename":"subprocess.py","lineno":106}
{"timestamp":"2026-07-01T06:18:26.943659Z","level":"info","event":"\u001b[0m06:18:26  9 of 87 OK created sql view model STAGING.stg_opportunity_explorer ............. [\u001b[32mSUCCESS 1\u001b[0m in 0.38s]","logger":"airflow.task.hooks.airflow.providers.standard.hooks.subprocess.SubprocessHook","filename":"subprocess.py","lineno":106}
{"timestamp":"2026-07-01T06:18:26.947484Z","level":"info","event":"\u001b[0m06:18:26  13 of 87 START sql view model STAGING.stg_school_intelligence .................. [RUN]","logger":"airflow.task.hooks.airflow.providers.standard.hooks.subprocess.SubprocessHook","filename":"subprocess.py","lineno":106}
{"timestamp":"2026-07-01T06:18:26.962685Z","level":"info","event":"\u001b[0m06:18:26  10 of 87 OK created sql view model STAGING.stg_rankings ........................ [\u001b[32mSUCCESS 1\u001b[0m in 0.40s]","logger":"airflow.task.hooks.airflow.providers.standard.hooks.subprocess.SubprocessHook","filename":"subprocess.py","lineno":106}
{"timestamp":"2026-07-01T06:18:26.963393Z","level":"info","event":"\u001b[0m06:18:26  12 of 87 OK created sql view model STAGING.stg_regional_intelligence ........... [\u001b[32mSUCCESS 1\u001b[0m in 0.40s]","logger":"airflow.task.hooks.airflow.providers.standard.hooks.subprocess.SubprocessHook","filename":"subprocess.py","lineno":106}
{"timestamp":"2026-07-01T06:18:26.968527Z","level":"info","event":"\u001b[0m06:18:26  14 of 87 START sql view model STAGING.stg_transport_intelligence ............... [RUN]","logger":"airflow.task.hooks.airflow.providers.standard.hooks.subprocess.SubprocessHook","filename":"subprocess.py","lineno":106}
{"timestamp":"2026-07-01T06:18:26.968992Z","level":"info","event":"\u001b[0m06:18:26  15 of 87 START sql table model dimensions.dim_date ............................. [RUN]","logger":"airflow.task.hooks.airflow.providers.standard.hooks.subprocess.SubprocessHook","filename":"subprocess.py","lineno":106}
{"timestamp":"2026-07-01T06:18:27.051275Z","level":"info","event":"\u001b[0m06:18:27  11 of 87 OK created sql view model STAGING.stg_regional_housing_trends ......... [\u001b[32mSUCCESS 1\u001b[0m in 0.49s]","logger":"airflow.task.hooks.airflow.providers.standard.hooks.subprocess.SubprocessHook","filename":"subprocess.py","lineno":106}
{"timestamp":"2026-07-01T06:18:27.052733Z","level":"info","event":"\u001b[0m06:18:27  16 of 87 START sql view model intermediate.int_housing_trends .................. [RUN]","logger":"airflow.task.hooks.airflow.providers.standard.hooks.subprocess.SubprocessHook","filename":"subprocess.py","lineno":106}
{"timestamp":"2026-07-01T06:18:27.442564Z","level":"info","event":"\u001b[0m06:18:27  13 of 87 OK created sql view model STAGING.stg_school_intelligence ............. [\u001b[32mSUCCESS 1\u001b[0m in 0.49s]","logger":"airflow.task.hooks.airflow.providers.standard.hooks.subprocess.SubprocessHook","filename":"subprocess.py","lineno":106}
{"timestamp":"2026-07-01T06:18:27.445855Z","level":"info","event":"\u001b[0m06:18:27  17 of 87 START sql table model dimensions.dim_country .......................... [RUN]","logger":"airflow.task.hooks.airflow.providers.standard.hooks.subprocess.SubprocessHook","filename":"subprocess.py","lineno":106}
{"timestamp":"2026-07-01T06:18:27.472149Z","level":"info","event":"\u001b[0m06:18:27  14 of 87 OK created sql view model STAGING.stg_transport_intelligence .......... [\u001b[32mSUCCESS 1\u001b[0m in 0.50s]","logger":"airflow.task.hooks.airflow.providers.standard.hooks.subprocess.SubprocessHook","filename":"subprocess.py","lineno":106}
{"timestamp":"2026-07-01T06:18:27.473577Z","level":"info","event":"\u001b[0m06:18:27  18 of 87 START sql table model dimensions.dim_local_authority .................. [RUN]","logger":"airflow.task.hooks.airflow.providers.standard.hooks.subprocess.SubprocessHook","filename":"subprocess.py","lineno":106}
{"timestamp":"2026-07-01T06:18:27.603616Z","level":"info","event":"\u001b[0m06:18:27  16 of 87 OK created sql view model intermediate.int_housing_trends ............. [\u001b[32mSUCCESS 1\u001b[0m in 0.55s]","logger":"airflow.task.hooks.airflow.providers.standard.hooks.subprocess.SubprocessHook","filename":"subprocess.py","lineno":106}
{"timestamp":"2026-07-01T06:18:27.606145Z","level":"info","event":"\u001b[0m06:18:27  19 of 87 START sql table model dimensions.dim_location ......................... [RUN]","logger":"airflow.task.hooks.airflow.providers.standard.hooks.subprocess.SubprocessHook","filename":"subprocess.py","lineno":106}
{"timestamp":"2026-07-01T06:18:28.183632Z","level":"info","event":"\u001b[0m06:18:28  15 of 87 OK created sql table model dimensions.dim_date ........................ [\u001b[32mSUCCESS 1\u001b[0m in 1.21s]","logger":"airflow.task.hooks.airflow.providers.standard.hooks.subprocess.SubprocessHook","filename":"subprocess.py","lineno":106}
{"timestamp":"2026-07-01T06:18:28.186438Z","level":"info","event":"\u001b[0m06:18:28  20 of 87 START sql table model dimensions.dim_region ........................... [RUN]","logger":"airflow.task.hooks.airflow.providers.standard.hooks.subprocess.SubprocessHook","filename":"subprocess.py","lineno":106}
{"timestamp":"2026-07-01T06:18:28.624853Z","level":"info","event":"\u001b[0m06:18:28  17 of 87 OK created sql table model dimensions.dim_country ..................... [\u001b[32mSUCCESS 1\u001b[0m in 1.18s]","logger":"airflow.task.hooks.airflow.providers.standard.hooks.subprocess.SubprocessHook","filename":"subprocess.py","lineno":106}
{"timestamp":"2026-07-01T06:18:28.627785Z","level":"info","event":"\u001b[0m06:18:28  21 of 87 START sql view model intermediate.int_housing_scores .................. [RUN]","logger":"airflow.task.hooks.airflow.providers.standard.hooks.subprocess.SubprocessHook","filename":"subprocess.py","lineno":106}
{"timestamp":"2026-07-01T06:18:28.658927Z","level":"info","event":"\u001b[0m06:18:28  18 of 87 OK created sql table model dimensions.dim_local_authority ............. [\u001b[32mSUCCESS 1\u001b[0m in 1.18s]","logger":"airflow.task.hooks.airflow.providers.standard.hooks.subprocess.SubprocessHook","filename":"subprocess.py","lineno":106}
{"timestamp":"2026-07-01T06:18:28.660418Z","level":"info","event":"\u001b[0m06:18:28  22 of 87 START sql view model intermediate.int_local_authority_trends .......... [RUN]","logger":"airflow.task.hooks.airflow.providers.standard.hooks.subprocess.SubprocessHook","filename":"subprocess.py","lineno":106}
{"timestamp":"2026-07-01T06:18:28.705007Z","level":"info","event":"\u001b[0m06:18:28  19 of 87 OK created sql table model dimensions.dim_location .................... [\u001b[32mSUCCESS 1\u001b[0m in 1.10s]","logger":"airflow.task.hooks.airflow.providers.standard.hooks.subprocess.SubprocessHook","filename":"subprocess.py","lineno":106}
{"timestamp":"2026-07-01T06:18:28.706094Z","level":"info","event":"\u001b[0m06:18:28  23 of 87 START sql view model intermediate.int_regional_trends ................. [RUN]","logger":"airflow.task.hooks.airflow.providers.standard.hooks.subprocess.SubprocessHook","filename":"subprocess.py","lineno":106}
{"timestamp":"2026-07-01T06:18:29.042921Z","level":"info","event":"\u001b[0m06:18:29  21 of 87 OK created sql view model intermediate.int_housing_scores ............. [\u001b[32mSUCCESS 1\u001b[0m in 0.41s]","logger":"airflow.task.hooks.airflow.providers.standard.hooks.subprocess.SubprocessHook","filename":"subprocess.py","lineno":106}
{"timestamp":"2026-07-01T06:18:29.044074Z","level":"info","event":"\u001b[0m06:18:29  24 of 87 START test not_null_dim_date_date_key ................................. [RUN]","logger":"airflow.task.hooks.airflow.providers.standard.hooks.subprocess.SubprocessHook","filename":"subprocess.py","lineno":106}
{"timestamp":"2026-07-01T06:18:29.067731Z","level":"info","event":"\u001b[0m06:18:29  20 of 87 OK created sql table model dimensions.dim_region ...................... [\u001b[32mSUCCESS 1\u001b[0m in 0.88s]","logger":"airflow.task.hooks.airflow.providers.standard.hooks.subprocess.SubprocessHook","filename":"subprocess.py","lineno":106}
{"timestamp":"2026-07-01T06:18:29.072027Z","level":"info","event":"\u001b[0m06:18:29  25 of 87 START test not_null_dim_date_month .................................... [RUN]","logger":"airflow.task.hooks.airflow.providers.standard.hooks.subprocess.SubprocessHook","filename":"subprocess.py","lineno":106}
{"timestamp":"2026-07-01T06:18:29.104245Z","level":"info","event":"\u001b[0m06:18:29  22 of 87 OK created sql view model intermediate.int_local_authority_trends ..... [\u001b[32mSUCCESS 1\u001b[0m in 0.44s]","logger":"airflow.task.hooks.airflow.providers.standard.hooks.subprocess.SubprocessHook","filename":"subprocess.py","lineno":106}
{"timestamp":"2026-07-01T06:18:29.108084Z","level":"info","event":"\u001b[0m06:18:29  26 of 87 START test not_null_dim_date_year ..................................... [RUN]","logger":"airflow.task.hooks.airflow.providers.standard.hooks.subprocess.SubprocessHook","filename":"subprocess.py","lineno":106}
{"timestamp":"2026-07-01T06:18:29.124636Z","level":"info","event":"\u001b[0m06:18:29  23 of 87 OK created sql view model intermediate.int_regional_trends ............ [\u001b[32mSUCCESS 1\u001b[0m in 0.42s]","logger":"airflow.task.hooks.airflow.providers.standard.hooks.subprocess.SubprocessHook","filename":"subprocess.py","lineno":106}
{"timestamp":"2026-07-01T06:18:29.125490Z","level":"info","event":"\u001b[0m06:18:29  27 of 87 START test unique_dim_date_date_key ................................... [RUN]","logger":"airflow.task.hooks.airflow.providers.standard.hooks.subprocess.SubprocessHook","filename":"subprocess.py","lineno":106}
{"timestamp":"2026-07-01T06:18:29.407128Z","level":"info","event":"\u001b[0m06:18:29  25 of 87 PASS not_null_dim_date_month .......................................... [\u001b[32mPASS\u001b[0m in 0.33s]","logger":"airflow.task.hooks.airflow.providers.standard.hooks.subprocess.SubprocessHook","filename":"subprocess.py","lineno":106}
{"timestamp":"2026-07-01T06:18:29.409623Z","level":"info","event":"\u001b[0m06:18:29  28 of 87 START test not_null_dim_country_country ............................... [RUN]","logger":"airflow.task.hooks.airflow.providers.standard.hooks.subprocess.SubprocessHook","filename":"subprocess.py","lineno":106}
{"timestamp":"2026-07-01T06:18:29.411038Z","level":"info","event":"\u001b[0m06:18:29  27 of 87 PASS unique_dim_date_date_key ......................................... [\u001b[32mPASS\u001b[0m in 0.29s]","logger":"airflow.task.hooks.airflow.providers.standard.hooks.subprocess.SubprocessHook","filename":"subprocess.py","lineno":106}
{"timestamp":"2026-07-01T06:18:29.413366Z","level":"info","event":"\u001b[0m06:18:29  26 of 87 PASS not_null_dim_date_year ........................................... [\u001b[32mPASS\u001b[0m in 0.30s]","logger":"airflow.task.hooks.airflow.providers.standard.hooks.subprocess.SubprocessHook","filename":"subprocess.py","lineno":106}
{"timestamp":"2026-07-01T06:18:29.417464Z","level":"info","event":"\u001b[0m06:18:29  29 of 87 START test not_null_dim_country_country_key ........................... [RUN]","logger":"airflow.task.hooks.airflow.providers.standard.hooks.subprocess.SubprocessHook","filename":"subprocess.py","lineno":106}
{"timestamp":"2026-07-01T06:18:29.418600Z","level":"info","event":"\u001b[0m06:18:29  30 of 87 START test unique_dim_country_country ................................. [RUN]","logger":"airflow.task.hooks.airflow.providers.standard.hooks.subprocess.SubprocessHook","filename":"subprocess.py","lineno":106}
{"timestamp":"2026-07-01T06:18:29.430843Z","level":"info","event":"\u001b[0m06:18:29  24 of 87 PASS not_null_dim_date_date_key ....................................... [\u001b[32mPASS\u001b[0m in 0.38s]","logger":"airflow.task.hooks.airflow.providers.standard.hooks.subprocess.SubprocessHook","filename":"subprocess.py","lineno":106}
{"timestamp":"2026-07-01T06:18:29.436742Z","level":"info","event":"\u001b[0m06:18:29  31 of 87 START test unique_dim_country_country_key ............................. [RUN]","logger":"airflow.task.hooks.airflow.providers.standard.hooks.subprocess.SubprocessHook","filename":"subprocess.py","lineno":106}
{"timestamp":"2026-07-01T06:18:29.704547Z","level":"info","event":"\u001b[0m06:18:29  29 of 87 PASS not_null_dim_country_country_key ................................. [\u001b[32mPASS\u001b[0m in 0.29s]","logger":"airflow.task.hooks.airflow.providers.standard.hooks.subprocess.SubprocessHook","filename":"subprocess.py","lineno":106}
{"timestamp":"2026-07-01T06:18:29.705860Z","level":"info","event":"\u001b[0m06:18:29  28 of 87 PASS not_null_dim_country_country ..................................... [\u001b[32mPASS\u001b[0m in 0.29s]","logger":"airflow.task.hooks.airflow.providers.standard.hooks.subprocess.SubprocessHook","filename":"subprocess.py","lineno":106}
{"timestamp":"2026-07-01T06:18:29.707564Z","level":"info","event":"\u001b[0m06:18:29  32 of 87 START test not_null_dim_local_authority_lad_code ...................... [RUN]","logger":"airflow.task.hooks.airflow.providers.standard.hooks.subprocess.SubprocessHook","filename":"subprocess.py","lineno":106}
{"timestamp":"2026-07-01T06:18:29.707896Z","level":"info","event":"\u001b[0m06:18:29  33 of 87 START test not_null_dim_local_authority_local_authority_key ........... [RUN]","logger":"airflow.task.hooks.airflow.providers.standard.hooks.subprocess.SubprocessHook","filename":"subprocess.py","lineno":106}
{"timestamp":"2026-07-01T06:18:29.762579Z","level":"info","event":"\u001b[0m06:18:29  31 of 87 PASS unique_dim_country_country_key ................................... [\u001b[32mPASS\u001b[0m in 0.32s]","logger":"airflow.task.hooks.airflow.providers.standard.hooks.subprocess.SubprocessHook","filename":"subprocess.py","lineno":106}
{"timestamp":"2026-07-01T06:18:29.763624Z","level":"info","event":"\u001b[0m06:18:29  34 of 87 START test unique_dim_local_authority_lad_code ........................ [RUN]","logger":"airflow.task.hooks.airflow.providers.standard.hooks.subprocess.SubprocessHook","filename":"subprocess.py","lineno":106}
{"timestamp":"2026-07-01T06:18:29.769939Z","level":"info","event":"\u001b[0m06:18:29  30 of 87 PASS unique_dim_country_country ....................................... [\u001b[32mPASS\u001b[0m in 0.35s]","logger":"airflow.task.hooks.airflow.providers.standard.hooks.subprocess.SubprocessHook","filename":"subprocess.py","lineno":106}
{"timestamp":"2026-07-01T06:18:29.774072Z","level":"info","event":"\u001b[0m06:18:29  35 of 87 START test unique_dim_local_authority_local_authority_key ............. [RUN]","logger":"airflow.task.hooks.airflow.providers.standard.hooks.subprocess.SubprocessHook","filename":"subprocess.py","lineno":106}
{"timestamp":"2026-07-01T06:18:29.981817Z","level":"info","event":"\u001b[0m06:18:29  33 of 87 PASS not_null_dim_local_authority_local_authority_key ................. [\u001b[32mPASS\u001b[0m in 0.27s]","logger":"airflow.task.hooks.airflow.providers.standard.hooks.subprocess.SubprocessHook","filename":"subprocess.py","lineno":106}
{"timestamp":"2026-07-01T06:18:29.982999Z","level":"info","event":"\u001b[0m06:18:29  36 of 87 START test not_null_dim_location_location_key ......................... [RUN]","logger":"airflow.task.hooks.airflow.providers.standard.hooks.subprocess.SubprocessHook","filename":"subprocess.py","lineno":106}
{"timestamp":"2026-07-01T06:18:30.048283Z","level":"info","event":"\u001b[0m06:18:30  34 of 87 PASS unique_dim_local_authority_lad_code .............................. [\u001b[32mPASS\u001b[0m in 0.28s]","logger":"airflow.task.hooks.airflow.providers.standard.hooks.subprocess.SubprocessHook","filename":"subprocess.py","lineno":106}
{"timestamp":"2026-07-01T06:18:30.049370Z","level":"info","event":"\u001b[0m06:18:30  32 of 87 PASS not_null_dim_local_authority_lad_code ............................ [\u001b[32mPASS\u001b[0m in 0.34s]","logger":"airflow.task.hooks.airflow.providers.standard.hooks.subprocess.SubprocessHook","filename":"subprocess.py","lineno":106}
{"timestamp":"2026-07-01T06:18:30.051220Z","level":"info","event":"\u001b[0m06:18:30  37 of 87 START test not_null_dim_location_lsoa_code ............................ [RUN]","logger":"airflow.task.hooks.airflow.providers.standard.hooks.subprocess.SubprocessHook","filename":"subprocess.py","lineno":106}
{"timestamp":"2026-07-01T06:18:30.051578Z","level":"info","event":"\u001b[0m06:18:30  38 of 87 START test unique_dim_location_location_key ........................... [RUN]","logger":"airflow.task.hooks.airflow.providers.standard.hooks.subprocess.SubprocessHook","filename":"subprocess.py","lineno":106}
{"timestamp":"2026-07-01T06:18:30.089851Z","level":"info","event":"\u001b[0m06:18:30  35 of 87 PASS unique_dim_local_authority_local_authority_key ................... [\u001b[32mPASS\u001b[0m in 0.32s]","logger":"airflow.task.hooks.airflow.providers.standard.hooks.subprocess.SubprocessHook","filename":"subprocess.py","lineno":106}
{"timestamp":"2026-07-01T06:18:30.090775Z","level":"info","event":"\u001b[0m06:18:30  39 of 87 START test unique_dim_location_lsoa_code .............................. [RUN]","logger":"airflow.task.hooks.airflow.providers.standard.hooks.subprocess.SubprocessHook","filename":"subprocess.py","lineno":106}
{"timestamp":"2026-07-01T06:18:30.293401Z","level":"info","event":"\u001b[0m06:18:30  36 of 87 PASS not_null_dim_location_location_key ............................... [\u001b[32mPASS\u001b[0m in 0.31s]","logger":"airflow.task.hooks.airflow.providers.standard.hooks.subprocess.SubprocessHook","filename":"subprocess.py","lineno":106}
{"timestamp":"2026-07-01T06:18:30.294474Z","level":"info","event":"\u001b[0m06:18:30  40 of 87 START test not_null_dim_region_region ................................. [RUN]","logger":"airflow.task.hooks.airflow.providers.standard.hooks.subprocess.SubprocessHook","filename":"subprocess.py","lineno":106}
{"timestamp":"2026-07-01T06:18:30.339751Z","level":"info","event":"\u001b[0m06:18:30  37 of 87 PASS not_null_dim_location_lsoa_code .................................. [\u001b[32mPASS\u001b[0m in 0.29s]","logger":"airflow.task.hooks.airflow.providers.standard.hooks.subprocess.SubprocessHook","filename":"subprocess.py","lineno":106}
{"timestamp":"2026-07-01T06:18:30.340772Z","level":"info","event":"\u001b[0m06:18:30  41 of 87 START test not_null_dim_region_region_key ............................. [RUN]","logger":"airflow.task.hooks.airflow.providers.standard.hooks.subprocess.SubprocessHook","filename":"subprocess.py","lineno":106}
{"timestamp":"2026-07-01T06:18:30.382410Z","level":"info","event":"\u001b[0m06:18:30  39 of 87 PASS unique_dim_location_lsoa_code .................................... [\u001b[32mPASS\u001b[0m in 0.29s]","logger":"airflow.task.hooks.airflow.providers.standard.hooks.subprocess.SubprocessHook","filename":"subprocess.py","lineno":106}
{"timestamp":"2026-07-01T06:18:30.384107Z","level":"info","event":"\u001b[0m06:18:30  38 of 87 PASS unique_dim_location_location_key ................................. [\u001b[32mPASS\u001b[0m in 0.33s]","logger":"airflow.task.hooks.airflow.providers.standard.hooks.subprocess.SubprocessHook","filename":"subprocess.py","lineno":106}
{"timestamp":"2026-07-01T06:18:30.386517Z","level":"info","event":"\u001b[0m06:18:30  42 of 87 START test unique_dim_region_region ................................... [RUN]","logger":"airflow.task.hooks.airflow.providers.standard.hooks.subprocess.SubprocessHook","filename":"subprocess.py","lineno":106}
{"timestamp":"2026-07-01T06:18:30.387134Z","level":"info","event":"\u001b[0m06:18:30  43 of 87 START test unique_dim_region_region_key ............................... [RUN]","logger":"airflow.task.hooks.airflow.providers.standard.hooks.subprocess.SubprocessHook","filename":"subprocess.py","lineno":106}
{"timestamp":"2026-07-01T06:18:30.584014Z","level":"info","event":"\u001b[0m06:18:30  40 of 87 PASS not_null_dim_region_region ....................................... [\u001b[32mPASS\u001b[0m in 0.29s]","logger":"airflow.task.hooks.airflow.providers.standard.hooks.subprocess.SubprocessHook","filename":"subprocess.py","lineno":106}
{"timestamp":"2026-07-01T06:18:30.668348Z","level":"info","event":"\u001b[0m06:18:30  41 of 87 PASS not_null_dim_region_region_key ................................... [\u001b[32mPASS\u001b[0m in 0.33s]","logger":"airflow.task.hooks.airflow.providers.standard.hooks.subprocess.SubprocessHook","filename":"subprocess.py","lineno":106}
{"timestamp":"2026-07-01T06:18:30.722275Z","level":"info","event":"\u001b[0m06:18:30  43 of 87 PASS unique_dim_region_region_key ..................................... [\u001b[32mPASS\u001b[0m in 0.33s]","logger":"airflow.task.hooks.airflow.providers.standard.hooks.subprocess.SubprocessHook","filename":"subprocess.py","lineno":106}
{"timestamp":"2026-07-01T06:18:30.723697Z","level":"info","event":"\u001b[0m06:18:30  42 of 87 PASS unique_dim_region_region ......................................... [\u001b[32mPASS\u001b[0m in 0.34s]","logger":"airflow.task.hooks.airflow.providers.standard.hooks.subprocess.SubprocessHook","filename":"subprocess.py","lineno":106}
{"timestamp":"2026-07-01T06:18:30.728814Z","level":"info","event":"\u001b[0m06:18:30  44 of 87 START sql table model marts.fct_housing_intelligence .................. [RUN]","logger":"airflow.task.hooks.airflow.providers.standard.hooks.subprocess.SubprocessHook","filename":"subprocess.py","lineno":106}
{"timestamp":"2026-07-01T06:18:30.729541Z","level":"info","event":"\u001b[0m06:18:30  46 of 87 START sql table model marts.fct_local_authority_trends ................ [RUN]","logger":"airflow.task.hooks.airflow.providers.standard.hooks.subprocess.SubprocessHook","filename":"subprocess.py","lineno":106}
{"timestamp":"2026-07-01T06:18:30.729907Z","level":"info","event":"\u001b[0m06:18:30  45 of 87 START sql table model marts.fct_housing_trends ........................ [RUN]","logger":"airflow.task.hooks.airflow.providers.standard.hooks.subprocess.SubprocessHook","filename":"subprocess.py","lineno":106}
{"timestamp":"2026-07-01T06:18:30.730902Z","level":"info","event":"\u001b[0m06:18:30  47 of 87 START sql table model marts.fct_regional_trends ....................... [RUN]","logger":"airflow.task.hooks.airflow.providers.standard.hooks.subprocess.SubprocessHook","filename":"subprocess.py","lineno":106}
{"timestamp":"2026-07-01T06:18:38.742731Z","level":"info","event":"\u001b[0m06:18:38  44 of 87 OK created sql table model marts.fct_housing_intelligence ............. [\u001b[32mSUCCESS 1\u001b[0m in 1.22s]","logger":"airflow.task.hooks.airflow.providers.standard.hooks.subprocess.SubprocessHook","filename":"subprocess.py","lineno":106}
{"timestamp":"2026-07-01T06:18:38.749028Z","level":"info","event":"\u001b[0m06:18:38  47 of 87 OK created sql table model marts.fct_regional_trends .................. [\u001b[32mSUCCESS 1\u001b[0m in 1.38s]","logger":"airflow.task.hooks.airflow.providers.standard.hooks.subprocess.SubprocessHook","filename":"subprocess.py","lineno":106}
{"timestamp":"2026-07-01T06:18:38.750414Z","level":"info","event":"\u001b[0m06:18:38  45 of 87 OK created sql table model marts.fct_housing_trends ................... [\u001b[32mSUCCESS 1\u001b[0m in 1.49s]","logger":"airflow.task.hooks.airflow.providers.standard.hooks.subprocess.SubprocessHook","filename":"subprocess.py","lineno":106}
{"timestamp":"2026-07-01T06:18:38.750742Z","level":"info","event":"\u001b[0m06:18:38  46 of 87 OK created sql table model marts.fct_local_authority_trends ........... [\u001b[32mSUCCESS 1\u001b[0m in 1.22s]","logger":"airflow.task.hooks.airflow.providers.standard.hooks.subprocess.SubprocessHook","filename":"subprocess.py","lineno":106}
{"timestamp":"2026-07-01T06:18:38.762909Z","level":"info","event":"\u001b[0m06:18:38  48 of 87 START sql table model marts.mart_healthcare_accessibility ............. [RUN]","logger":"airflow.task.hooks.airflow.providers.standard.hooks.subprocess.SubprocessHook","filename":"subprocess.py","lineno":106}
{"timestamp":"2026-07-01T06:18:38.767573Z","level":"info","event":"\u001b[0m06:18:38  49 of 87 START sql table model marts.mart_school_accessibility ................. [RUN]","logger":"airflow.task.hooks.airflow.providers.standard.hooks.subprocess.SubprocessHook","filename":"subprocess.py","lineno":106}
{"timestamp":"2026-07-01T06:18:38.770163Z","level":"info","event":"\u001b[0m06:18:38  50 of 87 START sql table model marts.mart_transport_accessibility .............. [RUN]","logger":"airflow.task.hooks.airflow.providers.standard.hooks.subprocess.SubprocessHook","filename":"subprocess.py","lineno":106}
{"timestamp":"2026-07-01T06:18:38.770924Z","level":"info","event":"\u001b[0m06:18:38  51 of 87 START test not_null_fct_housing_intelligence_housing_intelligence_index  [RUN]","logger":"airflow.task.hooks.airflow.providers.standard.hooks.subprocess.SubprocessHook","filename":"subprocess.py","lineno":106}
{"timestamp":"2026-07-01T06:18:39.240274Z","level":"info","event":"\u001b[0m06:18:39  51 of 87 PASS not_null_fct_housing_intelligence_housing_intelligence_index ..... [\u001b[32mPASS\u001b[0m in 0.46s]","logger":"airflow.task.hooks.airflow.providers.standard.hooks.subprocess.SubprocessHook","filename":"subprocess.py","lineno":106}
{"timestamp":"2026-07-01T06:18:39.244926Z","level":"info","event":"\u001b[0m06:18:39  52 of 87 START test not_null_fct_housing_intelligence_local_authority_key ...... [RUN]","logger":"airflow.task.hooks.airflow.providers.standard.hooks.subprocess.SubprocessHook","filename":"subprocess.py","lineno":106}
{"timestamp":"2026-07-01T06:18:39.587905Z","level":"info","event":"\u001b[0m06:18:39  52 of 87 PASS not_null_fct_housing_intelligence_local_authority_key ............ [\u001b[32mPASS\u001b[0m in 0.34s]","logger":"airflow.task.hooks.airflow.providers.standard.hooks.subprocess.SubprocessHook","filename":"subprocess.py","lineno":106}
{"timestamp":"2026-07-01T06:18:39.589123Z","level":"info","event":"\u001b[0m06:18:39  53 of 87 START test not_null_fct_housing_intelligence_location_key ............. [RUN]","logger":"airflow.task.hooks.airflow.providers.standard.hooks.subprocess.SubprocessHook","filename":"subprocess.py","lineno":106}
{"timestamp":"2026-07-01T06:18:39.815972Z","level":"info","event":"\u001b[0m06:18:39  53 of 87 PASS not_null_fct_housing_intelligence_location_key ................... [\u001b[32mPASS\u001b[0m in 0.23s]","logger":"airflow.task.hooks.airflow.providers.standard.hooks.subprocess.SubprocessHook","filename":"subprocess.py","lineno":106}
{"timestamp":"2026-07-01T06:18:39.817528Z","level":"info","event":"\u001b[0m06:18:39  54 of 87 START test not_null_fct_housing_intelligence_region_key ............... [RUN]","logger":"airflow.task.hooks.airflow.providers.standard.hooks.subprocess.SubprocessHook","filename":"subprocess.py","lineno":106}
{"timestamp":"2026-07-01T06:18:39.949024Z","level":"info","event":"\u001b[0m06:18:39  50 of 87 OK created sql table model marts.mart_transport_accessibility ......... [\u001b[32mSUCCESS 1\u001b[0m in 1.17s]","logger":"airflow.task.hooks.airflow.providers.standard.hooks.subprocess.SubprocessHook","filename":"subprocess.py","lineno":106}
{"timestamp":"2026-07-01T06:18:39.949562Z","level":"info","event":"\u001b[0m06:18:39  49 of 87 OK created sql table model marts.mart_school_accessibility ............ [\u001b[32mSUCCESS 1\u001b[0m in 1.18s]","logger":"airflow.task.hooks.airflow.providers.standard.hooks.subprocess.SubprocessHook","filename":"subprocess.py","lineno":106}
{"timestamp":"2026-07-01T06:18:39.951984Z","level":"info","event":"\u001b[0m06:18:39  55 of 87 START test not_null_fct_regional_trends_country_key ................... [RUN]","logger":"airflow.task.hooks.airflow.providers.standard.hooks.subprocess.SubprocessHook","filename":"subprocess.py","lineno":106}
{"timestamp":"2026-07-01T06:18:39.952322Z","level":"info","event":"\u001b[0m06:18:39  56 of 87 START test not_null_fct_regional_trends_date_key ...................... [RUN]","logger":"airflow.task.hooks.airflow.providers.standard.hooks.subprocess.SubprocessHook","filename":"subprocess.py","lineno":106}
{"timestamp":"2026-07-01T06:18:39.994896Z","level":"info","event":"\u001b[0m06:18:39  48 of 87 OK created sql table model marts.mart_healthcare_accessibility ........ [\u001b[32mSUCCESS 1\u001b[0m in 1.23s]","logger":"airflow.task.hooks.airflow.providers.standard.hooks.subprocess.SubprocessHook","filename":"subprocess.py","lineno":106}
{"timestamp":"2026-07-01T06:18:39.995754Z","level":"info","event":"\u001b[0m06:18:39  57 of 87 START test not_null_fct_regional_trends_region_key .................... [RUN]","logger":"airflow.task.hooks.airflow.providers.standard.hooks.subprocess.SubprocessHook","filename":"subprocess.py","lineno":106}
{"timestamp":"2026-07-01T06:18:40.060039Z","level":"info","event":"\u001b[0m06:18:40  54 of 87 PASS not_null_fct_housing_intelligence_region_key ..................... [\u001b[32mPASS\u001b[0m in 0.24s]","logger":"airflow.task.hooks.airflow.providers.standard.hooks.subprocess.SubprocessHook","filename":"subprocess.py","lineno":106}
{"timestamp":"2026-07-01T06:18:40.061626Z","level":"info","event":"\u001b[0m06:18:40  58 of 87 START test not_null_fct_housing_trends_country_key .................... [RUN]","logger":"airflow.task.hooks.airflow.providers.standard.hooks.subprocess.SubprocessHook","filename":"subprocess.py","lineno":106}
{"timestamp":"2026-07-01T06:18:40.240693Z","level":"info","event":"\u001b[0m06:18:40  55 of 87 PASS not_null_fct_regional_trends_country_key ......................... [\u001b[32mPASS\u001b[0m in 0.29s]","logger":"airflow.task.hooks.airflow.providers.standard.hooks.subprocess.SubprocessHook","filename":"subprocess.py","lineno":106}
{"timestamp":"2026-07-01T06:18:40.243953Z","level":"info","event":"\u001b[0m06:18:40  59 of 87 START test not_null_fct_housing_trends_date_key ....................... [RUN]","logger":"airflow.task.hooks.airflow.providers.standard.hooks.subprocess.SubprocessHook","filename":"subprocess.py","lineno":106}
{"timestamp":"2026-07-01T06:18:40.285366Z","level":"info","event":"\u001b[0m06:18:40  57 of 87 PASS not_null_fct_regional_trends_region_key .......................... [\u001b[32mPASS\u001b[0m in 0.29s]","logger":"airflow.task.hooks.airflow.providers.standard.hooks.subprocess.SubprocessHook","filename":"subprocess.py","lineno":106}
{"timestamp":"2026-07-01T06:18:40.286332Z","level":"info","event":"\u001b[0m06:18:40  60 of 87 START test not_null_fct_housing_trends_local_authority_key ............ [RUN]","logger":"airflow.task.hooks.airflow.providers.standard.hooks.subprocess.SubprocessHook","filename":"subprocess.py","lineno":106}
{"timestamp":"2026-07-01T06:18:40.291473Z","level":"info","event":"\u001b[0m06:18:40  56 of 87 PASS not_null_fct_regional_trends_date_key ............................ [\u001b[32mPASS\u001b[0m in 0.34s]","logger":"airflow.task.hooks.airflow.providers.standard.hooks.subprocess.SubprocessHook","filename":"subprocess.py","lineno":106}
{"timestamp":"2026-07-01T06:18:40.292328Z","level":"info","event":"\u001b[0m06:18:40  61 of 87 START test not_null_fct_housing_trends_location_key ................... [RUN]","logger":"airflow.task.hooks.airflow.providers.standard.hooks.subprocess.SubprocessHook","filename":"subprocess.py","lineno":106}
{"timestamp":"2026-07-01T06:18:40.372844Z","level":"info","event":"\u001b[0m06:18:40  58 of 87 PASS not_null_fct_housing_trends_country_key .......................... [\u001b[32mPASS\u001b[0m in 0.31s]","logger":"airflow.task.hooks.airflow.providers.standard.hooks.subprocess.SubprocessHook","filename":"subprocess.py","lineno":106}
{"timestamp":"2026-07-01T06:18:40.373822Z","level":"info","event":"\u001b[0m06:18:40  62 of 87 START test not_null_fct_housing_trends_region_key ..................... [RUN]","logger":"airflow.task.hooks.airflow.providers.standard.hooks.subprocess.SubprocessHook","filename":"subprocess.py","lineno":106}
{"timestamp":"2026-07-01T06:18:40.482164Z","level":"info","event":"\u001b[0m06:18:40  59 of 87 PASS not_null_fct_housing_trends_date_key ............................. [\u001b[32mPASS\u001b[0m in 0.24s]","logger":"airflow.task.hooks.airflow.providers.standard.hooks.subprocess.SubprocessHook","filename":"subprocess.py","lineno":106}
{"timestamp":"2026-07-01T06:18:40.485238Z","level":"info","event":"\u001b[0m06:18:40  63 of 87 START test not_null_fct_local_authority_trends_country_key ............ [RUN]","logger":"airflow.task.hooks.airflow.providers.standard.hooks.subprocess.SubprocessHook","filename":"subprocess.py","lineno":106}
{"timestamp":"2026-07-01T06:18:40.516632Z","level":"info","event":"\u001b[0m06:18:40  60 of 87 PASS not_null_fct_housing_trends_local_authority_key .................. [\u001b[32mPASS\u001b[0m in 0.23s]","logger":"airflow.task.hooks.airflow.providers.standard.hooks.subprocess.SubprocessHook","filename":"subprocess.py","lineno":106}
{"timestamp":"2026-07-01T06:18:40.517917Z","level":"info","event":"\u001b[0m06:18:40  64 of 87 START test not_null_fct_local_authority_trends_date_key ............... [RUN]","logger":"airflow.task.hooks.airflow.providers.standard.hooks.subprocess.SubprocessHook","filename":"subprocess.py","lineno":106}
{"timestamp":"2026-07-01T06:18:40.520212Z","level":"info","event":"\u001b[0m06:18:40  61 of 87 PASS not_null_fct_housing_trends_location_key ......................... [\u001b[32mPASS\u001b[0m in 0.23s]","logger":"airflow.task.hooks.airflow.providers.standard.hooks.subprocess.SubprocessHook","filename":"subprocess.py","lineno":106}
{"timestamp":"2026-07-01T06:18:40.524456Z","level":"info","event":"\u001b[0m06:18:40  65 of 87 START test not_null_fct_local_authority_trends_local_authority_key .... [RUN]","logger":"airflow.task.hooks.airflow.providers.standard.hooks.subprocess.SubprocessHook","filename":"subprocess.py","lineno":106}
{"timestamp":"2026-07-01T06:18:40.684702Z","level":"info","event":"\u001b[0m06:18:40  62 of 87 PASS not_null_fct_housing_trends_region_key ........................... [\u001b[32mPASS\u001b[0m in 0.31s]","logger":"airflow.task.hooks.airflow.providers.standard.hooks.subprocess.SubprocessHook","filename":"subprocess.py","lineno":106}
{"timestamp":"2026-07-01T06:18:40.688602Z","level":"info","event":"\u001b[0m06:18:40  66 of 87 START test not_null_fct_local_authority_trends_region_key ............. [RUN]","logger":"airflow.task.hooks.airflow.providers.standard.hooks.subprocess.SubprocessHook","filename":"subprocess.py","lineno":106}
{"timestamp":"2026-07-01T06:18:40.838678Z","level":"info","event":"\u001b[0m06:18:40  63 of 87 PASS not_null_fct_local_authority_trends_country_key .................. [\u001b[32mPASS\u001b[0m in 0.35s]","logger":"airflow.task.hooks.airflow.providers.standard.hooks.subprocess.SubprocessHook","filename":"subprocess.py","lineno":106}
{"timestamp":"2026-07-01T06:18:40.844451Z","level":"info","event":"\u001b[0m06:18:40  67 of 87 START test not_null_mart_transport_accessibility_location_key ......... [RUN]","logger":"airflow.task.hooks.airflow.providers.standard.hooks.subprocess.SubprocessHook","filename":"subprocess.py","lineno":106}
{"timestamp":"2026-07-01T06:18:40.857790Z","level":"info","event":"\u001b[0m06:18:40  65 of 87 PASS not_null_fct_local_authority_trends_local_authority_key .......... [\u001b[32mPASS\u001b[0m in 0.33s]","logger":"airflow.task.hooks.airflow.providers.standard.hooks.subprocess.SubprocessHook","filename":"subprocess.py","lineno":106}
{"timestamp":"2026-07-01T06:18:40.859793Z","level":"info","event":"\u001b[0m06:18:40  64 of 87 PASS not_null_fct_local_authority_trends_date_key ..................... [\u001b[32mPASS\u001b[0m in 0.34s]","logger":"airflow.task.hooks.airflow.providers.standard.hooks.subprocess.SubprocessHook","filename":"subprocess.py","lineno":106}
{"timestamp":"2026-07-01T06:18:40.870880Z","level":"info","event":"\u001b[0m06:18:40  69 of 87 START test not_null_mart_school_accessibility_location_key ............ [RUN]","logger":"airflow.task.hooks.airflow.providers.standard.hooks.subprocess.SubprocessHook","filename":"subprocess.py","lineno":106}
{"timestamp":"2026-07-01T06:18:40.871777Z","level":"info","event":"\u001b[0m06:18:40  68 of 87 START test not_null_mart_transport_accessibility_transport_accessibility_score  [RUN]","logger":"airflow.task.hooks.airflow.providers.standard.hooks.subprocess.SubprocessHook","filename":"subprocess.py","lineno":106}
{"timestamp":"2026-07-01T06:18:40.924509Z","level":"info","event":"\u001b[0m06:18:40  66 of 87 PASS not_null_fct_local_authority_trends_region_key ................... [\u001b[32mPASS\u001b[0m in 0.23s]","logger":"airflow.task.hooks.airflow.providers.standard.hooks.subprocess.SubprocessHook","filename":"subprocess.py","lineno":106}
{"timestamp":"2026-07-01T06:18:40.925964Z","level":"info","event":"\u001b[0m06:18:40  70 of 87 START test not_null_mart_school_accessibility_school_accessibility_score  [RUN]","logger":"airflow.task.hooks.airflow.providers.standard.hooks.subprocess.SubprocessHook","filename":"subprocess.py","lineno":106}
{"timestamp":"2026-07-01T06:18:41.180111Z","level":"info","event":"\u001b[0m06:18:41  67 of 87 PASS not_null_mart_transport_accessibility_location_key ............... [\u001b[32mPASS\u001b[0m in 0.33s]","logger":"airflow.task.hooks.airflow.providers.standard.hooks.subprocess.SubprocessHook","filename":"subprocess.py","lineno":106}
{"timestamp":"2026-07-01T06:18:41.183000Z","level":"info","event":"\u001b[0m06:18:41  71 of 87 START test not_null_mart_healthcare_accessibility_healthcare_accessibility_score  [RUN]","logger":"airflow.task.hooks.airflow.providers.standard.hooks.subprocess.SubprocessHook","filename":"subprocess.py","lineno":106}
{"timestamp":"2026-07-01T06:18:41.185042Z","level":"info","event":"\u001b[0m06:18:41  68 of 87 PASS not_null_mart_transport_accessibility_transport_accessibility_score  [\u001b[32mPASS\u001b[0m in 0.31s]","logger":"airflow.task.hooks.airflow.providers.standard.hooks.subprocess.SubprocessHook","filename":"subprocess.py","lineno":106}
{"timestamp":"2026-07-01T06:18:41.190198Z","level":"info","event":"\u001b[0m06:18:41  70 of 87 PASS not_null_mart_school_accessibility_school_accessibility_score .... [\u001b[32mPASS\u001b[0m in 0.26s]","logger":"airflow.task.hooks.airflow.providers.standard.hooks.subprocess.SubprocessHook","filename":"subprocess.py","lineno":106}
{"timestamp":"2026-07-01T06:18:41.192395Z","level":"info","event":"\u001b[0m06:18:41  69 of 87 PASS not_null_mart_school_accessibility_location_key .................. [\u001b[32mPASS\u001b[0m in 0.32s]","logger":"airflow.task.hooks.airflow.providers.standard.hooks.subprocess.SubprocessHook","filename":"subprocess.py","lineno":106}
{"timestamp":"2026-07-01T06:18:41.197077Z","level":"info","event":"\u001b[0m06:18:41  72 of 87 START test not_null_mart_healthcare_accessibility_location_key ........ [RUN]","logger":"airflow.task.hooks.airflow.providers.standard.hooks.subprocess.SubprocessHook","filename":"subprocess.py","lineno":106}
{"timestamp":"2026-07-01T06:18:41.199658Z","level":"info","event":"\u001b[0m06:18:41  73 of 87 START sql table model marts.mart_affordability_analytics .............. [RUN]","logger":"airflow.task.hooks.airflow.providers.standard.hooks.subprocess.SubprocessHook","filename":"subprocess.py","lineno":106}
{"timestamp":"2026-07-01T06:18:41.200563Z","level":"info","event":"\u001b[0m06:18:41  74 of 87 START sql table model marts.mart_area_rankings ........................ [RUN]","logger":"airflow.task.hooks.airflow.providers.standard.hooks.subprocess.SubprocessHook","filename":"subprocess.py","lineno":106}
{"timestamp":"2026-07-01T06:18:41.587845Z","level":"info","event":"\u001b[0m06:18:41  72 of 87 PASS not_null_mart_healthcare_accessibility_location_key .............. [\u001b[32mPASS\u001b[0m in 0.39s]","logger":"airflow.task.hooks.airflow.providers.standard.hooks.subprocess.SubprocessHook","filename":"subprocess.py","lineno":106}
{"timestamp":"2026-07-01T06:18:41.591756Z","level":"info","event":"\u001b[0m06:18:41  71 of 87 PASS not_null_mart_healthcare_accessibility_healthcare_accessibility_score  [\u001b[32mPASS\u001b[0m in 0.41s]","logger":"airflow.task.hooks.airflow.providers.standard.hooks.subprocess.SubprocessHook","filename":"subprocess.py","lineno":106}
{"timestamp":"2026-07-01T06:18:41.597929Z","level":"info","event":"\u001b[0m06:18:41  75 of 87 START sql table model marts.mart_growth_analytics ..................... [RUN]","logger":"airflow.task.hooks.airflow.providers.standard.hooks.subprocess.SubprocessHook","filename":"subprocess.py","lineno":106}
{"timestamp":"2026-07-01T06:18:41.598987Z","level":"info","event":"\u001b[0m06:18:41  76 of 87 START sql table model marts.mart_investment_opportunities ............. [RUN]","logger":"airflow.task.hooks.airflow.providers.standard.hooks.subprocess.SubprocessHook","filename":"subprocess.py","lineno":106}
{"timestamp":"2026-07-01T06:18:41.950632Z","level":"info","event":"\u001b[0m06:18:41  74 of 87 OK created sql table model marts.mart_area_rankings ................... [\u001b[32mSUCCESS 1\u001b[0m in 0.74s]","logger":"airflow.task.hooks.airflow.providers.standard.hooks.subprocess.SubprocessHook","filename":"subprocess.py","lineno":106}
{"timestamp":"2026-07-01T06:18:41.956745Z","level":"info","event":"\u001b[0m06:18:41  77 of 87 START sql table model marts.mart_regional_performance ................. [RUN]","logger":"airflow.task.hooks.airflow.providers.standard.hooks.subprocess.SubprocessHook","filename":"subprocess.py","lineno":106}
{"timestamp":"2026-07-01T06:18:42.005714Z","level":"info","event":"\u001b[0m06:18:42  73 of 87 OK created sql table model marts.mart_affordability_analytics ......... [\u001b[32mSUCCESS 1\u001b[0m in 0.80s]","logger":"airflow.task.hooks.airflow.providers.standard.hooks.subprocess.SubprocessHook","filename":"subprocess.py","lineno":106}
{"timestamp":"2026-07-01T06:18:42.008032Z","level":"info","event":"\u001b[0m06:18:42  78 of 87 START sql table model marts.mart_area_profile ......................... [RUN]","logger":"airflow.task.hooks.airflow.providers.standard.hooks.subprocess.SubprocessHook","filename":"subprocess.py","lineno":106}
{"timestamp":"2026-07-01T06:18:42.343572Z","level":"info","event":"\u001b[0m06:18:42  76 of 87 OK created sql table model marts.mart_investment_opportunities ........ [\u001b[32mSUCCESS 1\u001b[0m in 0.74s]","logger":"airflow.task.hooks.airflow.providers.standard.hooks.subprocess.SubprocessHook","filename":"subprocess.py","lineno":106}
{"timestamp":"2026-07-01T06:18:42.346499Z","level":"info","event":"\u001b[0m06:18:42  79 of 87 START test not_null_mart_area_rankings_housing_intelligence_index ..... [RUN]","logger":"airflow.task.hooks.airflow.providers.standard.hooks.subprocess.SubprocessHook","filename":"subprocess.py","lineno":106}
{"timestamp":"2026-07-01T06:18:42.490666Z","level":"info","event":"\u001b[0m06:18:42  75 of 87 OK created sql table model marts.mart_growth_analytics ................ [\u001b[32mSUCCESS 1\u001b[0m in 0.89s]","logger":"airflow.task.hooks.airflow.providers.standard.hooks.subprocess.SubprocessHook","filename":"subprocess.py","lineno":106}
{"timestamp":"2026-07-01T06:18:42.493736Z","level":"info","event":"\u001b[0m06:18:42  80 of 87 START test not_null_mart_area_rankings_location_key ................... [RUN]","logger":"airflow.task.hooks.airflow.providers.standard.hooks.subprocess.SubprocessHook","filename":"subprocess.py","lineno":106}
{"timestamp":"2026-07-01T06:18:42.702366Z","level":"info","event":"\u001b[0m06:18:42  79 of 87 PASS not_null_mart_area_rankings_housing_intelligence_index ........... [\u001b[32mPASS\u001b[0m in 0.35s]","logger":"airflow.task.hooks.airflow.providers.standard.hooks.subprocess.SubprocessHook","filename":"subprocess.py","lineno":106}
{"timestamp":"2026-07-01T06:18:42.704814Z","level":"info","event":"\u001b[0m06:18:42  81 of 87 START test not_null_mart_affordability_analytics_affordability_score .. [RUN]","logger":"airflow.task.hooks.airflow.providers.standard.hooks.subprocess.SubprocessHook","filename":"subprocess.py","lineno":106}
{"timestamp":"2026-07-01T06:18:42.746000Z","level":"info","event":"\u001b[0m06:18:42  80 of 87 PASS not_null_mart_area_rankings_location_key ......................... [\u001b[32mPASS\u001b[0m in 0.25s]","logger":"airflow.task.hooks.airflow.providers.standard.hooks.subprocess.SubprocessHook","filename":"subprocess.py","lineno":106}
{"timestamp":"2026-07-01T06:18:42.747394Z","level":"info","event":"\u001b[0m06:18:42  82 of 87 START test not_null_mart_investment_opportunities_investment_score .... [RUN]","logger":"airflow.task.hooks.airflow.providers.standard.hooks.subprocess.SubprocessHook","filename":"subprocess.py","lineno":106}
{"timestamp":"2026-07-01T06:18:42.783478Z","level":"info","event":"\u001b[0m06:18:42  77 of 87 OK created sql table model marts.mart_regional_performance ............ [\u001b[32mSUCCESS 1\u001b[0m in 0.82s]","logger":"airflow.task.hooks.airflow.providers.standard.hooks.subprocess.SubprocessHook","filename":"subprocess.py","lineno":106}
{"timestamp":"2026-07-01T06:18:42.784683Z","level":"info","event":"\u001b[0m06:18:42  83 of 87 START test not_null_mart_growth_analytics_growth_score ................ [RUN]","logger":"airflow.task.hooks.airflow.providers.standard.hooks.subprocess.SubprocessHook","filename":"subprocess.py","lineno":106}
{"timestamp":"2026-07-01T06:18:43.006988Z","level":"info","event":"\u001b[0m06:18:43  81 of 87 PASS not_null_mart_affordability_analytics_affordability_score ........ [\u001b[32mPASS\u001b[0m in 0.30s]","logger":"airflow.task.hooks.airflow.providers.standard.hooks.subprocess.SubprocessHook","filename":"subprocess.py","lineno":106}
{"timestamp":"2026-07-01T06:18:43.009663Z","level":"info","event":"\u001b[0m06:18:43  84 of 87 START test not_null_mart_regional_performance_region_key .............. [RUN]","logger":"airflow.task.hooks.airflow.providers.standard.hooks.subprocess.SubprocessHook","filename":"subprocess.py","lineno":106}
{"timestamp":"2026-07-01T06:18:43.041596Z","level":"info","event":"\u001b[0m06:18:43  82 of 87 PASS not_null_mart_investment_opportunities_investment_score .......... [\u001b[32mPASS\u001b[0m in 0.29s]","logger":"airflow.task.hooks.airflow.providers.standard.hooks.subprocess.SubprocessHook","filename":"subprocess.py","lineno":106}
{"timestamp":"2026-07-01T06:18:43.058134Z","level":"info","event":"\u001b[0m06:18:43  78 of 87 OK created sql table model marts.mart_area_profile .................... [\u001b[32mSUCCESS 1\u001b[0m in 1.05s]","logger":"airflow.task.hooks.airflow.providers.standard.hooks.subprocess.SubprocessHook","filename":"subprocess.py","lineno":106}
{"timestamp":"2026-07-01T06:18:43.059820Z","level":"info","event":"\u001b[0m06:18:43  85 of 87 START test not_null_mart_area_profile_housing_intelligence_index ...... [RUN]","logger":"airflow.task.hooks.airflow.providers.standard.hooks.subprocess.SubprocessHook","filename":"subprocess.py","lineno":106}
{"timestamp":"2026-07-01T06:18:43.060233Z","level":"info","event":"\u001b[0m06:18:43  86 of 87 START test not_null_mart_area_profile_location_key .................... [RUN]","logger":"airflow.task.hooks.airflow.providers.standard.hooks.subprocess.SubprocessHook","filename":"subprocess.py","lineno":106}
{"timestamp":"2026-07-01T06:18:43.094293Z","level":"info","event":"\u001b[0m06:18:43  83 of 87 PASS not_null_mart_growth_analytics_growth_score ...................... [\u001b[32mPASS\u001b[0m in 0.31s]","logger":"airflow.task.hooks.airflow.providers.standard.hooks.subprocess.SubprocessHook","filename":"subprocess.py","lineno":106}
{"timestamp":"2026-07-01T06:18:43.095290Z","level":"info","event":"\u001b[0m06:18:43  87 of 87 START test unique_mart_area_profile_location_key ...................... [RUN]","logger":"airflow.task.hooks.airflow.providers.standard.hooks.subprocess.SubprocessHook","filename":"subprocess.py","lineno":106}
{"timestamp":"2026-07-01T06:18:43.326968Z","level":"info","event":"\u001b[0m06:18:43  84 of 87 PASS not_null_mart_regional_performance_region_key .................... [\u001b[32mPASS\u001b[0m in 0.32s]","logger":"airflow.task.hooks.airflow.providers.standard.hooks.subprocess.SubprocessHook","filename":"subprocess.py","lineno":106}
{"timestamp":"2026-07-01T06:18:43.359982Z","level":"info","event":"\u001b[0m06:18:43  85 of 87 PASS not_null_mart_area_profile_housing_intelligence_index ............ [\u001b[32mPASS\u001b[0m in 0.30s]","logger":"airflow.task.hooks.airflow.providers.standard.hooks.subprocess.SubprocessHook","filename":"subprocess.py","lineno":106}
{"timestamp":"2026-07-01T06:18:43.365055Z","level":"info","event":"\u001b[0m06:18:43  87 of 87 PASS unique_mart_area_profile_location_key ............................ [\u001b[32mPASS\u001b[0m in 0.27s]","logger":"airflow.task.hooks.airflow.providers.standard.hooks.subprocess.SubprocessHook","filename":"subprocess.py","lineno":106}
{"timestamp":"2026-07-01T06:18:43.379216Z","level":"info","event":"\u001b[0m06:18:43  86 of 87 PASS not_null_mart_area_profile_location_key .......................... [\u001b[32mPASS\u001b[0m in 0.32s]","logger":"airflow.task.hooks.airflow.providers.standard.hooks.subprocess.SubprocessHook","filename":"subprocess.py","lineno":106}
{"timestamp":"2026-07-01T06:18:44.895766Z","level":"info","event":"\u001b[0m06:18:44","logger":"airflow.task.hooks.airflow.providers.standard.hooks.subprocess.SubprocessHook","filename":"subprocess.py","lineno":106}
{"timestamp":"2026-07-01T06:18:44.896380Z","level":"info","event":"\u001b[0m06:18:44  Finished running 18 table models, 51 data tests, 18 view models in 0 hours 0 minutes and 21.23 seconds (21.23s).","logger":"airflow.task.hooks.airflow.providers.standard.hooks.subprocess.SubprocessHook","filename":"subprocess.py","lineno":106}
{"timestamp":"2026-07-01T06:18:44.961615Z","level":"info","event":"\u001b[0m06:18:44","logger":"airflow.task.hooks.airflow.providers.standard.hooks.subprocess.SubprocessHook","filename":"subprocess.py","lineno":106}
{"timestamp":"2026-07-01T06:18:44.961989Z","level":"info","event":"\u001b[0m06:18:44  \u001b[32mCompleted successfully\u001b[0m","logger":"airflow.task.hooks.airflow.providers.standard.hooks.subprocess.SubprocessHook","filename":"subprocess.py","lineno":106}
{"timestamp":"2026-07-01T06:18:44.962321Z","level":"info","event":"\u001b[0m06:18:44","logger":"airflow.task.hooks.airflow.providers.standard.hooks.subprocess.SubprocessHook","filename":"subprocess.py","lineno":106}
{"timestamp":"2026-07-01T06:18:44.962686Z","level":"info","event":"\u001b[0m06:18:44  Done. PASS=87 WARN=0 ERROR=0 SKIP=0 NO-OP=0 TOTAL=87","logger":"airflow.task.hooks.airflow.providers.standard.hooks.subprocess.SubprocessHook","filename":"subprocess.py","lineno":106}
{"timestamp":"2026-07-01T06:18:47.322138Z","level":"info","event":"======================================================================","logger":"airflow.task.hooks.airflow.providers.standard.hooks.subprocess.SubprocessHook","filename":"subprocess.py","lineno":106}
{"timestamp":"2026-07-01T06:18:47.323467Z","level":"info","event":"UK Housing Intelligence Platform","logger":"airflow.task.hooks.airflow.providers.standard.hooks.subprocess.SubprocessHook","filename":"subprocess.py","lineno":106}
{"timestamp":"2026-07-01T06:18:47.323527Z","level":"info","event":"dbt Transformation Runner","logger":"airflow.task.hooks.airflow.providers.standard.hooks.subprocess.SubprocessHook","filename":"subprocess.py","lineno":106}
{"timestamp":"2026-07-01T06:18:47.323571Z","level":"info","event":"======================================================================","logger":"airflow.task.hooks.airflow.providers.standard.hooks.subprocess.SubprocessHook","filename":"subprocess.py","lineno":106}
{"timestamp":"2026-07-01T06:18:47.323601Z","level":"info","event":"","logger":"airflow.task.hooks.airflow.providers.standard.hooks.subprocess.SubprocessHook","filename":"subprocess.py","lineno":106}
{"timestamp":"2026-07-01T06:18:47.323640Z","level":"info","event":"Running dbt debug...","logger":"airflow.task.hooks.airflow.providers.standard.hooks.subprocess.SubprocessHook","filename":"subprocess.py","lineno":106}
{"timestamp":"2026-07-01T06:18:47.323685Z","level":"info","event":"","logger":"airflow.task.hooks.airflow.providers.standard.hooks.subprocess.SubprocessHook","filename":"subprocess.py","lineno":106}
{"timestamp":"2026-07-01T06:18:47.323712Z","level":"info","event":"","logger":"airflow.task.hooks.airflow.providers.standard.hooks.subprocess.SubprocessHook","filename":"subprocess.py","lineno":106}
{"timestamp":"2026-07-01T06:18:47.323733Z","level":"info","event":"dbt debug successful.","logger":"airflow.task.hooks.airflow.providers.standard.hooks.subprocess.SubprocessHook","filename":"subprocess.py","lineno":106}
{"timestamp":"2026-07-01T06:18:47.324468Z","level":"info","event":"","logger":"airflow.task.hooks.airflow.providers.standard.hooks.subprocess.SubprocessHook","filename":"subprocess.py","lineno":106}
{"timestamp":"2026-07-01T06:18:47.324505Z","level":"info","event":"Running dbt deps...","logger":"airflow.task.hooks.airflow.providers.standard.hooks.subprocess.SubprocessHook","filename":"subprocess.py","lineno":106}
{"timestamp":"2026-07-01T06:18:47.324530Z","level":"info","event":"","logger":"airflow.task.hooks.airflow.providers.standard.hooks.subprocess.SubprocessHook","filename":"subprocess.py","lineno":106}
{"timestamp":"2026-07-01T06:18:47.324555Z","level":"info","event":"","logger":"airflow.task.hooks.airflow.providers.standard.hooks.subprocess.SubprocessHook","filename":"subprocess.py","lineno":106}
{"timestamp":"2026-07-01T06:18:47.324573Z","level":"info","event":"Running dbt build...","logger":"airflow.task.hooks.airflow.providers.standard.hooks.subprocess.SubprocessHook","filename":"subprocess.py","lineno":106}
{"timestamp":"2026-07-01T06:18:47.324625Z","level":"info","event":"","logger":"airflow.task.hooks.airflow.providers.standard.hooks.subprocess.SubprocessHook","filename":"subprocess.py","lineno":106}
{"timestamp":"2026-07-01T06:18:47.324653Z","level":"info","event":"","logger":"airflow.task.hooks.airflow.providers.standard.hooks.subprocess.SubprocessHook","filename":"subprocess.py","lineno":106}
{"timestamp":"2026-07-01T06:18:47.324674Z","level":"info","event":"All dbt models executed successfully.","logger":"airflow.task.hooks.airflow.providers.standard.hooks.subprocess.SubprocessHook","filename":"subprocess.py","lineno":106}
{"timestamp":"2026-07-01T06:18:47.342770Z","level":"info","event":"Command exited with return code 0","logger":"airflow.task.hooks.airflow.providers.standard.hooks.subprocess.SubprocessHook","filename":"subprocess.py","lineno":110}
{"timestamp":"2026-07-01T06:18:47.356694Z","level":"info","event":"Pushing xcom","ti":"RuntimeTaskInstance(id=UUID('019f1c52-f11a-7869-9af8-08410c4f7f15'), task_id='run_dbt_models', dag_id='uk_housing_master_pipeline', run_id='scheduled__2026-07-01T06:00:00+00:00', try_number=1, dag_version_id=UUID('019f1798-8ead-757f-958c-c2980258c18f'), map_index=-1, hostname='d2a313114368', context_carrier={}, task=<Task(BashOperator): run_dbt_models>, bundle_instance=LocalDagBundle(name=dags-folder), max_tries=2, start_date=datetime.datetime(2026, 7, 1, 6, 18, 10, 906655, tzinfo=datetime.timezone.utc), end_date=None, state=<TaskInstanceState.RUNNING: 'running'>, is_mapped=False, rendered_map_index=None)","logger":"task","filename":"task_runner.py","lineno":1352}
