{"timestamp":"2026-07-01T13:22:35.765441Z","level":"info","event":"DAG bundles loaded: dags-folder","logger":"airflow.dag_processing.bundles.manager.DagBundlesManager","filename":"manager.py","lineno":179}
{"timestamp":"2026-07-01T13:22:35.785527Z","level":"info","event":"Filling up the DagBag from /opt/airflow/dags/orchestration/master_pipeline.py","logger":"airflow.models.dagbag.DagBag","filename":"dagbag.py","lineno":593}
{"timestamp":"2026-07-01T13:22:36.203246Z","level":"warning","event":"The `airflow.operators.empty.EmptyOperator` attribute is deprecated. Please use `'airflow.providers.standard.operators.empty.EmptyOperator'`.","category":"DeprecatedImportWarning","filename":"/opt/airflow/dags/orchestration/master_pipeline.py","lineno":4,"logger":"py.warnings"}
{"timestamp":"2026-07-01T13:22:36.203444Z","level":"warning","event":"The `airflow.operators.bash.BashOperator` attribute is deprecated. Please use `'airflow.providers.standard.operators.bash.BashOperator'`.","category":"DeprecatedImportWarning","filename":"/opt/airflow/dags/orchestration/master_pipeline.py","lineno":5,"logger":"py.warnings"}
{"timestamp":"2026-07-01T13:22:36.203495Z","level":"warning","event":"The `airflow.operators.trigger_dagrun.TriggerDagRunOperator` attribute is deprecated. Please use `'airflow.providers.standard.operators.trigger_dagrun.TriggerDagRunOperator'`.","category":"DeprecatedImportWarning","filename":"/opt/airflow/dags/orchestration/master_pipeline.py","lineno":6,"logger":"py.warnings"}
{"timestamp":"2026-07-01T13:22:36.408119Z","level":"info","event":"Tmp dir root location: /tmp","logger":"airflow.task.hooks.airflow.providers.standard.hooks.subprocess.SubprocessHook","filename":"subprocess.py","lineno":78}
{"timestamp":"2026-07-01T13:22:36.422565Z","level":"info","event":"Running command: ['/usr/bin/bash', '-c', '\\n        python /opt/project/phase9/scripts/refresh_dashboard.py\\n        ']","logger":"airflow.task.hooks.airflow.providers.standard.hooks.subprocess.SubprocessHook","filename":"subprocess.py","lineno":88}
{"timestamp":"2026-07-01T13:22:36.440176Z","level":"info","event":"Output:","logger":"airflow.task.hooks.airflow.providers.standard.hooks.subprocess.SubprocessHook","filename":"subprocess.py","lineno":99}
{"timestamp":"2026-07-01T13:22:41.876909Z","level":"info","event":"/opt/project/phase9/scripts/refresh_dashboard.py:28: UserWarning: pandas only supports SQLAlchemy connectable (engine/connection) or database string URI or sqlite3 DBAPI2 connection. Other DBAPI2 objects are not tested. Please consider using SQLAlchemy.","logger":"airflow.task.hooks.airflow.providers.standard.hooks.subprocess.SubprocessHook","filename":"subprocess.py","lineno":106}
{"timestamp":"2026-07-01T13:22:41.878465Z","level":"info","event":"  df = pd.read_sql(query, conn)","logger":"airflow.task.hooks.airflow.providers.standard.hooks.subprocess.SubprocessHook","filename":"subprocess.py","lineno":106}
{"timestamp":"2026-07-01T13:22:46.975026Z","level":"info","event":"======================================================================","logger":"airflow.task.hooks.airflow.providers.standard.hooks.subprocess.SubprocessHook","filename":"subprocess.py","lineno":106}
{"timestamp":"2026-07-01T13:22:46.976651Z","level":"info","event":"UK Housing Intelligence Platform","logger":"airflow.task.hooks.airflow.providers.standard.hooks.subprocess.SubprocessHook","filename":"subprocess.py","lineno":106}
{"timestamp":"2026-07-01T13:22:46.976739Z","level":"info","event":"Dashboard Refresh","logger":"airflow.task.hooks.airflow.providers.standard.hooks.subprocess.SubprocessHook","filename":"subprocess.py","lineno":106}
{"timestamp":"2026-07-01T13:22:46.976832Z","level":"info","event":"======================================================================","logger":"airflow.task.hooks.airflow.providers.standard.hooks.subprocess.SubprocessHook","filename":"subprocess.py","lineno":106}
{"timestamp":"2026-07-01T13:22:46.976890Z","level":"info","event":"","logger":"airflow.task.hooks.airflow.providers.standard.hooks.subprocess.SubprocessHook","filename":"subprocess.py","lineno":106}
{"timestamp":"2026-07-01T13:22:46.976931Z","level":"info","event":"Reading MART_AREA_PROFILE...","logger":"airflow.task.hooks.airflow.providers.standard.hooks.subprocess.SubprocessHook","filename":"subprocess.py","lineno":106}
{"timestamp":"2026-07-01T13:22:46.976982Z","level":"info","event":"","logger":"airflow.task.hooks.airflow.providers.standard.hooks.subprocess.SubprocessHook","filename":"subprocess.py","lineno":106}
{"timestamp":"2026-07-01T13:22:46.977033Z","level":"info","event":"Writing dashboard dataset:","logger":"airflow.task.hooks.airflow.providers.standard.hooks.subprocess.SubprocessHook","filename":"subprocess.py","lineno":106}
{"timestamp":"2026-07-01T13:22:46.977109Z","level":"info","event":"/opt/project/data/analytics/housing_intelligence.parquet","logger":"airflow.task.hooks.airflow.providers.standard.hooks.subprocess.SubprocessHook","filename":"subprocess.py","lineno":106}
{"timestamp":"2026-07-01T13:22:46.977181Z","level":"info","event":"","logger":"airflow.task.hooks.airflow.providers.standard.hooks.subprocess.SubprocessHook","filename":"subprocess.py","lineno":106}
{"timestamp":"2026-07-01T13:22:46.977232Z","level":"info","event":"Rows exported : 35,671","logger":"airflow.task.hooks.airflow.providers.standard.hooks.subprocess.SubprocessHook","filename":"subprocess.py","lineno":106}
{"timestamp":"2026-07-01T13:22:46.977295Z","level":"info","event":"Columns       : 38","logger":"airflow.task.hooks.airflow.providers.standard.hooks.subprocess.SubprocessHook","filename":"subprocess.py","lineno":106}
{"timestamp":"2026-07-01T13:22:46.977343Z","level":"info","event":"","logger":"airflow.task.hooks.airflow.providers.standard.hooks.subprocess.SubprocessHook","filename":"subprocess.py","lineno":106}
{"timestamp":"2026-07-01T13:22:46.977414Z","level":"info","event":"Dashboard refresh completed.","logger":"airflow.task.hooks.airflow.providers.standard.hooks.subprocess.SubprocessHook","filename":"subprocess.py","lineno":106}
{"timestamp":"2026-07-01T13:22:47.363953Z","level":"info","event":"Command exited with return code 0","logger":"airflow.task.hooks.airflow.providers.standard.hooks.subprocess.SubprocessHook","filename":"subprocess.py","lineno":110}
{"timestamp":"2026-07-01T13:22:47.376514Z","level":"info","event":"Pushing xcom","ti":"RuntimeTaskInstance(id=UUID('019f1dd4-b71d-705e-a055-412177fffbac'), task_id='refresh_dashboard', dag_id='uk_housing_master_pipeline', run_id='manual__2026-07-01T13:18:27.152827+00:00', try_number=1, dag_version_id=UUID('019f1d9e-6893-78e7-895b-a22874581ef0'), map_index=-1, hostname='d2a313114368', context_carrier={}, task=<Task(BashOperator): refresh_dashboard>, bundle_instance=LocalDagBundle(name=dags-folder), max_tries=2, start_date=datetime.datetime(2026, 7, 1, 13, 22, 34, 963186, tzinfo=datetime.timezone.utc), end_date=None, state=<TaskInstanceState.RUNNING: 'running'>, is_mapped=False, rendered_map_index=None)","logger":"task","filename":"task_runner.py","lineno":1352}
