{"timestamp":"2026-07-02T11:48:50.279797Z","level":"info","event":"DAG bundles loaded: dags-folder","logger":"airflow.dag_processing.bundles.manager.DagBundlesManager","filename":"manager.py","lineno":179}
{"timestamp":"2026-07-02T11:48:50.280673Z","level":"info","event":"Filling up the DagBag from /opt/airflow/dags/orchestration/master_pipeline.py","logger":"airflow.models.dagbag.DagBag","filename":"dagbag.py","lineno":593}
{"timestamp":"2026-07-02T11:48:50.302227Z","level":"warning","event":"The `airflow.operators.empty.EmptyOperator` attribute is deprecated. Please use `'airflow.providers.standard.operators.empty.EmptyOperator'`.","category":"DeprecatedImportWarning","filename":"/opt/airflow/dags/orchestration/master_pipeline.py","lineno":4,"logger":"py.warnings"}
{"timestamp":"2026-07-02T11:48:50.302334Z","level":"warning","event":"The `airflow.operators.bash.BashOperator` attribute is deprecated. Please use `'airflow.providers.standard.operators.bash.BashOperator'`.","category":"DeprecatedImportWarning","filename":"/opt/airflow/dags/orchestration/master_pipeline.py","lineno":5,"logger":"py.warnings"}
{"timestamp":"2026-07-02T11:48:50.302384Z","level":"warning","event":"The `airflow.operators.trigger_dagrun.TriggerDagRunOperator` attribute is deprecated. Please use `'airflow.providers.standard.operators.trigger_dagrun.TriggerDagRunOperator'`.","category":"DeprecatedImportWarning","filename":"/opt/airflow/dags/orchestration/master_pipeline.py","lineno":6,"logger":"py.warnings"}
{"timestamp":"2026-07-02T11:48:50.302425Z","level":"warning","event":"The `airflow.utils.trigger_rule.TriggerRule` attribute is deprecated. Please use `'airflow.task.trigger_rule.TriggerRule'`.","category":"DeprecatedImportWarning","filename":"/opt/airflow/dags/orchestration/master_pipeline.py","lineno":7,"logger":"py.warnings"}
{"timestamp":"2026-07-02T11:48:50.326136Z","level":"info","event":"Tmp dir root location: /tmp","logger":"airflow.task.hooks.airflow.providers.standard.hooks.subprocess.SubprocessHook","filename":"subprocess.py","lineno":78}
{"timestamp":"2026-07-02T11:48:50.327185Z","level":"info","event":"Running command: ['/usr/bin/bash', '-c', '\\n        python /opt/project/phase9/scripts/run_dbt_models.py\\n        ']","logger":"airflow.task.hooks.airflow.providers.standard.hooks.subprocess.SubprocessHook","filename":"subprocess.py","lineno":88}
{"timestamp":"2026-07-02T11:48:50.333697Z","level":"info","event":"Output:","logger":"airflow.task.hooks.airflow.providers.standard.hooks.subprocess.SubprocessHook","filename":"subprocess.py","lineno":99}
{"timestamp":"2026-07-02T11:48:52.758406Z","level":"info","event":"\u001b[0m11:48:52  Running with dbt=1.11.11","logger":"airflow.task.hooks.airflow.providers.standard.hooks.subprocess.SubprocessHook","filename":"subprocess.py","lineno":106}
{"timestamp":"2026-07-02T11:48:52.771424Z","level":"info","event":"\u001b[0m11:48:52  dbt version: 1.11.11","logger":"airflow.task.hooks.airflow.providers.standard.hooks.subprocess.SubprocessHook","filename":"subprocess.py","lineno":106}
{"timestamp":"2026-07-02T11:48:52.771954Z","level":"info","event":"\u001b[0m11:48:52  python version: 3.12.11","logger":"airflow.task.hooks.airflow.providers.standard.hooks.subprocess.SubprocessHook","filename":"subprocess.py","lineno":106}
{"timestamp":"2026-07-02T11:48:52.772432Z","level":"info","event":"\u001b[0m11:48:52  python path: /usr/python/bin/python3.12","logger":"airflow.task.hooks.airflow.providers.standard.hooks.subprocess.SubprocessHook","filename":"subprocess.py","lineno":106}
{"timestamp":"2026-07-02T11:48:52.772879Z","level":"info","event":"\u001b[0m11:48:52  os info: Linux-6.12.76-linuxkit-aarch64-with-glibc2.36","logger":"airflow.task.hooks.airflow.providers.standard.hooks.subprocess.SubprocessHook","filename":"subprocess.py","lineno":106}
{"timestamp":"2026-07-02T11:48:53.653724Z","level":"info","event":"\u001b[0m11:48:53  Using profiles dir at /home/airflow/.dbt","logger":"airflow.task.hooks.airflow.providers.standard.hooks.subprocess.SubprocessHook","filename":"subprocess.py","lineno":106}
{"timestamp":"2026-07-02T11:48:53.656089Z","level":"info","event":"\u001b[0m11:48:53  Using profiles.yml file at /home/airflow/.dbt/profiles.yml","logger":"airflow.task.hooks.airflow.providers.standard.hooks.subprocess.SubprocessHook","filename":"subprocess.py","lineno":106}
{"timestamp":"2026-07-02T11:48:53.656851Z","level":"info","event":"\u001b[0m11:48:53  Using dbt_project.yml file at /opt/project/phase8/dbt/uk_housing_dbt/dbt_project.yml","logger":"airflow.task.hooks.airflow.providers.standard.hooks.subprocess.SubprocessHook","filename":"subprocess.py","lineno":106}
{"timestamp":"2026-07-02T11:48:53.660451Z","level":"info","event":"\u001b[0m11:48:53  adapter type: snowflake","logger":"airflow.task.hooks.airflow.providers.standard.hooks.subprocess.SubprocessHook","filename":"subprocess.py","lineno":106}
{"timestamp":"2026-07-02T11:48:53.660898Z","level":"info","event":"\u001b[0m11:48:53  adapter version: 1.10.5","logger":"airflow.task.hooks.airflow.providers.standard.hooks.subprocess.SubprocessHook","filename":"subprocess.py","lineno":106}
{"timestamp":"2026-07-02T11:48:53.762291Z","level":"info","event":"\u001b[0m11:48:53  Configuration:","logger":"airflow.task.hooks.airflow.providers.standard.hooks.subprocess.SubprocessHook","filename":"subprocess.py","lineno":106}
{"timestamp":"2026-07-02T11:48:53.764042Z","level":"info","event":"\u001b[0m11:48:53    profiles.yml file [\u001b[32mOK found and valid\u001b[0m]","logger":"airflow.task.hooks.airflow.providers.standard.hooks.subprocess.SubprocessHook","filename":"subprocess.py","lineno":106}
{"timestamp":"2026-07-02T11:48:53.764543Z","level":"info","event":"\u001b[0m11:48:53    dbt_project.yml file [\u001b[32mOK found and valid\u001b[0m]","logger":"airflow.task.hooks.airflow.providers.standard.hooks.subprocess.SubprocessHook","filename":"subprocess.py","lineno":106}
{"timestamp":"2026-07-02T11:48:53.765042Z","level":"info","event":"\u001b[0m11:48:53  Required dependencies:","logger":"airflow.task.hooks.airflow.providers.standard.hooks.subprocess.SubprocessHook","filename":"subprocess.py","lineno":106}
{"timestamp":"2026-07-02T11:48:53.781122Z","level":"info","event":"\u001b[0m11:48:53   - git [\u001b[32mOK found\u001b[0m]","logger":"airflow.task.hooks.airflow.providers.standard.hooks.subprocess.SubprocessHook","filename":"subprocess.py","lineno":106}
{"timestamp":"2026-07-02T11:48:53.781217Z","level":"info","event":"","logger":"airflow.task.hooks.airflow.providers.standard.hooks.subprocess.SubprocessHook","filename":"subprocess.py","lineno":106}
{"timestamp":"2026-07-02T11:48:53.781982Z","level":"info","event":"\u001b[0m11:48:53  Connection:","logger":"airflow.task.hooks.airflow.providers.standard.hooks.subprocess.SubprocessHook","filename":"subprocess.py","lineno":106}
{"timestamp":"2026-07-02T11:48:53.782432Z","level":"info","event":"\u001b[0m11:48:53    account: UGLGPMY-FW39691","logger":"airflow.task.hooks.airflow.providers.standard.hooks.subprocess.SubprocessHook","filename":"subprocess.py","lineno":106}
{"timestamp":"2026-07-02T11:48:53.782967Z","level":"info","event":"\u001b[0m11:48:53    user: BIBHRAJSAHA","logger":"airflow.task.hooks.airflow.providers.standard.hooks.subprocess.SubprocessHook","filename":"subprocess.py","lineno":106}
{"timestamp":"2026-07-02T11:48:53.783371Z","level":"info","event":"\u001b[0m11:48:53    database: UK_HOUSING_DW","logger":"airflow.task.hooks.airflow.providers.standard.hooks.subprocess.SubprocessHook","filename":"subprocess.py","lineno":106}
{"timestamp":"2026-07-02T11:48:53.783870Z","level":"info","event":"\u001b[0m11:48:53    warehouse: COMPUTE_WH","logger":"airflow.task.hooks.airflow.providers.standard.hooks.subprocess.SubprocessHook","filename":"subprocess.py","lineno":106}
{"timestamp":"2026-07-02T11:48:53.784240Z","level":"info","event":"\u001b[0m11:48:53    role: ACCOUNTADMIN","logger":"airflow.task.hooks.airflow.providers.standard.hooks.subprocess.SubprocessHook","filename":"subprocess.py","lineno":106}
{"timestamp":"2026-07-02T11:48:53.784628Z","level":"info","event":"\u001b[0m11:48:53    schema: STAGING","logger":"airflow.task.hooks.airflow.providers.standard.hooks.subprocess.SubprocessHook","filename":"subprocess.py","lineno":106}
{"timestamp":"2026-07-02T11:48:53.785054Z","level":"info","event":"\u001b[0m11:48:53    authenticator: None","logger":"airflow.task.hooks.airflow.providers.standard.hooks.subprocess.SubprocessHook","filename":"subprocess.py","lineno":106}
{"timestamp":"2026-07-02T11:48:53.785466Z","level":"info","event":"\u001b[0m11:48:53    oauth_client_id: None","logger":"airflow.task.hooks.airflow.providers.standard.hooks.subprocess.SubprocessHook","filename":"subprocess.py","lineno":106}
{"timestamp":"2026-07-02T11:48:53.785847Z","level":"info","event":"\u001b[0m11:48:53    query_tag: None","logger":"airflow.task.hooks.airflow.providers.standard.hooks.subprocess.SubprocessHook","filename":"subprocess.py","lineno":106}
{"timestamp":"2026-07-02T11:48:53.786367Z","level":"info","event":"\u001b[0m11:48:53    client_session_keep_alive: False","logger":"airflow.task.hooks.airflow.providers.standard.hooks.subprocess.SubprocessHook","filename":"subprocess.py","lineno":106}
{"timestamp":"2026-07-02T11:48:53.787296Z","level":"info","event":"\u001b[0m11:48:53    host: None","logger":"airflow.task.hooks.airflow.providers.standard.hooks.subprocess.SubprocessHook","filename":"subprocess.py","lineno":106}
{"timestamp":"2026-07-02T11:48:53.788084Z","level":"info","event":"\u001b[0m11:48:53    port: None","logger":"airflow.task.hooks.airflow.providers.standard.hooks.subprocess.SubprocessHook","filename":"subprocess.py","lineno":106}
{"timestamp":"2026-07-02T11:48:53.788685Z","level":"info","event":"\u001b[0m11:48:53    proxy_host: None","logger":"airflow.task.hooks.airflow.providers.standard.hooks.subprocess.SubprocessHook","filename":"subprocess.py","lineno":106}
{"timestamp":"2026-07-02T11:48:53.789305Z","level":"info","event":"\u001b[0m11:48:53    proxy_port: None","logger":"airflow.task.hooks.airflow.providers.standard.hooks.subprocess.SubprocessHook","filename":"subprocess.py","lineno":106}
{"timestamp":"2026-07-02T11:48:53.789885Z","level":"info","event":"\u001b[0m11:48:53    protocol: None","logger":"airflow.task.hooks.airflow.providers.standard.hooks.subprocess.SubprocessHook","filename":"subprocess.py","lineno":106}
{"timestamp":"2026-07-02T11:48:53.790393Z","level":"info","event":"\u001b[0m11:48:53    connect_retries: 1","logger":"airflow.task.hooks.airflow.providers.standard.hooks.subprocess.SubprocessHook","filename":"subprocess.py","lineno":106}
{"timestamp":"2026-07-02T11:48:53.791023Z","level":"info","event":"\u001b[0m11:48:53    connect_timeout: None","logger":"airflow.task.hooks.airflow.providers.standard.hooks.subprocess.SubprocessHook","filename":"subprocess.py","lineno":106}
{"timestamp":"2026-07-02T11:48:53.791577Z","level":"info","event":"\u001b[0m11:48:53    retry_on_database_errors: False","logger":"airflow.task.hooks.airflow.providers.standard.hooks.subprocess.SubprocessHook","filename":"subprocess.py","lineno":106}
{"timestamp":"2026-07-02T11:48:53.792127Z","level":"info","event":"\u001b[0m11:48:53    retry_all: False","logger":"airflow.task.hooks.airflow.providers.standard.hooks.subprocess.SubprocessHook","filename":"subprocess.py","lineno":106}
{"timestamp":"2026-07-02T11:48:53.792587Z","level":"info","event":"\u001b[0m11:48:53    insecure_mode: False","logger":"airflow.task.hooks.airflow.providers.standard.hooks.subprocess.SubprocessHook","filename":"subprocess.py","lineno":106}
{"timestamp":"2026-07-02T11:48:53.793056Z","level":"info","event":"\u001b[0m11:48:53    reuse_connections: True","logger":"airflow.task.hooks.airflow.providers.standard.hooks.subprocess.SubprocessHook","filename":"subprocess.py","lineno":106}
{"timestamp":"2026-07-02T11:48:53.793546Z","level":"info","event":"\u001b[0m11:48:53    s3_stage_vpce_dns_name: None","logger":"airflow.task.hooks.airflow.providers.standard.hooks.subprocess.SubprocessHook","filename":"subprocess.py","lineno":106}
{"timestamp":"2026-07-02T11:48:53.794048Z","level":"info","event":"\u001b[0m11:48:53    platform_detection_timeout_seconds: 0.0","logger":"airflow.task.hooks.airflow.providers.standard.hooks.subprocess.SubprocessHook","filename":"subprocess.py","lineno":106}
{"timestamp":"2026-07-02T11:48:53.794767Z","level":"info","event":"\u001b[0m11:48:53  Registered adapter: snowflake=1.10.5","logger":"airflow.task.hooks.airflow.providers.standard.hooks.subprocess.SubprocessHook","filename":"subprocess.py","lineno":106}
{"timestamp":"2026-07-02T11:48:55.174008Z","level":"info","event":"\u001b[0m11:48:55    Connection test: [\u001b[32mOK connection ok\u001b[0m]","logger":"airflow.task.hooks.airflow.providers.standard.hooks.subprocess.SubprocessHook","filename":"subprocess.py","lineno":106}
{"timestamp":"2026-07-02T11:48:55.174417Z","level":"info","event":"","logger":"airflow.task.hooks.airflow.providers.standard.hooks.subprocess.SubprocessHook","filename":"subprocess.py","lineno":106}
{"timestamp":"2026-07-02T11:48:55.175095Z","level":"info","event":"\u001b[0m11:48:55  \u001b[32mAll checks passed!\u001b[0m","logger":"airflow.task.hooks.airflow.providers.standard.hooks.subprocess.SubprocessHook","filename":"subprocess.py","lineno":106}
{"timestamp":"2026-07-02T11:48:59.620950Z","level":"info","event":"\u001b[0m11:48:59  Running with dbt=1.11.11","logger":"airflow.task.hooks.airflow.providers.standard.hooks.subprocess.SubprocessHook","filename":"subprocess.py","lineno":106}
{"timestamp":"2026-07-02T11:48:59.786775Z","level":"info","event":"\u001b[0m11:48:59  Warning: No packages were found in packages.yml","logger":"airflow.task.hooks.airflow.providers.standard.hooks.subprocess.SubprocessHook","filename":"subprocess.py","lineno":106}
{"timestamp":"2026-07-02T11:48:59.789009Z","level":"info","event":"\u001b[0m11:48:59  Warning: No packages were found in packages.yml","logger":"airflow.task.hooks.airflow.providers.standard.hooks.subprocess.SubprocessHook","filename":"subprocess.py","lineno":106}
{"timestamp":"2026-07-02T11:49:03.653018Z","level":"info","event":"\u001b[0m11:49:03  Running with dbt=1.11.11","logger":"airflow.task.hooks.airflow.providers.standard.hooks.subprocess.SubprocessHook","filename":"subprocess.py","lineno":106}
{"timestamp":"2026-07-02T11:49:04.475511Z","level":"info","event":"\u001b[0m11:49:04  Registered adapter: snowflake=1.10.5","logger":"airflow.task.hooks.airflow.providers.standard.hooks.subprocess.SubprocessHook","filename":"subprocess.py","lineno":106}
{"timestamp":"2026-07-02T11:49:04.999687Z","level":"info","event":"\u001b[0m11:49:04  Found 36 models, 51 data tests, 14 sources, 520 macros","logger":"airflow.task.hooks.airflow.providers.standard.hooks.subprocess.SubprocessHook","filename":"subprocess.py","lineno":106}
{"timestamp":"2026-07-02T11:49:05.009591Z","level":"info","event":"\u001b[0m11:49:05","logger":"airflow.task.hooks.airflow.providers.standard.hooks.subprocess.SubprocessHook","filename":"subprocess.py","lineno":106}
{"timestamp":"2026-07-02T11:49:05.010367Z","level":"info","event":"\u001b[0m11:49:05  Concurrency: 4 threads (target='dev')","logger":"airflow.task.hooks.airflow.providers.standard.hooks.subprocess.SubprocessHook","filename":"subprocess.py","lineno":106}
{"timestamp":"2026-07-02T11:49:05.011986Z","level":"info","event":"\u001b[0m11:49:05","logger":"airflow.task.hooks.airflow.providers.standard.hooks.subprocess.SubprocessHook","filename":"subprocess.py","lineno":106}
{"timestamp":"2026-07-02T11:49:06.679208Z","level":"info","event":"\u001b[0m11:49:06  1 of 87 START sql view model STAGING.stg_crime_scores .......................... [RUN]","logger":"airflow.task.hooks.airflow.providers.standard.hooks.subprocess.SubprocessHook","filename":"subprocess.py","lineno":106}
{"timestamp":"2026-07-02T11:49:06.680557Z","level":"info","event":"\u001b[0m11:49:06  2 of 87 START sql view model STAGING.stg_growth_scores ......................... [RUN]","logger":"airflow.task.hooks.airflow.providers.standard.hooks.subprocess.SubprocessHook","filename":"subprocess.py","lineno":106}
{"timestamp":"2026-07-02T11:49:06.680616Z","level":"info","event":"\u001b[0m11:49:06  3 of 87 START sql view model STAGING.stg_healthcare_intelligence ............... [RUN]","logger":"airflow.task.hooks.airflow.providers.standard.hooks.subprocess.SubprocessHook","filename":"subprocess.py","lineno":106}
{"timestamp":"2026-07-02T11:49:06.680668Z","level":"info","event":"\u001b[0m11:49:06  4 of 87 START sql view model STAGING.stg_historical_housing_trends ............. [RUN]","logger":"airflow.task.hooks.airflow.providers.standard.hooks.subprocess.SubprocessHook","filename":"subprocess.py","lineno":106}
{"timestamp":"2026-07-02T11:49:07.142120Z","level":"info","event":"\u001b[0m11:49:07  1 of 87 OK created sql view model STAGING.stg_crime_scores ..................... [\u001b[32mSUCCESS 1\u001b[0m in 0.45s]","logger":"airflow.task.hooks.airflow.providers.standard.hooks.subprocess.SubprocessHook","filename":"subprocess.py","lineno":106}
{"timestamp":"2026-07-02T11:49:07.143051Z","level":"info","event":"\u001b[0m11:49:07  3 of 87 OK created sql view model STAGING.stg_healthcare_intelligence .......... [\u001b[32mSUCCESS 1\u001b[0m in 0.45s]","logger":"airflow.task.hooks.airflow.providers.standard.hooks.subprocess.SubprocessHook","filename":"subprocess.py","lineno":106}
{"timestamp":"2026-07-02T11:49:07.143749Z","level":"info","event":"\u001b[0m11:49:07  2 of 87 OK created sql view model STAGING.stg_growth_scores .................... [\u001b[32mSUCCESS 1\u001b[0m in 0.45s]","logger":"airflow.task.hooks.airflow.providers.standard.hooks.subprocess.SubprocessHook","filename":"subprocess.py","lineno":106}
{"timestamp":"2026-07-02T11:49:07.145088Z","level":"info","event":"\u001b[0m11:49:07  4 of 87 OK created sql view model STAGING.stg_historical_housing_trends ........ [\u001b[32mSUCCESS 1\u001b[0m in 0.46s]","logger":"airflow.task.hooks.airflow.providers.standard.hooks.subprocess.SubprocessHook","filename":"subprocess.py","lineno":106}
{"timestamp":"2026-07-02T11:49:07.148955Z","level":"info","event":"\u001b[0m11:49:07  5 of 87 START sql view model STAGING.stg_housing_intelligence .................. [RUN]","logger":"airflow.task.hooks.airflow.providers.standard.hooks.subprocess.SubprocessHook","filename":"subprocess.py","lineno":106}
{"timestamp":"2026-07-02T11:49:07.149970Z","level":"info","event":"\u001b[0m11:49:07  6 of 87 START sql view model STAGING.stg_investment_scores ..................... [RUN]","logger":"airflow.task.hooks.airflow.providers.standard.hooks.subprocess.SubprocessHook","filename":"subprocess.py","lineno":106}
{"timestamp":"2026-07-02T11:49:07.150548Z","level":"info","event":"\u001b[0m11:49:07  7 of 87 START sql view model STAGING.stg_local_authority_trends ................ [RUN]","logger":"airflow.task.hooks.airflow.providers.standard.hooks.subprocess.SubprocessHook","filename":"subprocess.py","lineno":106}
{"timestamp":"2026-07-02T11:49:07.151506Z","level":"info","event":"\u001b[0m11:49:07  8 of 87 START sql view model STAGING.stg_location_intelligence ................. [RUN]","logger":"airflow.task.hooks.airflow.providers.standard.hooks.subprocess.SubprocessHook","filename":"subprocess.py","lineno":106}
{"timestamp":"2026-07-02T11:49:07.531927Z","level":"info","event":"\u001b[0m11:49:07  7 of 87 OK created sql view model STAGING.stg_local_authority_trends ........... [\u001b[32mSUCCESS 1\u001b[0m in 0.38s]","logger":"airflow.task.hooks.airflow.providers.standard.hooks.subprocess.SubprocessHook","filename":"subprocess.py","lineno":106}
{"timestamp":"2026-07-02T11:49:07.532577Z","level":"info","event":"\u001b[0m11:49:07  8 of 87 OK created sql view model STAGING.stg_location_intelligence ............ [\u001b[32mSUCCESS 1\u001b[0m in 0.38s]","logger":"airflow.task.hooks.airflow.providers.standard.hooks.subprocess.SubprocessHook","filename":"subprocess.py","lineno":106}
{"timestamp":"2026-07-02T11:49:07.535989Z","level":"info","event":"\u001b[0m11:49:07  9 of 87 START sql view model STAGING.stg_opportunity_explorer .................. [RUN]","logger":"airflow.task.hooks.airflow.providers.standard.hooks.subprocess.SubprocessHook","filename":"subprocess.py","lineno":106}
{"timestamp":"2026-07-02T11:49:07.536570Z","level":"info","event":"\u001b[0m11:49:07  10 of 87 START sql view model STAGING.stg_rankings ............................. [RUN]","logger":"airflow.task.hooks.airflow.providers.standard.hooks.subprocess.SubprocessHook","filename":"subprocess.py","lineno":106}
{"timestamp":"2026-07-02T11:49:07.557344Z","level":"info","event":"\u001b[0m11:49:07  6 of 87 OK created sql view model STAGING.stg_investment_scores ................ [\u001b[32mSUCCESS 1\u001b[0m in 0.40s]","logger":"airflow.task.hooks.airflow.providers.standard.hooks.subprocess.SubprocessHook","filename":"subprocess.py","lineno":106}
{"timestamp":"2026-07-02T11:49:07.558341Z","level":"info","event":"\u001b[0m11:49:07  5 of 87 OK created sql view model STAGING.stg_housing_intelligence ............. [\u001b[32mSUCCESS 1\u001b[0m in 0.41s]","logger":"airflow.task.hooks.airflow.providers.standard.hooks.subprocess.SubprocessHook","filename":"subprocess.py","lineno":106}
{"timestamp":"2026-07-02T11:49:07.567012Z","level":"info","event":"\u001b[0m11:49:07  11 of 87 START sql view model STAGING.stg_regional_housing_trends .............. [RUN]","logger":"airflow.task.hooks.airflow.providers.standard.hooks.subprocess.SubprocessHook","filename":"subprocess.py","lineno":106}
{"timestamp":"2026-07-02T11:49:07.567622Z","level":"info","event":"\u001b[0m11:49:07  12 of 87 START sql view model STAGING.stg_regional_intelligence ................ [RUN]","logger":"airflow.task.hooks.airflow.providers.standard.hooks.subprocess.SubprocessHook","filename":"subprocess.py","lineno":106}
{"timestamp":"2026-07-02T11:49:07.895715Z","level":"info","event":"\u001b[0m11:49:07  10 of 87 OK created sql view model STAGING.stg_rankings ........................ [\u001b[32mSUCCESS 1\u001b[0m in 0.36s]","logger":"airflow.task.hooks.airflow.providers.standard.hooks.subprocess.SubprocessHook","filename":"subprocess.py","lineno":106}
{"timestamp":"2026-07-02T11:49:07.897380Z","level":"info","event":"\u001b[0m11:49:07  13 of 87 START sql view model STAGING.stg_school_intelligence .................. [RUN]","logger":"airflow.task.hooks.airflow.providers.standard.hooks.subprocess.SubprocessHook","filename":"subprocess.py","lineno":106}
{"timestamp":"2026-07-02T11:49:07.906193Z","level":"info","event":"\u001b[0m11:49:07  12 of 87 OK created sql view model STAGING.stg_regional_intelligence ........... [\u001b[32mSUCCESS 1\u001b[0m in 0.34s]","logger":"airflow.task.hooks.airflow.providers.standard.hooks.subprocess.SubprocessHook","filename":"subprocess.py","lineno":106}
{"timestamp":"2026-07-02T11:49:07.913255Z","level":"info","event":"\u001b[0m11:49:07  11 of 87 OK created sql view model STAGING.stg_regional_housing_trends ......... [\u001b[32mSUCCESS 1\u001b[0m in 0.34s]","logger":"airflow.task.hooks.airflow.providers.standard.hooks.subprocess.SubprocessHook","filename":"subprocess.py","lineno":106}
{"timestamp":"2026-07-02T11:49:07.918564Z","level":"info","event":"\u001b[0m11:49:07  14 of 87 START sql view model STAGING.stg_transport_intelligence ............... [RUN]","logger":"airflow.task.hooks.airflow.providers.standard.hooks.subprocess.SubprocessHook","filename":"subprocess.py","lineno":106}
{"timestamp":"2026-07-02T11:49:07.920091Z","level":"info","event":"\u001b[0m11:49:07  9 of 87 OK created sql view model STAGING.stg_opportunity_explorer ............. [\u001b[32mSUCCESS 1\u001b[0m in 0.38s]","logger":"airflow.task.hooks.airflow.providers.standard.hooks.subprocess.SubprocessHook","filename":"subprocess.py","lineno":106}
{"timestamp":"2026-07-02T11:49:07.923547Z","level":"info","event":"\u001b[0m11:49:07  15 of 87 START sql table model dimensions.dim_date ............................. [RUN]","logger":"airflow.task.hooks.airflow.providers.standard.hooks.subprocess.SubprocessHook","filename":"subprocess.py","lineno":106}
{"timestamp":"2026-07-02T11:49:07.928939Z","level":"info","event":"\u001b[0m11:49:07  16 of 87 START sql view model intermediate.int_housing_trends .................. [RUN]","logger":"airflow.task.hooks.airflow.providers.standard.hooks.subprocess.SubprocessHook","filename":"subprocess.py","lineno":106}
{"timestamp":"2026-07-02T11:49:08.293543Z","level":"info","event":"\u001b[0m11:49:08  13 of 87 OK created sql view model STAGING.stg_school_intelligence ............. [\u001b[32mSUCCESS 1\u001b[0m in 0.39s]","logger":"airflow.task.hooks.airflow.providers.standard.hooks.subprocess.SubprocessHook","filename":"subprocess.py","lineno":106}
{"timestamp":"2026-07-02T11:49:08.297071Z","level":"info","event":"\u001b[0m11:49:08  17 of 87 START sql view model intermediate.int_local_authority_trends .......... [RUN]","logger":"airflow.task.hooks.airflow.providers.standard.hooks.subprocess.SubprocessHook","filename":"subprocess.py","lineno":106}
{"timestamp":"2026-07-02T11:49:08.300429Z","level":"info","event":"\u001b[0m11:49:08  14 of 87 OK created sql view model STAGING.stg_transport_intelligence .......... [\u001b[32mSUCCESS 1\u001b[0m in 0.38s]","logger":"airflow.task.hooks.airflow.providers.standard.hooks.subprocess.SubprocessHook","filename":"subprocess.py","lineno":106}
{"timestamp":"2026-07-02T11:49:08.306000Z","level":"info","event":"\u001b[0m11:49:08  18 of 87 START sql table model dimensions.dim_country .......................... [RUN]","logger":"airflow.task.hooks.airflow.providers.standard.hooks.subprocess.SubprocessHook","filename":"subprocess.py","lineno":106}
{"timestamp":"2026-07-02T11:49:08.318104Z","level":"info","event":"\u001b[0m11:49:08  16 of 87 OK created sql view model intermediate.int_housing_trends ............. [\u001b[32mSUCCESS 1\u001b[0m in 0.39s]","logger":"airflow.task.hooks.airflow.providers.standard.hooks.subprocess.SubprocessHook","filename":"subprocess.py","lineno":106}
{"timestamp":"2026-07-02T11:49:08.321600Z","level":"info","event":"\u001b[0m11:49:08  19 of 87 START sql table model dimensions.dim_local_authority .................. [RUN]","logger":"airflow.task.hooks.airflow.providers.standard.hooks.subprocess.SubprocessHook","filename":"subprocess.py","lineno":106}
{"timestamp":"2026-07-02T11:49:08.677335Z","level":"info","event":"\u001b[0m11:49:08  17 of 87 OK created sql view model intermediate.int_local_authority_trends ..... [\u001b[32mSUCCESS 1\u001b[0m in 0.38s]","logger":"airflow.task.hooks.airflow.providers.standard.hooks.subprocess.SubprocessHook","filename":"subprocess.py","lineno":106}
{"timestamp":"2026-07-02T11:49:08.680928Z","level":"info","event":"\u001b[0m11:49:08  20 of 87 START sql table model dimensions.dim_location ......................... [RUN]","logger":"airflow.task.hooks.airflow.providers.standard.hooks.subprocess.SubprocessHook","filename":"subprocess.py","lineno":106}
{"timestamp":"2026-07-02T11:49:09.100470Z","level":"info","event":"\u001b[0m11:49:09  15 of 87 OK created sql table model dimensions.dim_date ........................ [\u001b[32mSUCCESS 1\u001b[0m in 1.17s]","logger":"airflow.task.hooks.airflow.providers.standard.hooks.subprocess.SubprocessHook","filename":"subprocess.py","lineno":106}
{"timestamp":"2026-07-02T11:49:09.102395Z","level":"info","event":"\u001b[0m11:49:09  21 of 87 START sql table model dimensions.dim_region ........................... [RUN]","logger":"airflow.task.hooks.airflow.providers.standard.hooks.subprocess.SubprocessHook","filename":"subprocess.py","lineno":106}
{"timestamp":"2026-07-02T11:49:09.154806Z","level":"info","event":"\u001b[0m11:49:09  18 of 87 OK created sql table model dimensions.dim_country ..................... [\u001b[32mSUCCESS 1\u001b[0m in 0.85s]","logger":"airflow.task.hooks.airflow.providers.standard.hooks.subprocess.SubprocessHook","filename":"subprocess.py","lineno":106}
{"timestamp":"2026-07-02T11:49:09.159024Z","level":"info","event":"\u001b[0m11:49:09  19 of 87 OK created sql table model dimensions.dim_local_authority ............. [\u001b[32mSUCCESS 1\u001b[0m in 0.83s]","logger":"airflow.task.hooks.airflow.providers.standard.hooks.subprocess.SubprocessHook","filename":"subprocess.py","lineno":106}
{"timestamp":"2026-07-02T11:49:09.159696Z","level":"info","event":"\u001b[0m11:49:09  22 of 87 START sql view model intermediate.int_housing_scores .................. [RUN]","logger":"airflow.task.hooks.airflow.providers.standard.hooks.subprocess.SubprocessHook","filename":"subprocess.py","lineno":106}
{"timestamp":"2026-07-02T11:49:09.162278Z","level":"info","event":"\u001b[0m11:49:09  23 of 87 START sql view model intermediate.int_regional_trends ................. [RUN]","logger":"airflow.task.hooks.airflow.providers.standard.hooks.subprocess.SubprocessHook","filename":"subprocess.py","lineno":106}
{"timestamp":"2026-07-02T11:49:09.615542Z","level":"info","event":"\u001b[0m11:49:09  20 of 87 OK created sql table model dimensions.dim_location .................... [\u001b[32mSUCCESS 1\u001b[0m in 0.93s]","logger":"airflow.task.hooks.airflow.providers.standard.hooks.subprocess.SubprocessHook","filename":"subprocess.py","lineno":106}
{"timestamp":"2026-07-02T11:49:09.618998Z","level":"info","event":"\u001b[0m11:49:09  23 of 87 OK created sql view model intermediate.int_regional_trends ............ [\u001b[32mSUCCESS 1\u001b[0m in 0.45s]","logger":"airflow.task.hooks.airflow.providers.standard.hooks.subprocess.SubprocessHook","filename":"subprocess.py","lineno":106}
{"timestamp":"2026-07-02T11:49:09.620478Z","level":"info","event":"\u001b[0m11:49:09  22 of 87 OK created sql view model intermediate.int_housing_scores ............. [\u001b[32mSUCCESS 1\u001b[0m in 0.46s]","logger":"airflow.task.hooks.airflow.providers.standard.hooks.subprocess.SubprocessHook","filename":"subprocess.py","lineno":106}
{"timestamp":"2026-07-02T11:49:09.623262Z","level":"info","event":"\u001b[0m11:49:09  24 of 87 START test not_null_dim_date_date_key ................................. [RUN]","logger":"airflow.task.hooks.airflow.providers.standard.hooks.subprocess.SubprocessHook","filename":"subprocess.py","lineno":106}
{"timestamp":"2026-07-02T11:49:09.624266Z","level":"info","event":"\u001b[0m11:49:09  25 of 87 START test not_null_dim_date_month .................................... [RUN]","logger":"airflow.task.hooks.airflow.providers.standard.hooks.subprocess.SubprocessHook","filename":"subprocess.py","lineno":106}
{"timestamp":"2026-07-02T11:49:09.625250Z","level":"info","event":"\u001b[0m11:49:09  26 of 87 START test not_null_dim_date_year ..................................... [RUN]","logger":"airflow.task.hooks.airflow.providers.standard.hooks.subprocess.SubprocessHook","filename":"subprocess.py","lineno":106}
{"timestamp":"2026-07-02T11:49:09.803640Z","level":"info","event":"\u001b[0m11:49:09  21 of 87 OK created sql table model dimensions.dim_region ...................... [\u001b[32mSUCCESS 1\u001b[0m in 0.70s]","logger":"airflow.task.hooks.airflow.providers.standard.hooks.subprocess.SubprocessHook","filename":"subprocess.py","lineno":106}
{"timestamp":"2026-07-02T11:49:09.805330Z","level":"info","event":"\u001b[0m11:49:09  27 of 87 START test unique_dim_date_date_key ................................... [RUN]","logger":"airflow.task.hooks.airflow.providers.standard.hooks.subprocess.SubprocessHook","filename":"subprocess.py","lineno":106}
{"timestamp":"2026-07-02T11:49:09.947647Z","level":"info","event":"\u001b[0m11:49:09  25 of 87 PASS not_null_dim_date_month .......................................... [\u001b[32mPASS\u001b[0m in 0.32s]","logger":"airflow.task.hooks.airflow.providers.standard.hooks.subprocess.SubprocessHook","filename":"subprocess.py","lineno":106}
{"timestamp":"2026-07-02T11:49:09.953629Z","level":"info","event":"\u001b[0m11:49:09  26 of 87 PASS not_null_dim_date_year ........................................... [\u001b[32mPASS\u001b[0m in 0.33s]","logger":"airflow.task.hooks.airflow.providers.standard.hooks.subprocess.SubprocessHook","filename":"subprocess.py","lineno":106}
{"timestamp":"2026-07-02T11:49:09.954598Z","level":"info","event":"\u001b[0m11:49:09  28 of 87 START test not_null_dim_country_country ............................... [RUN]","logger":"airflow.task.hooks.airflow.providers.standard.hooks.subprocess.SubprocessHook","filename":"subprocess.py","lineno":106}
{"timestamp":"2026-07-02T11:49:09.958882Z","level":"info","event":"\u001b[0m11:49:09  24 of 87 PASS not_null_dim_date_date_key ....................................... [\u001b[32mPASS\u001b[0m in 0.33s]","logger":"airflow.task.hooks.airflow.providers.standard.hooks.subprocess.SubprocessHook","filename":"subprocess.py","lineno":106}
{"timestamp":"2026-07-02T11:49:09.961031Z","level":"info","event":"\u001b[0m11:49:09  29 of 87 START test not_null_dim_country_country_key ........................... [RUN]","logger":"airflow.task.hooks.airflow.providers.standard.hooks.subprocess.SubprocessHook","filename":"subprocess.py","lineno":106}
{"timestamp":"2026-07-02T11:49:09.967273Z","level":"info","event":"\u001b[0m11:49:09  30 of 87 START test unique_dim_country_country ................................. [RUN]","logger":"airflow.task.hooks.airflow.providers.standard.hooks.subprocess.SubprocessHook","filename":"subprocess.py","lineno":106}
{"timestamp":"2026-07-02T11:49:10.045219Z","level":"info","event":"\u001b[0m11:49:10  27 of 87 PASS unique_dim_date_date_key ......................................... [\u001b[32mPASS\u001b[0m in 0.24s]","logger":"airflow.task.hooks.airflow.providers.standard.hooks.subprocess.SubprocessHook","filename":"subprocess.py","lineno":106}
{"timestamp":"2026-07-02T11:49:10.049862Z","level":"info","event":"\u001b[0m11:49:10  31 of 87 START test unique_dim_country_country_key ............................. [RUN]","logger":"airflow.task.hooks.airflow.providers.standard.hooks.subprocess.SubprocessHook","filename":"subprocess.py","lineno":106}
{"timestamp":"2026-07-02T11:49:10.293169Z","level":"info","event":"\u001b[0m11:49:10  28 of 87 PASS not_null_dim_country_country ..................................... [\u001b[32mPASS\u001b[0m in 0.34s]","logger":"airflow.task.hooks.airflow.providers.standard.hooks.subprocess.SubprocessHook","filename":"subprocess.py","lineno":106}
{"timestamp":"2026-07-02T11:49:10.295412Z","level":"info","event":"\u001b[0m11:49:10  29 of 87 PASS not_null_dim_country_country_key ................................. [\u001b[32mPASS\u001b[0m in 0.33s]","logger":"airflow.task.hooks.airflow.providers.standard.hooks.subprocess.SubprocessHook","filename":"subprocess.py","lineno":106}
{"timestamp":"2026-07-02T11:49:10.298537Z","level":"info","event":"\u001b[0m11:49:10  32 of 87 START test not_null_dim_local_authority_lad_code ...................... [RUN]","logger":"airflow.task.hooks.airflow.providers.standard.hooks.subprocess.SubprocessHook","filename":"subprocess.py","lineno":106}
{"timestamp":"2026-07-02T11:49:10.299127Z","level":"info","event":"\u001b[0m11:49:10  33 of 87 START test not_null_dim_local_authority_local_authority_key ........... [RUN]","logger":"airflow.task.hooks.airflow.providers.standard.hooks.subprocess.SubprocessHook","filename":"subprocess.py","lineno":106}
{"timestamp":"2026-07-02T11:49:10.338931Z","level":"info","event":"\u001b[0m11:49:10  30 of 87 PASS unique_dim_country_country ....................................... [\u001b[32mPASS\u001b[0m in 0.37s]","logger":"airflow.task.hooks.airflow.providers.standard.hooks.subprocess.SubprocessHook","filename":"subprocess.py","lineno":106}
{"timestamp":"2026-07-02T11:49:10.340560Z","level":"info","event":"\u001b[0m11:49:10  34 of 87 START test unique_dim_local_authority_lad_code ........................ [RUN]","logger":"airflow.task.hooks.airflow.providers.standard.hooks.subprocess.SubprocessHook","filename":"subprocess.py","lineno":106}
{"timestamp":"2026-07-02T11:49:10.347987Z","level":"info","event":"\u001b[0m11:49:10  31 of 87 PASS unique_dim_country_country_key ................................... [\u001b[32mPASS\u001b[0m in 0.30s]","logger":"airflow.task.hooks.airflow.providers.standard.hooks.subprocess.SubprocessHook","filename":"subprocess.py","lineno":106}
{"timestamp":"2026-07-02T11:49:10.349491Z","level":"info","event":"\u001b[0m11:49:10  35 of 87 START test unique_dim_local_authority_local_authority_key ............. [RUN]","logger":"airflow.task.hooks.airflow.providers.standard.hooks.subprocess.SubprocessHook","filename":"subprocess.py","lineno":106}
{"timestamp":"2026-07-02T11:49:10.578955Z","level":"info","event":"\u001b[0m11:49:10  32 of 87 PASS not_null_dim_local_authority_lad_code ............................ [\u001b[32mPASS\u001b[0m in 0.28s]","logger":"airflow.task.hooks.airflow.providers.standard.hooks.subprocess.SubprocessHook","filename":"subprocess.py","lineno":106}
{"timestamp":"2026-07-02T11:49:10.583072Z","level":"info","event":"\u001b[0m11:49:10  33 of 87 PASS not_null_dim_local_authority_local_authority_key ................. [\u001b[32mPASS\u001b[0m in 0.28s]","logger":"airflow.task.hooks.airflow.providers.standard.hooks.subprocess.SubprocessHook","filename":"subprocess.py","lineno":106}
{"timestamp":"2026-07-02T11:49:10.583579Z","level":"info","event":"\u001b[0m11:49:10  36 of 87 START test not_null_dim_location_location_key ......................... [RUN]","logger":"airflow.task.hooks.airflow.providers.standard.hooks.subprocess.SubprocessHook","filename":"subprocess.py","lineno":106}
{"timestamp":"2026-07-02T11:49:10.586045Z","level":"info","event":"\u001b[0m11:49:10  37 of 87 START test not_null_dim_location_lsoa_code ............................ [RUN]","logger":"airflow.task.hooks.airflow.providers.standard.hooks.subprocess.SubprocessHook","filename":"subprocess.py","lineno":106}
{"timestamp":"2026-07-02T11:49:10.598510Z","level":"info","event":"\u001b[0m11:49:10  34 of 87 PASS unique_dim_local_authority_lad_code .............................. [\u001b[32mPASS\u001b[0m in 0.26s]","logger":"airflow.task.hooks.airflow.providers.standard.hooks.subprocess.SubprocessHook","filename":"subprocess.py","lineno":106}
{"timestamp":"2026-07-02T11:49:10.602820Z","level":"info","event":"\u001b[0m11:49:10  38 of 87 START test unique_dim_location_location_key ........................... [RUN]","logger":"airflow.task.hooks.airflow.providers.standard.hooks.subprocess.SubprocessHook","filename":"subprocess.py","lineno":106}
{"timestamp":"2026-07-02T11:49:10.667062Z","level":"info","event":"\u001b[0m11:49:10  35 of 87 PASS unique_dim_local_authority_local_authority_key ................... [\u001b[32mPASS\u001b[0m in 0.32s]","logger":"airflow.task.hooks.airflow.providers.standard.hooks.subprocess.SubprocessHook","filename":"subprocess.py","lineno":106}
{"timestamp":"2026-07-02T11:49:10.668559Z","level":"info","event":"\u001b[0m11:49:10  39 of 87 START test unique_dim_location_lsoa_code .............................. [RUN]","logger":"airflow.task.hooks.airflow.providers.standard.hooks.subprocess.SubprocessHook","filename":"subprocess.py","lineno":106}
{"timestamp":"2026-07-02T11:49:10.882814Z","level":"info","event":"\u001b[0m11:49:10  36 of 87 PASS not_null_dim_location_location_key ............................... [\u001b[32mPASS\u001b[0m in 0.30s]","logger":"airflow.task.hooks.airflow.providers.standard.hooks.subprocess.SubprocessHook","filename":"subprocess.py","lineno":106}
{"timestamp":"2026-07-02T11:49:10.888678Z","level":"info","event":"\u001b[0m11:49:10  37 of 87 PASS not_null_dim_location_lsoa_code .................................. [\u001b[32mPASS\u001b[0m in 0.30s]","logger":"airflow.task.hooks.airflow.providers.standard.hooks.subprocess.SubprocessHook","filename":"subprocess.py","lineno":106}
{"timestamp":"2026-07-02T11:49:10.889308Z","level":"info","event":"\u001b[0m11:49:10  40 of 87 START test not_null_dim_region_region ................................. [RUN]","logger":"airflow.task.hooks.airflow.providers.standard.hooks.subprocess.SubprocessHook","filename":"subprocess.py","lineno":106}
{"timestamp":"2026-07-02T11:49:10.893883Z","level":"info","event":"\u001b[0m11:49:10  41 of 87 START test not_null_dim_region_region_key ............................. [RUN]","logger":"airflow.task.hooks.airflow.providers.standard.hooks.subprocess.SubprocessHook","filename":"subprocess.py","lineno":106}
{"timestamp":"2026-07-02T11:49:10.896171Z","level":"info","event":"\u001b[0m11:49:10  38 of 87 PASS unique_dim_location_location_key ................................. [\u001b[32mPASS\u001b[0m in 0.29s]","logger":"airflow.task.hooks.airflow.providers.standard.hooks.subprocess.SubprocessHook","filename":"subprocess.py","lineno":106}
{"timestamp":"2026-07-02T11:49:10.906858Z","level":"info","event":"\u001b[0m11:49:10  42 of 87 START test unique_dim_region_region ................................... [RUN]","logger":"airflow.task.hooks.airflow.providers.standard.hooks.subprocess.SubprocessHook","filename":"subprocess.py","lineno":106}
{"timestamp":"2026-07-02T11:49:10.978014Z","level":"info","event":"\u001b[0m11:49:10  39 of 87 PASS unique_dim_location_lsoa_code .................................... [\u001b[32mPASS\u001b[0m in 0.31s]","logger":"airflow.task.hooks.airflow.providers.standard.hooks.subprocess.SubprocessHook","filename":"subprocess.py","lineno":106}
{"timestamp":"2026-07-02T11:49:10.979362Z","level":"info","event":"\u001b[0m11:49:10  43 of 87 START test unique_dim_region_region_key ............................... [RUN]","logger":"airflow.task.hooks.airflow.providers.standard.hooks.subprocess.SubprocessHook","filename":"subprocess.py","lineno":106}
{"timestamp":"2026-07-02T11:49:11.187875Z","level":"info","event":"\u001b[0m11:49:11  40 of 87 PASS not_null_dim_region_region ....................................... [\u001b[32mPASS\u001b[0m in 0.30s]","logger":"airflow.task.hooks.airflow.providers.standard.hooks.subprocess.SubprocessHook","filename":"subprocess.py","lineno":106}
{"timestamp":"2026-07-02T11:49:11.194050Z","level":"info","event":"\u001b[0m11:49:11  41 of 87 PASS not_null_dim_region_region_key ................................... [\u001b[32mPASS\u001b[0m in 0.29s]","logger":"airflow.task.hooks.airflow.providers.standard.hooks.subprocess.SubprocessHook","filename":"subprocess.py","lineno":106}
{"timestamp":"2026-07-02T11:49:11.211573Z","level":"info","event":"\u001b[0m11:49:11  42 of 87 PASS unique_dim_region_region ......................................... [\u001b[32mPASS\u001b[0m in 0.30s]","logger":"airflow.task.hooks.airflow.providers.standard.hooks.subprocess.SubprocessHook","filename":"subprocess.py","lineno":106}
{"timestamp":"2026-07-02T11:49:11.213731Z","level":"info","event":"\u001b[0m11:49:11  43 of 87 PASS unique_dim_region_region_key ..................................... [\u001b[32mPASS\u001b[0m in 0.23s]","logger":"airflow.task.hooks.airflow.providers.standard.hooks.subprocess.SubprocessHook","filename":"subprocess.py","lineno":106}
{"timestamp":"2026-07-02T11:49:11.219199Z","level":"info","event":"\u001b[0m11:49:11  44 of 87 START sql table model marts.fct_housing_intelligence .................. [RUN]","logger":"airflow.task.hooks.airflow.providers.standard.hooks.subprocess.SubprocessHook","filename":"subprocess.py","lineno":106}
{"timestamp":"2026-07-02T11:49:11.220386Z","level":"info","event":"\u001b[0m11:49:11  45 of 87 START sql table model marts.fct_housing_trends ........................ [RUN]","logger":"airflow.task.hooks.airflow.providers.standard.hooks.subprocess.SubprocessHook","filename":"subprocess.py","lineno":106}
{"timestamp":"2026-07-02T11:49:11.221013Z","level":"info","event":"\u001b[0m11:49:11  46 of 87 START sql table model marts.fct_local_authority_trends ................ [RUN]","logger":"airflow.task.hooks.airflow.providers.standard.hooks.subprocess.SubprocessHook","filename":"subprocess.py","lineno":106}
{"timestamp":"2026-07-02T11:49:11.222259Z","level":"info","event":"\u001b[0m11:49:11  47 of 87 START sql table model marts.fct_regional_trends ....................... [RUN]","logger":"airflow.task.hooks.airflow.providers.standard.hooks.subprocess.SubprocessHook","filename":"subprocess.py","lineno":106}
{"timestamp":"2026-07-02T11:49:14.019897Z","level":"info","event":"\u001b[0m11:49:14  47 of 87 OK created sql table model marts.fct_regional_trends .................. [\u001b[32mSUCCESS 1\u001b[0m in 0.96s]","logger":"airflow.task.hooks.airflow.providers.standard.hooks.subprocess.SubprocessHook","filename":"subprocess.py","lineno":106}
{"timestamp":"2026-07-02T11:49:14.026342Z","level":"info","event":"\u001b[0m11:49:14  44 of 87 OK created sql table model marts.fct_housing_intelligence ............. [\u001b[32mSUCCESS 1\u001b[0m in 0.98s]","logger":"airflow.task.hooks.airflow.providers.standard.hooks.subprocess.SubprocessHook","filename":"subprocess.py","lineno":106}
{"timestamp":"2026-07-02T11:49:14.028041Z","level":"info","event":"\u001b[0m11:49:14  46 of 87 OK created sql table model marts.fct_local_authority_trends ........... [\u001b[32mSUCCESS 1\u001b[0m in 0.95s]","logger":"airflow.task.hooks.airflow.providers.standard.hooks.subprocess.SubprocessHook","filename":"subprocess.py","lineno":106}
{"timestamp":"2026-07-02T11:49:14.028296Z","level":"info","event":"\u001b[0m11:49:14  45 of 87 OK created sql table model marts.fct_housing_trends ................... [\u001b[32mSUCCESS 1\u001b[0m in 1.26s]","logger":"airflow.task.hooks.airflow.providers.standard.hooks.subprocess.SubprocessHook","filename":"subprocess.py","lineno":106}
{"timestamp":"2026-07-02T11:49:14.033624Z","level":"info","event":"\u001b[0m11:49:14  48 of 87 START sql table model marts.mart_healthcare_accessibility ............. [RUN]","logger":"airflow.task.hooks.airflow.providers.standard.hooks.subprocess.SubprocessHook","filename":"subprocess.py","lineno":106}
{"timestamp":"2026-07-02T11:49:14.035934Z","level":"info","event":"\u001b[0m11:49:14  49 of 87 START sql table model marts.mart_school_accessibility ................. [RUN]","logger":"airflow.task.hooks.airflow.providers.standard.hooks.subprocess.SubprocessHook","filename":"subprocess.py","lineno":106}
{"timestamp":"2026-07-02T11:49:14.037437Z","level":"info","event":"\u001b[0m11:49:14  50 of 87 START sql table model marts.mart_transport_accessibility .............. [RUN]","logger":"airflow.task.hooks.airflow.providers.standard.hooks.subprocess.SubprocessHook","filename":"subprocess.py","lineno":106}
{"timestamp":"2026-07-02T11:49:14.038054Z","level":"info","event":"\u001b[0m11:49:14  51 of 87 START test not_null_fct_regional_trends_country_key ................... [RUN]","logger":"airflow.task.hooks.airflow.providers.standard.hooks.subprocess.SubprocessHook","filename":"subprocess.py","lineno":106}
{"timestamp":"2026-07-02T11:49:14.371263Z","level":"info","event":"\u001b[0m11:49:14  51 of 87 PASS not_null_fct_regional_trends_country_key ......................... [\u001b[32mPASS\u001b[0m in 0.33s]","logger":"airflow.task.hooks.airflow.providers.standard.hooks.subprocess.SubprocessHook","filename":"subprocess.py","lineno":106}
{"timestamp":"2026-07-02T11:49:14.374194Z","level":"info","event":"\u001b[0m11:49:14  52 of 87 START test not_null_fct_regional_trends_date_key ...................... [RUN]","logger":"airflow.task.hooks.airflow.providers.standard.hooks.subprocess.SubprocessHook","filename":"subprocess.py","lineno":106}
{"timestamp":"2026-07-02T11:49:14.653864Z","level":"info","event":"\u001b[0m11:49:14  52 of 87 PASS not_null_fct_regional_trends_date_key ............................ [\u001b[32mPASS\u001b[0m in 0.28s]","logger":"airflow.task.hooks.airflow.providers.standard.hooks.subprocess.SubprocessHook","filename":"subprocess.py","lineno":106}
{"timestamp":"2026-07-02T11:49:14.657261Z","level":"info","event":"\u001b[0m11:49:14  53 of 87 START test not_null_fct_regional_trends_region_key .................... [RUN]","logger":"airflow.task.hooks.airflow.providers.standard.hooks.subprocess.SubprocessHook","filename":"subprocess.py","lineno":106}
{"timestamp":"2026-07-02T11:49:14.945564Z","level":"info","event":"\u001b[0m11:49:14  48 of 87 OK created sql table model marts.mart_healthcare_accessibility ........ [\u001b[32mSUCCESS 1\u001b[0m in 0.91s]","logger":"airflow.task.hooks.airflow.providers.standard.hooks.subprocess.SubprocessHook","filename":"subprocess.py","lineno":106}
{"timestamp":"2026-07-02T11:49:14.947294Z","level":"info","event":"\u001b[0m11:49:14  54 of 87 START test not_null_fct_housing_intelligence_housing_intelligence_index  [RUN]","logger":"airflow.task.hooks.airflow.providers.standard.hooks.subprocess.SubprocessHook","filename":"subprocess.py","lineno":106}
{"timestamp":"2026-07-02T11:49:15.023932Z","level":"info","event":"\u001b[0m11:49:15  49 of 87 OK created sql table model marts.mart_school_accessibility ............ [\u001b[32mSUCCESS 1\u001b[0m in 0.98s]","logger":"airflow.task.hooks.airflow.providers.standard.hooks.subprocess.SubprocessHook","filename":"subprocess.py","lineno":106}
{"timestamp":"2026-07-02T11:49:15.025343Z","level":"info","event":"\u001b[0m11:49:15  55 of 87 START test not_null_fct_housing_intelligence_local_authority_key ...... [RUN]","logger":"airflow.task.hooks.airflow.providers.standard.hooks.subprocess.SubprocessHook","filename":"subprocess.py","lineno":106}
{"timestamp":"2026-07-02T11:49:15.033288Z","level":"info","event":"\u001b[0m11:49:15  50 of 87 OK created sql table model marts.mart_transport_accessibility ......... [\u001b[32mSUCCESS 1\u001b[0m in 0.99s]","logger":"airflow.task.hooks.airflow.providers.standard.hooks.subprocess.SubprocessHook","filename":"subprocess.py","lineno":106}
{"timestamp":"2026-07-02T11:49:15.037542Z","level":"info","event":"\u001b[0m11:49:15  56 of 87 START test not_null_fct_housing_intelligence_location_key ............. [RUN]","logger":"airflow.task.hooks.airflow.providers.standard.hooks.subprocess.SubprocessHook","filename":"subprocess.py","lineno":106}
{"timestamp":"2026-07-02T11:49:15.067555Z","level":"info","event":"\u001b[0m11:49:15  53 of 87 PASS not_null_fct_regional_trends_region_key .......................... [\u001b[32mPASS\u001b[0m in 0.41s]","logger":"airflow.task.hooks.airflow.providers.standard.hooks.subprocess.SubprocessHook","filename":"subprocess.py","lineno":106}
{"timestamp":"2026-07-02T11:49:15.069999Z","level":"info","event":"\u001b[0m11:49:15  57 of 87 START test not_null_fct_housing_intelligence_region_key ............... [RUN]","logger":"airflow.task.hooks.airflow.providers.standard.hooks.subprocess.SubprocessHook","filename":"subprocess.py","lineno":106}
{"timestamp":"2026-07-02T11:49:15.238337Z","level":"info","event":"\u001b[0m11:49:15  54 of 87 PASS not_null_fct_housing_intelligence_housing_intelligence_index ..... [\u001b[32mPASS\u001b[0m in 0.29s]","logger":"airflow.task.hooks.airflow.providers.standard.hooks.subprocess.SubprocessHook","filename":"subprocess.py","lineno":106}
{"timestamp":"2026-07-02T11:49:15.240688Z","level":"info","event":"\u001b[0m11:49:15  58 of 87 START test not_null_fct_local_authority_trends_country_key ............ [RUN]","logger":"airflow.task.hooks.airflow.providers.standard.hooks.subprocess.SubprocessHook","filename":"subprocess.py","lineno":106}
{"timestamp":"2026-07-02T11:49:15.258642Z","level":"info","event":"\u001b[0m11:49:15  55 of 87 PASS not_null_fct_housing_intelligence_local_authority_key ............ [\u001b[32mPASS\u001b[0m in 0.23s]","logger":"airflow.task.hooks.airflow.providers.standard.hooks.subprocess.SubprocessHook","filename":"subprocess.py","lineno":106}
{"timestamp":"2026-07-02T11:49:15.261125Z","level":"info","event":"\u001b[0m11:49:15  59 of 87 START test not_null_fct_local_authority_trends_date_key ............... [RUN]","logger":"airflow.task.hooks.airflow.providers.standard.hooks.subprocess.SubprocessHook","filename":"subprocess.py","lineno":106}
{"timestamp":"2026-07-02T11:49:15.263333Z","level":"info","event":"\u001b[0m11:49:15  56 of 87 PASS not_null_fct_housing_intelligence_location_key ................... [\u001b[32mPASS\u001b[0m in 0.22s]","logger":"airflow.task.hooks.airflow.providers.standard.hooks.subprocess.SubprocessHook","filename":"subprocess.py","lineno":106}
{"timestamp":"2026-07-02T11:49:15.269232Z","level":"info","event":"\u001b[0m11:49:15  60 of 87 START test not_null_fct_local_authority_trends_local_authority_key .... [RUN]","logger":"airflow.task.hooks.airflow.providers.standard.hooks.subprocess.SubprocessHook","filename":"subprocess.py","lineno":106}
{"timestamp":"2026-07-02T11:49:15.365043Z","level":"info","event":"\u001b[0m11:49:15  57 of 87 PASS not_null_fct_housing_intelligence_region_key ..................... [\u001b[32mPASS\u001b[0m in 0.29s]","logger":"airflow.task.hooks.airflow.providers.standard.hooks.subprocess.SubprocessHook","filename":"subprocess.py","lineno":106}
{"timestamp":"2026-07-02T11:49:15.367331Z","level":"info","event":"\u001b[0m11:49:15  61 of 87 START test not_null_fct_local_authority_trends_region_key ............. [RUN]","logger":"airflow.task.hooks.airflow.providers.standard.hooks.subprocess.SubprocessHook","filename":"subprocess.py","lineno":106}
{"timestamp":"2026-07-02T11:49:15.539204Z","level":"info","event":"\u001b[0m11:49:15  60 of 87 PASS not_null_fct_local_authority_trends_local_authority_key .......... [\u001b[32mPASS\u001b[0m in 0.27s]","logger":"airflow.task.hooks.airflow.providers.standard.hooks.subprocess.SubprocessHook","filename":"subprocess.py","lineno":106}
{"timestamp":"2026-07-02T11:49:15.542896Z","level":"info","event":"\u001b[0m11:49:15  58 of 87 PASS not_null_fct_local_authority_trends_country_key .................. [\u001b[32mPASS\u001b[0m in 0.30s]","logger":"airflow.task.hooks.airflow.providers.standard.hooks.subprocess.SubprocessHook","filename":"subprocess.py","lineno":106}
{"timestamp":"2026-07-02T11:49:15.544601Z","level":"info","event":"\u001b[0m11:49:15  62 of 87 START test not_null_fct_housing_trends_country_key .................... [RUN]","logger":"airflow.task.hooks.airflow.providers.standard.hooks.subprocess.SubprocessHook","filename":"subprocess.py","lineno":106}
{"timestamp":"2026-07-02T11:49:15.546072Z","level":"info","event":"\u001b[0m11:49:15  63 of 87 START test not_null_fct_housing_trends_date_key ....................... [RUN]","logger":"airflow.task.hooks.airflow.providers.standard.hooks.subprocess.SubprocessHook","filename":"subprocess.py","lineno":106}
{"timestamp":"2026-07-02T11:49:15.566959Z","level":"info","event":"\u001b[0m11:49:15  59 of 87 PASS not_null_fct_local_authority_trends_date_key ..................... [\u001b[32mPASS\u001b[0m in 0.30s]","logger":"airflow.task.hooks.airflow.providers.standard.hooks.subprocess.SubprocessHook","filename":"subprocess.py","lineno":106}
{"timestamp":"2026-07-02T11:49:15.570130Z","level":"info","event":"\u001b[0m11:49:15  64 of 87 START test not_null_fct_housing_trends_local_authority_key ............ [RUN]","logger":"airflow.task.hooks.airflow.providers.standard.hooks.subprocess.SubprocessHook","filename":"subprocess.py","lineno":106}
{"timestamp":"2026-07-02T11:49:15.598027Z","level":"info","event":"\u001b[0m11:49:15  61 of 87 PASS not_null_fct_local_authority_trends_region_key ................... [\u001b[32mPASS\u001b[0m in 0.23s]","logger":"airflow.task.hooks.airflow.providers.standard.hooks.subprocess.SubprocessHook","filename":"subprocess.py","lineno":106}
{"timestamp":"2026-07-02T11:49:15.599542Z","level":"info","event":"\u001b[0m11:49:15  65 of 87 START test not_null_fct_housing_trends_location_key ................... [RUN]","logger":"airflow.task.hooks.airflow.providers.standard.hooks.subprocess.SubprocessHook","filename":"subprocess.py","lineno":106}
{"timestamp":"2026-07-02T11:49:15.851739Z","level":"info","event":"\u001b[0m11:49:15  64 of 87 PASS not_null_fct_housing_trends_local_authority_key .................. [\u001b[32mPASS\u001b[0m in 0.28s]","logger":"airflow.task.hooks.airflow.providers.standard.hooks.subprocess.SubprocessHook","filename":"subprocess.py","lineno":106}
{"timestamp":"2026-07-02T11:49:15.859740Z","level":"info","event":"\u001b[0m11:49:15  63 of 87 PASS not_null_fct_housing_trends_date_key ............................. [\u001b[32mPASS\u001b[0m in 0.31s]","logger":"airflow.task.hooks.airflow.providers.standard.hooks.subprocess.SubprocessHook","filename":"subprocess.py","lineno":106}
{"timestamp":"2026-07-02T11:49:15.862000Z","level":"info","event":"\u001b[0m11:49:15  62 of 87 PASS not_null_fct_housing_trends_country_key .......................... [\u001b[32mPASS\u001b[0m in 0.32s]","logger":"airflow.task.hooks.airflow.providers.standard.hooks.subprocess.SubprocessHook","filename":"subprocess.py","lineno":106}
{"timestamp":"2026-07-02T11:49:15.864639Z","level":"info","event":"\u001b[0m11:49:15  65 of 87 PASS not_null_fct_housing_trends_location_key ......................... [\u001b[32mPASS\u001b[0m in 0.26s]","logger":"airflow.task.hooks.airflow.providers.standard.hooks.subprocess.SubprocessHook","filename":"subprocess.py","lineno":106}
{"timestamp":"2026-07-02T11:49:15.866545Z","level":"info","event":"\u001b[0m11:49:15  66 of 87 START test not_null_fct_housing_trends_region_key ..................... [RUN]","logger":"airflow.task.hooks.airflow.providers.standard.hooks.subprocess.SubprocessHook","filename":"subprocess.py","lineno":106}
{"timestamp":"2026-07-02T11:49:15.869904Z","level":"info","event":"\u001b[0m11:49:15  67 of 87 START test not_null_mart_healthcare_accessibility_healthcare_accessibility_score  [RUN]","logger":"airflow.task.hooks.airflow.providers.standard.hooks.subprocess.SubprocessHook","filename":"subprocess.py","lineno":106}
{"timestamp":"2026-07-02T11:49:15.870354Z","level":"info","event":"\u001b[0m11:49:15  68 of 87 START test not_null_mart_healthcare_accessibility_location_key ........ [RUN]","logger":"airflow.task.hooks.airflow.providers.standard.hooks.subprocess.SubprocessHook","filename":"subprocess.py","lineno":106}
{"timestamp":"2026-07-02T11:49:15.871238Z","level":"info","event":"\u001b[0m11:49:15  69 of 87 START test not_null_mart_school_accessibility_location_key ............ [RUN]","logger":"airflow.task.hooks.airflow.providers.standard.hooks.subprocess.SubprocessHook","filename":"subprocess.py","lineno":106}
{"timestamp":"2026-07-02T11:49:16.119200Z","level":"info","event":"\u001b[0m11:49:16  66 of 87 PASS not_null_fct_housing_trends_region_key ........................... [\u001b[32mPASS\u001b[0m in 0.25s]","logger":"airflow.task.hooks.airflow.providers.standard.hooks.subprocess.SubprocessHook","filename":"subprocess.py","lineno":106}
{"timestamp":"2026-07-02T11:49:16.122687Z","level":"info","event":"\u001b[0m11:49:16  70 of 87 START test not_null_mart_school_accessibility_school_accessibility_score  [RUN]","logger":"airflow.task.hooks.airflow.providers.standard.hooks.subprocess.SubprocessHook","filename":"subprocess.py","lineno":106}
{"timestamp":"2026-07-02T11:49:16.165560Z","level":"info","event":"\u001b[0m11:49:16  68 of 87 PASS not_null_mart_healthcare_accessibility_location_key .............. [\u001b[32mPASS\u001b[0m in 0.29s]","logger":"airflow.task.hooks.airflow.providers.standard.hooks.subprocess.SubprocessHook","filename":"subprocess.py","lineno":106}
{"timestamp":"2026-07-02T11:49:16.169019Z","level":"info","event":"\u001b[0m11:49:16  67 of 87 PASS not_null_mart_healthcare_accessibility_healthcare_accessibility_score  [\u001b[32mPASS\u001b[0m in 0.30s]","logger":"airflow.task.hooks.airflow.providers.standard.hooks.subprocess.SubprocessHook","filename":"subprocess.py","lineno":106}
{"timestamp":"2026-07-02T11:49:16.170886Z","level":"info","event":"\u001b[0m11:49:16  71 of 87 START test not_null_mart_transport_accessibility_location_key ......... [RUN]","logger":"airflow.task.hooks.airflow.providers.standard.hooks.subprocess.SubprocessHook","filename":"subprocess.py","lineno":106}
{"timestamp":"2026-07-02T11:49:16.172371Z","level":"info","event":"\u001b[0m11:49:16  72 of 87 START test not_null_mart_transport_accessibility_transport_accessibility_score  [RUN]","logger":"airflow.task.hooks.airflow.providers.standard.hooks.subprocess.SubprocessHook","filename":"subprocess.py","lineno":106}
{"timestamp":"2026-07-02T11:49:16.192871Z","level":"info","event":"\u001b[0m11:49:16  69 of 87 PASS not_null_mart_school_accessibility_location_key .................. [\u001b[32mPASS\u001b[0m in 0.32s]","logger":"airflow.task.hooks.airflow.providers.standard.hooks.subprocess.SubprocessHook","filename":"subprocess.py","lineno":106}
{"timestamp":"2026-07-02T11:49:16.195020Z","level":"info","event":"\u001b[0m11:49:16  73 of 87 START sql table model marts.mart_regional_performance ................. [RUN]","logger":"airflow.task.hooks.airflow.providers.standard.hooks.subprocess.SubprocessHook","filename":"subprocess.py","lineno":106}
{"timestamp":"2026-07-02T11:49:16.342867Z","level":"info","event":"\u001b[0m11:49:16  70 of 87 PASS not_null_mart_school_accessibility_school_accessibility_score .... [\u001b[32mPASS\u001b[0m in 0.22s]","logger":"airflow.task.hooks.airflow.providers.standard.hooks.subprocess.SubprocessHook","filename":"subprocess.py","lineno":106}
{"timestamp":"2026-07-02T11:49:16.345005Z","level":"info","event":"\u001b[0m11:49:16  74 of 87 START sql table model marts.mart_affordability_analytics .............. [RUN]","logger":"airflow.task.hooks.airflow.providers.standard.hooks.subprocess.SubprocessHook","filename":"subprocess.py","lineno":106}
{"timestamp":"2026-07-02T11:49:16.463008Z","level":"info","event":"\u001b[0m11:49:16  71 of 87 PASS not_null_mart_transport_accessibility_location_key ............... [\u001b[32mPASS\u001b[0m in 0.29s]","logger":"airflow.task.hooks.airflow.providers.standard.hooks.subprocess.SubprocessHook","filename":"subprocess.py","lineno":106}
{"timestamp":"2026-07-02T11:49:16.467527Z","level":"info","event":"\u001b[0m11:49:16  72 of 87 PASS not_null_mart_transport_accessibility_transport_accessibility_score  [\u001b[32mPASS\u001b[0m in 0.29s]","logger":"airflow.task.hooks.airflow.providers.standard.hooks.subprocess.SubprocessHook","filename":"subprocess.py","lineno":106}
{"timestamp":"2026-07-02T11:49:16.469863Z","level":"info","event":"\u001b[0m11:49:16  75 of 87 START sql table model marts.mart_area_rankings ........................ [RUN]","logger":"airflow.task.hooks.airflow.providers.standard.hooks.subprocess.SubprocessHook","filename":"subprocess.py","lineno":106}
{"timestamp":"2026-07-02T11:49:16.471721Z","level":"info","event":"\u001b[0m11:49:16  76 of 87 START sql table model marts.mart_growth_analytics ..................... [RUN]","logger":"airflow.task.hooks.airflow.providers.standard.hooks.subprocess.SubprocessHook","filename":"subprocess.py","lineno":106}
{"timestamp":"2026-07-02T11:49:16.854643Z","level":"info","event":"\u001b[0m11:49:16  73 of 87 OK created sql table model marts.mart_regional_performance ............ [\u001b[32mSUCCESS 1\u001b[0m in 0.66s]","logger":"airflow.task.hooks.airflow.providers.standard.hooks.subprocess.SubprocessHook","filename":"subprocess.py","lineno":106}
{"timestamp":"2026-07-02T11:49:16.858008Z","level":"info","event":"\u001b[0m11:49:16  77 of 87 START sql table model marts.mart_investment_opportunities ............. [RUN]","logger":"airflow.task.hooks.airflow.providers.standard.hooks.subprocess.SubprocessHook","filename":"subprocess.py","lineno":106}
{"timestamp":"2026-07-02T11:49:17.121650Z","level":"info","event":"\u001b[0m11:49:17  74 of 87 OK created sql table model marts.mart_affordability_analytics ......... [\u001b[32mSUCCESS 1\u001b[0m in 0.77s]","logger":"airflow.task.hooks.airflow.providers.standard.hooks.subprocess.SubprocessHook","filename":"subprocess.py","lineno":106}
{"timestamp":"2026-07-02T11:49:17.125132Z","level":"info","event":"\u001b[0m11:49:17  78 of 87 START sql table model marts.mart_area_profile ......................... [RUN]","logger":"airflow.task.hooks.airflow.providers.standard.hooks.subprocess.SubprocessHook","filename":"subprocess.py","lineno":106}
{"timestamp":"2026-07-02T11:49:17.193222Z","level":"info","event":"\u001b[0m11:49:17  76 of 87 OK created sql table model marts.mart_growth_analytics ................ [\u001b[32mSUCCESS 1\u001b[0m in 0.72s]","logger":"airflow.task.hooks.airflow.providers.standard.hooks.subprocess.SubprocessHook","filename":"subprocess.py","lineno":106}
{"timestamp":"2026-07-02T11:49:17.194961Z","level":"info","event":"\u001b[0m11:49:17  79 of 87 START test not_null_mart_regional_performance_region_key .............. [RUN]","logger":"airflow.task.hooks.airflow.providers.standard.hooks.subprocess.SubprocessHook","filename":"subprocess.py","lineno":106}
{"timestamp":"2026-07-02T11:49:17.234174Z","level":"info","event":"\u001b[0m11:49:17  75 of 87 OK created sql table model marts.mart_area_rankings ................... [\u001b[32mSUCCESS 1\u001b[0m in 0.76s]","logger":"airflow.task.hooks.airflow.providers.standard.hooks.subprocess.SubprocessHook","filename":"subprocess.py","lineno":106}
{"timestamp":"2026-07-02T11:49:17.235669Z","level":"info","event":"\u001b[0m11:49:17  80 of 87 START test not_null_mart_affordability_analytics_affordability_score .. [RUN]","logger":"airflow.task.hooks.airflow.providers.standard.hooks.subprocess.SubprocessHook","filename":"subprocess.py","lineno":106}
{"timestamp":"2026-07-02T11:49:17.490571Z","level":"info","event":"\u001b[0m11:49:17  79 of 87 PASS not_null_mart_regional_performance_region_key .................... [\u001b[32mPASS\u001b[0m in 0.29s]","logger":"airflow.task.hooks.airflow.providers.standard.hooks.subprocess.SubprocessHook","filename":"subprocess.py","lineno":106}
{"timestamp":"2026-07-02T11:49:17.493790Z","level":"info","event":"\u001b[0m11:49:17  81 of 87 START test not_null_mart_growth_analytics_growth_score ................ [RUN]","logger":"airflow.task.hooks.airflow.providers.standard.hooks.subprocess.SubprocessHook","filename":"subprocess.py","lineno":106}
{"timestamp":"2026-07-02T11:49:17.534614Z","level":"info","event":"\u001b[0m11:49:17  80 of 87 PASS not_null_mart_affordability_analytics_affordability_score ........ [\u001b[32mPASS\u001b[0m in 0.30s]","logger":"airflow.task.hooks.airflow.providers.standard.hooks.subprocess.SubprocessHook","filename":"subprocess.py","lineno":106}
{"timestamp":"2026-07-02T11:49:17.536146Z","level":"info","event":"\u001b[0m11:49:17  82 of 87 START test not_null_mart_area_rankings_housing_intelligence_index ..... [RUN]","logger":"airflow.task.hooks.airflow.providers.standard.hooks.subprocess.SubprocessHook","filename":"subprocess.py","lineno":106}
{"timestamp":"2026-07-02T11:49:17.596177Z","level":"info","event":"\u001b[0m11:49:17  77 of 87 OK created sql table model marts.mart_investment_opportunities ........ [\u001b[32mSUCCESS 1\u001b[0m in 0.74s]","logger":"airflow.task.hooks.airflow.providers.standard.hooks.subprocess.SubprocessHook","filename":"subprocess.py","lineno":106}
{"timestamp":"2026-07-02T11:49:17.597665Z","level":"info","event":"\u001b[0m11:49:17  83 of 87 START test not_null_mart_area_rankings_location_key ................... [RUN]","logger":"airflow.task.hooks.airflow.providers.standard.hooks.subprocess.SubprocessHook","filename":"subprocess.py","lineno":106}
{"timestamp":"2026-07-02T11:49:17.780330Z","level":"info","event":"\u001b[0m11:49:17  81 of 87 PASS not_null_mart_growth_analytics_growth_score ...................... [\u001b[32mPASS\u001b[0m in 0.29s]","logger":"airflow.task.hooks.airflow.providers.standard.hooks.subprocess.SubprocessHook","filename":"subprocess.py","lineno":106}
{"timestamp":"2026-07-02T11:49:17.782735Z","level":"info","event":"\u001b[0m11:49:17  84 of 87 START test not_null_mart_investment_opportunities_investment_score .... [RUN]","logger":"airflow.task.hooks.airflow.providers.standard.hooks.subprocess.SubprocessHook","filename":"subprocess.py","lineno":106}
{"timestamp":"2026-07-02T11:49:17.805426Z","level":"info","event":"\u001b[0m11:49:17  82 of 87 PASS not_null_mart_area_rankings_housing_intelligence_index ........... [\u001b[32mPASS\u001b[0m in 0.27s]","logger":"airflow.task.hooks.airflow.providers.standard.hooks.subprocess.SubprocessHook","filename":"subprocess.py","lineno":106}
{"timestamp":"2026-07-02T11:49:17.811415Z","level":"info","event":"\u001b[0m11:49:17  83 of 87 PASS not_null_mart_area_rankings_location_key ......................... [\u001b[32mPASS\u001b[0m in 0.21s]","logger":"airflow.task.hooks.airflow.providers.standard.hooks.subprocess.SubprocessHook","filename":"subprocess.py","lineno":106}
{"timestamp":"2026-07-02T11:49:18.074398Z","level":"info","event":"\u001b[0m11:49:18  84 of 87 PASS not_null_mart_investment_opportunities_investment_score .......... [\u001b[32mPASS\u001b[0m in 0.29s]","logger":"airflow.task.hooks.airflow.providers.standard.hooks.subprocess.SubprocessHook","filename":"subprocess.py","lineno":106}
{"timestamp":"2026-07-02T11:49:18.168900Z","level":"info","event":"\u001b[0m11:49:18  78 of 87 OK created sql table model marts.mart_area_profile .................... [\u001b[32mSUCCESS 1\u001b[0m in 1.04s]","logger":"airflow.task.hooks.airflow.providers.standard.hooks.subprocess.SubprocessHook","filename":"subprocess.py","lineno":106}
{"timestamp":"2026-07-02T11:49:18.173611Z","level":"info","event":"\u001b[0m11:49:18  85 of 87 START test not_null_mart_area_profile_housing_intelligence_index ...... [RUN]","logger":"airflow.task.hooks.airflow.providers.standard.hooks.subprocess.SubprocessHook","filename":"subprocess.py","lineno":106}
{"timestamp":"2026-07-02T11:49:18.174418Z","level":"info","event":"\u001b[0m11:49:18  87 of 87 START test unique_mart_area_profile_location_key ...................... [RUN]","logger":"airflow.task.hooks.airflow.providers.standard.hooks.subprocess.SubprocessHook","filename":"subprocess.py","lineno":106}
{"timestamp":"2026-07-02T11:49:18.175044Z","level":"info","event":"\u001b[0m11:49:18  86 of 87 START test not_null_mart_area_profile_location_key .................... [RUN]","logger":"airflow.task.hooks.airflow.providers.standard.hooks.subprocess.SubprocessHook","filename":"subprocess.py","lineno":106}
{"timestamp":"2026-07-02T11:49:18.490342Z","level":"info","event":"\u001b[0m11:49:18  85 of 87 PASS not_null_mart_area_profile_housing_intelligence_index ............ [\u001b[32mPASS\u001b[0m in 0.31s]","logger":"airflow.task.hooks.airflow.providers.standard.hooks.subprocess.SubprocessHook","filename":"subprocess.py","lineno":106}
{"timestamp":"2026-07-02T11:49:18.496185Z","level":"info","event":"\u001b[0m11:49:18  86 of 87 PASS not_null_mart_area_profile_location_key .......................... [\u001b[32mPASS\u001b[0m in 0.32s]","logger":"airflow.task.hooks.airflow.providers.standard.hooks.subprocess.SubprocessHook","filename":"subprocess.py","lineno":106}
{"timestamp":"2026-07-02T11:49:18.512608Z","level":"info","event":"\u001b[0m11:49:18  87 of 87 PASS unique_mart_area_profile_location_key ............................ [\u001b[32mPASS\u001b[0m in 0.34s]","logger":"airflow.task.hooks.airflow.providers.standard.hooks.subprocess.SubprocessHook","filename":"subprocess.py","lineno":106}
{"timestamp":"2026-07-02T11:49:19.944086Z","level":"info","event":"\u001b[0m11:49:19","logger":"airflow.task.hooks.airflow.providers.standard.hooks.subprocess.SubprocessHook","filename":"subprocess.py","lineno":106}
{"timestamp":"2026-07-02T11:49:19.945519Z","level":"info","event":"\u001b[0m11:49:19  Finished running 18 table models, 51 data tests, 18 view models in 0 hours 0 minutes and 14.93 seconds (14.93s).","logger":"airflow.task.hooks.airflow.providers.standard.hooks.subprocess.SubprocessHook","filename":"subprocess.py","lineno":106}
{"timestamp":"2026-07-02T11:49:20.026288Z","level":"info","event":"\u001b[0m11:49:20","logger":"airflow.task.hooks.airflow.providers.standard.hooks.subprocess.SubprocessHook","filename":"subprocess.py","lineno":106}
{"timestamp":"2026-07-02T11:49:20.026637Z","level":"info","event":"\u001b[0m11:49:20  \u001b[32mCompleted successfully\u001b[0m","logger":"airflow.task.hooks.airflow.providers.standard.hooks.subprocess.SubprocessHook","filename":"subprocess.py","lineno":106}
{"timestamp":"2026-07-02T11:49:20.027302Z","level":"info","event":"\u001b[0m11:49:20","logger":"airflow.task.hooks.airflow.providers.standard.hooks.subprocess.SubprocessHook","filename":"subprocess.py","lineno":106}
{"timestamp":"2026-07-02T11:49:20.027801Z","level":"info","event":"\u001b[0m11:49:20  Done. PASS=87 WARN=0 ERROR=0 SKIP=0 NO-OP=0 TOTAL=87","logger":"airflow.task.hooks.airflow.providers.standard.hooks.subprocess.SubprocessHook","filename":"subprocess.py","lineno":106}
{"timestamp":"2026-07-02T11:49:22.136436Z","level":"info","event":"======================================================================","logger":"airflow.task.hooks.airflow.providers.standard.hooks.subprocess.SubprocessHook","filename":"subprocess.py","lineno":106}
{"timestamp":"2026-07-02T11:49:22.137787Z","level":"info","event":"UK Housing Intelligence Platform","logger":"airflow.task.hooks.airflow.providers.standard.hooks.subprocess.SubprocessHook","filename":"subprocess.py","lineno":106}
{"timestamp":"2026-07-02T11:49:22.137885Z","level":"info","event":"dbt Transformation Runner","logger":"airflow.task.hooks.airflow.providers.standard.hooks.subprocess.SubprocessHook","filename":"subprocess.py","lineno":106}
{"timestamp":"2026-07-02T11:49:22.137965Z","level":"info","event":"======================================================================","logger":"airflow.task.hooks.airflow.providers.standard.hooks.subprocess.SubprocessHook","filename":"subprocess.py","lineno":106}
{"timestamp":"2026-07-02T11:49:22.138011Z","level":"info","event":"","logger":"airflow.task.hooks.airflow.providers.standard.hooks.subprocess.SubprocessHook","filename":"subprocess.py","lineno":106}
{"timestamp":"2026-07-02T11:49:22.138058Z","level":"info","event":"Running dbt debug...","logger":"airflow.task.hooks.airflow.providers.standard.hooks.subprocess.SubprocessHook","filename":"subprocess.py","lineno":106}
{"timestamp":"2026-07-02T11:49:22.138113Z","level":"info","event":"","logger":"airflow.task.hooks.airflow.providers.standard.hooks.subprocess.SubprocessHook","filename":"subprocess.py","lineno":106}
{"timestamp":"2026-07-02T11:49:22.138153Z","level":"info","event":"","logger":"airflow.task.hooks.airflow.providers.standard.hooks.subprocess.SubprocessHook","filename":"subprocess.py","lineno":106}
{"timestamp":"2026-07-02T11:49:22.138199Z","level":"info","event":"dbt debug successful.","logger":"airflow.task.hooks.airflow.providers.standard.hooks.subprocess.SubprocessHook","filename":"subprocess.py","lineno":106}
{"timestamp":"2026-07-02T11:49:22.138240Z","level":"info","event":"","logger":"airflow.task.hooks.airflow.providers.standard.hooks.subprocess.SubprocessHook","filename":"subprocess.py","lineno":106}
{"timestamp":"2026-07-02T11:49:22.138281Z","level":"info","event":"Running dbt deps...","logger":"airflow.task.hooks.airflow.providers.standard.hooks.subprocess.SubprocessHook","filename":"subprocess.py","lineno":106}
{"timestamp":"2026-07-02T11:49:22.138337Z","level":"info","event":"","logger":"airflow.task.hooks.airflow.providers.standard.hooks.subprocess.SubprocessHook","filename":"subprocess.py","lineno":106}
{"timestamp":"2026-07-02T11:49:22.138379Z","level":"info","event":"","logger":"airflow.task.hooks.airflow.providers.standard.hooks.subprocess.SubprocessHook","filename":"subprocess.py","lineno":106}
{"timestamp":"2026-07-02T11:49:22.138426Z","level":"info","event":"Running dbt build...","logger":"airflow.task.hooks.airflow.providers.standard.hooks.subprocess.SubprocessHook","filename":"subprocess.py","lineno":106}
{"timestamp":"2026-07-02T11:49:22.138472Z","level":"info","event":"","logger":"airflow.task.hooks.airflow.providers.standard.hooks.subprocess.SubprocessHook","filename":"subprocess.py","lineno":106}
{"timestamp":"2026-07-02T11:49:22.138516Z","level":"info","event":"","logger":"airflow.task.hooks.airflow.providers.standard.hooks.subprocess.SubprocessHook","filename":"subprocess.py","lineno":106}
{"timestamp":"2026-07-02T11:49:22.138560Z","level":"info","event":"All dbt models executed successfully.","logger":"airflow.task.hooks.airflow.providers.standard.hooks.subprocess.SubprocessHook","filename":"subprocess.py","lineno":106}
{"timestamp":"2026-07-02T11:49:22.154355Z","level":"info","event":"Command exited with return code 0","logger":"airflow.task.hooks.airflow.providers.standard.hooks.subprocess.SubprocessHook","filename":"subprocess.py","lineno":110}
{"timestamp":"2026-07-02T11:49:22.162227Z","level":"info","event":"Pushing xcom","ti":"RuntimeTaskInstance(id=UUID('019f22a7-d947-7bb8-958d-a7a9f2d28414'), task_id='run_dbt_models', dag_id='uk_housing_master_pipeline', run_id='manual__2026-07-02T11:47:33.269600+00:00', try_number=1, dag_version_id=UUID('019f22a2-e53b-776d-9ff6-a30228eba0d3'), map_index=-1, hostname='9e9e2b52040f', context_carrier={}, task=<Task(BashOperator): run_dbt_models>, bundle_instance=LocalDagBundle(name=dags-folder), max_tries=3, start_date=datetime.datetime(2026, 7, 2, 11, 48, 50, 241052, tzinfo=datetime.timezone.utc), end_date=None, state=<TaskInstanceState.RUNNING: 'running'>, is_mapped=False, rendered_map_index=None)","logger":"task","filename":"task_runner.py","lineno":1352}
