{"timestamp":"2026-07-03T12:37:29.890230Z","level":"info","event":"DAG bundles loaded: dags-folder","logger":"airflow.dag_processing.bundles.manager.DagBundlesManager","filename":"manager.py","lineno":179}
{"timestamp":"2026-07-03T12:37:29.890935Z","level":"info","event":"Filling up the DagBag from /opt/airflow/dags/orchestration/master_pipeline.py","logger":"airflow.models.dagbag.DagBag","filename":"dagbag.py","lineno":593}
{"timestamp":"2026-07-03T12:37:29.909426Z","level":"warning","event":"The `airflow.operators.empty.EmptyOperator` attribute is deprecated. Please use `'airflow.providers.standard.operators.empty.EmptyOperator'`.","category":"DeprecatedImportWarning","filename":"/opt/airflow/dags/orchestration/master_pipeline.py","lineno":4,"logger":"py.warnings"}
{"timestamp":"2026-07-03T12:37:29.909926Z","level":"warning","event":"The `airflow.operators.bash.BashOperator` attribute is deprecated. Please use `'airflow.providers.standard.operators.bash.BashOperator'`.","category":"DeprecatedImportWarning","filename":"/opt/airflow/dags/orchestration/master_pipeline.py","lineno":5,"logger":"py.warnings"}
{"timestamp":"2026-07-03T12:37:29.910145Z","level":"warning","event":"The `airflow.operators.trigger_dagrun.TriggerDagRunOperator` attribute is deprecated. Please use `'airflow.providers.standard.operators.trigger_dagrun.TriggerDagRunOperator'`.","category":"DeprecatedImportWarning","filename":"/opt/airflow/dags/orchestration/master_pipeline.py","lineno":6,"logger":"py.warnings"}
{"timestamp":"2026-07-03T12:37:29.910313Z","level":"warning","event":"The `airflow.utils.trigger_rule.TriggerRule` attribute is deprecated. Please use `'airflow.task.trigger_rule.TriggerRule'`.","category":"DeprecatedImportWarning","filename":"/opt/airflow/dags/orchestration/master_pipeline.py","lineno":7,"logger":"py.warnings"}
{"timestamp":"2026-07-03T12:37:29.934168Z","level":"info","event":"Tmp dir root location: /tmp","logger":"airflow.task.hooks.airflow.providers.standard.hooks.subprocess.SubprocessHook","filename":"subprocess.py","lineno":78}
{"timestamp":"2026-07-03T12:37:29.934761Z","level":"info","event":"Running command: ['/usr/bin/bash', '-c', '\\n        python /opt/project/phase9/scripts/run_dbt_models.py\\n        ']","logger":"airflow.task.hooks.airflow.providers.standard.hooks.subprocess.SubprocessHook","filename":"subprocess.py","lineno":88}
{"timestamp":"2026-07-03T12:37:29.940110Z","level":"info","event":"Output:","logger":"airflow.task.hooks.airflow.providers.standard.hooks.subprocess.SubprocessHook","filename":"subprocess.py","lineno":99}
{"timestamp":"2026-07-03T12:37:31.260510Z","level":"info","event":"\u001b[0m12:37:31  Running with dbt=1.11.11","logger":"airflow.task.hooks.airflow.providers.standard.hooks.subprocess.SubprocessHook","filename":"subprocess.py","lineno":106}
{"timestamp":"2026-07-03T12:37:31.266062Z","level":"info","event":"\u001b[0m12:37:31  dbt version: 1.11.11","logger":"airflow.task.hooks.airflow.providers.standard.hooks.subprocess.SubprocessHook","filename":"subprocess.py","lineno":106}
{"timestamp":"2026-07-03T12:37:31.266356Z","level":"info","event":"\u001b[0m12:37:31  python version: 3.12.11","logger":"airflow.task.hooks.airflow.providers.standard.hooks.subprocess.SubprocessHook","filename":"subprocess.py","lineno":106}
{"timestamp":"2026-07-03T12:37:31.266626Z","level":"info","event":"\u001b[0m12:37:31  python path: /usr/python/bin/python3.12","logger":"airflow.task.hooks.airflow.providers.standard.hooks.subprocess.SubprocessHook","filename":"subprocess.py","lineno":106}
{"timestamp":"2026-07-03T12:37:31.266908Z","level":"info","event":"\u001b[0m12:37:31  os info: Linux-6.12.76-linuxkit-aarch64-with-glibc2.36","logger":"airflow.task.hooks.airflow.providers.standard.hooks.subprocess.SubprocessHook","filename":"subprocess.py","lineno":106}
{"timestamp":"2026-07-03T12:37:31.685153Z","level":"info","event":"\u001b[0m12:37:31  Using profiles dir at /home/airflow/.dbt","logger":"airflow.task.hooks.airflow.providers.standard.hooks.subprocess.SubprocessHook","filename":"subprocess.py","lineno":106}
{"timestamp":"2026-07-03T12:37:31.685644Z","level":"info","event":"\u001b[0m12:37:31  Using profiles.yml file at /home/airflow/.dbt/profiles.yml","logger":"airflow.task.hooks.airflow.providers.standard.hooks.subprocess.SubprocessHook","filename":"subprocess.py","lineno":106}
{"timestamp":"2026-07-03T12:37:31.685998Z","level":"info","event":"\u001b[0m12:37:31  Using dbt_project.yml file at /opt/project/phase8/dbt/uk_housing_dbt/dbt_project.yml","logger":"airflow.task.hooks.airflow.providers.standard.hooks.subprocess.SubprocessHook","filename":"subprocess.py","lineno":106}
{"timestamp":"2026-07-03T12:37:31.686473Z","level":"info","event":"\u001b[0m12:37:31  adapter type: snowflake","logger":"airflow.task.hooks.airflow.providers.standard.hooks.subprocess.SubprocessHook","filename":"subprocess.py","lineno":106}
{"timestamp":"2026-07-03T12:37:31.686791Z","level":"info","event":"\u001b[0m12:37:31  adapter version: 1.10.5","logger":"airflow.task.hooks.airflow.providers.standard.hooks.subprocess.SubprocessHook","filename":"subprocess.py","lineno":106}
{"timestamp":"2026-07-03T12:37:31.753300Z","level":"info","event":"\u001b[0m12:37:31  Configuration:","logger":"airflow.task.hooks.airflow.providers.standard.hooks.subprocess.SubprocessHook","filename":"subprocess.py","lineno":106}
{"timestamp":"2026-07-03T12:37:31.753823Z","level":"info","event":"\u001b[0m12:37:31    profiles.yml file [\u001b[32mOK found and valid\u001b[0m]","logger":"airflow.task.hooks.airflow.providers.standard.hooks.subprocess.SubprocessHook","filename":"subprocess.py","lineno":106}
{"timestamp":"2026-07-03T12:37:31.754281Z","level":"info","event":"\u001b[0m12:37:31    dbt_project.yml file [\u001b[32mOK found and valid\u001b[0m]","logger":"airflow.task.hooks.airflow.providers.standard.hooks.subprocess.SubprocessHook","filename":"subprocess.py","lineno":106}
{"timestamp":"2026-07-03T12:37:31.754540Z","level":"info","event":"\u001b[0m12:37:31  Required dependencies:","logger":"airflow.task.hooks.airflow.providers.standard.hooks.subprocess.SubprocessHook","filename":"subprocess.py","lineno":106}
{"timestamp":"2026-07-03T12:37:31.761256Z","level":"info","event":"\u001b[0m12:37:31   - git [\u001b[32mOK found\u001b[0m]","logger":"airflow.task.hooks.airflow.providers.standard.hooks.subprocess.SubprocessHook","filename":"subprocess.py","lineno":106}
{"timestamp":"2026-07-03T12:37:31.761351Z","level":"info","event":"","logger":"airflow.task.hooks.airflow.providers.standard.hooks.subprocess.SubprocessHook","filename":"subprocess.py","lineno":106}
{"timestamp":"2026-07-03T12:37:31.761557Z","level":"info","event":"\u001b[0m12:37:31  Connection:","logger":"airflow.task.hooks.airflow.providers.standard.hooks.subprocess.SubprocessHook","filename":"subprocess.py","lineno":106}
{"timestamp":"2026-07-03T12:37:31.761895Z","level":"info","event":"\u001b[0m12:37:31    account: UGLGPMY-FW39691","logger":"airflow.task.hooks.airflow.providers.standard.hooks.subprocess.SubprocessHook","filename":"subprocess.py","lineno":106}
{"timestamp":"2026-07-03T12:37:31.762148Z","level":"info","event":"\u001b[0m12:37:31    user: BIBHRAJSAHA","logger":"airflow.task.hooks.airflow.providers.standard.hooks.subprocess.SubprocessHook","filename":"subprocess.py","lineno":106}
{"timestamp":"2026-07-03T12:37:31.762377Z","level":"info","event":"\u001b[0m12:37:31    database: UK_HOUSING_DW","logger":"airflow.task.hooks.airflow.providers.standard.hooks.subprocess.SubprocessHook","filename":"subprocess.py","lineno":106}
{"timestamp":"2026-07-03T12:37:31.762594Z","level":"info","event":"\u001b[0m12:37:31    warehouse: COMPUTE_WH","logger":"airflow.task.hooks.airflow.providers.standard.hooks.subprocess.SubprocessHook","filename":"subprocess.py","lineno":106}
{"timestamp":"2026-07-03T12:37:31.762818Z","level":"info","event":"\u001b[0m12:37:31    role: ACCOUNTADMIN","logger":"airflow.task.hooks.airflow.providers.standard.hooks.subprocess.SubprocessHook","filename":"subprocess.py","lineno":106}
{"timestamp":"2026-07-03T12:37:31.763082Z","level":"info","event":"\u001b[0m12:37:31    schema: STAGING","logger":"airflow.task.hooks.airflow.providers.standard.hooks.subprocess.SubprocessHook","filename":"subprocess.py","lineno":106}
{"timestamp":"2026-07-03T12:37:31.763395Z","level":"info","event":"\u001b[0m12:37:31    authenticator: None","logger":"airflow.task.hooks.airflow.providers.standard.hooks.subprocess.SubprocessHook","filename":"subprocess.py","lineno":106}
{"timestamp":"2026-07-03T12:37:31.763633Z","level":"info","event":"\u001b[0m12:37:31    oauth_client_id: None","logger":"airflow.task.hooks.airflow.providers.standard.hooks.subprocess.SubprocessHook","filename":"subprocess.py","lineno":106}
{"timestamp":"2026-07-03T12:37:31.763965Z","level":"info","event":"\u001b[0m12:37:31    query_tag: None","logger":"airflow.task.hooks.airflow.providers.standard.hooks.subprocess.SubprocessHook","filename":"subprocess.py","lineno":106}
{"timestamp":"2026-07-03T12:37:31.764205Z","level":"info","event":"\u001b[0m12:37:31    client_session_keep_alive: False","logger":"airflow.task.hooks.airflow.providers.standard.hooks.subprocess.SubprocessHook","filename":"subprocess.py","lineno":106}
{"timestamp":"2026-07-03T12:37:31.764491Z","level":"info","event":"\u001b[0m12:37:31    host: None","logger":"airflow.task.hooks.airflow.providers.standard.hooks.subprocess.SubprocessHook","filename":"subprocess.py","lineno":106}
{"timestamp":"2026-07-03T12:37:31.764798Z","level":"info","event":"\u001b[0m12:37:31    port: None","logger":"airflow.task.hooks.airflow.providers.standard.hooks.subprocess.SubprocessHook","filename":"subprocess.py","lineno":106}
{"timestamp":"2026-07-03T12:37:31.765495Z","level":"info","event":"\u001b[0m12:37:31    proxy_host: None","logger":"airflow.task.hooks.airflow.providers.standard.hooks.subprocess.SubprocessHook","filename":"subprocess.py","lineno":106}
{"timestamp":"2026-07-03T12:37:31.766129Z","level":"info","event":"\u001b[0m12:37:31    proxy_port: None","logger":"airflow.task.hooks.airflow.providers.standard.hooks.subprocess.SubprocessHook","filename":"subprocess.py","lineno":106}
{"timestamp":"2026-07-03T12:37:31.766333Z","level":"info","event":"\u001b[0m12:37:31    protocol: None","logger":"airflow.task.hooks.airflow.providers.standard.hooks.subprocess.SubprocessHook","filename":"subprocess.py","lineno":106}
{"timestamp":"2026-07-03T12:37:31.766660Z","level":"info","event":"\u001b[0m12:37:31    connect_retries: 1","logger":"airflow.task.hooks.airflow.providers.standard.hooks.subprocess.SubprocessHook","filename":"subprocess.py","lineno":106}
{"timestamp":"2026-07-03T12:37:31.766900Z","level":"info","event":"\u001b[0m12:37:31    connect_timeout: None","logger":"airflow.task.hooks.airflow.providers.standard.hooks.subprocess.SubprocessHook","filename":"subprocess.py","lineno":106}
{"timestamp":"2026-07-03T12:37:31.767141Z","level":"info","event":"\u001b[0m12:37:31    retry_on_database_errors: False","logger":"airflow.task.hooks.airflow.providers.standard.hooks.subprocess.SubprocessHook","filename":"subprocess.py","lineno":106}
{"timestamp":"2026-07-03T12:37:31.767372Z","level":"info","event":"\u001b[0m12:37:31    retry_all: False","logger":"airflow.task.hooks.airflow.providers.standard.hooks.subprocess.SubprocessHook","filename":"subprocess.py","lineno":106}
{"timestamp":"2026-07-03T12:37:31.767634Z","level":"info","event":"\u001b[0m12:37:31    insecure_mode: False","logger":"airflow.task.hooks.airflow.providers.standard.hooks.subprocess.SubprocessHook","filename":"subprocess.py","lineno":106}
{"timestamp":"2026-07-03T12:37:31.767895Z","level":"info","event":"\u001b[0m12:37:31    reuse_connections: True","logger":"airflow.task.hooks.airflow.providers.standard.hooks.subprocess.SubprocessHook","filename":"subprocess.py","lineno":106}
{"timestamp":"2026-07-03T12:37:31.768219Z","level":"info","event":"\u001b[0m12:37:31    s3_stage_vpce_dns_name: None","logger":"airflow.task.hooks.airflow.providers.standard.hooks.subprocess.SubprocessHook","filename":"subprocess.py","lineno":106}
{"timestamp":"2026-07-03T12:37:31.768545Z","level":"info","event":"\u001b[0m12:37:31    platform_detection_timeout_seconds: 0.0","logger":"airflow.task.hooks.airflow.providers.standard.hooks.subprocess.SubprocessHook","filename":"subprocess.py","lineno":106}
{"timestamp":"2026-07-03T12:37:31.769399Z","level":"info","event":"\u001b[0m12:37:31  Registered adapter: snowflake=1.10.5","logger":"airflow.task.hooks.airflow.providers.standard.hooks.subprocess.SubprocessHook","filename":"subprocess.py","lineno":106}
{"timestamp":"2026-07-03T12:37:33.082038Z","level":"info","event":"\u001b[0m12:37:33    Connection test: [\u001b[32mOK connection ok\u001b[0m]","logger":"airflow.task.hooks.airflow.providers.standard.hooks.subprocess.SubprocessHook","filename":"subprocess.py","lineno":106}
{"timestamp":"2026-07-03T12:37:33.083015Z","level":"info","event":"","logger":"airflow.task.hooks.airflow.providers.standard.hooks.subprocess.SubprocessHook","filename":"subprocess.py","lineno":106}
{"timestamp":"2026-07-03T12:37:33.083184Z","level":"info","event":"\u001b[0m12:37:33  \u001b[32mAll checks passed!\u001b[0m","logger":"airflow.task.hooks.airflow.providers.standard.hooks.subprocess.SubprocessHook","filename":"subprocess.py","lineno":106}
{"timestamp":"2026-07-03T12:37:36.405471Z","level":"info","event":"\u001b[0m12:37:36  Running with dbt=1.11.11","logger":"airflow.task.hooks.airflow.providers.standard.hooks.subprocess.SubprocessHook","filename":"subprocess.py","lineno":106}
{"timestamp":"2026-07-03T12:37:36.493081Z","level":"info","event":"\u001b[0m12:37:36  Warning: No packages were found in packages.yml","logger":"airflow.task.hooks.airflow.providers.standard.hooks.subprocess.SubprocessHook","filename":"subprocess.py","lineno":106}
{"timestamp":"2026-07-03T12:37:36.495078Z","level":"info","event":"\u001b[0m12:37:36  Warning: No packages were found in packages.yml","logger":"airflow.task.hooks.airflow.providers.standard.hooks.subprocess.SubprocessHook","filename":"subprocess.py","lineno":106}
{"timestamp":"2026-07-03T12:37:39.100201Z","level":"info","event":"\u001b[0m12:37:39  Running with dbt=1.11.11","logger":"airflow.task.hooks.airflow.providers.standard.hooks.subprocess.SubprocessHook","filename":"subprocess.py","lineno":106}
{"timestamp":"2026-07-03T12:37:39.582799Z","level":"info","event":"\u001b[0m12:37:39  Registered adapter: snowflake=1.10.5","logger":"airflow.task.hooks.airflow.providers.standard.hooks.subprocess.SubprocessHook","filename":"subprocess.py","lineno":106}
{"timestamp":"2026-07-03T12:37:39.893905Z","level":"info","event":"\u001b[0m12:37:39  Found 36 models, 51 data tests, 14 sources, 520 macros","logger":"airflow.task.hooks.airflow.providers.standard.hooks.subprocess.SubprocessHook","filename":"subprocess.py","lineno":106}
{"timestamp":"2026-07-03T12:37:39.898490Z","level":"info","event":"\u001b[0m12:37:39","logger":"airflow.task.hooks.airflow.providers.standard.hooks.subprocess.SubprocessHook","filename":"subprocess.py","lineno":106}
{"timestamp":"2026-07-03T12:37:39.898846Z","level":"info","event":"\u001b[0m12:37:39  Concurrency: 4 threads (target='dev')","logger":"airflow.task.hooks.airflow.providers.standard.hooks.subprocess.SubprocessHook","filename":"subprocess.py","lineno":106}
{"timestamp":"2026-07-03T12:37:39.899129Z","level":"info","event":"\u001b[0m12:37:39","logger":"airflow.task.hooks.airflow.providers.standard.hooks.subprocess.SubprocessHook","filename":"subprocess.py","lineno":106}
{"timestamp":"2026-07-03T12:37:41.356614Z","level":"info","event":"\u001b[0m12:37:41  1 of 87 START sql view model STAGING.stg_crime_scores .......................... [RUN]","logger":"airflow.task.hooks.airflow.providers.standard.hooks.subprocess.SubprocessHook","filename":"subprocess.py","lineno":106}
{"timestamp":"2026-07-03T12:37:41.357936Z","level":"info","event":"\u001b[0m12:37:41  2 of 87 START sql view model STAGING.stg_growth_scores ......................... [RUN]","logger":"airflow.task.hooks.airflow.providers.standard.hooks.subprocess.SubprocessHook","filename":"subprocess.py","lineno":106}
{"timestamp":"2026-07-03T12:37:41.358374Z","level":"info","event":"\u001b[0m12:37:41  3 of 87 START sql view model STAGING.stg_healthcare_intelligence ............... [RUN]","logger":"airflow.task.hooks.airflow.providers.standard.hooks.subprocess.SubprocessHook","filename":"subprocess.py","lineno":106}
{"timestamp":"2026-07-03T12:37:41.359024Z","level":"info","event":"\u001b[0m12:37:41  4 of 87 START sql view model STAGING.stg_historical_housing_trends ............. [RUN]","logger":"airflow.task.hooks.airflow.providers.standard.hooks.subprocess.SubprocessHook","filename":"subprocess.py","lineno":106}
{"timestamp":"2026-07-03T12:37:41.866916Z","level":"info","event":"\u001b[0m12:37:41  3 of 87 OK created sql view model STAGING.stg_healthcare_intelligence .......... [\u001b[32mSUCCESS 1\u001b[0m in 0.50s]","logger":"airflow.task.hooks.airflow.providers.standard.hooks.subprocess.SubprocessHook","filename":"subprocess.py","lineno":106}
{"timestamp":"2026-07-03T12:37:41.867402Z","level":"info","event":"\u001b[0m12:37:41  4 of 87 OK created sql view model STAGING.stg_historical_housing_trends ........ [\u001b[32mSUCCESS 1\u001b[0m in 0.50s]","logger":"airflow.task.hooks.airflow.providers.standard.hooks.subprocess.SubprocessHook","filename":"subprocess.py","lineno":106}
{"timestamp":"2026-07-03T12:37:41.868021Z","level":"info","event":"\u001b[0m12:37:41  1 of 87 OK created sql view model STAGING.stg_crime_scores ..................... [\u001b[32mSUCCESS 1\u001b[0m in 0.51s]","logger":"airflow.task.hooks.airflow.providers.standard.hooks.subprocess.SubprocessHook","filename":"subprocess.py","lineno":106}
{"timestamp":"2026-07-03T12:37:41.874664Z","level":"info","event":"\u001b[0m12:37:41  5 of 87 START sql view model STAGING.stg_housing_intelligence .................. [RUN]","logger":"airflow.task.hooks.airflow.providers.standard.hooks.subprocess.SubprocessHook","filename":"subprocess.py","lineno":106}
{"timestamp":"2026-07-03T12:37:41.876341Z","level":"info","event":"\u001b[0m12:37:41  2 of 87 OK created sql view model STAGING.stg_growth_scores .................... [\u001b[32mSUCCESS 1\u001b[0m in 0.51s]","logger":"airflow.task.hooks.airflow.providers.standard.hooks.subprocess.SubprocessHook","filename":"subprocess.py","lineno":106}
{"timestamp":"2026-07-03T12:37:41.877587Z","level":"info","event":"\u001b[0m12:37:41  6 of 87 START sql view model STAGING.stg_investment_scores ..................... [RUN]","logger":"airflow.task.hooks.airflow.providers.standard.hooks.subprocess.SubprocessHook","filename":"subprocess.py","lineno":106}
{"timestamp":"2026-07-03T12:37:41.878571Z","level":"info","event":"\u001b[0m12:37:41  7 of 87 START sql view model STAGING.stg_local_authority_trends ................ [RUN]","logger":"airflow.task.hooks.airflow.providers.standard.hooks.subprocess.SubprocessHook","filename":"subprocess.py","lineno":106}
{"timestamp":"2026-07-03T12:37:41.886092Z","level":"info","event":"\u001b[0m12:37:41  8 of 87 START sql view model STAGING.stg_location_intelligence ................. [RUN]","logger":"airflow.task.hooks.airflow.providers.standard.hooks.subprocess.SubprocessHook","filename":"subprocess.py","lineno":106}
{"timestamp":"2026-07-03T12:37:42.288743Z","level":"info","event":"\u001b[0m12:37:42  7 of 87 OK created sql view model STAGING.stg_local_authority_trends ........... [\u001b[32mSUCCESS 1\u001b[0m in 0.41s]","logger":"airflow.task.hooks.airflow.providers.standard.hooks.subprocess.SubprocessHook","filename":"subprocess.py","lineno":106}
{"timestamp":"2026-07-03T12:37:42.291351Z","level":"info","event":"\u001b[0m12:37:42  9 of 87 START sql view model STAGING.stg_opportunity_explorer .................. [RUN]","logger":"airflow.task.hooks.airflow.providers.standard.hooks.subprocess.SubprocessHook","filename":"subprocess.py","lineno":106}
{"timestamp":"2026-07-03T12:37:42.346713Z","level":"info","event":"\u001b[0m12:37:42  6 of 87 OK created sql view model STAGING.stg_investment_scores ................ [\u001b[32mSUCCESS 1\u001b[0m in 0.47s]","logger":"airflow.task.hooks.airflow.providers.standard.hooks.subprocess.SubprocessHook","filename":"subprocess.py","lineno":106}
{"timestamp":"2026-07-03T12:37:42.348819Z","level":"info","event":"\u001b[0m12:37:42  10 of 87 START sql view model STAGING.stg_rankings ............................. [RUN]","logger":"airflow.task.hooks.airflow.providers.standard.hooks.subprocess.SubprocessHook","filename":"subprocess.py","lineno":106}
{"timestamp":"2026-07-03T12:37:42.366007Z","level":"info","event":"\u001b[0m12:37:42  5 of 87 OK created sql view model STAGING.stg_housing_intelligence ............. [\u001b[32mSUCCESS 1\u001b[0m in 0.49s]","logger":"airflow.task.hooks.airflow.providers.standard.hooks.subprocess.SubprocessHook","filename":"subprocess.py","lineno":106}
{"timestamp":"2026-07-03T12:37:42.369114Z","level":"info","event":"\u001b[0m12:37:42  8 of 87 OK created sql view model STAGING.stg_location_intelligence ............ [\u001b[32mSUCCESS 1\u001b[0m in 0.47s]","logger":"airflow.task.hooks.airflow.providers.standard.hooks.subprocess.SubprocessHook","filename":"subprocess.py","lineno":106}
{"timestamp":"2026-07-03T12:37:42.370612Z","level":"info","event":"\u001b[0m12:37:42  11 of 87 START sql view model STAGING.stg_regional_housing_trends .............. [RUN]","logger":"airflow.task.hooks.airflow.providers.standard.hooks.subprocess.SubprocessHook","filename":"subprocess.py","lineno":106}
{"timestamp":"2026-07-03T12:37:42.371849Z","level":"info","event":"\u001b[0m12:37:42  12 of 87 START sql view model STAGING.stg_regional_intelligence ................ [RUN]","logger":"airflow.task.hooks.airflow.providers.standard.hooks.subprocess.SubprocessHook","filename":"subprocess.py","lineno":106}
{"timestamp":"2026-07-03T12:37:42.705339Z","level":"info","event":"\u001b[0m12:37:42  9 of 87 OK created sql view model STAGING.stg_opportunity_explorer ............. [\u001b[32mSUCCESS 1\u001b[0m in 0.41s]","logger":"airflow.task.hooks.airflow.providers.standard.hooks.subprocess.SubprocessHook","filename":"subprocess.py","lineno":106}
{"timestamp":"2026-07-03T12:37:42.708073Z","level":"info","event":"\u001b[0m12:37:42  13 of 87 START sql view model STAGING.stg_school_intelligence .................. [RUN]","logger":"airflow.task.hooks.airflow.providers.standard.hooks.subprocess.SubprocessHook","filename":"subprocess.py","lineno":106}
{"timestamp":"2026-07-03T12:37:42.746749Z","level":"info","event":"\u001b[0m12:37:42  11 of 87 OK created sql view model STAGING.stg_regional_housing_trends ......... [\u001b[32mSUCCESS 1\u001b[0m in 0.37s]","logger":"airflow.task.hooks.airflow.providers.standard.hooks.subprocess.SubprocessHook","filename":"subprocess.py","lineno":106}
{"timestamp":"2026-07-03T12:37:42.749039Z","level":"info","event":"\u001b[0m12:37:42  12 of 87 OK created sql view model STAGING.stg_regional_intelligence ........... [\u001b[32mSUCCESS 1\u001b[0m in 0.38s]","logger":"airflow.task.hooks.airflow.providers.standard.hooks.subprocess.SubprocessHook","filename":"subprocess.py","lineno":106}
{"timestamp":"2026-07-03T12:37:42.750337Z","level":"info","event":"\u001b[0m12:37:42  14 of 87 START sql view model STAGING.stg_transport_intelligence ............... [RUN]","logger":"airflow.task.hooks.airflow.providers.standard.hooks.subprocess.SubprocessHook","filename":"subprocess.py","lineno":106}
{"timestamp":"2026-07-03T12:37:42.751463Z","level":"info","event":"\u001b[0m12:37:42  15 of 87 START sql table model dimensions.dim_date ............................. [RUN]","logger":"airflow.task.hooks.airflow.providers.standard.hooks.subprocess.SubprocessHook","filename":"subprocess.py","lineno":106}
{"timestamp":"2026-07-03T12:37:42.757098Z","level":"info","event":"\u001b[0m12:37:42  10 of 87 OK created sql view model STAGING.stg_rankings ........................ [\u001b[32mSUCCESS 1\u001b[0m in 0.41s]","logger":"airflow.task.hooks.airflow.providers.standard.hooks.subprocess.SubprocessHook","filename":"subprocess.py","lineno":106}
{"timestamp":"2026-07-03T12:37:42.762198Z","level":"info","event":"\u001b[0m12:37:42  16 of 87 START sql view model intermediate.int_housing_trends .................. [RUN]","logger":"airflow.task.hooks.airflow.providers.standard.hooks.subprocess.SubprocessHook","filename":"subprocess.py","lineno":106}
{"timestamp":"2026-07-03T12:37:43.095439Z","level":"info","event":"\u001b[0m12:37:43  13 of 87 OK created sql view model STAGING.stg_school_intelligence ............. [\u001b[32mSUCCESS 1\u001b[0m in 0.38s]","logger":"airflow.task.hooks.airflow.providers.standard.hooks.subprocess.SubprocessHook","filename":"subprocess.py","lineno":106}
{"timestamp":"2026-07-03T12:37:43.099141Z","level":"info","event":"\u001b[0m12:37:43  17 of 87 START sql view model intermediate.int_local_authority_trends .......... [RUN]","logger":"airflow.task.hooks.airflow.providers.standard.hooks.subprocess.SubprocessHook","filename":"subprocess.py","lineno":106}
{"timestamp":"2026-07-03T12:37:43.181759Z","level":"info","event":"\u001b[0m12:37:43  14 of 87 OK created sql view model STAGING.stg_transport_intelligence .......... [\u001b[32mSUCCESS 1\u001b[0m in 0.43s]","logger":"airflow.task.hooks.airflow.providers.standard.hooks.subprocess.SubprocessHook","filename":"subprocess.py","lineno":106}
{"timestamp":"2026-07-03T12:37:43.183807Z","level":"info","event":"\u001b[0m12:37:43  18 of 87 START sql table model dimensions.dim_country .......................... [RUN]","logger":"airflow.task.hooks.airflow.providers.standard.hooks.subprocess.SubprocessHook","filename":"subprocess.py","lineno":106}
{"timestamp":"2026-07-03T12:37:43.239086Z","level":"info","event":"\u001b[0m12:37:43  16 of 87 OK created sql view model intermediate.int_housing_trends ............. [\u001b[32mSUCCESS 1\u001b[0m in 0.47s]","logger":"airflow.task.hooks.airflow.providers.standard.hooks.subprocess.SubprocessHook","filename":"subprocess.py","lineno":106}
{"timestamp":"2026-07-03T12:37:43.240936Z","level":"info","event":"\u001b[0m12:37:43  19 of 87 START sql table model dimensions.dim_local_authority .................. [RUN]","logger":"airflow.task.hooks.airflow.providers.standard.hooks.subprocess.SubprocessHook","filename":"subprocess.py","lineno":106}
{"timestamp":"2026-07-03T12:37:43.541790Z","level":"info","event":"\u001b[0m12:37:43  17 of 87 OK created sql view model intermediate.int_local_authority_trends ..... [\u001b[32mSUCCESS 1\u001b[0m in 0.44s]","logger":"airflow.task.hooks.airflow.providers.standard.hooks.subprocess.SubprocessHook","filename":"subprocess.py","lineno":106}
{"timestamp":"2026-07-03T12:37:43.544375Z","level":"info","event":"\u001b[0m12:37:43  20 of 87 START sql table model dimensions.dim_location ......................... [RUN]","logger":"airflow.task.hooks.airflow.providers.standard.hooks.subprocess.SubprocessHook","filename":"subprocess.py","lineno":106}
{"timestamp":"2026-07-03T12:37:43.738495Z","level":"info","event":"\u001b[0m12:37:43  15 of 87 OK created sql table model dimensions.dim_date ........................ [\u001b[32mSUCCESS 1\u001b[0m in 0.98s]","logger":"airflow.task.hooks.airflow.providers.standard.hooks.subprocess.SubprocessHook","filename":"subprocess.py","lineno":106}
{"timestamp":"2026-07-03T12:37:43.742102Z","level":"info","event":"\u001b[0m12:37:43  21 of 87 START sql table model dimensions.dim_region ........................... [RUN]","logger":"airflow.task.hooks.airflow.providers.standard.hooks.subprocess.SubprocessHook","filename":"subprocess.py","lineno":106}
{"timestamp":"2026-07-03T12:37:44.009030Z","level":"info","event":"\u001b[0m12:37:44  18 of 87 OK created sql table model dimensions.dim_country ..................... [\u001b[32mSUCCESS 1\u001b[0m in 0.82s]","logger":"airflow.task.hooks.airflow.providers.standard.hooks.subprocess.SubprocessHook","filename":"subprocess.py","lineno":106}
{"timestamp":"2026-07-03T12:37:44.010556Z","level":"info","event":"\u001b[0m12:37:44  22 of 87 START sql view model intermediate.int_housing_scores .................. [RUN]","logger":"airflow.task.hooks.airflow.providers.standard.hooks.subprocess.SubprocessHook","filename":"subprocess.py","lineno":106}
{"timestamp":"2026-07-03T12:37:44.046678Z","level":"info","event":"\u001b[0m12:37:44  19 of 87 OK created sql table model dimensions.dim_local_authority ............. [\u001b[32mSUCCESS 1\u001b[0m in 0.80s]","logger":"airflow.task.hooks.airflow.providers.standard.hooks.subprocess.SubprocessHook","filename":"subprocess.py","lineno":106}
{"timestamp":"2026-07-03T12:37:44.048322Z","level":"info","event":"\u001b[0m12:37:44  23 of 87 START sql view model intermediate.int_regional_trends ................. [RUN]","logger":"airflow.task.hooks.airflow.providers.standard.hooks.subprocess.SubprocessHook","filename":"subprocess.py","lineno":106}
{"timestamp":"2026-07-03T12:37:44.424270Z","level":"info","event":"\u001b[0m12:37:44  20 of 87 OK created sql table model dimensions.dim_location .................... [\u001b[32mSUCCESS 1\u001b[0m in 0.88s]","logger":"airflow.task.hooks.airflow.providers.standard.hooks.subprocess.SubprocessHook","filename":"subprocess.py","lineno":106}
{"timestamp":"2026-07-03T12:37:44.427860Z","level":"info","event":"\u001b[0m12:37:44  24 of 87 START test not_null_dim_date_date_key ................................. [RUN]","logger":"airflow.task.hooks.airflow.providers.standard.hooks.subprocess.SubprocessHook","filename":"subprocess.py","lineno":106}
{"timestamp":"2026-07-03T12:37:44.472003Z","level":"info","event":"\u001b[0m12:37:44  22 of 87 OK created sql view model intermediate.int_housing_scores ............. [\u001b[32mSUCCESS 1\u001b[0m in 0.46s]","logger":"airflow.task.hooks.airflow.providers.standard.hooks.subprocess.SubprocessHook","filename":"subprocess.py","lineno":106}
{"timestamp":"2026-07-03T12:37:44.475002Z","level":"info","event":"\u001b[0m12:37:44  25 of 87 START test not_null_dim_date_month .................................... [RUN]","logger":"airflow.task.hooks.airflow.providers.standard.hooks.subprocess.SubprocessHook","filename":"subprocess.py","lineno":106}
{"timestamp":"2026-07-03T12:37:44.480946Z","level":"info","event":"\u001b[0m12:37:44  23 of 87 OK created sql view model intermediate.int_regional_trends ............ [\u001b[32mSUCCESS 1\u001b[0m in 0.43s]","logger":"airflow.task.hooks.airflow.providers.standard.hooks.subprocess.SubprocessHook","filename":"subprocess.py","lineno":106}
{"timestamp":"2026-07-03T12:37:44.482325Z","level":"info","event":"\u001b[0m12:37:44  26 of 87 START test not_null_dim_date_year ..................................... [RUN]","logger":"airflow.task.hooks.airflow.providers.standard.hooks.subprocess.SubprocessHook","filename":"subprocess.py","lineno":106}
{"timestamp":"2026-07-03T12:37:44.508669Z","level":"info","event":"\u001b[0m12:37:44  21 of 87 OK created sql table model dimensions.dim_region ...................... [\u001b[32mSUCCESS 1\u001b[0m in 0.77s]","logger":"airflow.task.hooks.airflow.providers.standard.hooks.subprocess.SubprocessHook","filename":"subprocess.py","lineno":106}
{"timestamp":"2026-07-03T12:37:44.509617Z","level":"info","event":"\u001b[0m12:37:44  27 of 87 START test unique_dim_date_date_key ................................... [RUN]","logger":"airflow.task.hooks.airflow.providers.standard.hooks.subprocess.SubprocessHook","filename":"subprocess.py","lineno":106}
{"timestamp":"2026-07-03T12:37:44.781763Z","level":"info","event":"\u001b[0m12:37:44  24 of 87 PASS not_null_dim_date_date_key ....................................... [\u001b[32mPASS\u001b[0m in 0.35s]","logger":"airflow.task.hooks.airflow.providers.standard.hooks.subprocess.SubprocessHook","filename":"subprocess.py","lineno":106}
{"timestamp":"2026-07-03T12:37:44.790083Z","level":"info","event":"\u001b[0m12:37:44  25 of 87 PASS not_null_dim_date_month .......................................... [\u001b[32mPASS\u001b[0m in 0.31s]","logger":"airflow.task.hooks.airflow.providers.standard.hooks.subprocess.SubprocessHook","filename":"subprocess.py","lineno":106}
{"timestamp":"2026-07-03T12:37:44.792970Z","level":"info","event":"\u001b[0m12:37:44  26 of 87 PASS not_null_dim_date_year ........................................... [\u001b[32mPASS\u001b[0m in 0.31s]","logger":"airflow.task.hooks.airflow.providers.standard.hooks.subprocess.SubprocessHook","filename":"subprocess.py","lineno":106}
{"timestamp":"2026-07-03T12:37:44.795104Z","level":"info","event":"\u001b[0m12:37:44  27 of 87 PASS unique_dim_date_date_key ......................................... [\u001b[32mPASS\u001b[0m in 0.28s]","logger":"airflow.task.hooks.airflow.providers.standard.hooks.subprocess.SubprocessHook","filename":"subprocess.py","lineno":106}
{"timestamp":"2026-07-03T12:37:44.796269Z","level":"info","event":"\u001b[0m12:37:44  28 of 87 START test not_null_dim_country_country ............................... [RUN]","logger":"airflow.task.hooks.airflow.providers.standard.hooks.subprocess.SubprocessHook","filename":"subprocess.py","lineno":106}
{"timestamp":"2026-07-03T12:37:44.800359Z","level":"info","event":"\u001b[0m12:37:44  29 of 87 START test not_null_dim_country_country_key ........................... [RUN]","logger":"airflow.task.hooks.airflow.providers.standard.hooks.subprocess.SubprocessHook","filename":"subprocess.py","lineno":106}
{"timestamp":"2026-07-03T12:37:44.801333Z","level":"info","event":"\u001b[0m12:37:44  30 of 87 START test unique_dim_country_country ................................. [RUN]","logger":"airflow.task.hooks.airflow.providers.standard.hooks.subprocess.SubprocessHook","filename":"subprocess.py","lineno":106}
{"timestamp":"2026-07-03T12:37:44.801851Z","level":"info","event":"\u001b[0m12:37:44  31 of 87 START test unique_dim_country_country_key ............................. [RUN]","logger":"airflow.task.hooks.airflow.providers.standard.hooks.subprocess.SubprocessHook","filename":"subprocess.py","lineno":106}
{"timestamp":"2026-07-03T12:37:45.150691Z","level":"info","event":"\u001b[0m12:37:45  28 of 87 PASS not_null_dim_country_country ..................................... [\u001b[32mPASS\u001b[0m in 0.35s]","logger":"airflow.task.hooks.airflow.providers.standard.hooks.subprocess.SubprocessHook","filename":"subprocess.py","lineno":106}
{"timestamp":"2026-07-03T12:37:45.157465Z","level":"info","event":"\u001b[0m12:37:45  29 of 87 PASS not_null_dim_country_country_key ................................. [\u001b[32mPASS\u001b[0m in 0.35s]","logger":"airflow.task.hooks.airflow.providers.standard.hooks.subprocess.SubprocessHook","filename":"subprocess.py","lineno":106}
{"timestamp":"2026-07-03T12:37:45.162022Z","level":"info","event":"\u001b[0m12:37:45  30 of 87 PASS unique_dim_country_country ....................................... [\u001b[32mPASS\u001b[0m in 0.35s]","logger":"airflow.task.hooks.airflow.providers.standard.hooks.subprocess.SubprocessHook","filename":"subprocess.py","lineno":106}
{"timestamp":"2026-07-03T12:37:45.164804Z","level":"info","event":"\u001b[0m12:37:45  31 of 87 PASS unique_dim_country_country_key ................................... [\u001b[32mPASS\u001b[0m in 0.36s]","logger":"airflow.task.hooks.airflow.providers.standard.hooks.subprocess.SubprocessHook","filename":"subprocess.py","lineno":106}
{"timestamp":"2026-07-03T12:37:45.165428Z","level":"info","event":"\u001b[0m12:37:45  32 of 87 START test not_null_dim_local_authority_lad_code ...................... [RUN]","logger":"airflow.task.hooks.airflow.providers.standard.hooks.subprocess.SubprocessHook","filename":"subprocess.py","lineno":106}
{"timestamp":"2026-07-03T12:37:45.168631Z","level":"info","event":"\u001b[0m12:37:45  33 of 87 START test not_null_dim_local_authority_local_authority_key ........... [RUN]","logger":"airflow.task.hooks.airflow.providers.standard.hooks.subprocess.SubprocessHook","filename":"subprocess.py","lineno":106}
{"timestamp":"2026-07-03T12:37:45.169939Z","level":"info","event":"\u001b[0m12:37:45  34 of 87 START test unique_dim_local_authority_lad_code ........................ [RUN]","logger":"airflow.task.hooks.airflow.providers.standard.hooks.subprocess.SubprocessHook","filename":"subprocess.py","lineno":106}
{"timestamp":"2026-07-03T12:37:45.170814Z","level":"info","event":"\u001b[0m12:37:45  35 of 87 START test unique_dim_local_authority_local_authority_key ............. [RUN]","logger":"airflow.task.hooks.airflow.providers.standard.hooks.subprocess.SubprocessHook","filename":"subprocess.py","lineno":106}
{"timestamp":"2026-07-03T12:37:45.520647Z","level":"info","event":"\u001b[0m12:37:45  32 of 87 PASS not_null_dim_local_authority_lad_code ............................ [\u001b[32mPASS\u001b[0m in 0.35s]","logger":"airflow.task.hooks.airflow.providers.standard.hooks.subprocess.SubprocessHook","filename":"subprocess.py","lineno":106}
{"timestamp":"2026-07-03T12:37:45.532434Z","level":"info","event":"\u001b[0m12:37:45  33 of 87 PASS not_null_dim_local_authority_local_authority_key ................. [\u001b[32mPASS\u001b[0m in 0.36s]","logger":"airflow.task.hooks.airflow.providers.standard.hooks.subprocess.SubprocessHook","filename":"subprocess.py","lineno":106}
{"timestamp":"2026-07-03T12:37:45.536193Z","level":"info","event":"\u001b[0m12:37:45  35 of 87 PASS unique_dim_local_authority_local_authority_key ................... [\u001b[32mPASS\u001b[0m in 0.36s]","logger":"airflow.task.hooks.airflow.providers.standard.hooks.subprocess.SubprocessHook","filename":"subprocess.py","lineno":106}
{"timestamp":"2026-07-03T12:37:45.538599Z","level":"info","event":"\u001b[0m12:37:45  34 of 87 PASS unique_dim_local_authority_lad_code .............................. [\u001b[32mPASS\u001b[0m in 0.36s]","logger":"airflow.task.hooks.airflow.providers.standard.hooks.subprocess.SubprocessHook","filename":"subprocess.py","lineno":106}
{"timestamp":"2026-07-03T12:37:45.539740Z","level":"info","event":"\u001b[0m12:37:45  36 of 87 START test not_null_dim_location_location_key ......................... [RUN]","logger":"airflow.task.hooks.airflow.providers.standard.hooks.subprocess.SubprocessHook","filename":"subprocess.py","lineno":106}
{"timestamp":"2026-07-03T12:37:45.543369Z","level":"info","event":"\u001b[0m12:37:45  37 of 87 START test not_null_dim_location_lsoa_code ............................ [RUN]","logger":"airflow.task.hooks.airflow.providers.standard.hooks.subprocess.SubprocessHook","filename":"subprocess.py","lineno":106}
{"timestamp":"2026-07-03T12:37:45.545488Z","level":"info","event":"\u001b[0m12:37:45  38 of 87 START test unique_dim_location_location_key ........................... [RUN]","logger":"airflow.task.hooks.airflow.providers.standard.hooks.subprocess.SubprocessHook","filename":"subprocess.py","lineno":106}
{"timestamp":"2026-07-03T12:37:45.546053Z","level":"info","event":"\u001b[0m12:37:45  39 of 87 START test unique_dim_location_lsoa_code .............................. [RUN]","logger":"airflow.task.hooks.airflow.providers.standard.hooks.subprocess.SubprocessHook","filename":"subprocess.py","lineno":106}
{"timestamp":"2026-07-03T12:37:45.903864Z","level":"info","event":"\u001b[0m12:37:45  36 of 87 PASS not_null_dim_location_location_key ............................... [\u001b[32mPASS\u001b[0m in 0.36s]","logger":"airflow.task.hooks.airflow.providers.standard.hooks.subprocess.SubprocessHook","filename":"subprocess.py","lineno":106}
{"timestamp":"2026-07-03T12:37:45.909869Z","level":"info","event":"\u001b[0m12:37:45  37 of 87 PASS not_null_dim_location_lsoa_code .................................. [\u001b[32mPASS\u001b[0m in 0.36s]","logger":"airflow.task.hooks.airflow.providers.standard.hooks.subprocess.SubprocessHook","filename":"subprocess.py","lineno":106}
{"timestamp":"2026-07-03T12:37:45.913300Z","level":"info","event":"\u001b[0m12:37:45  40 of 87 START test not_null_dim_region_region ................................. [RUN]","logger":"airflow.task.hooks.airflow.providers.standard.hooks.subprocess.SubprocessHook","filename":"subprocess.py","lineno":106}
{"timestamp":"2026-07-03T12:37:45.915650Z","level":"info","event":"\u001b[0m12:37:45  41 of 87 START test not_null_dim_region_region_key ............................. [RUN]","logger":"airflow.task.hooks.airflow.providers.standard.hooks.subprocess.SubprocessHook","filename":"subprocess.py","lineno":106}
{"timestamp":"2026-07-03T12:37:45.932390Z","level":"info","event":"\u001b[0m12:37:45  39 of 87 PASS unique_dim_location_lsoa_code .................................... [\u001b[32mPASS\u001b[0m in 0.38s]","logger":"airflow.task.hooks.airflow.providers.standard.hooks.subprocess.SubprocessHook","filename":"subprocess.py","lineno":106}
{"timestamp":"2026-07-03T12:37:45.934347Z","level":"info","event":"\u001b[0m12:37:45  38 of 87 PASS unique_dim_location_location_key ................................. [\u001b[32mPASS\u001b[0m in 0.38s]","logger":"airflow.task.hooks.airflow.providers.standard.hooks.subprocess.SubprocessHook","filename":"subprocess.py","lineno":106}
{"timestamp":"2026-07-03T12:37:45.940111Z","level":"info","event":"\u001b[0m12:37:45  42 of 87 START test unique_dim_region_region ................................... [RUN]","logger":"airflow.task.hooks.airflow.providers.standard.hooks.subprocess.SubprocessHook","filename":"subprocess.py","lineno":106}
{"timestamp":"2026-07-03T12:37:45.942268Z","level":"info","event":"\u001b[0m12:37:45  43 of 87 START test unique_dim_region_region_key ............................... [RUN]","logger":"airflow.task.hooks.airflow.providers.standard.hooks.subprocess.SubprocessHook","filename":"subprocess.py","lineno":106}
{"timestamp":"2026-07-03T12:37:46.259380Z","level":"info","event":"\u001b[0m12:37:46  40 of 87 PASS not_null_dim_region_region ....................................... [\u001b[32mPASS\u001b[0m in 0.34s]","logger":"airflow.task.hooks.airflow.providers.standard.hooks.subprocess.SubprocessHook","filename":"subprocess.py","lineno":106}
{"timestamp":"2026-07-03T12:37:46.264444Z","level":"info","event":"\u001b[0m12:37:46  41 of 87 PASS not_null_dim_region_region_key ................................... [\u001b[32mPASS\u001b[0m in 0.35s]","logger":"airflow.task.hooks.airflow.providers.standard.hooks.subprocess.SubprocessHook","filename":"subprocess.py","lineno":106}
{"timestamp":"2026-07-03T12:37:46.275510Z","level":"info","event":"\u001b[0m12:37:46  42 of 87 PASS unique_dim_region_region ......................................... [\u001b[32mPASS\u001b[0m in 0.33s]","logger":"airflow.task.hooks.airflow.providers.standard.hooks.subprocess.SubprocessHook","filename":"subprocess.py","lineno":106}
{"timestamp":"2026-07-03T12:37:46.277655Z","level":"info","event":"\u001b[0m12:37:46  43 of 87 PASS unique_dim_region_region_key ..................................... [\u001b[32mPASS\u001b[0m in 0.33s]","logger":"airflow.task.hooks.airflow.providers.standard.hooks.subprocess.SubprocessHook","filename":"subprocess.py","lineno":106}
{"timestamp":"2026-07-03T12:37:46.283247Z","level":"info","event":"\u001b[0m12:37:46  44 of 87 START sql table model marts.fct_housing_intelligence .................. [RUN]","logger":"airflow.task.hooks.airflow.providers.standard.hooks.subprocess.SubprocessHook","filename":"subprocess.py","lineno":106}
{"timestamp":"2026-07-03T12:37:46.284318Z","level":"info","event":"\u001b[0m12:37:46  45 of 87 START sql table model marts.fct_housing_trends ........................ [RUN]","logger":"airflow.task.hooks.airflow.providers.standard.hooks.subprocess.SubprocessHook","filename":"subprocess.py","lineno":106}
{"timestamp":"2026-07-03T12:37:46.284834Z","level":"info","event":"\u001b[0m12:37:46  46 of 87 START sql table model marts.fct_local_authority_trends ................ [RUN]","logger":"airflow.task.hooks.airflow.providers.standard.hooks.subprocess.SubprocessHook","filename":"subprocess.py","lineno":106}
{"timestamp":"2026-07-03T12:37:46.285781Z","level":"info","event":"\u001b[0m12:37:46  47 of 87 START sql table model marts.fct_regional_trends ....................... [RUN]","logger":"airflow.task.hooks.airflow.providers.standard.hooks.subprocess.SubprocessHook","filename":"subprocess.py","lineno":106}
{"timestamp":"2026-07-03T12:37:49.126785Z","level":"info","event":"\u001b[0m12:37:49  44 of 87 OK created sql table model marts.fct_housing_intelligence ............. [\u001b[32mSUCCESS 1\u001b[0m in 1.01s]","logger":"airflow.task.hooks.airflow.providers.standard.hooks.subprocess.SubprocessHook","filename":"subprocess.py","lineno":106}
{"timestamp":"2026-07-03T12:37:49.127898Z","level":"info","event":"\u001b[0m12:37:49  46 of 87 OK created sql table model marts.fct_local_authority_trends ........... [\u001b[32mSUCCESS 1\u001b[0m in 1.01s]","logger":"airflow.task.hooks.airflow.providers.standard.hooks.subprocess.SubprocessHook","filename":"subprocess.py","lineno":106}
{"timestamp":"2026-07-03T12:37:49.128878Z","level":"info","event":"\u001b[0m12:37:49  45 of 87 OK created sql table model marts.fct_housing_trends ................... [\u001b[32mSUCCESS 1\u001b[0m in 1.31s]","logger":"airflow.task.hooks.airflow.providers.standard.hooks.subprocess.SubprocessHook","filename":"subprocess.py","lineno":106}
{"timestamp":"2026-07-03T12:37:49.131183Z","level":"info","event":"\u001b[0m12:37:49  47 of 87 OK created sql table model marts.fct_regional_trends .................. [\u001b[32mSUCCESS 1\u001b[0m in 1.00s]","logger":"airflow.task.hooks.airflow.providers.standard.hooks.subprocess.SubprocessHook","filename":"subprocess.py","lineno":106}
{"timestamp":"2026-07-03T12:37:49.141659Z","level":"info","event":"\u001b[0m12:37:49  50 of 87 START sql table model marts.mart_transport_accessibility .............. [RUN]","logger":"airflow.task.hooks.airflow.providers.standard.hooks.subprocess.SubprocessHook","filename":"subprocess.py","lineno":106}
{"timestamp":"2026-07-03T12:37:49.142661Z","level":"info","event":"\u001b[0m12:37:49  48 of 87 START sql table model marts.mart_healthcare_accessibility ............. [RUN]","logger":"airflow.task.hooks.airflow.providers.standard.hooks.subprocess.SubprocessHook","filename":"subprocess.py","lineno":106}
{"timestamp":"2026-07-03T12:37:49.145493Z","level":"info","event":"\u001b[0m12:37:49  49 of 87 START sql table model marts.mart_school_accessibility ................. [RUN]","logger":"airflow.task.hooks.airflow.providers.standard.hooks.subprocess.SubprocessHook","filename":"subprocess.py","lineno":106}
{"timestamp":"2026-07-03T12:37:49.149246Z","level":"info","event":"\u001b[0m12:37:49  51 of 87 START test not_null_fct_housing_intelligence_housing_intelligence_index  [RUN]","logger":"airflow.task.hooks.airflow.providers.standard.hooks.subprocess.SubprocessHook","filename":"subprocess.py","lineno":106}
{"timestamp":"2026-07-03T12:37:49.639582Z","level":"info","event":"\u001b[0m12:37:49  51 of 87 PASS not_null_fct_housing_intelligence_housing_intelligence_index ..... [\u001b[32mPASS\u001b[0m in 0.49s]","logger":"airflow.task.hooks.airflow.providers.standard.hooks.subprocess.SubprocessHook","filename":"subprocess.py","lineno":106}
{"timestamp":"2026-07-03T12:37:49.640961Z","level":"info","event":"\u001b[0m12:37:49  52 of 87 START test not_null_fct_housing_intelligence_local_authority_key ...... [RUN]","logger":"airflow.task.hooks.airflow.providers.standard.hooks.subprocess.SubprocessHook","filename":"subprocess.py","lineno":106}
{"timestamp":"2026-07-03T12:37:49.882021Z","level":"info","event":"\u001b[0m12:37:49  52 of 87 PASS not_null_fct_housing_intelligence_local_authority_key ............ [\u001b[32mPASS\u001b[0m in 0.24s]","logger":"airflow.task.hooks.airflow.providers.standard.hooks.subprocess.SubprocessHook","filename":"subprocess.py","lineno":106}
{"timestamp":"2026-07-03T12:37:49.883265Z","level":"info","event":"\u001b[0m12:37:49  53 of 87 START test not_null_fct_housing_intelligence_location_key ............. [RUN]","logger":"airflow.task.hooks.airflow.providers.standard.hooks.subprocess.SubprocessHook","filename":"subprocess.py","lineno":106}
{"timestamp":"2026-07-03T12:37:50.113154Z","level":"info","event":"\u001b[0m12:37:50  53 of 87 PASS not_null_fct_housing_intelligence_location_key ................... [\u001b[32mPASS\u001b[0m in 0.23s]","logger":"airflow.task.hooks.airflow.providers.standard.hooks.subprocess.SubprocessHook","filename":"subprocess.py","lineno":106}
{"timestamp":"2026-07-03T12:37:50.114490Z","level":"info","event":"\u001b[0m12:37:50  54 of 87 START test not_null_fct_housing_intelligence_region_key ............... [RUN]","logger":"airflow.task.hooks.airflow.providers.standard.hooks.subprocess.SubprocessHook","filename":"subprocess.py","lineno":106}
{"timestamp":"2026-07-03T12:37:50.315328Z","level":"info","event":"\u001b[0m12:37:50  48 of 87 OK created sql table model marts.mart_healthcare_accessibility ........ [\u001b[32mSUCCESS 1\u001b[0m in 1.17s]","logger":"airflow.task.hooks.airflow.providers.standard.hooks.subprocess.SubprocessHook","filename":"subprocess.py","lineno":106}
{"timestamp":"2026-07-03T12:37:50.316396Z","level":"info","event":"\u001b[0m12:37:50  55 of 87 START test not_null_fct_local_authority_trends_country_key ............ [RUN]","logger":"airflow.task.hooks.airflow.providers.standard.hooks.subprocess.SubprocessHook","filename":"subprocess.py","lineno":106}
{"timestamp":"2026-07-03T12:37:50.337597Z","level":"info","event":"\u001b[0m12:37:50  49 of 87 OK created sql table model marts.mart_school_accessibility ............ [\u001b[32mSUCCESS 1\u001b[0m in 1.19s]","logger":"airflow.task.hooks.airflow.providers.standard.hooks.subprocess.SubprocessHook","filename":"subprocess.py","lineno":106}
{"timestamp":"2026-07-03T12:37:50.338739Z","level":"info","event":"\u001b[0m12:37:50  56 of 87 START test not_null_fct_local_authority_trends_date_key ............... [RUN]","logger":"airflow.task.hooks.airflow.providers.standard.hooks.subprocess.SubprocessHook","filename":"subprocess.py","lineno":106}
{"timestamp":"2026-07-03T12:37:50.351357Z","level":"info","event":"\u001b[0m12:37:50  54 of 87 PASS not_null_fct_housing_intelligence_region_key ..................... [\u001b[32mPASS\u001b[0m in 0.24s]","logger":"airflow.task.hooks.airflow.providers.standard.hooks.subprocess.SubprocessHook","filename":"subprocess.py","lineno":106}
{"timestamp":"2026-07-03T12:37:50.353078Z","level":"info","event":"\u001b[0m12:37:50  57 of 87 START test not_null_fct_local_authority_trends_local_authority_key .... [RUN]","logger":"airflow.task.hooks.airflow.providers.standard.hooks.subprocess.SubprocessHook","filename":"subprocess.py","lineno":106}
{"timestamp":"2026-07-03T12:37:50.369069Z","level":"info","event":"\u001b[0m12:37:50  50 of 87 OK created sql table model marts.mart_transport_accessibility ......... [\u001b[32mSUCCESS 1\u001b[0m in 1.22s]","logger":"airflow.task.hooks.airflow.providers.standard.hooks.subprocess.SubprocessHook","filename":"subprocess.py","lineno":106}
{"timestamp":"2026-07-03T12:37:50.373831Z","level":"info","event":"\u001b[0m12:37:50  58 of 87 START test not_null_fct_local_authority_trends_region_key ............. [RUN]","logger":"airflow.task.hooks.airflow.providers.standard.hooks.subprocess.SubprocessHook","filename":"subprocess.py","lineno":106}
{"timestamp":"2026-07-03T12:37:50.662862Z","level":"info","event":"\u001b[0m12:37:50  56 of 87 PASS not_null_fct_local_authority_trends_date_key ..................... [\u001b[32mPASS\u001b[0m in 0.32s]","logger":"airflow.task.hooks.airflow.providers.standard.hooks.subprocess.SubprocessHook","filename":"subprocess.py","lineno":106}
{"timestamp":"2026-07-03T12:37:50.667146Z","level":"info","event":"\u001b[0m12:37:50  57 of 87 PASS not_null_fct_local_authority_trends_local_authority_key .......... [\u001b[32mPASS\u001b[0m in 0.31s]","logger":"airflow.task.hooks.airflow.providers.standard.hooks.subprocess.SubprocessHook","filename":"subprocess.py","lineno":106}
{"timestamp":"2026-07-03T12:37:50.668700Z","level":"info","event":"\u001b[0m12:37:50  55 of 87 PASS not_null_fct_local_authority_trends_country_key .................. [\u001b[32mPASS\u001b[0m in 0.35s]","logger":"airflow.task.hooks.airflow.providers.standard.hooks.subprocess.SubprocessHook","filename":"subprocess.py","lineno":106}
{"timestamp":"2026-07-03T12:37:50.670180Z","level":"info","event":"\u001b[0m12:37:50  59 of 87 START test not_null_fct_housing_trends_country_key .................... [RUN]","logger":"airflow.task.hooks.airflow.providers.standard.hooks.subprocess.SubprocessHook","filename":"subprocess.py","lineno":106}
{"timestamp":"2026-07-03T12:37:50.672077Z","level":"info","event":"\u001b[0m12:37:50  58 of 87 PASS not_null_fct_local_authority_trends_region_key ................... [\u001b[32mPASS\u001b[0m in 0.30s]","logger":"airflow.task.hooks.airflow.providers.standard.hooks.subprocess.SubprocessHook","filename":"subprocess.py","lineno":106}
{"timestamp":"2026-07-03T12:37:50.673197Z","level":"info","event":"\u001b[0m12:37:50  60 of 87 START test not_null_fct_housing_trends_date_key ....................... [RUN]","logger":"airflow.task.hooks.airflow.providers.standard.hooks.subprocess.SubprocessHook","filename":"subprocess.py","lineno":106}
{"timestamp":"2026-07-03T12:37:50.674107Z","level":"info","event":"\u001b[0m12:37:50  61 of 87 START test not_null_fct_housing_trends_local_authority_key ............ [RUN]","logger":"airflow.task.hooks.airflow.providers.standard.hooks.subprocess.SubprocessHook","filename":"subprocess.py","lineno":106}
{"timestamp":"2026-07-03T12:37:50.680006Z","level":"info","event":"\u001b[0m12:37:50  62 of 87 START test not_null_fct_housing_trends_location_key ................... [RUN]","logger":"airflow.task.hooks.airflow.providers.standard.hooks.subprocess.SubprocessHook","filename":"subprocess.py","lineno":106}
{"timestamp":"2026-07-03T12:37:51.015893Z","level":"info","event":"\u001b[0m12:37:51  61 of 87 PASS not_null_fct_housing_trends_local_authority_key .................. [\u001b[32mPASS\u001b[0m in 0.34s]","logger":"airflow.task.hooks.airflow.providers.standard.hooks.subprocess.SubprocessHook","filename":"subprocess.py","lineno":106}
{"timestamp":"2026-07-03T12:37:51.020281Z","level":"info","event":"\u001b[0m12:37:51  59 of 87 PASS not_null_fct_housing_trends_country_key .......................... [\u001b[32mPASS\u001b[0m in 0.35s]","logger":"airflow.task.hooks.airflow.providers.standard.hooks.subprocess.SubprocessHook","filename":"subprocess.py","lineno":106}
{"timestamp":"2026-07-03T12:37:51.021539Z","level":"info","event":"\u001b[0m12:37:51  62 of 87 PASS not_null_fct_housing_trends_location_key ......................... [\u001b[32mPASS\u001b[0m in 0.34s]","logger":"airflow.task.hooks.airflow.providers.standard.hooks.subprocess.SubprocessHook","filename":"subprocess.py","lineno":106}
{"timestamp":"2026-07-03T12:37:51.023310Z","level":"info","event":"\u001b[0m12:37:51  60 of 87 PASS not_null_fct_housing_trends_date_key ............................. [\u001b[32mPASS\u001b[0m in 0.35s]","logger":"airflow.task.hooks.airflow.providers.standard.hooks.subprocess.SubprocessHook","filename":"subprocess.py","lineno":106}
{"timestamp":"2026-07-03T12:37:51.024513Z","level":"info","event":"\u001b[0m12:37:51  63 of 87 START test not_null_fct_housing_trends_region_key ..................... [RUN]","logger":"airflow.task.hooks.airflow.providers.standard.hooks.subprocess.SubprocessHook","filename":"subprocess.py","lineno":106}
{"timestamp":"2026-07-03T12:37:51.026403Z","level":"info","event":"\u001b[0m12:37:51  64 of 87 START test not_null_fct_regional_trends_country_key ................... [RUN]","logger":"airflow.task.hooks.airflow.providers.standard.hooks.subprocess.SubprocessHook","filename":"subprocess.py","lineno":106}
{"timestamp":"2026-07-03T12:37:51.026726Z","level":"info","event":"\u001b[0m12:37:51  65 of 87 START test not_null_fct_regional_trends_date_key ...................... [RUN]","logger":"airflow.task.hooks.airflow.providers.standard.hooks.subprocess.SubprocessHook","filename":"subprocess.py","lineno":106}
{"timestamp":"2026-07-03T12:37:51.027316Z","level":"info","event":"\u001b[0m12:37:51  66 of 87 START test not_null_fct_regional_trends_region_key .................... [RUN]","logger":"airflow.task.hooks.airflow.providers.standard.hooks.subprocess.SubprocessHook","filename":"subprocess.py","lineno":106}
{"timestamp":"2026-07-03T12:37:51.270232Z","level":"info","event":"\u001b[0m12:37:51  63 of 87 PASS not_null_fct_housing_trends_region_key ........................... [\u001b[32mPASS\u001b[0m in 0.24s]","logger":"airflow.task.hooks.airflow.providers.standard.hooks.subprocess.SubprocessHook","filename":"subprocess.py","lineno":106}
{"timestamp":"2026-07-03T12:37:51.271642Z","level":"info","event":"\u001b[0m12:37:51  67 of 87 START test not_null_mart_healthcare_accessibility_healthcare_accessibility_score  [RUN]","logger":"airflow.task.hooks.airflow.providers.standard.hooks.subprocess.SubprocessHook","filename":"subprocess.py","lineno":106}
{"timestamp":"2026-07-03T12:37:51.406767Z","level":"info","event":"\u001b[0m12:37:51  66 of 87 PASS not_null_fct_regional_trends_region_key .......................... [\u001b[32mPASS\u001b[0m in 0.38s]","logger":"airflow.task.hooks.airflow.providers.standard.hooks.subprocess.SubprocessHook","filename":"subprocess.py","lineno":106}
{"timestamp":"2026-07-03T12:37:51.408627Z","level":"info","event":"\u001b[0m12:37:51  65 of 87 PASS not_null_fct_regional_trends_date_key ............................ [\u001b[32mPASS\u001b[0m in 0.38s]","logger":"airflow.task.hooks.airflow.providers.standard.hooks.subprocess.SubprocessHook","filename":"subprocess.py","lineno":106}
{"timestamp":"2026-07-03T12:37:51.410079Z","level":"info","event":"\u001b[0m12:37:51  64 of 87 PASS not_null_fct_regional_trends_country_key ......................... [\u001b[32mPASS\u001b[0m in 0.38s]","logger":"airflow.task.hooks.airflow.providers.standard.hooks.subprocess.SubprocessHook","filename":"subprocess.py","lineno":106}
{"timestamp":"2026-07-03T12:37:51.413918Z","level":"info","event":"\u001b[0m12:37:51  68 of 87 START test not_null_mart_healthcare_accessibility_location_key ........ [RUN]","logger":"airflow.task.hooks.airflow.providers.standard.hooks.subprocess.SubprocessHook","filename":"subprocess.py","lineno":106}
{"timestamp":"2026-07-03T12:37:51.414465Z","level":"info","event":"\u001b[0m12:37:51  69 of 87 START test not_null_mart_school_accessibility_location_key ............ [RUN]","logger":"airflow.task.hooks.airflow.providers.standard.hooks.subprocess.SubprocessHook","filename":"subprocess.py","lineno":106}
{"timestamp":"2026-07-03T12:37:51.414785Z","level":"info","event":"\u001b[0m12:37:51  70 of 87 START test not_null_mart_school_accessibility_school_accessibility_score  [RUN]","logger":"airflow.task.hooks.airflow.providers.standard.hooks.subprocess.SubprocessHook","filename":"subprocess.py","lineno":106}
{"timestamp":"2026-07-03T12:37:51.602556Z","level":"info","event":"\u001b[0m12:37:51  67 of 87 PASS not_null_mart_healthcare_accessibility_healthcare_accessibility_score  [\u001b[32mPASS\u001b[0m in 0.33s]","logger":"airflow.task.hooks.airflow.providers.standard.hooks.subprocess.SubprocessHook","filename":"subprocess.py","lineno":106}
{"timestamp":"2026-07-03T12:37:51.604637Z","level":"info","event":"\u001b[0m12:37:51  71 of 87 START sql table model marts.mart_affordability_analytics .............. [RUN]","logger":"airflow.task.hooks.airflow.providers.standard.hooks.subprocess.SubprocessHook","filename":"subprocess.py","lineno":106}
{"timestamp":"2026-07-03T12:37:51.661641Z","level":"info","event":"\u001b[0m12:37:51  68 of 87 PASS not_null_mart_healthcare_accessibility_location_key .............. [\u001b[32mPASS\u001b[0m in 0.25s]","logger":"airflow.task.hooks.airflow.providers.standard.hooks.subprocess.SubprocessHook","filename":"subprocess.py","lineno":106}
{"timestamp":"2026-07-03T12:37:51.663241Z","level":"info","event":"\u001b[0m12:37:51  72 of 87 START sql table model marts.mart_area_rankings ........................ [RUN]","logger":"airflow.task.hooks.airflow.providers.standard.hooks.subprocess.SubprocessHook","filename":"subprocess.py","lineno":106}
{"timestamp":"2026-07-03T12:37:51.759676Z","level":"info","event":"\u001b[0m12:37:51  69 of 87 PASS not_null_mart_school_accessibility_location_key .................. [\u001b[32mPASS\u001b[0m in 0.34s]","logger":"airflow.task.hooks.airflow.providers.standard.hooks.subprocess.SubprocessHook","filename":"subprocess.py","lineno":106}
{"timestamp":"2026-07-03T12:37:51.761866Z","level":"info","event":"\u001b[0m12:37:51  70 of 87 PASS not_null_mart_school_accessibility_school_accessibility_score .... [\u001b[32mPASS\u001b[0m in 0.35s]","logger":"airflow.task.hooks.airflow.providers.standard.hooks.subprocess.SubprocessHook","filename":"subprocess.py","lineno":106}
{"timestamp":"2026-07-03T12:37:51.765050Z","level":"info","event":"\u001b[0m12:37:51  73 of 87 START sql table model marts.mart_growth_analytics ..................... [RUN]","logger":"airflow.task.hooks.airflow.providers.standard.hooks.subprocess.SubprocessHook","filename":"subprocess.py","lineno":106}
{"timestamp":"2026-07-03T12:37:51.765709Z","level":"info","event":"\u001b[0m12:37:51  74 of 87 START sql table model marts.mart_investment_opportunities ............. [RUN]","logger":"airflow.task.hooks.airflow.providers.standard.hooks.subprocess.SubprocessHook","filename":"subprocess.py","lineno":106}
{"timestamp":"2026-07-03T12:37:52.614423Z","level":"info","event":"\u001b[0m12:37:52  71 of 87 OK created sql table model marts.mart_affordability_analytics ......... [\u001b[32mSUCCESS 1\u001b[0m in 1.01s]","logger":"airflow.task.hooks.airflow.providers.standard.hooks.subprocess.SubprocessHook","filename":"subprocess.py","lineno":106}
{"timestamp":"2026-07-03T12:37:52.614938Z","level":"info","event":"\u001b[0m12:37:52  72 of 87 OK created sql table model marts.mart_area_rankings ................... [\u001b[32mSUCCESS 1\u001b[0m in 0.95s]","logger":"airflow.task.hooks.airflow.providers.standard.hooks.subprocess.SubprocessHook","filename":"subprocess.py","lineno":106}
{"timestamp":"2026-07-03T12:37:52.617001Z","level":"info","event":"\u001b[0m12:37:52  75 of 87 START test not_null_mart_transport_accessibility_location_key ......... [RUN]","logger":"airflow.task.hooks.airflow.providers.standard.hooks.subprocess.SubprocessHook","filename":"subprocess.py","lineno":106}
{"timestamp":"2026-07-03T12:37:52.617359Z","level":"info","event":"\u001b[0m12:37:52  76 of 87 START test not_null_mart_transport_accessibility_transport_accessibility_score  [RUN]","logger":"airflow.task.hooks.airflow.providers.standard.hooks.subprocess.SubprocessHook","filename":"subprocess.py","lineno":106}
{"timestamp":"2026-07-03T12:37:52.643347Z","level":"info","event":"\u001b[0m12:37:52  73 of 87 OK created sql table model marts.mart_growth_analytics ................ [\u001b[32mSUCCESS 1\u001b[0m in 0.88s]","logger":"airflow.task.hooks.airflow.providers.standard.hooks.subprocess.SubprocessHook","filename":"subprocess.py","lineno":106}
{"timestamp":"2026-07-03T12:37:52.644408Z","level":"info","event":"\u001b[0m12:37:52  77 of 87 START sql table model marts.mart_regional_performance ................. [RUN]","logger":"airflow.task.hooks.airflow.providers.standard.hooks.subprocess.SubprocessHook","filename":"subprocess.py","lineno":106}
{"timestamp":"2026-07-03T12:37:52.745426Z","level":"info","event":"\u001b[0m12:37:52  74 of 87 OK created sql table model marts.mart_investment_opportunities ........ [\u001b[32mSUCCESS 1\u001b[0m in 0.98s]","logger":"airflow.task.hooks.airflow.providers.standard.hooks.subprocess.SubprocessHook","filename":"subprocess.py","lineno":106}
{"timestamp":"2026-07-03T12:37:52.747371Z","level":"info","event":"\u001b[0m12:37:52  78 of 87 START test not_null_mart_affordability_analytics_affordability_score .. [RUN]","logger":"airflow.task.hooks.airflow.providers.standard.hooks.subprocess.SubprocessHook","filename":"subprocess.py","lineno":106}
{"timestamp":"2026-07-03T12:37:52.944311Z","level":"info","event":"\u001b[0m12:37:52  75 of 87 PASS not_null_mart_transport_accessibility_location_key ............... [\u001b[32mPASS\u001b[0m in 0.33s]","logger":"airflow.task.hooks.airflow.providers.standard.hooks.subprocess.SubprocessHook","filename":"subprocess.py","lineno":106}
{"timestamp":"2026-07-03T12:37:52.953862Z","level":"info","event":"\u001b[0m12:37:52  76 of 87 PASS not_null_mart_transport_accessibility_transport_accessibility_score  [\u001b[32mPASS\u001b[0m in 0.34s]","logger":"airflow.task.hooks.airflow.providers.standard.hooks.subprocess.SubprocessHook","filename":"subprocess.py","lineno":106}
{"timestamp":"2026-07-03T12:37:52.954656Z","level":"info","event":"\u001b[0m12:37:52  79 of 87 START test not_null_mart_area_rankings_housing_intelligence_index ..... [RUN]","logger":"airflow.task.hooks.airflow.providers.standard.hooks.subprocess.SubprocessHook","filename":"subprocess.py","lineno":106}
{"timestamp":"2026-07-03T12:37:52.958468Z","level":"info","event":"\u001b[0m12:37:52  80 of 87 START test not_null_mart_area_rankings_location_key ................... [RUN]","logger":"airflow.task.hooks.airflow.providers.standard.hooks.subprocess.SubprocessHook","filename":"subprocess.py","lineno":106}
{"timestamp":"2026-07-03T12:37:53.059843Z","level":"info","event":"\u001b[0m12:37:53  78 of 87 PASS not_null_mart_affordability_analytics_affordability_score ........ [\u001b[32mPASS\u001b[0m in 0.31s]","logger":"airflow.task.hooks.airflow.providers.standard.hooks.subprocess.SubprocessHook","filename":"subprocess.py","lineno":106}
{"timestamp":"2026-07-03T12:37:53.061556Z","level":"info","event":"\u001b[0m12:37:53  81 of 87 START test not_null_mart_growth_analytics_growth_score ................ [RUN]","logger":"airflow.task.hooks.airflow.providers.standard.hooks.subprocess.SubprocessHook","filename":"subprocess.py","lineno":106}
{"timestamp":"2026-07-03T12:37:53.286431Z","level":"info","event":"\u001b[0m12:37:53  79 of 87 PASS not_null_mart_area_rankings_housing_intelligence_index ........... [\u001b[32mPASS\u001b[0m in 0.33s]","logger":"airflow.task.hooks.airflow.providers.standard.hooks.subprocess.SubprocessHook","filename":"subprocess.py","lineno":106}
{"timestamp":"2026-07-03T12:37:53.291095Z","level":"info","event":"\u001b[0m12:37:53  80 of 87 PASS not_null_mart_area_rankings_location_key ......................... [\u001b[32mPASS\u001b[0m in 0.33s]","logger":"airflow.task.hooks.airflow.providers.standard.hooks.subprocess.SubprocessHook","filename":"subprocess.py","lineno":106}
{"timestamp":"2026-07-03T12:37:53.291834Z","level":"info","event":"\u001b[0m12:37:53  82 of 87 START test not_null_mart_investment_opportunities_investment_score .... [RUN]","logger":"airflow.task.hooks.airflow.providers.standard.hooks.subprocess.SubprocessHook","filename":"subprocess.py","lineno":106}
{"timestamp":"2026-07-03T12:37:53.294272Z","level":"info","event":"\u001b[0m12:37:53  83 of 87 START sql table model marts.mart_area_profile ......................... [RUN]","logger":"airflow.task.hooks.airflow.providers.standard.hooks.subprocess.SubprocessHook","filename":"subprocess.py","lineno":106}
{"timestamp":"2026-07-03T12:37:53.371677Z","level":"info","event":"\u001b[0m12:37:53  81 of 87 PASS not_null_mart_growth_analytics_growth_score ...................... [\u001b[32mPASS\u001b[0m in 0.31s]","logger":"airflow.task.hooks.airflow.providers.standard.hooks.subprocess.SubprocessHook","filename":"subprocess.py","lineno":106}
{"timestamp":"2026-07-03T12:37:53.470307Z","level":"info","event":"\u001b[0m12:37:53  77 of 87 OK created sql table model marts.mart_regional_performance ............ [\u001b[32mSUCCESS 1\u001b[0m in 0.82s]","logger":"airflow.task.hooks.airflow.providers.standard.hooks.subprocess.SubprocessHook","filename":"subprocess.py","lineno":106}
{"timestamp":"2026-07-03T12:37:53.472555Z","level":"info","event":"\u001b[0m12:37:53  84 of 87 START test not_null_mart_regional_performance_region_key .............. [RUN]","logger":"airflow.task.hooks.airflow.providers.standard.hooks.subprocess.SubprocessHook","filename":"subprocess.py","lineno":106}
{"timestamp":"2026-07-03T12:37:53.616570Z","level":"info","event":"\u001b[0m12:37:53  82 of 87 PASS not_null_mart_investment_opportunities_investment_score .......... [\u001b[32mPASS\u001b[0m in 0.32s]","logger":"airflow.task.hooks.airflow.providers.standard.hooks.subprocess.SubprocessHook","filename":"subprocess.py","lineno":106}
{"timestamp":"2026-07-03T12:37:53.801169Z","level":"info","event":"\u001b[0m12:37:53  84 of 87 PASS not_null_mart_regional_performance_region_key .................... [\u001b[32mPASS\u001b[0m in 0.33s]","logger":"airflow.task.hooks.airflow.providers.standard.hooks.subprocess.SubprocessHook","filename":"subprocess.py","lineno":106}
{"timestamp":"2026-07-03T12:37:54.476074Z","level":"info","event":"\u001b[0m12:37:54  83 of 87 OK created sql table model marts.mart_area_profile .................... [\u001b[32mSUCCESS 1\u001b[0m in 1.17s]","logger":"airflow.task.hooks.airflow.providers.standard.hooks.subprocess.SubprocessHook","filename":"subprocess.py","lineno":106}
{"timestamp":"2026-07-03T12:37:54.483946Z","level":"info","event":"\u001b[0m12:37:54  85 of 87 START test not_null_mart_area_profile_housing_intelligence_index ...... [RUN]","logger":"airflow.task.hooks.airflow.providers.standard.hooks.subprocess.SubprocessHook","filename":"subprocess.py","lineno":106}
{"timestamp":"2026-07-03T12:37:54.485041Z","level":"info","event":"\u001b[0m12:37:54  86 of 87 START test not_null_mart_area_profile_location_key .................... [RUN]","logger":"airflow.task.hooks.airflow.providers.standard.hooks.subprocess.SubprocessHook","filename":"subprocess.py","lineno":106}
{"timestamp":"2026-07-03T12:37:54.488431Z","level":"info","event":"\u001b[0m12:37:54  87 of 87 START test unique_mart_area_profile_location_key ...................... [RUN]","logger":"airflow.task.hooks.airflow.providers.standard.hooks.subprocess.SubprocessHook","filename":"subprocess.py","lineno":106}
{"timestamp":"2026-07-03T12:37:54.830131Z","level":"info","event":"\u001b[0m12:37:54  86 of 87 PASS not_null_mart_area_profile_location_key .......................... [\u001b[32mPASS\u001b[0m in 0.34s]","logger":"airflow.task.hooks.airflow.providers.standard.hooks.subprocess.SubprocessHook","filename":"subprocess.py","lineno":106}
{"timestamp":"2026-07-03T12:37:54.837043Z","level":"info","event":"\u001b[0m12:37:54  85 of 87 PASS not_null_mart_area_profile_housing_intelligence_index ............ [\u001b[32mPASS\u001b[0m in 0.35s]","logger":"airflow.task.hooks.airflow.providers.standard.hooks.subprocess.SubprocessHook","filename":"subprocess.py","lineno":106}
{"timestamp":"2026-07-03T12:37:54.844084Z","level":"info","event":"\u001b[0m12:37:54  87 of 87 PASS unique_mart_area_profile_location_key ............................ [\u001b[32mPASS\u001b[0m in 0.34s]","logger":"airflow.task.hooks.airflow.providers.standard.hooks.subprocess.SubprocessHook","filename":"subprocess.py","lineno":106}
{"timestamp":"2026-07-03T12:37:56.314899Z","level":"info","event":"\u001b[0m12:37:56","logger":"airflow.task.hooks.airflow.providers.standard.hooks.subprocess.SubprocessHook","filename":"subprocess.py","lineno":106}
{"timestamp":"2026-07-03T12:37:56.315926Z","level":"info","event":"\u001b[0m12:37:56  Finished running 18 table models, 51 data tests, 18 view models in 0 hours 0 minutes and 16.41 seconds (16.41s).","logger":"airflow.task.hooks.airflow.providers.standard.hooks.subprocess.SubprocessHook","filename":"subprocess.py","lineno":106}
{"timestamp":"2026-07-03T12:37:56.415002Z","level":"info","event":"\u001b[0m12:37:56","logger":"airflow.task.hooks.airflow.providers.standard.hooks.subprocess.SubprocessHook","filename":"subprocess.py","lineno":106}
{"timestamp":"2026-07-03T12:37:56.415415Z","level":"info","event":"\u001b[0m12:37:56  \u001b[32mCompleted successfully\u001b[0m","logger":"airflow.task.hooks.airflow.providers.standard.hooks.subprocess.SubprocessHook","filename":"subprocess.py","lineno":106}
{"timestamp":"2026-07-03T12:37:56.415738Z","level":"info","event":"\u001b[0m12:37:56","logger":"airflow.task.hooks.airflow.providers.standard.hooks.subprocess.SubprocessHook","filename":"subprocess.py","lineno":106}
{"timestamp":"2026-07-03T12:37:56.416056Z","level":"info","event":"\u001b[0m12:37:56  Done. PASS=87 WARN=0 ERROR=0 SKIP=0 NO-OP=0 TOTAL=87","logger":"airflow.task.hooks.airflow.providers.standard.hooks.subprocess.SubprocessHook","filename":"subprocess.py","lineno":106}
{"timestamp":"2026-07-03T12:37:58.519560Z","level":"info","event":"======================================================================","logger":"airflow.task.hooks.airflow.providers.standard.hooks.subprocess.SubprocessHook","filename":"subprocess.py","lineno":106}
{"timestamp":"2026-07-03T12:37:58.520043Z","level":"info","event":"UK Housing Intelligence Platform","logger":"airflow.task.hooks.airflow.providers.standard.hooks.subprocess.SubprocessHook","filename":"subprocess.py","lineno":106}
{"timestamp":"2026-07-03T12:37:58.520108Z","level":"info","event":"dbt Transformation Runner","logger":"airflow.task.hooks.airflow.providers.standard.hooks.subprocess.SubprocessHook","filename":"subprocess.py","lineno":106}
{"timestamp":"2026-07-03T12:37:58.520153Z","level":"info","event":"======================================================================","logger":"airflow.task.hooks.airflow.providers.standard.hooks.subprocess.SubprocessHook","filename":"subprocess.py","lineno":106}
{"timestamp":"2026-07-03T12:37:58.520191Z","level":"info","event":"","logger":"airflow.task.hooks.airflow.providers.standard.hooks.subprocess.SubprocessHook","filename":"subprocess.py","lineno":106}
{"timestamp":"2026-07-03T12:37:58.520224Z","level":"info","event":"Running dbt debug...","logger":"airflow.task.hooks.airflow.providers.standard.hooks.subprocess.SubprocessHook","filename":"subprocess.py","lineno":106}
{"timestamp":"2026-07-03T12:37:58.520255Z","level":"info","event":"","logger":"airflow.task.hooks.airflow.providers.standard.hooks.subprocess.SubprocessHook","filename":"subprocess.py","lineno":106}
{"timestamp":"2026-07-03T12:37:58.520290Z","level":"info","event":"","logger":"airflow.task.hooks.airflow.providers.standard.hooks.subprocess.SubprocessHook","filename":"subprocess.py","lineno":106}
{"timestamp":"2026-07-03T12:37:58.520326Z","level":"info","event":"dbt debug successful.","logger":"airflow.task.hooks.airflow.providers.standard.hooks.subprocess.SubprocessHook","filename":"subprocess.py","lineno":106}
{"timestamp":"2026-07-03T12:37:58.520358Z","level":"info","event":"","logger":"airflow.task.hooks.airflow.providers.standard.hooks.subprocess.SubprocessHook","filename":"subprocess.py","lineno":106}
{"timestamp":"2026-07-03T12:37:58.520392Z","level":"info","event":"Running dbt deps...","logger":"airflow.task.hooks.airflow.providers.standard.hooks.subprocess.SubprocessHook","filename":"subprocess.py","lineno":106}
{"timestamp":"2026-07-03T12:37:58.520431Z","level":"info","event":"","logger":"airflow.task.hooks.airflow.providers.standard.hooks.subprocess.SubprocessHook","filename":"subprocess.py","lineno":106}
{"timestamp":"2026-07-03T12:37:58.520462Z","level":"info","event":"","logger":"airflow.task.hooks.airflow.providers.standard.hooks.subprocess.SubprocessHook","filename":"subprocess.py","lineno":106}
{"timestamp":"2026-07-03T12:37:58.520495Z","level":"info","event":"Running dbt build...","logger":"airflow.task.hooks.airflow.providers.standard.hooks.subprocess.SubprocessHook","filename":"subprocess.py","lineno":106}
{"timestamp":"2026-07-03T12:37:58.520541Z","level":"info","event":"","logger":"airflow.task.hooks.airflow.providers.standard.hooks.subprocess.SubprocessHook","filename":"subprocess.py","lineno":106}
{"timestamp":"2026-07-03T12:37:58.520575Z","level":"info","event":"","logger":"airflow.task.hooks.airflow.providers.standard.hooks.subprocess.SubprocessHook","filename":"subprocess.py","lineno":106}
{"timestamp":"2026-07-03T12:37:58.520620Z","level":"info","event":"All dbt models executed successfully.","logger":"airflow.task.hooks.airflow.providers.standard.hooks.subprocess.SubprocessHook","filename":"subprocess.py","lineno":106}
{"timestamp":"2026-07-03T12:37:58.534992Z","level":"info","event":"Command exited with return code 0","logger":"airflow.task.hooks.airflow.providers.standard.hooks.subprocess.SubprocessHook","filename":"subprocess.py","lineno":110}
{"timestamp":"2026-07-03T12:37:58.537948Z","level":"info","event":"Pushing xcom","ti":"RuntimeTaskInstance(id=UUID('019f27fb-067f-797d-9dd9-871f527c25fb'), task_id='run_dbt_models', dag_id='uk_housing_master_pipeline', run_id='manual__2026-07-03T12:36:30.430829+00:00', try_number=1, dag_version_id=UUID('019f22aa-99fc-7c23-9e3d-13215a8888ad'), map_index=-1, hostname='f00143147b01', context_carrier={}, task=<Task(BashOperator): run_dbt_models>, bundle_instance=LocalDagBundle(name=dags-folder), max_tries=3, start_date=datetime.datetime(2026, 7, 3, 12, 37, 29, 846217, tzinfo=datetime.timezone.utc), end_date=None, state=<TaskInstanceState.RUNNING: 'running'>, is_mapped=False, rendered_map_index=None)","logger":"task","filename":"task_runner.py","lineno":1352}
