{"timestamp":"2026-07-03T12:34:46.967075Z","level":"info","event":"DAG bundles loaded: dags-folder","logger":"airflow.dag_processing.bundles.manager.DagBundlesManager","filename":"manager.py","lineno":179}
{"timestamp":"2026-07-03T12:34:46.967862Z","level":"info","event":"Filling up the DagBag from /opt/airflow/dags/orchestration/master_pipeline.py","logger":"airflow.models.dagbag.DagBag","filename":"dagbag.py","lineno":593}
{"timestamp":"2026-07-03T12:34:46.985261Z","level":"warning","event":"The `airflow.operators.empty.EmptyOperator` attribute is deprecated. Please use `'airflow.providers.standard.operators.empty.EmptyOperator'`.","category":"DeprecatedImportWarning","filename":"/opt/airflow/dags/orchestration/master_pipeline.py","lineno":4,"logger":"py.warnings"}
{"timestamp":"2026-07-03T12:34:46.985464Z","level":"warning","event":"The `airflow.operators.bash.BashOperator` attribute is deprecated. Please use `'airflow.providers.standard.operators.bash.BashOperator'`.","category":"DeprecatedImportWarning","filename":"/opt/airflow/dags/orchestration/master_pipeline.py","lineno":5,"logger":"py.warnings"}
{"timestamp":"2026-07-03T12:34:46.985579Z","level":"warning","event":"The `airflow.operators.trigger_dagrun.TriggerDagRunOperator` attribute is deprecated. Please use `'airflow.providers.standard.operators.trigger_dagrun.TriggerDagRunOperator'`.","category":"DeprecatedImportWarning","filename":"/opt/airflow/dags/orchestration/master_pipeline.py","lineno":6,"logger":"py.warnings"}
{"timestamp":"2026-07-03T12:34:46.985673Z","level":"warning","event":"The `airflow.utils.trigger_rule.TriggerRule` attribute is deprecated. Please use `'airflow.task.trigger_rule.TriggerRule'`.","category":"DeprecatedImportWarning","filename":"/opt/airflow/dags/orchestration/master_pipeline.py","lineno":7,"logger":"py.warnings"}
{"timestamp":"2026-07-03T12:34:46.999973Z","level":"info","event":"Tmp dir root location: /tmp","logger":"airflow.task.hooks.airflow.providers.standard.hooks.subprocess.SubprocessHook","filename":"subprocess.py","lineno":78}
{"timestamp":"2026-07-03T12:34:47.000893Z","level":"info","event":"Running command: ['/usr/bin/bash', '-c', '\\n        python /opt/project/phase9/scripts/load_raw_to_snowflake.py\\n        ']","logger":"airflow.task.hooks.airflow.providers.standard.hooks.subprocess.SubprocessHook","filename":"subprocess.py","lineno":88}
{"timestamp":"2026-07-03T12:34:47.009662Z","level":"info","event":"Output:","logger":"airflow.task.hooks.airflow.providers.standard.hooks.subprocess.SubprocessHook","filename":"subprocess.py","lineno":99}
{"timestamp":"2026-07-03T12:35:02.083996Z","level":"info","event":"======================================================================","logger":"airflow.task.hooks.airflow.providers.standard.hooks.subprocess.SubprocessHook","filename":"subprocess.py","lineno":106}
{"timestamp":"2026-07-03T12:35:02.085792Z","level":"info","event":"UK Housing Intelligence Platform","logger":"airflow.task.hooks.airflow.providers.standard.hooks.subprocess.SubprocessHook","filename":"subprocess.py","lineno":106}
{"timestamp":"2026-07-03T12:35:02.085969Z","level":"info","event":"RAW Data Loader","logger":"airflow.task.hooks.airflow.providers.standard.hooks.subprocess.SubprocessHook","filename":"subprocess.py","lineno":106}
{"timestamp":"2026-07-03T12:35:02.086116Z","level":"info","event":"======================================================================","logger":"airflow.task.hooks.airflow.providers.standard.hooks.subprocess.SubprocessHook","filename":"subprocess.py","lineno":106}
{"timestamp":"2026-07-03T12:35:02.086206Z","level":"info","event":"","logger":"airflow.task.hooks.airflow.providers.standard.hooks.subprocess.SubprocessHook","filename":"subprocess.py","lineno":106}
{"timestamp":"2026-07-03T12:35:02.086291Z","level":"info","event":"Executing SQL file:","logger":"airflow.task.hooks.airflow.providers.standard.hooks.subprocess.SubprocessHook","filename":"subprocess.py","lineno":106}
{"timestamp":"2026-07-03T12:35:02.086366Z","level":"info","event":"/opt/project/phase8/snowflake/09_load_raw_tables.sql","logger":"airflow.task.hooks.airflow.providers.standard.hooks.subprocess.SubprocessHook","filename":"subprocess.py","lineno":106}
{"timestamp":"2026-07-03T12:35:02.086503Z","level":"info","event":"","logger":"airflow.task.hooks.airflow.providers.standard.hooks.subprocess.SubprocessHook","filename":"subprocess.py","lineno":106}
{"timestamp":"2026-07-03T12:35:02.086597Z","level":"info","event":"----------------------------------------------------------------------","logger":"airflow.task.hooks.airflow.providers.standard.hooks.subprocess.SubprocessHook","filename":"subprocess.py","lineno":106}
{"timestamp":"2026-07-03T12:35:02.086651Z","level":"info","event":"-- =====================================================","logger":"airflow.task.hooks.airflow.providers.standard.hooks.subprocess.SubprocessHook","filename":"subprocess.py","lineno":106}
{"timestamp":"2026-07-03T12:35:02.086717Z","level":"info","event":"-- UK Housing Intelligence Platform","logger":"airflow.task.hooks.airflow.providers.standard.hooks.subprocess.SubprocessHook","filename":"subprocess.py","lineno":106}
{"timestamp":"2026-07-03T12:35:02.086816Z","level":"info","event":"-- Phase 8","logger":"airflow.task.hooks.airflow.providers.standard.hooks.subprocess.SubprocessHook","filename":"subprocess.py","lineno":106}
{"timestamp":"2026-07-03T12:35:02.086875Z","level":"info","event":"-- Load All RAW Tables","logger":"airflow.task.hooks.airflow.providers.standard.hooks.subprocess.SubprocessHook","filename":"subprocess.py","lineno":106}
{"timestamp":"2026-07-03T12:35:02.086948Z","level":"info","event":"-- =====================================================","logger":"airflow.task.hooks.airflow.providers.standard.hooks.subprocess.SubprocessHook","filename":"subprocess.py","lineno":106}
{"timestamp":"2026-07-03T12:35:02.087019Z","level":"info","event":"","logger":"airflow.task.hooks.airflow.providers.standard.hooks.subprocess.SubprocessHook","filename":"subprocess.py","lineno":106}
{"timestamp":"2026-07-03T12:35:02.087082Z","level":"info","event":"USE DATABASE UK_HOUSING_DW","logger":"airflow.task.hooks.airflow.providers.standard.hooks.subprocess.SubprocessHook","filename":"subprocess.py","lineno":106}
{"timestamp":"2026-07-03T12:35:02.087141Z","level":"info","event":"----------------------------------------------------------------------","logger":"airflow.task.hooks.airflow.providers.standard.hooks.subprocess.SubprocessHook","filename":"subprocess.py","lineno":106}
{"timestamp":"2026-07-03T12:35:02.087199Z","level":"info","event":"USE SCHEMA RAW","logger":"airflow.task.hooks.airflow.providers.standard.hooks.subprocess.SubprocessHook","filename":"subprocess.py","lineno":106}
{"timestamp":"2026-07-03T12:35:02.087272Z","level":"info","event":"----------------------------------------------------------------------","logger":"airflow.task.hooks.airflow.providers.standard.hooks.subprocess.SubprocessHook","filename":"subprocess.py","lineno":106}
{"timestamp":"2026-07-03T12:35:02.087362Z","level":"info","event":"---------------------------------------------------------","logger":"airflow.task.hooks.airflow.providers.standard.hooks.subprocess.SubprocessHook","filename":"subprocess.py","lineno":106}
{"timestamp":"2026-07-03T12:35:02.087473Z","level":"info","event":"-- CRIME SCORES","logger":"airflow.task.hooks.airflow.providers.standard.hooks.subprocess.SubprocessHook","filename":"subprocess.py","lineno":106}
{"timestamp":"2026-07-03T12:35:02.087541Z","level":"info","event":"---------------------------------------------------------","logger":"airflow.task.hooks.airflow.providers.standard.hooks.subprocess.SubprocessHook","filename":"subprocess.py","lineno":106}
{"timestamp":"2026-07-03T12:35:02.087621Z","level":"info","event":"","logger":"airflow.task.hooks.airflow.providers.standard.hooks.subprocess.SubprocessHook","filename":"subprocess.py","lineno":106}
{"timestamp":"2026-07-03T12:35:02.087675Z","level":"info","event":"COPY INTO CRIME_SCORES","logger":"airflow.task.hooks.airflow.providers.standard.hooks.subprocess.SubprocessHook","filename":"subprocess.py","lineno":106}
{"timestamp":"2026-07-03T12:35:02.087744Z","level":"info","event":"FROM @GOLD_STAGE/crime_scores/","logger":"airflow.task.hooks.airflow.providers.standard.hooks.subprocess.SubprocessHook","filename":"subprocess.py","lineno":106}
{"timestamp":"2026-07-03T12:35:02.087849Z","level":"info","event":"MATCH_BY_COLUMN_NAME = CASE_INSENSITIVE","logger":"airflow.task.hooks.airflow.providers.standard.hooks.subprocess.SubprocessHook","filename":"subprocess.py","lineno":106}
{"timestamp":"2026-07-03T12:35:02.087909Z","level":"info","event":"----------------------------------------------------------------------","logger":"airflow.task.hooks.airflow.providers.standard.hooks.subprocess.SubprocessHook","filename":"subprocess.py","lineno":106}
{"timestamp":"2026-07-03T12:35:02.087983Z","level":"info","event":"---------------------------------------------------------","logger":"airflow.task.hooks.airflow.providers.standard.hooks.subprocess.SubprocessHook","filename":"subprocess.py","lineno":106}
{"timestamp":"2026-07-03T12:35:02.088076Z","level":"info","event":"-- GROWTH SCORES","logger":"airflow.task.hooks.airflow.providers.standard.hooks.subprocess.SubprocessHook","filename":"subprocess.py","lineno":106}
{"timestamp":"2026-07-03T12:35:02.088155Z","level":"info","event":"---------------------------------------------------------","logger":"airflow.task.hooks.airflow.providers.standard.hooks.subprocess.SubprocessHook","filename":"subprocess.py","lineno":106}
{"timestamp":"2026-07-03T12:35:02.088221Z","level":"info","event":"","logger":"airflow.task.hooks.airflow.providers.standard.hooks.subprocess.SubprocessHook","filename":"subprocess.py","lineno":106}
{"timestamp":"2026-07-03T12:35:02.088280Z","level":"info","event":"COPY INTO GROWTH_SCORES","logger":"airflow.task.hooks.airflow.providers.standard.hooks.subprocess.SubprocessHook","filename":"subprocess.py","lineno":106}
{"timestamp":"2026-07-03T12:35:02.088341Z","level":"info","event":"FROM @GOLD_STAGE/growth_scores/","logger":"airflow.task.hooks.airflow.providers.standard.hooks.subprocess.SubprocessHook","filename":"subprocess.py","lineno":106}
{"timestamp":"2026-07-03T12:35:02.088400Z","level":"info","event":"MATCH_BY_COLUMN_NAME = CASE_INSENSITIVE","logger":"airflow.task.hooks.airflow.providers.standard.hooks.subprocess.SubprocessHook","filename":"subprocess.py","lineno":106}
{"timestamp":"2026-07-03T12:35:02.088461Z","level":"info","event":"----------------------------------------------------------------------","logger":"airflow.task.hooks.airflow.providers.standard.hooks.subprocess.SubprocessHook","filename":"subprocess.py","lineno":106}
{"timestamp":"2026-07-03T12:35:02.088520Z","level":"info","event":"---------------------------------------------------------","logger":"airflow.task.hooks.airflow.providers.standard.hooks.subprocess.SubprocessHook","filename":"subprocess.py","lineno":106}
{"timestamp":"2026-07-03T12:35:02.088595Z","level":"info","event":"-- HEALTHCARE INTELLIGENCE","logger":"airflow.task.hooks.airflow.providers.standard.hooks.subprocess.SubprocessHook","filename":"subprocess.py","lineno":106}
{"timestamp":"2026-07-03T12:35:02.088662Z","level":"info","event":"---------------------------------------------------------","logger":"airflow.task.hooks.airflow.providers.standard.hooks.subprocess.SubprocessHook","filename":"subprocess.py","lineno":106}
{"timestamp":"2026-07-03T12:35:02.088718Z","level":"info","event":"","logger":"airflow.task.hooks.airflow.providers.standard.hooks.subprocess.SubprocessHook","filename":"subprocess.py","lineno":106}
{"timestamp":"2026-07-03T12:35:02.088786Z","level":"info","event":"COPY INTO HEALTHCARE_INTELLIGENCE","logger":"airflow.task.hooks.airflow.providers.standard.hooks.subprocess.SubprocessHook","filename":"subprocess.py","lineno":106}
{"timestamp":"2026-07-03T12:35:02.088845Z","level":"info","event":"FROM @GOLD_STAGE/healthcare_intelligence/","logger":"airflow.task.hooks.airflow.providers.standard.hooks.subprocess.SubprocessHook","filename":"subprocess.py","lineno":106}
{"timestamp":"2026-07-03T12:35:02.088901Z","level":"info","event":"MATCH_BY_COLUMN_NAME = CASE_INSENSITIVE","logger":"airflow.task.hooks.airflow.providers.standard.hooks.subprocess.SubprocessHook","filename":"subprocess.py","lineno":106}
{"timestamp":"2026-07-03T12:35:02.088966Z","level":"info","event":"----------------------------------------------------------------------","logger":"airflow.task.hooks.airflow.providers.standard.hooks.subprocess.SubprocessHook","filename":"subprocess.py","lineno":106}
{"timestamp":"2026-07-03T12:35:02.089047Z","level":"info","event":"---------------------------------------------------------","logger":"airflow.task.hooks.airflow.providers.standard.hooks.subprocess.SubprocessHook","filename":"subprocess.py","lineno":106}
{"timestamp":"2026-07-03T12:35:02.089104Z","level":"info","event":"-- HOUSING INTELLIGENCE","logger":"airflow.task.hooks.airflow.providers.standard.hooks.subprocess.SubprocessHook","filename":"subprocess.py","lineno":106}
{"timestamp":"2026-07-03T12:35:02.089186Z","level":"info","event":"---------------------------------------------------------","logger":"airflow.task.hooks.airflow.providers.standard.hooks.subprocess.SubprocessHook","filename":"subprocess.py","lineno":106}
{"timestamp":"2026-07-03T12:35:02.089254Z","level":"info","event":"","logger":"airflow.task.hooks.airflow.providers.standard.hooks.subprocess.SubprocessHook","filename":"subprocess.py","lineno":106}
{"timestamp":"2026-07-03T12:35:02.089306Z","level":"info","event":"COPY INTO HOUSING_INTELLIGENCE","logger":"airflow.task.hooks.airflow.providers.standard.hooks.subprocess.SubprocessHook","filename":"subprocess.py","lineno":106}
{"timestamp":"2026-07-03T12:35:02.089368Z","level":"info","event":"FROM @GOLD_STAGE/housing_index/","logger":"airflow.task.hooks.airflow.providers.standard.hooks.subprocess.SubprocessHook","filename":"subprocess.py","lineno":106}
{"timestamp":"2026-07-03T12:35:02.089421Z","level":"info","event":"MATCH_BY_COLUMN_NAME = CASE_INSENSITIVE","logger":"airflow.task.hooks.airflow.providers.standard.hooks.subprocess.SubprocessHook","filename":"subprocess.py","lineno":106}
{"timestamp":"2026-07-03T12:35:02.089482Z","level":"info","event":"----------------------------------------------------------------------","logger":"airflow.task.hooks.airflow.providers.standard.hooks.subprocess.SubprocessHook","filename":"subprocess.py","lineno":106}
{"timestamp":"2026-07-03T12:35:02.089534Z","level":"info","event":"---------------------------------------------------------","logger":"airflow.task.hooks.airflow.providers.standard.hooks.subprocess.SubprocessHook","filename":"subprocess.py","lineno":106}
{"timestamp":"2026-07-03T12:35:02.089607Z","level":"info","event":"-- INVESTMENT SCORES","logger":"airflow.task.hooks.airflow.providers.standard.hooks.subprocess.SubprocessHook","filename":"subprocess.py","lineno":106}
{"timestamp":"2026-07-03T12:35:02.089670Z","level":"info","event":"---------------------------------------------------------","logger":"airflow.task.hooks.airflow.providers.standard.hooks.subprocess.SubprocessHook","filename":"subprocess.py","lineno":106}
{"timestamp":"2026-07-03T12:35:02.089725Z","level":"info","event":"","logger":"airflow.task.hooks.airflow.providers.standard.hooks.subprocess.SubprocessHook","filename":"subprocess.py","lineno":106}
{"timestamp":"2026-07-03T12:35:02.089786Z","level":"info","event":"COPY INTO INVESTMENT_SCORES","logger":"airflow.task.hooks.airflow.providers.standard.hooks.subprocess.SubprocessHook","filename":"subprocess.py","lineno":106}
{"timestamp":"2026-07-03T12:35:02.089835Z","level":"info","event":"FROM @GOLD_STAGE/investment_scores/","logger":"airflow.task.hooks.airflow.providers.standard.hooks.subprocess.SubprocessHook","filename":"subprocess.py","lineno":106}
{"timestamp":"2026-07-03T12:35:02.089889Z","level":"info","event":"MATCH_BY_COLUMN_NAME = CASE_INSENSITIVE","logger":"airflow.task.hooks.airflow.providers.standard.hooks.subprocess.SubprocessHook","filename":"subprocess.py","lineno":106}
{"timestamp":"2026-07-03T12:35:02.089952Z","level":"info","event":"----------------------------------------------------------------------","logger":"airflow.task.hooks.airflow.providers.standard.hooks.subprocess.SubprocessHook","filename":"subprocess.py","lineno":106}
{"timestamp":"2026-07-03T12:35:02.090000Z","level":"info","event":"---------------------------------------------------------","logger":"airflow.task.hooks.airflow.providers.standard.hooks.subprocess.SubprocessHook","filename":"subprocess.py","lineno":106}
{"timestamp":"2026-07-03T12:35:02.090054Z","level":"info","event":"-- LOCATION INTELLIGENCE","logger":"airflow.task.hooks.airflow.providers.standard.hooks.subprocess.SubprocessHook","filename":"subprocess.py","lineno":106}
{"timestamp":"2026-07-03T12:35:02.090098Z","level":"info","event":"---------------------------------------------------------","logger":"airflow.task.hooks.airflow.providers.standard.hooks.subprocess.SubprocessHook","filename":"subprocess.py","lineno":106}
{"timestamp":"2026-07-03T12:35:02.090140Z","level":"info","event":"","logger":"airflow.task.hooks.airflow.providers.standard.hooks.subprocess.SubprocessHook","filename":"subprocess.py","lineno":106}
{"timestamp":"2026-07-03T12:35:02.090204Z","level":"info","event":"COPY INTO LOCATION_INTELLIGENCE","logger":"airflow.task.hooks.airflow.providers.standard.hooks.subprocess.SubprocessHook","filename":"subprocess.py","lineno":106}
{"timestamp":"2026-07-03T12:35:02.090250Z","level":"info","event":"FROM @GOLD_STAGE/location_intelligence/","logger":"airflow.task.hooks.airflow.providers.standard.hooks.subprocess.SubprocessHook","filename":"subprocess.py","lineno":106}
{"timestamp":"2026-07-03T12:35:02.090297Z","level":"info","event":"MATCH_BY_COLUMN_NAME = CASE_INSENSITIVE","logger":"airflow.task.hooks.airflow.providers.standard.hooks.subprocess.SubprocessHook","filename":"subprocess.py","lineno":106}
{"timestamp":"2026-07-03T12:35:02.090343Z","level":"info","event":"----------------------------------------------------------------------","logger":"airflow.task.hooks.airflow.providers.standard.hooks.subprocess.SubprocessHook","filename":"subprocess.py","lineno":106}
{"timestamp":"2026-07-03T12:35:02.090658Z","level":"info","event":"---------------------------------------------------------","logger":"airflow.task.hooks.airflow.providers.standard.hooks.subprocess.SubprocessHook","filename":"subprocess.py","lineno":106}
{"timestamp":"2026-07-03T12:35:02.090692Z","level":"info","event":"-- OPPORTUNITY EXPLORER","logger":"airflow.task.hooks.airflow.providers.standard.hooks.subprocess.SubprocessHook","filename":"subprocess.py","lineno":106}
{"timestamp":"2026-07-03T12:35:02.090716Z","level":"info","event":"---------------------------------------------------------","logger":"airflow.task.hooks.airflow.providers.standard.hooks.subprocess.SubprocessHook","filename":"subprocess.py","lineno":106}
{"timestamp":"2026-07-03T12:35:02.090739Z","level":"info","event":"","logger":"airflow.task.hooks.airflow.providers.standard.hooks.subprocess.SubprocessHook","filename":"subprocess.py","lineno":106}
{"timestamp":"2026-07-03T12:35:02.090785Z","level":"info","event":"COPY INTO OPPORTUNITY_EXPLORER","logger":"airflow.task.hooks.airflow.providers.standard.hooks.subprocess.SubprocessHook","filename":"subprocess.py","lineno":106}
{"timestamp":"2026-07-03T12:35:02.090828Z","level":"info","event":"FROM @GOLD_STAGE/opportunity_explorer/","logger":"airflow.task.hooks.airflow.providers.standard.hooks.subprocess.SubprocessHook","filename":"subprocess.py","lineno":106}
{"timestamp":"2026-07-03T12:35:02.090865Z","level":"info","event":"MATCH_BY_COLUMN_NAME = CASE_INSENSITIVE","logger":"airflow.task.hooks.airflow.providers.standard.hooks.subprocess.SubprocessHook","filename":"subprocess.py","lineno":106}
{"timestamp":"2026-07-03T12:35:02.090906Z","level":"info","event":"----------------------------------------------------------------------","logger":"airflow.task.hooks.airflow.providers.standard.hooks.subprocess.SubprocessHook","filename":"subprocess.py","lineno":106}
{"timestamp":"2026-07-03T12:35:02.090930Z","level":"info","event":"---------------------------------------------------------","logger":"airflow.task.hooks.airflow.providers.standard.hooks.subprocess.SubprocessHook","filename":"subprocess.py","lineno":106}
{"timestamp":"2026-07-03T12:35:02.090953Z","level":"info","event":"-- RANKINGS","logger":"airflow.task.hooks.airflow.providers.standard.hooks.subprocess.SubprocessHook","filename":"subprocess.py","lineno":106}
{"timestamp":"2026-07-03T12:35:02.090988Z","level":"info","event":"---------------------------------------------------------","logger":"airflow.task.hooks.airflow.providers.standard.hooks.subprocess.SubprocessHook","filename":"subprocess.py","lineno":106}
{"timestamp":"2026-07-03T12:35:02.091015Z","level":"info","event":"","logger":"airflow.task.hooks.airflow.providers.standard.hooks.subprocess.SubprocessHook","filename":"subprocess.py","lineno":106}
{"timestamp":"2026-07-03T12:35:02.091062Z","level":"info","event":"COPY INTO RANKINGS","logger":"airflow.task.hooks.airflow.providers.standard.hooks.subprocess.SubprocessHook","filename":"subprocess.py","lineno":106}
{"timestamp":"2026-07-03T12:35:02.091105Z","level":"info","event":"FROM @GOLD_STAGE/rankings/","logger":"airflow.task.hooks.airflow.providers.standard.hooks.subprocess.SubprocessHook","filename":"subprocess.py","lineno":106}
{"timestamp":"2026-07-03T12:35:02.091200Z","level":"info","event":"MATCH_BY_COLUMN_NAME = CASE_INSENSITIVE","logger":"airflow.task.hooks.airflow.providers.standard.hooks.subprocess.SubprocessHook","filename":"subprocess.py","lineno":106}
{"timestamp":"2026-07-03T12:35:02.091238Z","level":"info","event":"----------------------------------------------------------------------","logger":"airflow.task.hooks.airflow.providers.standard.hooks.subprocess.SubprocessHook","filename":"subprocess.py","lineno":106}
{"timestamp":"2026-07-03T12:35:02.091261Z","level":"info","event":"---------------------------------------------------------","logger":"airflow.task.hooks.airflow.providers.standard.hooks.subprocess.SubprocessHook","filename":"subprocess.py","lineno":106}
{"timestamp":"2026-07-03T12:35:02.091285Z","level":"info","event":"-- REGIONAL INTELLIGENCE","logger":"airflow.task.hooks.airflow.providers.standard.hooks.subprocess.SubprocessHook","filename":"subprocess.py","lineno":106}
{"timestamp":"2026-07-03T12:35:02.091308Z","level":"info","event":"---------------------------------------------------------","logger":"airflow.task.hooks.airflow.providers.standard.hooks.subprocess.SubprocessHook","filename":"subprocess.py","lineno":106}
{"timestamp":"2026-07-03T12:35:02.091330Z","level":"info","event":"","logger":"airflow.task.hooks.airflow.providers.standard.hooks.subprocess.SubprocessHook","filename":"subprocess.py","lineno":106}
{"timestamp":"2026-07-03T12:35:02.091360Z","level":"info","event":"COPY INTO REGIONAL_INTELLIGENCE","logger":"airflow.task.hooks.airflow.providers.standard.hooks.subprocess.SubprocessHook","filename":"subprocess.py","lineno":106}
{"timestamp":"2026-07-03T12:35:02.091398Z","level":"info","event":"FROM @GOLD_STAGE/regional_intelligence/","logger":"airflow.task.hooks.airflow.providers.standard.hooks.subprocess.SubprocessHook","filename":"subprocess.py","lineno":106}
{"timestamp":"2026-07-03T12:35:02.091428Z","level":"info","event":"MATCH_BY_COLUMN_NAME = CASE_INSENSITIVE","logger":"airflow.task.hooks.airflow.providers.standard.hooks.subprocess.SubprocessHook","filename":"subprocess.py","lineno":106}
{"timestamp":"2026-07-03T12:35:02.091470Z","level":"info","event":"----------------------------------------------------------------------","logger":"airflow.task.hooks.airflow.providers.standard.hooks.subprocess.SubprocessHook","filename":"subprocess.py","lineno":106}
{"timestamp":"2026-07-03T12:35:02.091509Z","level":"info","event":"---------------------------------------------------------","logger":"airflow.task.hooks.airflow.providers.standard.hooks.subprocess.SubprocessHook","filename":"subprocess.py","lineno":106}
{"timestamp":"2026-07-03T12:35:02.091545Z","level":"info","event":"-- SCHOOL INTELLIGENCE","logger":"airflow.task.hooks.airflow.providers.standard.hooks.subprocess.SubprocessHook","filename":"subprocess.py","lineno":106}
{"timestamp":"2026-07-03T12:35:02.091592Z","level":"info","event":"---------------------------------------------------------","logger":"airflow.task.hooks.airflow.providers.standard.hooks.subprocess.SubprocessHook","filename":"subprocess.py","lineno":106}
{"timestamp":"2026-07-03T12:35:02.091617Z","level":"info","event":"","logger":"airflow.task.hooks.airflow.providers.standard.hooks.subprocess.SubprocessHook","filename":"subprocess.py","lineno":106}
{"timestamp":"2026-07-03T12:35:02.091652Z","level":"info","event":"COPY INTO SCHOOL_INTELLIGENCE","logger":"airflow.task.hooks.airflow.providers.standard.hooks.subprocess.SubprocessHook","filename":"subprocess.py","lineno":106}
{"timestamp":"2026-07-03T12:35:02.091684Z","level":"info","event":"FROM @GOLD_STAGE/school_intelligence/","logger":"airflow.task.hooks.airflow.providers.standard.hooks.subprocess.SubprocessHook","filename":"subprocess.py","lineno":106}
{"timestamp":"2026-07-03T12:35:02.091706Z","level":"info","event":"MATCH_BY_COLUMN_NAME = CASE_INSENSITIVE","logger":"airflow.task.hooks.airflow.providers.standard.hooks.subprocess.SubprocessHook","filename":"subprocess.py","lineno":106}
{"timestamp":"2026-07-03T12:35:02.091745Z","level":"info","event":"----------------------------------------------------------------------","logger":"airflow.task.hooks.airflow.providers.standard.hooks.subprocess.SubprocessHook","filename":"subprocess.py","lineno":106}
{"timestamp":"2026-07-03T12:35:02.091784Z","level":"info","event":"---------------------------------------------------------","logger":"airflow.task.hooks.airflow.providers.standard.hooks.subprocess.SubprocessHook","filename":"subprocess.py","lineno":106}
{"timestamp":"2026-07-03T12:35:02.091817Z","level":"info","event":"-- TRANSPORT INTELLIGENCE","logger":"airflow.task.hooks.airflow.providers.standard.hooks.subprocess.SubprocessHook","filename":"subprocess.py","lineno":106}
{"timestamp":"2026-07-03T12:35:02.091855Z","level":"info","event":"---------------------------------------------------------","logger":"airflow.task.hooks.airflow.providers.standard.hooks.subprocess.SubprocessHook","filename":"subprocess.py","lineno":106}
{"timestamp":"2026-07-03T12:35:02.091903Z","level":"info","event":"","logger":"airflow.task.hooks.airflow.providers.standard.hooks.subprocess.SubprocessHook","filename":"subprocess.py","lineno":106}
{"timestamp":"2026-07-03T12:35:02.091929Z","level":"info","event":"COPY INTO TRANSPORT_INTELLIGENCE","logger":"airflow.task.hooks.airflow.providers.standard.hooks.subprocess.SubprocessHook","filename":"subprocess.py","lineno":106}
{"timestamp":"2026-07-03T12:35:02.091977Z","level":"info","event":"FROM @GOLD_STAGE/transport_intelligence/","logger":"airflow.task.hooks.airflow.providers.standard.hooks.subprocess.SubprocessHook","filename":"subprocess.py","lineno":106}
{"timestamp":"2026-07-03T12:35:02.092130Z","level":"info","event":"MATCH_BY_COLUMN_NAME = CASE_INSENSITIVE","logger":"airflow.task.hooks.airflow.providers.standard.hooks.subprocess.SubprocessHook","filename":"subprocess.py","lineno":106}
{"timestamp":"2026-07-03T12:35:02.092218Z","level":"info","event":"----------------------------------------------------------------------","logger":"airflow.task.hooks.airflow.providers.standard.hooks.subprocess.SubprocessHook","filename":"subprocess.py","lineno":106}
{"timestamp":"2026-07-03T12:35:02.092258Z","level":"info","event":"---------------------------------------------------------","logger":"airflow.task.hooks.airflow.providers.standard.hooks.subprocess.SubprocessHook","filename":"subprocess.py","lineno":106}
{"timestamp":"2026-07-03T12:35:02.092287Z","level":"info","event":"-- HISTORICAL HOUSING TRENDS","logger":"airflow.task.hooks.airflow.providers.standard.hooks.subprocess.SubprocessHook","filename":"subprocess.py","lineno":106}
{"timestamp":"2026-07-03T12:35:02.092331Z","level":"info","event":"---------------------------------------------------------","logger":"airflow.task.hooks.airflow.providers.standard.hooks.subprocess.SubprocessHook","filename":"subprocess.py","lineno":106}
{"timestamp":"2026-07-03T12:35:02.092376Z","level":"info","event":"","logger":"airflow.task.hooks.airflow.providers.standard.hooks.subprocess.SubprocessHook","filename":"subprocess.py","lineno":106}
{"timestamp":"2026-07-03T12:35:02.092424Z","level":"info","event":"COPY INTO HISTORICAL_HOUSING_TRENDS","logger":"airflow.task.hooks.airflow.providers.standard.hooks.subprocess.SubprocessHook","filename":"subprocess.py","lineno":106}
{"timestamp":"2026-07-03T12:35:02.092464Z","level":"info","event":"FROM @GOLD_STAGE/trends/historical/","logger":"airflow.task.hooks.airflow.providers.standard.hooks.subprocess.SubprocessHook","filename":"subprocess.py","lineno":106}
{"timestamp":"2026-07-03T12:35:02.092490Z","level":"info","event":"MATCH_BY_COLUMN_NAME = CASE_INSENSITIVE","logger":"airflow.task.hooks.airflow.providers.standard.hooks.subprocess.SubprocessHook","filename":"subprocess.py","lineno":106}
{"timestamp":"2026-07-03T12:35:02.092531Z","level":"info","event":"----------------------------------------------------------------------","logger":"airflow.task.hooks.airflow.providers.standard.hooks.subprocess.SubprocessHook","filename":"subprocess.py","lineno":106}
{"timestamp":"2026-07-03T12:35:02.092555Z","level":"info","event":"---------------------------------------------------------","logger":"airflow.task.hooks.airflow.providers.standard.hooks.subprocess.SubprocessHook","filename":"subprocess.py","lineno":106}
{"timestamp":"2026-07-03T12:35:02.092602Z","level":"info","event":"-- LOCAL AUTHORITY TRENDS","logger":"airflow.task.hooks.airflow.providers.standard.hooks.subprocess.SubprocessHook","filename":"subprocess.py","lineno":106}
{"timestamp":"2026-07-03T12:35:02.092627Z","level":"info","event":"---------------------------------------------------------","logger":"airflow.task.hooks.airflow.providers.standard.hooks.subprocess.SubprocessHook","filename":"subprocess.py","lineno":106}
{"timestamp":"2026-07-03T12:35:02.092651Z","level":"info","event":"","logger":"airflow.task.hooks.airflow.providers.standard.hooks.subprocess.SubprocessHook","filename":"subprocess.py","lineno":106}
{"timestamp":"2026-07-03T12:35:02.092683Z","level":"info","event":"COPY INTO LOCAL_AUTHORITY_TRENDS","logger":"airflow.task.hooks.airflow.providers.standard.hooks.subprocess.SubprocessHook","filename":"subprocess.py","lineno":106}
{"timestamp":"2026-07-03T12:35:02.092732Z","level":"info","event":"FROM @GOLD_STAGE/trends/local_authority/","logger":"airflow.task.hooks.airflow.providers.standard.hooks.subprocess.SubprocessHook","filename":"subprocess.py","lineno":106}
{"timestamp":"2026-07-03T12:35:02.092769Z","level":"info","event":"MATCH_BY_COLUMN_NAME = CASE_INSENSITIVE","logger":"airflow.task.hooks.airflow.providers.standard.hooks.subprocess.SubprocessHook","filename":"subprocess.py","lineno":106}
{"timestamp":"2026-07-03T12:35:02.092805Z","level":"info","event":"----------------------------------------------------------------------","logger":"airflow.task.hooks.airflow.providers.standard.hooks.subprocess.SubprocessHook","filename":"subprocess.py","lineno":106}
{"timestamp":"2026-07-03T12:35:02.092845Z","level":"info","event":"---------------------------------------------------------","logger":"airflow.task.hooks.airflow.providers.standard.hooks.subprocess.SubprocessHook","filename":"subprocess.py","lineno":106}
{"timestamp":"2026-07-03T12:35:02.092884Z","level":"info","event":"-- REGIONAL HOUSING TRENDS","logger":"airflow.task.hooks.airflow.providers.standard.hooks.subprocess.SubprocessHook","filename":"subprocess.py","lineno":106}
{"timestamp":"2026-07-03T12:35:02.092910Z","level":"info","event":"---------------------------------------------------------","logger":"airflow.task.hooks.airflow.providers.standard.hooks.subprocess.SubprocessHook","filename":"subprocess.py","lineno":106}
{"timestamp":"2026-07-03T12:35:02.092949Z","level":"info","event":"","logger":"airflow.task.hooks.airflow.providers.standard.hooks.subprocess.SubprocessHook","filename":"subprocess.py","lineno":106}
{"timestamp":"2026-07-03T12:35:02.092981Z","level":"info","event":"COPY INTO REGIONAL_HOUSING_TRENDS","logger":"airflow.task.hooks.airflow.providers.standard.hooks.subprocess.SubprocessHook","filename":"subprocess.py","lineno":106}
{"timestamp":"2026-07-03T12:35:02.093011Z","level":"info","event":"FROM @GOLD_STAGE/trends/regional/","logger":"airflow.task.hooks.airflow.providers.standard.hooks.subprocess.SubprocessHook","filename":"subprocess.py","lineno":106}
{"timestamp":"2026-07-03T12:35:02.093048Z","level":"info","event":"MATCH_BY_COLUMN_NAME = CASE_INSENSITIVE","logger":"airflow.task.hooks.airflow.providers.standard.hooks.subprocess.SubprocessHook","filename":"subprocess.py","lineno":106}
{"timestamp":"2026-07-03T12:35:02.093109Z","level":"info","event":"","logger":"airflow.task.hooks.airflow.providers.standard.hooks.subprocess.SubprocessHook","filename":"subprocess.py","lineno":106}
{"timestamp":"2026-07-03T12:35:02.093151Z","level":"info","event":"All RAW tables loaded successfully.","logger":"airflow.task.hooks.airflow.providers.standard.hooks.subprocess.SubprocessHook","filename":"subprocess.py","lineno":106}
{"timestamp":"2026-07-03T12:35:02.093195Z","level":"info","event":"","logger":"airflow.task.hooks.airflow.providers.standard.hooks.subprocess.SubprocessHook","filename":"subprocess.py","lineno":106}
{"timestamp":"2026-07-03T12:35:02.093230Z","level":"info","event":"Snowflake connection closed.","logger":"airflow.task.hooks.airflow.providers.standard.hooks.subprocess.SubprocessHook","filename":"subprocess.py","lineno":106}
{"timestamp":"2026-07-03T12:35:02.235544Z","level":"info","event":"Command exited with return code 0","logger":"airflow.task.hooks.airflow.providers.standard.hooks.subprocess.SubprocessHook","filename":"subprocess.py","lineno":110}
{"timestamp":"2026-07-03T12:35:02.237977Z","level":"info","event":"Pushing xcom","ti":"RuntimeTaskInstance(id=UUID('019f27f8-ba54-75b4-aeed-5eb0ad20d2ac'), task_id='load_raw_data', dag_id='uk_housing_master_pipeline', run_id='scheduled__2026-07-03T06:00:00+00:00', try_number=1, dag_version_id=UUID('019f22aa-99fc-7c23-9e3d-13215a8888ad'), map_index=-1, hostname='f00143147b01', context_carrier={}, task=<Task(BashOperator): load_raw_data>, bundle_instance=LocalDagBundle(name=dags-folder), max_tries=3, start_date=datetime.datetime(2026, 7, 3, 12, 34, 46, 931663, tzinfo=datetime.timezone.utc), end_date=None, state=<TaskInstanceState.RUNNING: 'running'>, is_mapped=False, rendered_map_index=None)","logger":"task","filename":"task_runner.py","lineno":1352}
