{"timestamp":"2026-06-30T10:22:56.572829Z","level":"info","event":"DAG bundles loaded: dags-folder","logger":"airflow.dag_processing.bundles.manager.DagBundlesManager","filename":"manager.py","lineno":179}
{"timestamp":"2026-06-30T10:22:56.578803Z","level":"info","event":"Filling up the DagBag from /opt/airflow/dags/orchestration/master_pipeline.py","logger":"airflow.models.dagbag.DagBag","filename":"dagbag.py","lineno":593}
{"timestamp":"2026-06-30T10:22:56.724642Z","level":"warning","event":"The `airflow.operators.empty.EmptyOperator` attribute is deprecated. Please use `'airflow.providers.standard.operators.empty.EmptyOperator'`.","category":"DeprecatedImportWarning","filename":"/opt/airflow/dags/orchestration/master_pipeline.py","lineno":4,"logger":"py.warnings"}
{"timestamp":"2026-06-30T10:22:56.724856Z","level":"warning","event":"The `airflow.operators.bash.BashOperator` attribute is deprecated. Please use `'airflow.providers.standard.operators.bash.BashOperator'`.","category":"DeprecatedImportWarning","filename":"/opt/airflow/dags/orchestration/master_pipeline.py","lineno":5,"logger":"py.warnings"}
{"timestamp":"2026-06-30T10:22:56.724977Z","level":"warning","event":"The `airflow.operators.trigger_dagrun.TriggerDagRunOperator` attribute is deprecated. Please use `'airflow.providers.standard.operators.trigger_dagrun.TriggerDagRunOperator'`.","category":"DeprecatedImportWarning","filename":"/opt/airflow/dags/orchestration/master_pipeline.py","lineno":6,"logger":"py.warnings"}
{"timestamp":"2026-06-30T10:22:56.816759Z","level":"info","event":"Tmp dir root location: /tmp","logger":"airflow.task.hooks.airflow.providers.standard.hooks.subprocess.SubprocessHook","filename":"subprocess.py","lineno":78}
{"timestamp":"2026-06-30T10:22:56.821297Z","level":"info","event":"Running command: ['/usr/bin/bash', '-c', '\\n        python /opt/project/phase9/scripts/run_dbt_models.py\\n        ']","logger":"airflow.task.hooks.airflow.providers.standard.hooks.subprocess.SubprocessHook","filename":"subprocess.py","lineno":88}
{"timestamp":"2026-06-30T10:22:56.832403Z","level":"info","event":"Output:","logger":"airflow.task.hooks.airflow.providers.standard.hooks.subprocess.SubprocessHook","filename":"subprocess.py","lineno":99}
{"timestamp":"2026-06-30T10:23:01.789960Z","level":"info","event":"\u001b[0m10:23:01  Running with dbt=1.11.11","logger":"airflow.task.hooks.airflow.providers.standard.hooks.subprocess.SubprocessHook","filename":"subprocess.py","lineno":106}
{"timestamp":"2026-06-30T10:23:01.854183Z","level":"info","event":"\u001b[0m10:23:01  dbt version: 1.11.11","logger":"airflow.task.hooks.airflow.providers.standard.hooks.subprocess.SubprocessHook","filename":"subprocess.py","lineno":106}
{"timestamp":"2026-06-30T10:23:01.858100Z","level":"info","event":"\u001b[0m10:23:01  python version: 3.12.11","logger":"airflow.task.hooks.airflow.providers.standard.hooks.subprocess.SubprocessHook","filename":"subprocess.py","lineno":106}
{"timestamp":"2026-06-30T10:23:01.860314Z","level":"info","event":"\u001b[0m10:23:01  python path: /usr/python/bin/python3.12","logger":"airflow.task.hooks.airflow.providers.standard.hooks.subprocess.SubprocessHook","filename":"subprocess.py","lineno":106}
{"timestamp":"2026-06-30T10:23:01.861798Z","level":"info","event":"\u001b[0m10:23:01  os info: Linux-6.12.76-linuxkit-aarch64-with-glibc2.36","logger":"airflow.task.hooks.airflow.providers.standard.hooks.subprocess.SubprocessHook","filename":"subprocess.py","lineno":106}
{"timestamp":"2026-06-30T10:23:05.538694Z","level":"info","event":"\u001b[0m10:23:05  Using profiles dir at /home/airflow/.dbt","logger":"airflow.task.hooks.airflow.providers.standard.hooks.subprocess.SubprocessHook","filename":"subprocess.py","lineno":106}
{"timestamp":"2026-06-30T10:23:05.540832Z","level":"info","event":"\u001b[0m10:23:05  Using profiles.yml file at /home/airflow/.dbt/profiles.yml","logger":"airflow.task.hooks.airflow.providers.standard.hooks.subprocess.SubprocessHook","filename":"subprocess.py","lineno":106}
{"timestamp":"2026-06-30T10:23:05.541118Z","level":"info","event":"\u001b[0m10:23:05  Using dbt_project.yml file at /opt/project/phase8/dbt/uk_housing_dbt/dbt_project.yml","logger":"airflow.task.hooks.airflow.providers.standard.hooks.subprocess.SubprocessHook","filename":"subprocess.py","lineno":106}
{"timestamp":"2026-06-30T10:23:05.541766Z","level":"info","event":"\u001b[0m10:23:05  adapter type: snowflake","logger":"airflow.task.hooks.airflow.providers.standard.hooks.subprocess.SubprocessHook","filename":"subprocess.py","lineno":106}
{"timestamp":"2026-06-30T10:23:05.542108Z","level":"info","event":"\u001b[0m10:23:05  adapter version: 1.10.5","logger":"airflow.task.hooks.airflow.providers.standard.hooks.subprocess.SubprocessHook","filename":"subprocess.py","lineno":106}
{"timestamp":"2026-06-30T10:23:05.729670Z","level":"info","event":"\u001b[0m10:23:05  Configuration:","logger":"airflow.task.hooks.airflow.providers.standard.hooks.subprocess.SubprocessHook","filename":"subprocess.py","lineno":106}
{"timestamp":"2026-06-30T10:23:05.730485Z","level":"info","event":"\u001b[0m10:23:05    profiles.yml file [\u001b[32mOK found and valid\u001b[0m]","logger":"airflow.task.hooks.airflow.providers.standard.hooks.subprocess.SubprocessHook","filename":"subprocess.py","lineno":106}
{"timestamp":"2026-06-30T10:23:05.731066Z","level":"info","event":"\u001b[0m10:23:05    dbt_project.yml file [\u001b[32mOK found and valid\u001b[0m]","logger":"airflow.task.hooks.airflow.providers.standard.hooks.subprocess.SubprocessHook","filename":"subprocess.py","lineno":106}
{"timestamp":"2026-06-30T10:23:05.731605Z","level":"info","event":"\u001b[0m10:23:05  Required dependencies:","logger":"airflow.task.hooks.airflow.providers.standard.hooks.subprocess.SubprocessHook","filename":"subprocess.py","lineno":106}
{"timestamp":"2026-06-30T10:23:05.750060Z","level":"info","event":"\u001b[0m10:23:05   - git [\u001b[32mOK found\u001b[0m]","logger":"airflow.task.hooks.airflow.providers.standard.hooks.subprocess.SubprocessHook","filename":"subprocess.py","lineno":106}
{"timestamp":"2026-06-30T10:23:05.750243Z","level":"info","event":"","logger":"airflow.task.hooks.airflow.providers.standard.hooks.subprocess.SubprocessHook","filename":"subprocess.py","lineno":106}
{"timestamp":"2026-06-30T10:23:05.750920Z","level":"info","event":"\u001b[0m10:23:05  Connection:","logger":"airflow.task.hooks.airflow.providers.standard.hooks.subprocess.SubprocessHook","filename":"subprocess.py","lineno":106}
{"timestamp":"2026-06-30T10:23:05.751607Z","level":"info","event":"\u001b[0m10:23:05    account: UGLGPMY-FW39691","logger":"airflow.task.hooks.airflow.providers.standard.hooks.subprocess.SubprocessHook","filename":"subprocess.py","lineno":106}
{"timestamp":"2026-06-30T10:23:05.752200Z","level":"info","event":"\u001b[0m10:23:05    user: BIBHRAJSAHA","logger":"airflow.task.hooks.airflow.providers.standard.hooks.subprocess.SubprocessHook","filename":"subprocess.py","lineno":106}
{"timestamp":"2026-06-30T10:23:05.752718Z","level":"info","event":"\u001b[0m10:23:05    database: UK_HOUSING_DW","logger":"airflow.task.hooks.airflow.providers.standard.hooks.subprocess.SubprocessHook","filename":"subprocess.py","lineno":106}
{"timestamp":"2026-06-30T10:23:05.753358Z","level":"info","event":"\u001b[0m10:23:05    warehouse: COMPUTE_WH","logger":"airflow.task.hooks.airflow.providers.standard.hooks.subprocess.SubprocessHook","filename":"subprocess.py","lineno":106}
{"timestamp":"2026-06-30T10:23:05.753832Z","level":"info","event":"\u001b[0m10:23:05    role: ACCOUNTADMIN","logger":"airflow.task.hooks.airflow.providers.standard.hooks.subprocess.SubprocessHook","filename":"subprocess.py","lineno":106}
{"timestamp":"2026-06-30T10:23:05.754440Z","level":"info","event":"\u001b[0m10:23:05    schema: STAGING","logger":"airflow.task.hooks.airflow.providers.standard.hooks.subprocess.SubprocessHook","filename":"subprocess.py","lineno":106}
{"timestamp":"2026-06-30T10:23:05.754812Z","level":"info","event":"\u001b[0m10:23:05    authenticator: None","logger":"airflow.task.hooks.airflow.providers.standard.hooks.subprocess.SubprocessHook","filename":"subprocess.py","lineno":106}
{"timestamp":"2026-06-30T10:23:05.755378Z","level":"info","event":"\u001b[0m10:23:05    oauth_client_id: None","logger":"airflow.task.hooks.airflow.providers.standard.hooks.subprocess.SubprocessHook","filename":"subprocess.py","lineno":106}
{"timestamp":"2026-06-30T10:23:05.755858Z","level":"info","event":"\u001b[0m10:23:05    query_tag: None","logger":"airflow.task.hooks.airflow.providers.standard.hooks.subprocess.SubprocessHook","filename":"subprocess.py","lineno":106}
{"timestamp":"2026-06-30T10:23:05.756351Z","level":"info","event":"\u001b[0m10:23:05    client_session_keep_alive: False","logger":"airflow.task.hooks.airflow.providers.standard.hooks.subprocess.SubprocessHook","filename":"subprocess.py","lineno":106}
{"timestamp":"2026-06-30T10:23:05.756818Z","level":"info","event":"\u001b[0m10:23:05    host: None","logger":"airflow.task.hooks.airflow.providers.standard.hooks.subprocess.SubprocessHook","filename":"subprocess.py","lineno":106}
{"timestamp":"2026-06-30T10:23:05.757273Z","level":"info","event":"\u001b[0m10:23:05    port: None","logger":"airflow.task.hooks.airflow.providers.standard.hooks.subprocess.SubprocessHook","filename":"subprocess.py","lineno":106}
{"timestamp":"2026-06-30T10:23:05.757696Z","level":"info","event":"\u001b[0m10:23:05    proxy_host: None","logger":"airflow.task.hooks.airflow.providers.standard.hooks.subprocess.SubprocessHook","filename":"subprocess.py","lineno":106}
{"timestamp":"2026-06-30T10:23:05.758195Z","level":"info","event":"\u001b[0m10:23:05    proxy_port: None","logger":"airflow.task.hooks.airflow.providers.standard.hooks.subprocess.SubprocessHook","filename":"subprocess.py","lineno":106}
{"timestamp":"2026-06-30T10:23:05.758665Z","level":"info","event":"\u001b[0m10:23:05    protocol: None","logger":"airflow.task.hooks.airflow.providers.standard.hooks.subprocess.SubprocessHook","filename":"subprocess.py","lineno":106}
{"timestamp":"2026-06-30T10:23:05.759145Z","level":"info","event":"\u001b[0m10:23:05    connect_retries: 1","logger":"airflow.task.hooks.airflow.providers.standard.hooks.subprocess.SubprocessHook","filename":"subprocess.py","lineno":106}
{"timestamp":"2026-06-30T10:23:05.759577Z","level":"info","event":"\u001b[0m10:23:05    connect_timeout: None","logger":"airflow.task.hooks.airflow.providers.standard.hooks.subprocess.SubprocessHook","filename":"subprocess.py","lineno":106}
{"timestamp":"2026-06-30T10:23:05.760022Z","level":"info","event":"\u001b[0m10:23:05    retry_on_database_errors: False","logger":"airflow.task.hooks.airflow.providers.standard.hooks.subprocess.SubprocessHook","filename":"subprocess.py","lineno":106}
{"timestamp":"2026-06-30T10:23:05.760656Z","level":"info","event":"\u001b[0m10:23:05    retry_all: False","logger":"airflow.task.hooks.airflow.providers.standard.hooks.subprocess.SubprocessHook","filename":"subprocess.py","lineno":106}
{"timestamp":"2026-06-30T10:23:05.761531Z","level":"info","event":"\u001b[0m10:23:05    insecure_mode: False","logger":"airflow.task.hooks.airflow.providers.standard.hooks.subprocess.SubprocessHook","filename":"subprocess.py","lineno":106}
{"timestamp":"2026-06-30T10:23:05.762771Z","level":"info","event":"\u001b[0m10:23:05    reuse_connections: True","logger":"airflow.task.hooks.airflow.providers.standard.hooks.subprocess.SubprocessHook","filename":"subprocess.py","lineno":106}
{"timestamp":"2026-06-30T10:23:05.763405Z","level":"info","event":"\u001b[0m10:23:05    s3_stage_vpce_dns_name: None","logger":"airflow.task.hooks.airflow.providers.standard.hooks.subprocess.SubprocessHook","filename":"subprocess.py","lineno":106}
{"timestamp":"2026-06-30T10:23:05.764000Z","level":"info","event":"\u001b[0m10:23:05    platform_detection_timeout_seconds: 0.0","logger":"airflow.task.hooks.airflow.providers.standard.hooks.subprocess.SubprocessHook","filename":"subprocess.py","lineno":106}
{"timestamp":"2026-06-30T10:23:05.765025Z","level":"info","event":"\u001b[0m10:23:05  Registered adapter: snowflake=1.10.5","logger":"airflow.task.hooks.airflow.providers.standard.hooks.subprocess.SubprocessHook","filename":"subprocess.py","lineno":106}
{"timestamp":"2026-06-30T10:23:07.437505Z","level":"info","event":"\u001b[0m10:23:07    Connection test: [\u001b[32mOK connection ok\u001b[0m]","logger":"airflow.task.hooks.airflow.providers.standard.hooks.subprocess.SubprocessHook","filename":"subprocess.py","lineno":106}
{"timestamp":"2026-06-30T10:23:07.439079Z","level":"info","event":"","logger":"airflow.task.hooks.airflow.providers.standard.hooks.subprocess.SubprocessHook","filename":"subprocess.py","lineno":106}
{"timestamp":"2026-06-30T10:23:07.439220Z","level":"info","event":"\u001b[0m10:23:07  \u001b[32mAll checks passed!\u001b[0m","logger":"airflow.task.hooks.airflow.providers.standard.hooks.subprocess.SubprocessHook","filename":"subprocess.py","lineno":106}
{"timestamp":"2026-06-30T10:23:11.825957Z","level":"info","event":"\u001b[0m10:23:11  Running with dbt=1.11.11","logger":"airflow.task.hooks.airflow.providers.standard.hooks.subprocess.SubprocessHook","filename":"subprocess.py","lineno":106}
{"timestamp":"2026-06-30T10:23:12.099233Z","level":"info","event":"\u001b[0m10:23:12  Warning: No packages were found in packages.yml","logger":"airflow.task.hooks.airflow.providers.standard.hooks.subprocess.SubprocessHook","filename":"subprocess.py","lineno":106}
{"timestamp":"2026-06-30T10:23:12.105467Z","level":"info","event":"\u001b[0m10:23:12  Warning: No packages were found in packages.yml","logger":"airflow.task.hooks.airflow.providers.standard.hooks.subprocess.SubprocessHook","filename":"subprocess.py","lineno":106}
{"timestamp":"2026-06-30T10:23:15.755419Z","level":"info","event":"\u001b[0m10:23:15  Running with dbt=1.11.11","logger":"airflow.task.hooks.airflow.providers.standard.hooks.subprocess.SubprocessHook","filename":"subprocess.py","lineno":106}
{"timestamp":"2026-06-30T10:23:16.826114Z","level":"info","event":"\u001b[0m10:23:16  Registered adapter: snowflake=1.10.5","logger":"airflow.task.hooks.airflow.providers.standard.hooks.subprocess.SubprocessHook","filename":"subprocess.py","lineno":106}
{"timestamp":"2026-06-30T10:23:17.437556Z","level":"info","event":"\u001b[0m10:23:17  Found 36 models, 51 data tests, 14 sources, 520 macros","logger":"airflow.task.hooks.airflow.providers.standard.hooks.subprocess.SubprocessHook","filename":"subprocess.py","lineno":106}
{"timestamp":"2026-06-30T10:23:17.445115Z","level":"info","event":"\u001b[0m10:23:17","logger":"airflow.task.hooks.airflow.providers.standard.hooks.subprocess.SubprocessHook","filename":"subprocess.py","lineno":106}
{"timestamp":"2026-06-30T10:23:17.445634Z","level":"info","event":"\u001b[0m10:23:17  Concurrency: 4 threads (target='dev')","logger":"airflow.task.hooks.airflow.providers.standard.hooks.subprocess.SubprocessHook","filename":"subprocess.py","lineno":106}
{"timestamp":"2026-06-30T10:23:17.446116Z","level":"info","event":"\u001b[0m10:23:17","logger":"airflow.task.hooks.airflow.providers.standard.hooks.subprocess.SubprocessHook","filename":"subprocess.py","lineno":106}
{"timestamp":"2026-06-30T10:23:19.591585Z","level":"info","event":"\u001b[0m10:23:19  1 of 87 START sql view model STAGING.stg_crime_scores .......................... [RUN]","logger":"airflow.task.hooks.airflow.providers.standard.hooks.subprocess.SubprocessHook","filename":"subprocess.py","lineno":106}
{"timestamp":"2026-06-30T10:23:19.592992Z","level":"info","event":"\u001b[0m10:23:19  2 of 87 START sql view model STAGING.stg_growth_scores ......................... [RUN]","logger":"airflow.task.hooks.airflow.providers.standard.hooks.subprocess.SubprocessHook","filename":"subprocess.py","lineno":106}
{"timestamp":"2026-06-30T10:23:19.593049Z","level":"info","event":"\u001b[0m10:23:19  3 of 87 START sql view model STAGING.stg_healthcare_intelligence ............... [RUN]","logger":"airflow.task.hooks.airflow.providers.standard.hooks.subprocess.SubprocessHook","filename":"subprocess.py","lineno":106}
{"timestamp":"2026-06-30T10:23:19.593086Z","level":"info","event":"\u001b[0m10:23:19  4 of 87 START sql view model STAGING.stg_historical_housing_trends ............. [RUN]","logger":"airflow.task.hooks.airflow.providers.standard.hooks.subprocess.SubprocessHook","filename":"subprocess.py","lineno":106}
{"timestamp":"2026-06-30T10:23:20.084280Z","level":"info","event":"\u001b[0m10:23:20  4 of 87 OK created sql view model STAGING.stg_historical_housing_trends ........ [\u001b[32mSUCCESS 1\u001b[0m in 0.48s]","logger":"airflow.task.hooks.airflow.providers.standard.hooks.subprocess.SubprocessHook","filename":"subprocess.py","lineno":106}
{"timestamp":"2026-06-30T10:23:20.085194Z","level":"info","event":"\u001b[0m10:23:20  2 of 87 OK created sql view model STAGING.stg_growth_scores .................... [\u001b[32mSUCCESS 1\u001b[0m in 0.49s]","logger":"airflow.task.hooks.airflow.providers.standard.hooks.subprocess.SubprocessHook","filename":"subprocess.py","lineno":106}
{"timestamp":"2026-06-30T10:23:20.093097Z","level":"info","event":"\u001b[0m10:23:20  5 of 87 START sql view model STAGING.stg_housing_intelligence .................. [RUN]","logger":"airflow.task.hooks.airflow.providers.standard.hooks.subprocess.SubprocessHook","filename":"subprocess.py","lineno":106}
{"timestamp":"2026-06-30T10:23:20.093759Z","level":"info","event":"\u001b[0m10:23:20  6 of 87 START sql view model STAGING.stg_investment_scores ..................... [RUN]","logger":"airflow.task.hooks.airflow.providers.standard.hooks.subprocess.SubprocessHook","filename":"subprocess.py","lineno":106}
{"timestamp":"2026-06-30T10:23:20.172275Z","level":"info","event":"\u001b[0m10:23:20  3 of 87 OK created sql view model STAGING.stg_healthcare_intelligence .......... [\u001b[32mSUCCESS 1\u001b[0m in 0.57s]","logger":"airflow.task.hooks.airflow.providers.standard.hooks.subprocess.SubprocessHook","filename":"subprocess.py","lineno":106}
{"timestamp":"2026-06-30T10:23:20.173945Z","level":"info","event":"\u001b[0m10:23:20  7 of 87 START sql view model STAGING.stg_local_authority_trends ................ [RUN]","logger":"airflow.task.hooks.airflow.providers.standard.hooks.subprocess.SubprocessHook","filename":"subprocess.py","lineno":106}
{"timestamp":"2026-06-30T10:23:20.252348Z","level":"info","event":"\u001b[0m10:23:20  1 of 87 OK created sql view model STAGING.stg_crime_scores ..................... [\u001b[32mSUCCESS 1\u001b[0m in 0.66s]","logger":"airflow.task.hooks.airflow.providers.standard.hooks.subprocess.SubprocessHook","filename":"subprocess.py","lineno":106}
{"timestamp":"2026-06-30T10:23:20.254022Z","level":"info","event":"\u001b[0m10:23:20  8 of 87 START sql view model STAGING.stg_location_intelligence ................. [RUN]","logger":"airflow.task.hooks.airflow.providers.standard.hooks.subprocess.SubprocessHook","filename":"subprocess.py","lineno":106}
{"timestamp":"2026-06-30T10:23:20.504202Z","level":"info","event":"\u001b[0m10:23:20  5 of 87 OK created sql view model STAGING.stg_housing_intelligence ............. [\u001b[32mSUCCESS 1\u001b[0m in 0.41s]","logger":"airflow.task.hooks.airflow.providers.standard.hooks.subprocess.SubprocessHook","filename":"subprocess.py","lineno":106}
{"timestamp":"2026-06-30T10:23:20.506429Z","level":"info","event":"\u001b[0m10:23:20  9 of 87 START sql view model STAGING.stg_opportunity_explorer .................. [RUN]","logger":"airflow.task.hooks.airflow.providers.standard.hooks.subprocess.SubprocessHook","filename":"subprocess.py","lineno":106}
{"timestamp":"2026-06-30T10:23:20.754839Z","level":"info","event":"\u001b[0m10:23:20  7 of 87 OK created sql view model STAGING.stg_local_authority_trends ........... [\u001b[32mSUCCESS 1\u001b[0m in 0.58s]","logger":"airflow.task.hooks.airflow.providers.standard.hooks.subprocess.SubprocessHook","filename":"subprocess.py","lineno":106}
{"timestamp":"2026-06-30T10:23:20.759510Z","level":"info","event":"\u001b[0m10:23:20  10 of 87 START sql view model STAGING.stg_rankings ............................. [RUN]","logger":"airflow.task.hooks.airflow.providers.standard.hooks.subprocess.SubprocessHook","filename":"subprocess.py","lineno":106}
{"timestamp":"2026-06-30T10:23:20.778650Z","level":"info","event":"\u001b[0m10:23:20  6 of 87 OK created sql view model STAGING.stg_investment_scores ................ [\u001b[32mSUCCESS 1\u001b[0m in 0.68s]","logger":"airflow.task.hooks.airflow.providers.standard.hooks.subprocess.SubprocessHook","filename":"subprocess.py","lineno":106}
{"timestamp":"2026-06-30T10:23:20.787003Z","level":"info","event":"\u001b[0m10:23:20  11 of 87 START sql view model STAGING.stg_regional_housing_trends .............. [RUN]","logger":"airflow.task.hooks.airflow.providers.standard.hooks.subprocess.SubprocessHook","filename":"subprocess.py","lineno":106}
{"timestamp":"2026-06-30T10:23:20.914419Z","level":"info","event":"\u001b[0m10:23:20  8 of 87 OK created sql view model STAGING.stg_location_intelligence ............ [\u001b[32mSUCCESS 1\u001b[0m in 0.66s]","logger":"airflow.task.hooks.airflow.providers.standard.hooks.subprocess.SubprocessHook","filename":"subprocess.py","lineno":106}
{"timestamp":"2026-06-30T10:23:20.916301Z","level":"info","event":"\u001b[0m10:23:20  12 of 87 START sql view model STAGING.stg_regional_intelligence ................ [RUN]","logger":"airflow.task.hooks.airflow.providers.standard.hooks.subprocess.SubprocessHook","filename":"subprocess.py","lineno":106}
{"timestamp":"2026-06-30T10:23:21.055329Z","level":"info","event":"\u001b[0m10:23:21  9 of 87 OK created sql view model STAGING.stg_opportunity_explorer ............. [\u001b[32mSUCCESS 1\u001b[0m in 0.55s]","logger":"airflow.task.hooks.airflow.providers.standard.hooks.subprocess.SubprocessHook","filename":"subprocess.py","lineno":106}
{"timestamp":"2026-06-30T10:23:21.057403Z","level":"info","event":"\u001b[0m10:23:21  13 of 87 START sql view model STAGING.stg_school_intelligence .................. [RUN]","logger":"airflow.task.hooks.airflow.providers.standard.hooks.subprocess.SubprocessHook","filename":"subprocess.py","lineno":106}
{"timestamp":"2026-06-30T10:23:21.168677Z","level":"info","event":"\u001b[0m10:23:21  10 of 87 OK created sql view model STAGING.stg_rankings ........................ [\u001b[32mSUCCESS 1\u001b[0m in 0.40s]","logger":"airflow.task.hooks.airflow.providers.standard.hooks.subprocess.SubprocessHook","filename":"subprocess.py","lineno":106}
{"timestamp":"2026-06-30T10:23:21.170080Z","level":"info","event":"\u001b[0m10:23:21  11 of 87 OK created sql view model STAGING.stg_regional_housing_trends ......... [\u001b[32mSUCCESS 1\u001b[0m in 0.38s]","logger":"airflow.task.hooks.airflow.providers.standard.hooks.subprocess.SubprocessHook","filename":"subprocess.py","lineno":106}
{"timestamp":"2026-06-30T10:23:21.174981Z","level":"info","event":"\u001b[0m10:23:21  14 of 87 START sql view model STAGING.stg_transport_intelligence ............... [RUN]","logger":"airflow.task.hooks.airflow.providers.standard.hooks.subprocess.SubprocessHook","filename":"subprocess.py","lineno":106}
{"timestamp":"2026-06-30T10:23:21.176226Z","level":"info","event":"\u001b[0m10:23:21  15 of 87 START sql table model dimensions.dim_date ............................. [RUN]","logger":"airflow.task.hooks.airflow.providers.standard.hooks.subprocess.SubprocessHook","filename":"subprocess.py","lineno":106}
{"timestamp":"2026-06-30T10:23:21.527664Z","level":"info","event":"\u001b[0m10:23:21  13 of 87 OK created sql view model STAGING.stg_school_intelligence ............. [\u001b[32mSUCCESS 1\u001b[0m in 0.47s]","logger":"airflow.task.hooks.airflow.providers.standard.hooks.subprocess.SubprocessHook","filename":"subprocess.py","lineno":106}
{"timestamp":"2026-06-30T10:23:21.530131Z","level":"info","event":"\u001b[0m10:23:21  16 of 87 START sql view model intermediate.int_housing_trends .................. [RUN]","logger":"airflow.task.hooks.airflow.providers.standard.hooks.subprocess.SubprocessHook","filename":"subprocess.py","lineno":106}
{"timestamp":"2026-06-30T10:23:21.600317Z","level":"info","event":"\u001b[0m10:23:21  14 of 87 OK created sql view model STAGING.stg_transport_intelligence .......... [\u001b[32mSUCCESS 1\u001b[0m in 0.42s]","logger":"airflow.task.hooks.airflow.providers.standard.hooks.subprocess.SubprocessHook","filename":"subprocess.py","lineno":106}
{"timestamp":"2026-06-30T10:23:21.602251Z","level":"info","event":"\u001b[0m10:23:21  17 of 87 START sql table model dimensions.dim_country .......................... [RUN]","logger":"airflow.task.hooks.airflow.providers.standard.hooks.subprocess.SubprocessHook","filename":"subprocess.py","lineno":106}
{"timestamp":"2026-06-30T10:23:21.664960Z","level":"info","event":"\u001b[0m10:23:21  12 of 87 OK created sql view model STAGING.stg_regional_intelligence ........... [\u001b[32mSUCCESS 1\u001b[0m in 0.75s]","logger":"airflow.task.hooks.airflow.providers.standard.hooks.subprocess.SubprocessHook","filename":"subprocess.py","lineno":106}
{"timestamp":"2026-06-30T10:23:21.666511Z","level":"info","event":"\u001b[0m10:23:21  18 of 87 START sql table model dimensions.dim_local_authority .................. [RUN]","logger":"airflow.task.hooks.airflow.providers.standard.hooks.subprocess.SubprocessHook","filename":"subprocess.py","lineno":106}
{"timestamp":"2026-06-30T10:23:21.950420Z","level":"info","event":"\u001b[0m10:23:21  16 of 87 OK created sql view model intermediate.int_housing_trends ............. [\u001b[32mSUCCESS 1\u001b[0m in 0.42s]","logger":"airflow.task.hooks.airflow.providers.standard.hooks.subprocess.SubprocessHook","filename":"subprocess.py","lineno":106}
{"timestamp":"2026-06-30T10:23:21.952592Z","level":"info","event":"\u001b[0m10:23:21  19 of 87 START sql table model dimensions.dim_location ......................... [RUN]","logger":"airflow.task.hooks.airflow.providers.standard.hooks.subprocess.SubprocessHook","filename":"subprocess.py","lineno":106}
{"timestamp":"2026-06-30T10:23:22.779445Z","level":"info","event":"\u001b[0m10:23:22  18 of 87 OK created sql table model dimensions.dim_local_authority ............. [\u001b[32mSUCCESS 1\u001b[0m in 1.10s]","logger":"airflow.task.hooks.airflow.providers.standard.hooks.subprocess.SubprocessHook","filename":"subprocess.py","lineno":106}
{"timestamp":"2026-06-30T10:23:22.787721Z","level":"info","event":"\u001b[0m10:23:22  20 of 87 START sql table model dimensions.dim_region ........................... [RUN]","logger":"airflow.task.hooks.airflow.providers.standard.hooks.subprocess.SubprocessHook","filename":"subprocess.py","lineno":106}
{"timestamp":"2026-06-30T10:23:22.862309Z","level":"info","event":"\u001b[0m10:23:22  19 of 87 OK created sql table model dimensions.dim_location .................... [\u001b[32mSUCCESS 1\u001b[0m in 0.91s]","logger":"airflow.task.hooks.airflow.providers.standard.hooks.subprocess.SubprocessHook","filename":"subprocess.py","lineno":106}
{"timestamp":"2026-06-30T10:23:22.865403Z","level":"info","event":"\u001b[0m10:23:22  21 of 87 START sql view model intermediate.int_housing_scores .................. [RUN]","logger":"airflow.task.hooks.airflow.providers.standard.hooks.subprocess.SubprocessHook","filename":"subprocess.py","lineno":106}
{"timestamp":"2026-06-30T10:23:23.000967Z","level":"info","event":"\u001b[0m10:23:23  15 of 87 OK created sql table model dimensions.dim_date ........................ [\u001b[32mSUCCESS 1\u001b[0m in 1.82s]","logger":"airflow.task.hooks.airflow.providers.standard.hooks.subprocess.SubprocessHook","filename":"subprocess.py","lineno":106}
{"timestamp":"2026-06-30T10:23:23.008435Z","level":"info","event":"\u001b[0m10:23:23  22 of 87 START sql view model intermediate.int_local_authority_trends .......... [RUN]","logger":"airflow.task.hooks.airflow.providers.standard.hooks.subprocess.SubprocessHook","filename":"subprocess.py","lineno":106}
{"timestamp":"2026-06-30T10:23:23.098438Z","level":"info","event":"\u001b[0m10:23:23  17 of 87 OK created sql table model dimensions.dim_country ..................... [\u001b[32mSUCCESS 1\u001b[0m in 1.49s]","logger":"airflow.task.hooks.airflow.providers.standard.hooks.subprocess.SubprocessHook","filename":"subprocess.py","lineno":106}
{"timestamp":"2026-06-30T10:23:23.103315Z","level":"info","event":"\u001b[0m10:23:23  23 of 87 START sql view model intermediate.int_regional_trends ................. [RUN]","logger":"airflow.task.hooks.airflow.providers.standard.hooks.subprocess.SubprocessHook","filename":"subprocess.py","lineno":106}
{"timestamp":"2026-06-30T10:23:23.286718Z","level":"info","event":"\u001b[0m10:23:23  21 of 87 OK created sql view model intermediate.int_housing_scores ............. [\u001b[32mSUCCESS 1\u001b[0m in 0.42s]","logger":"airflow.task.hooks.airflow.providers.standard.hooks.subprocess.SubprocessHook","filename":"subprocess.py","lineno":106}
{"timestamp":"2026-06-30T10:23:23.294744Z","level":"info","event":"\u001b[0m10:23:23  24 of 87 START test not_null_dim_local_authority_lad_code ...................... [RUN]","logger":"airflow.task.hooks.airflow.providers.standard.hooks.subprocess.SubprocessHook","filename":"subprocess.py","lineno":106}
{"timestamp":"2026-06-30T10:23:25.254298Z","level":"info","event":"\u001b[0m10:23:25  20 of 87 OK created sql table model dimensions.dim_region ...................... [\u001b[32mSUCCESS 1\u001b[0m in 0.76s]","logger":"airflow.task.hooks.airflow.providers.standard.hooks.subprocess.SubprocessHook","filename":"subprocess.py","lineno":106}
{"timestamp":"2026-06-30T10:23:25.387865Z","level":"info","event":"\u001b[0m10:23:25  24 of 87 PASS not_null_dim_local_authority_lad_code ............................ [\u001b[32mPASS\u001b[0m in 2.09s]","logger":"airflow.task.hooks.airflow.providers.standard.hooks.subprocess.SubprocessHook","filename":"subprocess.py","lineno":106}
{"timestamp":"2026-06-30T10:23:25.391396Z","level":"info","event":"\u001b[0m10:23:25  22 of 87 OK created sql view model intermediate.int_local_authority_trends ..... [\u001b[32mSUCCESS 1\u001b[0m in 2.25s]","logger":"airflow.task.hooks.airflow.providers.standard.hooks.subprocess.SubprocessHook","filename":"subprocess.py","lineno":106}
{"timestamp":"2026-06-30T10:23:25.393152Z","level":"info","event":"\u001b[0m10:23:25  23 of 87 OK created sql view model intermediate.int_regional_trends ............ [\u001b[32mSUCCESS 1\u001b[0m in 2.26s]","logger":"airflow.task.hooks.airflow.providers.standard.hooks.subprocess.SubprocessHook","filename":"subprocess.py","lineno":106}
{"timestamp":"2026-06-30T10:23:25.405216Z","level":"info","event":"\u001b[0m10:23:25  25 of 87 START test not_null_dim_local_authority_local_authority_key ........... [RUN]","logger":"airflow.task.hooks.airflow.providers.standard.hooks.subprocess.SubprocessHook","filename":"subprocess.py","lineno":106}
{"timestamp":"2026-06-30T10:23:25.411796Z","level":"info","event":"\u001b[0m10:23:25  26 of 87 START test unique_dim_local_authority_lad_code ........................ [RUN]","logger":"airflow.task.hooks.airflow.providers.standard.hooks.subprocess.SubprocessHook","filename":"subprocess.py","lineno":106}
{"timestamp":"2026-06-30T10:23:25.414121Z","level":"info","event":"\u001b[0m10:23:25  27 of 87 START test unique_dim_local_authority_local_authority_key ............. [RUN]","logger":"airflow.task.hooks.airflow.providers.standard.hooks.subprocess.SubprocessHook","filename":"subprocess.py","lineno":106}
{"timestamp":"2026-06-30T10:23:25.414738Z","level":"info","event":"\u001b[0m10:23:25  28 of 87 START test not_null_dim_location_location_key ......................... [RUN]","logger":"airflow.task.hooks.airflow.providers.standard.hooks.subprocess.SubprocessHook","filename":"subprocess.py","lineno":106}
{"timestamp":"2026-06-30T10:23:25.855663Z","level":"info","event":"\u001b[0m10:23:25  27 of 87 PASS unique_dim_local_authority_local_authority_key ................... [\u001b[32mPASS\u001b[0m in 0.44s]","logger":"airflow.task.hooks.airflow.providers.standard.hooks.subprocess.SubprocessHook","filename":"subprocess.py","lineno":106}
{"timestamp":"2026-06-30T10:23:25.864549Z","level":"info","event":"\u001b[0m10:23:25  25 of 87 PASS not_null_dim_local_authority_local_authority_key ................. [\u001b[32mPASS\u001b[0m in 0.45s]","logger":"airflow.task.hooks.airflow.providers.standard.hooks.subprocess.SubprocessHook","filename":"subprocess.py","lineno":106}
{"timestamp":"2026-06-30T10:23:25.865199Z","level":"info","event":"\u001b[0m10:23:25  29 of 87 START test not_null_dim_location_lsoa_code ............................ [RUN]","logger":"airflow.task.hooks.airflow.providers.standard.hooks.subprocess.SubprocessHook","filename":"subprocess.py","lineno":106}
{"timestamp":"2026-06-30T10:23:25.869980Z","level":"info","event":"\u001b[0m10:23:25  30 of 87 START test unique_dim_location_location_key ........................... [RUN]","logger":"airflow.task.hooks.airflow.providers.standard.hooks.subprocess.SubprocessHook","filename":"subprocess.py","lineno":106}
{"timestamp":"2026-06-30T10:23:25.946531Z","level":"info","event":"\u001b[0m10:23:25  28 of 87 PASS not_null_dim_location_location_key ............................... [\u001b[32mPASS\u001b[0m in 0.53s]","logger":"airflow.task.hooks.airflow.providers.standard.hooks.subprocess.SubprocessHook","filename":"subprocess.py","lineno":106}
{"timestamp":"2026-06-30T10:23:25.949840Z","level":"info","event":"\u001b[0m10:23:25  31 of 87 START test unique_dim_location_lsoa_code .............................. [RUN]","logger":"airflow.task.hooks.airflow.providers.standard.hooks.subprocess.SubprocessHook","filename":"subprocess.py","lineno":106}
{"timestamp":"2026-06-30T10:23:25.989884Z","level":"info","event":"\u001b[0m10:23:25  26 of 87 PASS unique_dim_local_authority_lad_code .............................. [\u001b[32mPASS\u001b[0m in 0.57s]","logger":"airflow.task.hooks.airflow.providers.standard.hooks.subprocess.SubprocessHook","filename":"subprocess.py","lineno":106}
{"timestamp":"2026-06-30T10:23:25.993880Z","level":"info","event":"\u001b[0m10:23:25  32 of 87 START test not_null_dim_date_date_key ................................. [RUN]","logger":"airflow.task.hooks.airflow.providers.standard.hooks.subprocess.SubprocessHook","filename":"subprocess.py","lineno":106}
{"timestamp":"2026-06-30T10:23:26.296107Z","level":"info","event":"\u001b[0m10:23:26  29 of 87 PASS not_null_dim_location_lsoa_code .................................. [\u001b[32mPASS\u001b[0m in 0.43s]","logger":"airflow.task.hooks.airflow.providers.standard.hooks.subprocess.SubprocessHook","filename":"subprocess.py","lineno":106}
{"timestamp":"2026-06-30T10:23:26.299284Z","level":"info","event":"\u001b[0m10:23:26  33 of 87 START test not_null_dim_date_month .................................... [RUN]","logger":"airflow.task.hooks.airflow.providers.standard.hooks.subprocess.SubprocessHook","filename":"subprocess.py","lineno":106}
{"timestamp":"2026-06-30T10:23:26.316418Z","level":"info","event":"\u001b[0m10:23:26  31 of 87 PASS unique_dim_location_lsoa_code .................................... [\u001b[32mPASS\u001b[0m in 0.36s]","logger":"airflow.task.hooks.airflow.providers.standard.hooks.subprocess.SubprocessHook","filename":"subprocess.py","lineno":106}
{"timestamp":"2026-06-30T10:23:26.322922Z","level":"info","event":"\u001b[0m10:23:26  32 of 87 PASS not_null_dim_date_date_key ....................................... [\u001b[32mPASS\u001b[0m in 0.33s]","logger":"airflow.task.hooks.airflow.providers.standard.hooks.subprocess.SubprocessHook","filename":"subprocess.py","lineno":106}
{"timestamp":"2026-06-30T10:23:26.325451Z","level":"info","event":"\u001b[0m10:23:26  30 of 87 PASS unique_dim_location_location_key ................................. [\u001b[32mPASS\u001b[0m in 0.45s]","logger":"airflow.task.hooks.airflow.providers.standard.hooks.subprocess.SubprocessHook","filename":"subprocess.py","lineno":106}
{"timestamp":"2026-06-30T10:23:26.332285Z","level":"info","event":"\u001b[0m10:23:26  34 of 87 START test not_null_dim_date_year ..................................... [RUN]","logger":"airflow.task.hooks.airflow.providers.standard.hooks.subprocess.SubprocessHook","filename":"subprocess.py","lineno":106}
{"timestamp":"2026-06-30T10:23:26.334467Z","level":"info","event":"\u001b[0m10:23:26  35 of 87 START test unique_dim_date_date_key ................................... [RUN]","logger":"airflow.task.hooks.airflow.providers.standard.hooks.subprocess.SubprocessHook","filename":"subprocess.py","lineno":106}
{"timestamp":"2026-06-30T10:23:26.335673Z","level":"info","event":"\u001b[0m10:23:26  36 of 87 START test not_null_dim_country_country ............................... [RUN]","logger":"airflow.task.hooks.airflow.providers.standard.hooks.subprocess.SubprocessHook","filename":"subprocess.py","lineno":106}
{"timestamp":"2026-06-30T10:23:26.624388Z","level":"info","event":"\u001b[0m10:23:26  35 of 87 PASS unique_dim_date_date_key ......................................... [\u001b[32mPASS\u001b[0m in 0.29s]","logger":"airflow.task.hooks.airflow.providers.standard.hooks.subprocess.SubprocessHook","filename":"subprocess.py","lineno":106}
{"timestamp":"2026-06-30T10:23:26.628221Z","level":"info","event":"\u001b[0m10:23:26  37 of 87 START test not_null_dim_country_country_key ........................... [RUN]","logger":"airflow.task.hooks.airflow.providers.standard.hooks.subprocess.SubprocessHook","filename":"subprocess.py","lineno":106}
{"timestamp":"2026-06-30T10:23:26.684314Z","level":"info","event":"\u001b[0m10:23:26  36 of 87 PASS not_null_dim_country_country ..................................... [\u001b[32mPASS\u001b[0m in 0.35s]","logger":"airflow.task.hooks.airflow.providers.standard.hooks.subprocess.SubprocessHook","filename":"subprocess.py","lineno":106}
{"timestamp":"2026-06-30T10:23:26.686584Z","level":"info","event":"\u001b[0m10:23:26  38 of 87 START test unique_dim_country_country ................................. [RUN]","logger":"airflow.task.hooks.airflow.providers.standard.hooks.subprocess.SubprocessHook","filename":"subprocess.py","lineno":106}
{"timestamp":"2026-06-30T10:23:26.716005Z","level":"info","event":"\u001b[0m10:23:26  34 of 87 PASS not_null_dim_date_year ........................................... [\u001b[32mPASS\u001b[0m in 0.38s]","logger":"airflow.task.hooks.airflow.providers.standard.hooks.subprocess.SubprocessHook","filename":"subprocess.py","lineno":106}
{"timestamp":"2026-06-30T10:23:26.726030Z","level":"info","event":"\u001b[0m10:23:26  33 of 87 PASS not_null_dim_date_month .......................................... [\u001b[32mPASS\u001b[0m in 0.42s]","logger":"airflow.task.hooks.airflow.providers.standard.hooks.subprocess.SubprocessHook","filename":"subprocess.py","lineno":106}
{"timestamp":"2026-06-30T10:23:26.728540Z","level":"info","event":"\u001b[0m10:23:26  39 of 87 START test unique_dim_country_country_key ............................. [RUN]","logger":"airflow.task.hooks.airflow.providers.standard.hooks.subprocess.SubprocessHook","filename":"subprocess.py","lineno":106}
{"timestamp":"2026-06-30T10:23:26.739761Z","level":"info","event":"\u001b[0m10:23:26  40 of 87 START test not_null_dim_region_region ................................. [RUN]","logger":"airflow.task.hooks.airflow.providers.standard.hooks.subprocess.SubprocessHook","filename":"subprocess.py","lineno":106}
{"timestamp":"2026-06-30T10:23:27.053088Z","level":"info","event":"\u001b[0m10:23:27  37 of 87 PASS not_null_dim_country_country_key ................................. [\u001b[32mPASS\u001b[0m in 0.42s]","logger":"airflow.task.hooks.airflow.providers.standard.hooks.subprocess.SubprocessHook","filename":"subprocess.py","lineno":106}
{"timestamp":"2026-06-30T10:23:27.055842Z","level":"info","event":"\u001b[0m10:23:27  41 of 87 START test not_null_dim_region_region_key ............................. [RUN]","logger":"airflow.task.hooks.airflow.providers.standard.hooks.subprocess.SubprocessHook","filename":"subprocess.py","lineno":106}
{"timestamp":"2026-06-30T10:23:27.080625Z","level":"info","event":"\u001b[0m10:23:27  38 of 87 PASS unique_dim_country_country ....................................... [\u001b[32mPASS\u001b[0m in 0.39s]","logger":"airflow.task.hooks.airflow.providers.standard.hooks.subprocess.SubprocessHook","filename":"subprocess.py","lineno":106}
{"timestamp":"2026-06-30T10:23:27.085231Z","level":"info","event":"\u001b[0m10:23:27  42 of 87 START test unique_dim_region_region ................................... [RUN]","logger":"airflow.task.hooks.airflow.providers.standard.hooks.subprocess.SubprocessHook","filename":"subprocess.py","lineno":106}
{"timestamp":"2026-06-30T10:23:27.267774Z","level":"info","event":"\u001b[0m10:23:27  39 of 87 PASS unique_dim_country_country_key ................................... [\u001b[32mPASS\u001b[0m in 0.54s]","logger":"airflow.task.hooks.airflow.providers.standard.hooks.subprocess.SubprocessHook","filename":"subprocess.py","lineno":106}
{"timestamp":"2026-06-30T10:23:27.271058Z","level":"info","event":"\u001b[0m10:23:27  43 of 87 START test unique_dim_region_region_key ............................... [RUN]","logger":"airflow.task.hooks.airflow.providers.standard.hooks.subprocess.SubprocessHook","filename":"subprocess.py","lineno":106}
{"timestamp":"2026-06-30T10:23:27.320662Z","level":"info","event":"\u001b[0m10:23:27  40 of 87 PASS not_null_dim_region_region ....................................... [\u001b[32mPASS\u001b[0m in 0.57s]","logger":"airflow.task.hooks.airflow.providers.standard.hooks.subprocess.SubprocessHook","filename":"subprocess.py","lineno":106}
{"timestamp":"2026-06-30T10:23:27.387037Z","level":"info","event":"\u001b[0m10:23:27  41 of 87 PASS not_null_dim_region_region_key ................................... [\u001b[32mPASS\u001b[0m in 0.33s]","logger":"airflow.task.hooks.airflow.providers.standard.hooks.subprocess.SubprocessHook","filename":"subprocess.py","lineno":106}
{"timestamp":"2026-06-30T10:23:27.398414Z","level":"info","event":"\u001b[0m10:23:27  42 of 87 PASS unique_dim_region_region ......................................... [\u001b[32mPASS\u001b[0m in 0.31s]","logger":"airflow.task.hooks.airflow.providers.standard.hooks.subprocess.SubprocessHook","filename":"subprocess.py","lineno":106}
{"timestamp":"2026-06-30T10:23:27.688409Z","level":"info","event":"\u001b[0m10:23:27  43 of 87 PASS unique_dim_region_region_key ..................................... [\u001b[32mPASS\u001b[0m in 0.42s]","logger":"airflow.task.hooks.airflow.providers.standard.hooks.subprocess.SubprocessHook","filename":"subprocess.py","lineno":106}
{"timestamp":"2026-06-30T10:23:27.707167Z","level":"info","event":"\u001b[0m10:23:27  44 of 87 START sql table model marts.fct_housing_intelligence .................. [RUN]","logger":"airflow.task.hooks.airflow.providers.standard.hooks.subprocess.SubprocessHook","filename":"subprocess.py","lineno":106}
{"timestamp":"2026-06-30T10:23:27.709259Z","level":"info","event":"\u001b[0m10:23:27  45 of 87 START sql table model marts.fct_housing_trends ........................ [RUN]","logger":"airflow.task.hooks.airflow.providers.standard.hooks.subprocess.SubprocessHook","filename":"subprocess.py","lineno":106}
{"timestamp":"2026-06-30T10:23:27.713416Z","level":"info","event":"\u001b[0m10:23:27  46 of 87 START sql table model marts.fct_local_authority_trends ................ [RUN]","logger":"airflow.task.hooks.airflow.providers.standard.hooks.subprocess.SubprocessHook","filename":"subprocess.py","lineno":106}
{"timestamp":"2026-06-30T10:23:27.720808Z","level":"info","event":"\u001b[0m10:23:27  47 of 87 START sql table model marts.fct_regional_trends ....................... [RUN]","logger":"airflow.task.hooks.airflow.providers.standard.hooks.subprocess.SubprocessHook","filename":"subprocess.py","lineno":106}
{"timestamp":"2026-06-30T10:23:36.009916Z","level":"info","event":"\u001b[0m10:23:36  44 of 87 OK created sql table model marts.fct_housing_intelligence ............. [\u001b[32mSUCCESS 1\u001b[0m in 1.36s]","logger":"airflow.task.hooks.airflow.providers.standard.hooks.subprocess.SubprocessHook","filename":"subprocess.py","lineno":106}
{"timestamp":"2026-06-30T10:23:36.012615Z","level":"info","event":"\u001b[0m10:23:36  45 of 87 OK created sql table model marts.fct_housing_trends ................... [\u001b[32mSUCCESS 1\u001b[0m in 1.72s]","logger":"airflow.task.hooks.airflow.providers.standard.hooks.subprocess.SubprocessHook","filename":"subprocess.py","lineno":106}
{"timestamp":"2026-06-30T10:23:36.012726Z","level":"info","event":"\u001b[0m10:23:36  46 of 87 OK created sql table model marts.fct_local_authority_trends ........... [\u001b[32mSUCCESS 1\u001b[0m in 1.34s]","logger":"airflow.task.hooks.airflow.providers.standard.hooks.subprocess.SubprocessHook","filename":"subprocess.py","lineno":106}
{"timestamp":"2026-06-30T10:23:36.021473Z","level":"info","event":"\u001b[0m10:23:36  47 of 87 OK created sql table model marts.fct_regional_trends .................. [\u001b[32mSUCCESS 1\u001b[0m in 1.33s]","logger":"airflow.task.hooks.airflow.providers.standard.hooks.subprocess.SubprocessHook","filename":"subprocess.py","lineno":106}
{"timestamp":"2026-06-30T10:23:36.039926Z","level":"info","event":"\u001b[0m10:23:36  48 of 87 START sql table model marts.mart_healthcare_accessibility ............. [RUN]","logger":"airflow.task.hooks.airflow.providers.standard.hooks.subprocess.SubprocessHook","filename":"subprocess.py","lineno":106}
{"timestamp":"2026-06-30T10:23:36.040811Z","level":"info","event":"\u001b[0m10:23:36  49 of 87 START sql table model marts.mart_school_accessibility ................. [RUN]","logger":"airflow.task.hooks.airflow.providers.standard.hooks.subprocess.SubprocessHook","filename":"subprocess.py","lineno":106}
{"timestamp":"2026-06-30T10:23:36.041438Z","level":"info","event":"\u001b[0m10:23:36  50 of 87 START sql table model marts.mart_transport_accessibility .............. [RUN]","logger":"airflow.task.hooks.airflow.providers.standard.hooks.subprocess.SubprocessHook","filename":"subprocess.py","lineno":106}
{"timestamp":"2026-06-30T10:23:36.047590Z","level":"info","event":"\u001b[0m10:23:36  51 of 87 START test not_null_fct_housing_intelligence_housing_intelligence_index  [RUN]","logger":"airflow.task.hooks.airflow.providers.standard.hooks.subprocess.SubprocessHook","filename":"subprocess.py","lineno":106}
{"timestamp":"2026-06-30T10:23:36.773883Z","level":"info","event":"\u001b[0m10:23:36  51 of 87 PASS not_null_fct_housing_intelligence_housing_intelligence_index ..... [\u001b[32mPASS\u001b[0m in 0.72s]","logger":"airflow.task.hooks.airflow.providers.standard.hooks.subprocess.SubprocessHook","filename":"subprocess.py","lineno":106}
{"timestamp":"2026-06-30T10:23:36.781817Z","level":"info","event":"\u001b[0m10:23:36  52 of 87 START test not_null_fct_housing_intelligence_local_authority_key ...... [RUN]","logger":"airflow.task.hooks.airflow.providers.standard.hooks.subprocess.SubprocessHook","filename":"subprocess.py","lineno":106}
{"timestamp":"2026-06-30T10:23:37.190813Z","level":"info","event":"\u001b[0m10:23:37  52 of 87 PASS not_null_fct_housing_intelligence_local_authority_key ............ [\u001b[32mPASS\u001b[0m in 0.40s]","logger":"airflow.task.hooks.airflow.providers.standard.hooks.subprocess.SubprocessHook","filename":"subprocess.py","lineno":106}
{"timestamp":"2026-06-30T10:23:37.209153Z","level":"info","event":"\u001b[0m10:23:37  53 of 87 START test not_null_fct_housing_intelligence_location_key ............. [RUN]","logger":"airflow.task.hooks.airflow.providers.standard.hooks.subprocess.SubprocessHook","filename":"subprocess.py","lineno":106}
{"timestamp":"2026-06-30T10:23:37.425791Z","level":"info","event":"\u001b[0m10:23:37  48 of 87 OK created sql table model marts.mart_healthcare_accessibility ........ [\u001b[32mSUCCESS 1\u001b[0m in 1.30s]","logger":"airflow.task.hooks.airflow.providers.standard.hooks.subprocess.SubprocessHook","filename":"subprocess.py","lineno":106}
{"timestamp":"2026-06-30T10:23:37.474695Z","level":"info","event":"\u001b[0m10:23:37  49 of 87 OK created sql table model marts.mart_school_accessibility ............ [\u001b[32mSUCCESS 1\u001b[0m in 1.35s]","logger":"airflow.task.hooks.airflow.providers.standard.hooks.subprocess.SubprocessHook","filename":"subprocess.py","lineno":106}
{"timestamp":"2026-06-30T10:23:37.498311Z","level":"info","event":"\u001b[0m10:23:37  54 of 87 START test not_null_fct_housing_intelligence_region_key ............... [RUN]","logger":"airflow.task.hooks.airflow.providers.standard.hooks.subprocess.SubprocessHook","filename":"subprocess.py","lineno":106}
{"timestamp":"2026-06-30T10:23:37.506726Z","level":"info","event":"\u001b[0m10:23:37  55 of 87 START test not_null_fct_housing_trends_country_key .................... [RUN]","logger":"airflow.task.hooks.airflow.providers.standard.hooks.subprocess.SubprocessHook","filename":"subprocess.py","lineno":106}
{"timestamp":"2026-06-30T10:23:38.228846Z","level":"info","event":"\u001b[0m10:23:38  55 of 87 PASS not_null_fct_housing_trends_country_key .......................... [\u001b[32mPASS\u001b[0m in 0.69s]","logger":"airflow.task.hooks.airflow.providers.standard.hooks.subprocess.SubprocessHook","filename":"subprocess.py","lineno":106}
{"timestamp":"2026-06-30T10:23:38.232942Z","level":"info","event":"\u001b[0m10:23:38  54 of 87 PASS not_null_fct_housing_intelligence_region_key ..................... [\u001b[32mPASS\u001b[0m in 0.71s]","logger":"airflow.task.hooks.airflow.providers.standard.hooks.subprocess.SubprocessHook","filename":"subprocess.py","lineno":106}
{"timestamp":"2026-06-30T10:23:38.249762Z","level":"info","event":"\u001b[0m10:23:38  56 of 87 START test not_null_fct_housing_trends_date_key ....................... [RUN]","logger":"airflow.task.hooks.airflow.providers.standard.hooks.subprocess.SubprocessHook","filename":"subprocess.py","lineno":106}
{"timestamp":"2026-06-30T10:23:38.253041Z","level":"info","event":"\u001b[0m10:23:38  57 of 87 START test not_null_fct_housing_trends_local_authority_key ............ [RUN]","logger":"airflow.task.hooks.airflow.providers.standard.hooks.subprocess.SubprocessHook","filename":"subprocess.py","lineno":106}
{"timestamp":"2026-06-30T10:23:38.734160Z","level":"info","event":"\u001b[0m10:23:38  53 of 87 PASS not_null_fct_housing_intelligence_location_key ................... [\u001b[32mPASS\u001b[0m in 1.52s]","logger":"airflow.task.hooks.airflow.providers.standard.hooks.subprocess.SubprocessHook","filename":"subprocess.py","lineno":106}
{"timestamp":"2026-06-30T10:23:38.751578Z","level":"info","event":"\u001b[0m10:23:38  56 of 87 PASS not_null_fct_housing_trends_date_key ............................. [\u001b[32mPASS\u001b[0m in 0.50s]","logger":"airflow.task.hooks.airflow.providers.standard.hooks.subprocess.SubprocessHook","filename":"subprocess.py","lineno":106}
{"timestamp":"2026-06-30T10:23:38.752620Z","level":"info","event":"\u001b[0m10:23:38  58 of 87 START test not_null_fct_housing_trends_location_key ................... [RUN]","logger":"airflow.task.hooks.airflow.providers.standard.hooks.subprocess.SubprocessHook","filename":"subprocess.py","lineno":106}
{"timestamp":"2026-06-30T10:23:38.760737Z","level":"info","event":"\u001b[0m10:23:38  59 of 87 START test not_null_fct_housing_trends_region_key ..................... [RUN]","logger":"airflow.task.hooks.airflow.providers.standard.hooks.subprocess.SubprocessHook","filename":"subprocess.py","lineno":106}
{"timestamp":"2026-06-30T10:23:39.500417Z","level":"info","event":"\u001b[0m10:23:39  57 of 87 PASS not_null_fct_housing_trends_local_authority_key .................. [\u001b[32mPASS\u001b[0m in 1.24s]","logger":"airflow.task.hooks.airflow.providers.standard.hooks.subprocess.SubprocessHook","filename":"subprocess.py","lineno":106}
{"timestamp":"2026-06-30T10:23:39.503417Z","level":"info","event":"\u001b[0m10:23:39  50 of 87 OK created sql table model marts.mart_transport_accessibility ......... [\u001b[32mSUCCESS 1\u001b[0m in 3.44s]","logger":"airflow.task.hooks.airflow.providers.standard.hooks.subprocess.SubprocessHook","filename":"subprocess.py","lineno":106}
{"timestamp":"2026-06-30T10:23:39.534143Z","level":"info","event":"\u001b[0m10:23:39  60 of 87 START test not_null_fct_local_authority_trends_country_key ............ [RUN]","logger":"airflow.task.hooks.airflow.providers.standard.hooks.subprocess.SubprocessHook","filename":"subprocess.py","lineno":106}
{"timestamp":"2026-06-30T10:23:39.535812Z","level":"info","event":"\u001b[0m10:23:39  61 of 87 START test not_null_fct_local_authority_trends_date_key ............... [RUN]","logger":"airflow.task.hooks.airflow.providers.standard.hooks.subprocess.SubprocessHook","filename":"subprocess.py","lineno":106}
{"timestamp":"2026-06-30T10:23:39.795606Z","level":"info","event":"\u001b[0m10:23:39  59 of 87 PASS not_null_fct_housing_trends_region_key ........................... [\u001b[32mPASS\u001b[0m in 1.01s]","logger":"airflow.task.hooks.airflow.providers.standard.hooks.subprocess.SubprocessHook","filename":"subprocess.py","lineno":106}
{"timestamp":"2026-06-30T10:23:39.805164Z","level":"info","event":"\u001b[0m10:23:39  58 of 87 PASS not_null_fct_housing_trends_location_key ......................... [\u001b[32mPASS\u001b[0m in 1.05s]","logger":"airflow.task.hooks.airflow.providers.standard.hooks.subprocess.SubprocessHook","filename":"subprocess.py","lineno":106}
{"timestamp":"2026-06-30T10:23:39.829669Z","level":"info","event":"\u001b[0m10:23:39  62 of 87 START test not_null_fct_local_authority_trends_local_authority_key .... [RUN]","logger":"airflow.task.hooks.airflow.providers.standard.hooks.subprocess.SubprocessHook","filename":"subprocess.py","lineno":106}
{"timestamp":"2026-06-30T10:23:39.833347Z","level":"info","event":"\u001b[0m10:23:39  63 of 87 START test not_null_fct_local_authority_trends_region_key ............. [RUN]","logger":"airflow.task.hooks.airflow.providers.standard.hooks.subprocess.SubprocessHook","filename":"subprocess.py","lineno":106}
{"timestamp":"2026-06-30T10:23:39.917973Z","level":"info","event":"\u001b[0m10:23:39  60 of 87 PASS not_null_fct_local_authority_trends_country_key .................. [\u001b[32mPASS\u001b[0m in 0.37s]","logger":"airflow.task.hooks.airflow.providers.standard.hooks.subprocess.SubprocessHook","filename":"subprocess.py","lineno":106}
{"timestamp":"2026-06-30T10:23:39.928008Z","level":"info","event":"\u001b[0m10:23:39  61 of 87 PASS not_null_fct_local_authority_trends_date_key ..................... [\u001b[32mPASS\u001b[0m in 0.38s]","logger":"airflow.task.hooks.airflow.providers.standard.hooks.subprocess.SubprocessHook","filename":"subprocess.py","lineno":106}
{"timestamp":"2026-06-30T10:23:39.943965Z","level":"info","event":"\u001b[0m10:23:39  64 of 87 START test not_null_fct_regional_trends_country_key ................... [RUN]","logger":"airflow.task.hooks.airflow.providers.standard.hooks.subprocess.SubprocessHook","filename":"subprocess.py","lineno":106}
{"timestamp":"2026-06-30T10:23:39.947386Z","level":"info","event":"\u001b[0m10:23:39  65 of 87 START test not_null_fct_regional_trends_date_key ...................... [RUN]","logger":"airflow.task.hooks.airflow.providers.standard.hooks.subprocess.SubprocessHook","filename":"subprocess.py","lineno":106}
{"timestamp":"2026-06-30T10:23:40.187487Z","level":"info","event":"\u001b[0m10:23:40  63 of 87 PASS not_null_fct_local_authority_trends_region_key ................... [\u001b[32mPASS\u001b[0m in 0.34s]","logger":"airflow.task.hooks.airflow.providers.standard.hooks.subprocess.SubprocessHook","filename":"subprocess.py","lineno":106}
{"timestamp":"2026-06-30T10:23:40.205162Z","level":"info","event":"\u001b[0m10:23:40  62 of 87 PASS not_null_fct_local_authority_trends_local_authority_key .......... [\u001b[32mPASS\u001b[0m in 0.37s]","logger":"airflow.task.hooks.airflow.providers.standard.hooks.subprocess.SubprocessHook","filename":"subprocess.py","lineno":106}
{"timestamp":"2026-06-30T10:23:40.215491Z","level":"info","event":"\u001b[0m10:23:40  66 of 87 START test not_null_fct_regional_trends_region_key .................... [RUN]","logger":"airflow.task.hooks.airflow.providers.standard.hooks.subprocess.SubprocessHook","filename":"subprocess.py","lineno":106}
{"timestamp":"2026-06-30T10:23:40.224889Z","level":"info","event":"\u001b[0m10:23:40  67 of 87 START test not_null_mart_healthcare_accessibility_healthcare_accessibility_score  [RUN]","logger":"airflow.task.hooks.airflow.providers.standard.hooks.subprocess.SubprocessHook","filename":"subprocess.py","lineno":106}
{"timestamp":"2026-06-30T10:23:40.321888Z","level":"info","event":"\u001b[0m10:23:40  64 of 87 PASS not_null_fct_regional_trends_country_key ......................... [\u001b[32mPASS\u001b[0m in 0.37s]","logger":"airflow.task.hooks.airflow.providers.standard.hooks.subprocess.SubprocessHook","filename":"subprocess.py","lineno":106}
{"timestamp":"2026-06-30T10:23:40.335681Z","level":"info","event":"\u001b[0m10:23:40  68 of 87 START test not_null_mart_healthcare_accessibility_location_key ........ [RUN]","logger":"airflow.task.hooks.airflow.providers.standard.hooks.subprocess.SubprocessHook","filename":"subprocess.py","lineno":106}
{"timestamp":"2026-06-30T10:23:40.409339Z","level":"info","event":"\u001b[0m10:23:40  65 of 87 PASS not_null_fct_regional_trends_date_key ............................ [\u001b[32mPASS\u001b[0m in 0.46s]","logger":"airflow.task.hooks.airflow.providers.standard.hooks.subprocess.SubprocessHook","filename":"subprocess.py","lineno":106}
{"timestamp":"2026-06-30T10:23:40.417504Z","level":"info","event":"\u001b[0m10:23:40  69 of 87 START test not_null_mart_school_accessibility_location_key ............ [RUN]","logger":"airflow.task.hooks.airflow.providers.standard.hooks.subprocess.SubprocessHook","filename":"subprocess.py","lineno":106}
{"timestamp":"2026-06-30T10:23:40.632588Z","level":"info","event":"\u001b[0m10:23:40  66 of 87 PASS not_null_fct_regional_trends_region_key .......................... [\u001b[32mPASS\u001b[0m in 0.41s]","logger":"airflow.task.hooks.airflow.providers.standard.hooks.subprocess.SubprocessHook","filename":"subprocess.py","lineno":106}
{"timestamp":"2026-06-30T10:23:40.650032Z","level":"info","event":"\u001b[0m10:23:40  70 of 87 START test not_null_mart_school_accessibility_school_accessibility_score  [RUN]","logger":"airflow.task.hooks.airflow.providers.standard.hooks.subprocess.SubprocessHook","filename":"subprocess.py","lineno":106}
{"timestamp":"2026-06-30T10:23:40.712984Z","level":"info","event":"\u001b[0m10:23:40  67 of 87 PASS not_null_mart_healthcare_accessibility_healthcare_accessibility_score  [\u001b[32mPASS\u001b[0m in 0.47s]","logger":"airflow.task.hooks.airflow.providers.standard.hooks.subprocess.SubprocessHook","filename":"subprocess.py","lineno":106}
{"timestamp":"2026-06-30T10:23:40.734811Z","level":"info","event":"\u001b[0m10:23:40  68 of 87 PASS not_null_mart_healthcare_accessibility_location_key .............. [\u001b[32mPASS\u001b[0m in 0.39s]","logger":"airflow.task.hooks.airflow.providers.standard.hooks.subprocess.SubprocessHook","filename":"subprocess.py","lineno":106}
{"timestamp":"2026-06-30T10:23:40.738675Z","level":"info","event":"\u001b[0m10:23:40  71 of 87 START sql table model marts.mart_affordability_analytics .............. [RUN]","logger":"airflow.task.hooks.airflow.providers.standard.hooks.subprocess.SubprocessHook","filename":"subprocess.py","lineno":106}
{"timestamp":"2026-06-30T10:23:40.780168Z","level":"info","event":"\u001b[0m10:23:40  72 of 87 START sql table model marts.mart_area_rankings ........................ [RUN]","logger":"airflow.task.hooks.airflow.providers.standard.hooks.subprocess.SubprocessHook","filename":"subprocess.py","lineno":106}
{"timestamp":"2026-06-30T10:23:40.925108Z","level":"info","event":"\u001b[0m10:23:40  69 of 87 PASS not_null_mart_school_accessibility_location_key .................. [\u001b[32mPASS\u001b[0m in 0.51s]","logger":"airflow.task.hooks.airflow.providers.standard.hooks.subprocess.SubprocessHook","filename":"subprocess.py","lineno":106}
{"timestamp":"2026-06-30T10:23:40.929531Z","level":"info","event":"\u001b[0m10:23:40  73 of 87 START sql table model marts.mart_growth_analytics ..................... [RUN]","logger":"airflow.task.hooks.airflow.providers.standard.hooks.subprocess.SubprocessHook","filename":"subprocess.py","lineno":106}
{"timestamp":"2026-06-30T10:23:41.146393Z","level":"info","event":"\u001b[0m10:23:41  70 of 87 PASS not_null_mart_school_accessibility_school_accessibility_score .... [\u001b[32mPASS\u001b[0m in 0.49s]","logger":"airflow.task.hooks.airflow.providers.standard.hooks.subprocess.SubprocessHook","filename":"subprocess.py","lineno":106}
{"timestamp":"2026-06-30T10:23:41.159565Z","level":"info","event":"\u001b[0m10:23:41  74 of 87 START sql table model marts.mart_investment_opportunities ............. [RUN]","logger":"airflow.task.hooks.airflow.providers.standard.hooks.subprocess.SubprocessHook","filename":"subprocess.py","lineno":106}
{"timestamp":"2026-06-30T10:23:41.947666Z","level":"info","event":"\u001b[0m10:23:41  71 of 87 OK created sql table model marts.mart_affordability_analytics ......... [\u001b[32mSUCCESS 1\u001b[0m in 1.17s]","logger":"airflow.task.hooks.airflow.providers.standard.hooks.subprocess.SubprocessHook","filename":"subprocess.py","lineno":106}
{"timestamp":"2026-06-30T10:23:41.950166Z","level":"info","event":"\u001b[0m10:23:41  73 of 87 OK created sql table model marts.mart_growth_analytics ................ [\u001b[32mSUCCESS 1\u001b[0m in 1.00s]","logger":"airflow.task.hooks.airflow.providers.standard.hooks.subprocess.SubprocessHook","filename":"subprocess.py","lineno":106}
{"timestamp":"2026-06-30T10:23:41.950658Z","level":"info","event":"\u001b[0m10:23:41  72 of 87 OK created sql table model marts.mart_area_rankings ................... [\u001b[32mSUCCESS 1\u001b[0m in 1.11s]","logger":"airflow.task.hooks.airflow.providers.standard.hooks.subprocess.SubprocessHook","filename":"subprocess.py","lineno":106}
{"timestamp":"2026-06-30T10:23:41.981506Z","level":"info","event":"\u001b[0m10:23:41  75 of 87 START test not_null_mart_transport_accessibility_location_key ......... [RUN]","logger":"airflow.task.hooks.airflow.providers.standard.hooks.subprocess.SubprocessHook","filename":"subprocess.py","lineno":106}
{"timestamp":"2026-06-30T10:23:41.983566Z","level":"info","event":"\u001b[0m10:23:41  76 of 87 START test not_null_mart_transport_accessibility_transport_accessibility_score  [RUN]","logger":"airflow.task.hooks.airflow.providers.standard.hooks.subprocess.SubprocessHook","filename":"subprocess.py","lineno":106}
{"timestamp":"2026-06-30T10:23:41.985650Z","level":"info","event":"\u001b[0m10:23:41  77 of 87 START sql table model marts.mart_regional_performance ................. [RUN]","logger":"airflow.task.hooks.airflow.providers.standard.hooks.subprocess.SubprocessHook","filename":"subprocess.py","lineno":106}
{"timestamp":"2026-06-30T10:23:42.314088Z","level":"info","event":"\u001b[0m10:23:42  74 of 87 OK created sql table model marts.mart_investment_opportunities ........ [\u001b[32mSUCCESS 1\u001b[0m in 1.15s]","logger":"airflow.task.hooks.airflow.providers.standard.hooks.subprocess.SubprocessHook","filename":"subprocess.py","lineno":106}
{"timestamp":"2026-06-30T10:23:42.326112Z","level":"info","event":"\u001b[0m10:23:42  78 of 87 START test not_null_mart_affordability_analytics_affordability_score .. [RUN]","logger":"airflow.task.hooks.airflow.providers.standard.hooks.subprocess.SubprocessHook","filename":"subprocess.py","lineno":106}
{"timestamp":"2026-06-30T10:23:42.463993Z","level":"info","event":"\u001b[0m10:23:42  76 of 87 PASS not_null_mart_transport_accessibility_transport_accessibility_score  [\u001b[32mPASS\u001b[0m in 0.47s]","logger":"airflow.task.hooks.airflow.providers.standard.hooks.subprocess.SubprocessHook","filename":"subprocess.py","lineno":106}
{"timestamp":"2026-06-30T10:23:42.470986Z","level":"info","event":"\u001b[0m10:23:42  79 of 87 START test not_null_mart_growth_analytics_growth_score ................ [RUN]","logger":"airflow.task.hooks.airflow.providers.standard.hooks.subprocess.SubprocessHook","filename":"subprocess.py","lineno":106}
{"timestamp":"2026-06-30T10:23:42.518075Z","level":"info","event":"\u001b[0m10:23:42  75 of 87 PASS not_null_mart_transport_accessibility_location_key ............... [\u001b[32mPASS\u001b[0m in 0.53s]","logger":"airflow.task.hooks.airflow.providers.standard.hooks.subprocess.SubprocessHook","filename":"subprocess.py","lineno":106}
{"timestamp":"2026-06-30T10:23:42.531064Z","level":"info","event":"\u001b[0m10:23:42  80 of 87 START test not_null_mart_area_rankings_housing_intelligence_index ..... [RUN]","logger":"airflow.task.hooks.airflow.providers.standard.hooks.subprocess.SubprocessHook","filename":"subprocess.py","lineno":106}
{"timestamp":"2026-06-30T10:23:42.764510Z","level":"info","event":"\u001b[0m10:23:42  78 of 87 PASS not_null_mart_affordability_analytics_affordability_score ........ [\u001b[32mPASS\u001b[0m in 0.43s]","logger":"airflow.task.hooks.airflow.providers.standard.hooks.subprocess.SubprocessHook","filename":"subprocess.py","lineno":106}
{"timestamp":"2026-06-30T10:23:42.786184Z","level":"info","event":"\u001b[0m10:23:42  81 of 87 START test not_null_mart_area_rankings_location_key ................... [RUN]","logger":"airflow.task.hooks.airflow.providers.standard.hooks.subprocess.SubprocessHook","filename":"subprocess.py","lineno":106}
{"timestamp":"2026-06-30T10:23:42.950727Z","level":"info","event":"\u001b[0m10:23:42  79 of 87 PASS not_null_mart_growth_analytics_growth_score ...................... [\u001b[32mPASS\u001b[0m in 0.48s]","logger":"airflow.task.hooks.airflow.providers.standard.hooks.subprocess.SubprocessHook","filename":"subprocess.py","lineno":106}
{"timestamp":"2026-06-30T10:23:42.985978Z","level":"info","event":"\u001b[0m10:23:42  82 of 87 START test not_null_mart_investment_opportunities_investment_score .... [RUN]","logger":"airflow.task.hooks.airflow.providers.standard.hooks.subprocess.SubprocessHook","filename":"subprocess.py","lineno":106}
{"timestamp":"2026-06-30T10:23:42.993939Z","level":"info","event":"\u001b[0m10:23:42  77 of 87 OK created sql table model marts.mart_regional_performance ............ [\u001b[32mSUCCESS 1\u001b[0m in 0.98s]","logger":"airflow.task.hooks.airflow.providers.standard.hooks.subprocess.SubprocessHook","filename":"subprocess.py","lineno":106}
{"timestamp":"2026-06-30T10:23:43.062113Z","level":"info","event":"\u001b[0m10:23:43  83 of 87 START sql table model marts.mart_area_profile ......................... [RUN]","logger":"airflow.task.hooks.airflow.providers.standard.hooks.subprocess.SubprocessHook","filename":"subprocess.py","lineno":106}
{"timestamp":"2026-06-30T10:23:43.150772Z","level":"info","event":"\u001b[0m10:23:43  80 of 87 PASS not_null_mart_area_rankings_housing_intelligence_index ........... [\u001b[32mPASS\u001b[0m in 0.61s]","logger":"airflow.task.hooks.airflow.providers.standard.hooks.subprocess.SubprocessHook","filename":"subprocess.py","lineno":106}
{"timestamp":"2026-06-30T10:23:43.196704Z","level":"info","event":"\u001b[0m10:23:43  84 of 87 START test not_null_mart_regional_performance_region_key .............. [RUN]","logger":"airflow.task.hooks.airflow.providers.standard.hooks.subprocess.SubprocessHook","filename":"subprocess.py","lineno":106}
{"timestamp":"2026-06-30T10:23:43.276574Z","level":"info","event":"\u001b[0m10:23:43  81 of 87 PASS not_null_mart_area_rankings_location_key ......................... [\u001b[32mPASS\u001b[0m in 0.48s]","logger":"airflow.task.hooks.airflow.providers.standard.hooks.subprocess.SubprocessHook","filename":"subprocess.py","lineno":106}
{"timestamp":"2026-06-30T10:23:43.734331Z","level":"info","event":"\u001b[0m10:23:43  82 of 87 PASS not_null_mart_investment_opportunities_investment_score .......... [\u001b[32mPASS\u001b[0m in 0.72s]","logger":"airflow.task.hooks.airflow.providers.standard.hooks.subprocess.SubprocessHook","filename":"subprocess.py","lineno":106}
{"timestamp":"2026-06-30T10:23:43.745322Z","level":"info","event":"\u001b[0m10:23:43  84 of 87 PASS not_null_mart_regional_performance_region_key .................... [\u001b[32mPASS\u001b[0m in 0.52s]","logger":"airflow.task.hooks.airflow.providers.standard.hooks.subprocess.SubprocessHook","filename":"subprocess.py","lineno":106}
{"timestamp":"2026-06-30T10:23:44.711597Z","level":"info","event":"\u001b[0m10:23:44  83 of 87 OK created sql table model marts.mart_area_profile .................... [\u001b[32mSUCCESS 1\u001b[0m in 1.58s]","logger":"airflow.task.hooks.airflow.providers.standard.hooks.subprocess.SubprocessHook","filename":"subprocess.py","lineno":106}
{"timestamp":"2026-06-30T10:23:44.749803Z","level":"info","event":"\u001b[0m10:23:44  85 of 87 START test not_null_mart_area_profile_housing_intelligence_index ...... [RUN]","logger":"airflow.task.hooks.airflow.providers.standard.hooks.subprocess.SubprocessHook","filename":"subprocess.py","lineno":106}
{"timestamp":"2026-06-30T10:23:44.759269Z","level":"info","event":"\u001b[0m10:23:44  86 of 87 START test not_null_mart_area_profile_location_key .................... [RUN]","logger":"airflow.task.hooks.airflow.providers.standard.hooks.subprocess.SubprocessHook","filename":"subprocess.py","lineno":106}
{"timestamp":"2026-06-30T10:23:44.772345Z","level":"info","event":"\u001b[0m10:23:44  87 of 87 START test unique_mart_area_profile_location_key ...................... [RUN]","logger":"airflow.task.hooks.airflow.providers.standard.hooks.subprocess.SubprocessHook","filename":"subprocess.py","lineno":106}
{"timestamp":"2026-06-30T10:23:45.624649Z","level":"info","event":"\u001b[0m10:23:45  85 of 87 PASS not_null_mart_area_profile_housing_intelligence_index ............ [\u001b[32mPASS\u001b[0m in 0.87s]","logger":"airflow.task.hooks.airflow.providers.standard.hooks.subprocess.SubprocessHook","filename":"subprocess.py","lineno":106}
{"timestamp":"2026-06-30T10:23:45.627721Z","level":"info","event":"\u001b[0m10:23:45  87 of 87 PASS unique_mart_area_profile_location_key ............................ [\u001b[32mPASS\u001b[0m in 0.82s]","logger":"airflow.task.hooks.airflow.providers.standard.hooks.subprocess.SubprocessHook","filename":"subprocess.py","lineno":106}
{"timestamp":"2026-06-30T10:23:45.627961Z","level":"info","event":"\u001b[0m10:23:45  86 of 87 PASS not_null_mart_area_profile_location_key .......................... [\u001b[32mPASS\u001b[0m in 0.86s]","logger":"airflow.task.hooks.airflow.providers.standard.hooks.subprocess.SubprocessHook","filename":"subprocess.py","lineno":106}
{"timestamp":"2026-06-30T10:23:47.710316Z","level":"info","event":"\u001b[0m10:23:47","logger":"airflow.task.hooks.airflow.providers.standard.hooks.subprocess.SubprocessHook","filename":"subprocess.py","lineno":106}
{"timestamp":"2026-06-30T10:23:47.716184Z","level":"info","event":"\u001b[0m10:23:47  Finished running 18 table models, 51 data tests, 18 view models in 0 hours 0 minutes and 30.25 seconds (30.25s).","logger":"airflow.task.hooks.airflow.providers.standard.hooks.subprocess.SubprocessHook","filename":"subprocess.py","lineno":106}
{"timestamp":"2026-06-30T10:23:48.131549Z","level":"info","event":"\u001b[0m10:23:48","logger":"airflow.task.hooks.airflow.providers.standard.hooks.subprocess.SubprocessHook","filename":"subprocess.py","lineno":106}
{"timestamp":"2026-06-30T10:23:48.133872Z","level":"info","event":"\u001b[0m10:23:48  \u001b[32mCompleted successfully\u001b[0m","logger":"airflow.task.hooks.airflow.providers.standard.hooks.subprocess.SubprocessHook","filename":"subprocess.py","lineno":106}
{"timestamp":"2026-06-30T10:23:48.134913Z","level":"info","event":"\u001b[0m10:23:48","logger":"airflow.task.hooks.airflow.providers.standard.hooks.subprocess.SubprocessHook","filename":"subprocess.py","lineno":106}
{"timestamp":"2026-06-30T10:23:48.137165Z","level":"info","event":"\u001b[0m10:23:48  Done. PASS=87 WARN=0 ERROR=0 SKIP=0 NO-OP=0 TOTAL=87","logger":"airflow.task.hooks.airflow.providers.standard.hooks.subprocess.SubprocessHook","filename":"subprocess.py","lineno":106}
{"timestamp":"2026-06-30T10:24:03.332159Z","level":"info","event":"======================================================================","logger":"airflow.task.hooks.airflow.providers.standard.hooks.subprocess.SubprocessHook","filename":"subprocess.py","lineno":106}
{"timestamp":"2026-06-30T10:24:03.343105Z","level":"info","event":"UK Housing Intelligence Platform","logger":"airflow.task.hooks.airflow.providers.standard.hooks.subprocess.SubprocessHook","filename":"subprocess.py","lineno":106}
{"timestamp":"2026-06-30T10:24:03.343301Z","level":"info","event":"dbt Transformation Runner","logger":"airflow.task.hooks.airflow.providers.standard.hooks.subprocess.SubprocessHook","filename":"subprocess.py","lineno":106}
{"timestamp":"2026-06-30T10:24:03.343376Z","level":"info","event":"======================================================================","logger":"airflow.task.hooks.airflow.providers.standard.hooks.subprocess.SubprocessHook","filename":"subprocess.py","lineno":106}
{"timestamp":"2026-06-30T10:24:03.343416Z","level":"info","event":"","logger":"airflow.task.hooks.airflow.providers.standard.hooks.subprocess.SubprocessHook","filename":"subprocess.py","lineno":106}
{"timestamp":"2026-06-30T10:24:03.343461Z","level":"info","event":"Running dbt debug...","logger":"airflow.task.hooks.airflow.providers.standard.hooks.subprocess.SubprocessHook","filename":"subprocess.py","lineno":106}
{"timestamp":"2026-06-30T10:24:03.346762Z","level":"info","event":"","logger":"airflow.task.hooks.airflow.providers.standard.hooks.subprocess.SubprocessHook","filename":"subprocess.py","lineno":106}
{"timestamp":"2026-06-30T10:24:03.346846Z","level":"info","event":"","logger":"airflow.task.hooks.airflow.providers.standard.hooks.subprocess.SubprocessHook","filename":"subprocess.py","lineno":106}
{"timestamp":"2026-06-30T10:24:03.346907Z","level":"info","event":"dbt debug successful.","logger":"airflow.task.hooks.airflow.providers.standard.hooks.subprocess.SubprocessHook","filename":"subprocess.py","lineno":106}
{"timestamp":"2026-06-30T10:24:03.346989Z","level":"info","event":"","logger":"airflow.task.hooks.airflow.providers.standard.hooks.subprocess.SubprocessHook","filename":"subprocess.py","lineno":106}
{"timestamp":"2026-06-30T10:24:03.347112Z","level":"info","event":"Running dbt deps...","logger":"airflow.task.hooks.airflow.providers.standard.hooks.subprocess.SubprocessHook","filename":"subprocess.py","lineno":106}
{"timestamp":"2026-06-30T10:24:03.347209Z","level":"info","event":"","logger":"airflow.task.hooks.airflow.providers.standard.hooks.subprocess.SubprocessHook","filename":"subprocess.py","lineno":106}
{"timestamp":"2026-06-30T10:24:03.347277Z","level":"info","event":"","logger":"airflow.task.hooks.airflow.providers.standard.hooks.subprocess.SubprocessHook","filename":"subprocess.py","lineno":106}
{"timestamp":"2026-06-30T10:24:03.347409Z","level":"info","event":"Running dbt build...","logger":"airflow.task.hooks.airflow.providers.standard.hooks.subprocess.SubprocessHook","filename":"subprocess.py","lineno":106}
{"timestamp":"2026-06-30T10:24:03.347598Z","level":"info","event":"","logger":"airflow.task.hooks.airflow.providers.standard.hooks.subprocess.SubprocessHook","filename":"subprocess.py","lineno":106}
{"timestamp":"2026-06-30T10:24:03.347660Z","level":"info","event":"","logger":"airflow.task.hooks.airflow.providers.standard.hooks.subprocess.SubprocessHook","filename":"subprocess.py","lineno":106}
{"timestamp":"2026-06-30T10:24:03.347737Z","level":"info","event":"All dbt models executed successfully.","logger":"airflow.task.hooks.airflow.providers.standard.hooks.subprocess.SubprocessHook","filename":"subprocess.py","lineno":106}
{"timestamp":"2026-06-30T10:24:03.436690Z","level":"info","event":"Command exited with return code 0","logger":"airflow.task.hooks.airflow.providers.standard.hooks.subprocess.SubprocessHook","filename":"subprocess.py","lineno":110}
{"timestamp":"2026-06-30T10:24:03.541492Z","level":"info","event":"Pushing xcom","ti":"RuntimeTaskInstance(id=UUID('019f180b-cda7-7d4d-b4fc-3a2a2898559c'), task_id='run_dbt_models', dag_id='uk_housing_master_pipeline', run_id='manual__2026-06-30T10:20:54.258806+00:00', try_number=1, dag_version_id=UUID('019f1798-8ead-757f-958c-c2980258c18f'), map_index=-1, hostname='e1b5ac91c04f', context_carrier={}, task=<Task(BashOperator): run_dbt_models>, bundle_instance=LocalDagBundle(name=dags-folder), max_tries=2, start_date=datetime.datetime(2026, 6, 30, 10, 22, 56, 20562, tzinfo=datetime.timezone.utc), end_date=None, state=<TaskInstanceState.RUNNING: 'running'>, is_mapped=False, rendered_map_index=None)","logger":"task","filename":"task_runner.py","lineno":1352}
