{"timestamp":"2026-07-03T13:02:57.136534Z","level":"info","event":"DAG bundles loaded: dags-folder","logger":"airflow.dag_processing.bundles.manager.DagBundlesManager","filename":"manager.py","lineno":179}
{"timestamp":"2026-07-03T13:02:57.137868Z","level":"info","event":"Filling up the DagBag from /opt/airflow/dags/orchestration/master_pipeline.py","logger":"airflow.models.dagbag.DagBag","filename":"dagbag.py","lineno":593}
{"timestamp":"2026-07-03T13:02:57.189964Z","level":"warning","event":"The `airflow.operators.empty.EmptyOperator` attribute is deprecated. Please use `'airflow.providers.standard.operators.empty.EmptyOperator'`.","category":"DeprecatedImportWarning","filename":"/opt/airflow/dags/orchestration/master_pipeline.py","lineno":4,"logger":"py.warnings"}
{"timestamp":"2026-07-03T13:02:57.190206Z","level":"warning","event":"The `airflow.operators.bash.BashOperator` attribute is deprecated. Please use `'airflow.providers.standard.operators.bash.BashOperator'`.","category":"DeprecatedImportWarning","filename":"/opt/airflow/dags/orchestration/master_pipeline.py","lineno":5,"logger":"py.warnings"}
{"timestamp":"2026-07-03T13:02:57.190383Z","level":"warning","event":"The `airflow.operators.trigger_dagrun.TriggerDagRunOperator` attribute is deprecated. Please use `'airflow.providers.standard.operators.trigger_dagrun.TriggerDagRunOperator'`.","category":"DeprecatedImportWarning","filename":"/opt/airflow/dags/orchestration/master_pipeline.py","lineno":6,"logger":"py.warnings"}
{"timestamp":"2026-07-03T13:02:57.190479Z","level":"warning","event":"The `airflow.utils.trigger_rule.TriggerRule` attribute is deprecated. Please use `'airflow.task.trigger_rule.TriggerRule'`.","category":"DeprecatedImportWarning","filename":"/opt/airflow/dags/orchestration/master_pipeline.py","lineno":7,"logger":"py.warnings"}
{"timestamp":"2026-07-03T13:02:57.224175Z","level":"info","event":"Tmp dir root location: /tmp","logger":"airflow.task.hooks.airflow.providers.standard.hooks.subprocess.SubprocessHook","filename":"subprocess.py","lineno":78}
{"timestamp":"2026-07-03T13:02:57.225314Z","level":"info","event":"Running command: ['/usr/bin/bash', '-c', '\\n        python /opt/project/phase9/scripts/load_raw_to_snowflake.py\\n        ']","logger":"airflow.task.hooks.airflow.providers.standard.hooks.subprocess.SubprocessHook","filename":"subprocess.py","lineno":88}
{"timestamp":"2026-07-03T13:02:57.236371Z","level":"info","event":"Output:","logger":"airflow.task.hooks.airflow.providers.standard.hooks.subprocess.SubprocessHook","filename":"subprocess.py","lineno":99}
{"timestamp":"2026-07-03T13:03:16.805579Z","level":"info","event":"======================================================================","logger":"airflow.task.hooks.airflow.providers.standard.hooks.subprocess.SubprocessHook","filename":"subprocess.py","lineno":106}
{"timestamp":"2026-07-03T13:03:16.807194Z","level":"info","event":"UK Housing Intelligence Platform","logger":"airflow.task.hooks.airflow.providers.standard.hooks.subprocess.SubprocessHook","filename":"subprocess.py","lineno":106}
{"timestamp":"2026-07-03T13:03:16.807342Z","level":"info","event":"RAW Data Loader","logger":"airflow.task.hooks.airflow.providers.standard.hooks.subprocess.SubprocessHook","filename":"subprocess.py","lineno":106}
{"timestamp":"2026-07-03T13:03:16.807423Z","level":"info","event":"======================================================================","logger":"airflow.task.hooks.airflow.providers.standard.hooks.subprocess.SubprocessHook","filename":"subprocess.py","lineno":106}
{"timestamp":"2026-07-03T13:03:16.807505Z","level":"info","event":"","logger":"airflow.task.hooks.airflow.providers.standard.hooks.subprocess.SubprocessHook","filename":"subprocess.py","lineno":106}
{"timestamp":"2026-07-03T13:03:16.807571Z","level":"info","event":"Executing SQL file:","logger":"airflow.task.hooks.airflow.providers.standard.hooks.subprocess.SubprocessHook","filename":"subprocess.py","lineno":106}
{"timestamp":"2026-07-03T13:03:16.807639Z","level":"info","event":"/opt/project/phase8/snowflake/09_load_raw_tables.sql","logger":"airflow.task.hooks.airflow.providers.standard.hooks.subprocess.SubprocessHook","filename":"subprocess.py","lineno":106}
{"timestamp":"2026-07-03T13:03:16.807724Z","level":"info","event":"","logger":"airflow.task.hooks.airflow.providers.standard.hooks.subprocess.SubprocessHook","filename":"subprocess.py","lineno":106}
{"timestamp":"2026-07-03T13:03:16.807774Z","level":"info","event":"----------------------------------------------------------------------","logger":"airflow.task.hooks.airflow.providers.standard.hooks.subprocess.SubprocessHook","filename":"subprocess.py","lineno":106}
{"timestamp":"2026-07-03T13:03:16.807846Z","level":"info","event":"-- =====================================================","logger":"airflow.task.hooks.airflow.providers.standard.hooks.subprocess.SubprocessHook","filename":"subprocess.py","lineno":106}
{"timestamp":"2026-07-03T13:03:16.807903Z","level":"info","event":"-- UK Housing Intelligence Platform","logger":"airflow.task.hooks.airflow.providers.standard.hooks.subprocess.SubprocessHook","filename":"subprocess.py","lineno":106}
{"timestamp":"2026-07-03T13:03:16.808119Z","level":"info","event":"-- Phase 8","logger":"airflow.task.hooks.airflow.providers.standard.hooks.subprocess.SubprocessHook","filename":"subprocess.py","lineno":106}
{"timestamp":"2026-07-03T13:03:16.808259Z","level":"info","event":"-- Load All RAW Tables","logger":"airflow.task.hooks.airflow.providers.standard.hooks.subprocess.SubprocessHook","filename":"subprocess.py","lineno":106}
{"timestamp":"2026-07-03T13:03:16.808295Z","level":"info","event":"-- =====================================================","logger":"airflow.task.hooks.airflow.providers.standard.hooks.subprocess.SubprocessHook","filename":"subprocess.py","lineno":106}
{"timestamp":"2026-07-03T13:03:16.808366Z","level":"info","event":"","logger":"airflow.task.hooks.airflow.providers.standard.hooks.subprocess.SubprocessHook","filename":"subprocess.py","lineno":106}
{"timestamp":"2026-07-03T13:03:16.808401Z","level":"info","event":"USE DATABASE UK_HOUSING_DW","logger":"airflow.task.hooks.airflow.providers.standard.hooks.subprocess.SubprocessHook","filename":"subprocess.py","lineno":106}
{"timestamp":"2026-07-03T13:03:16.808536Z","level":"info","event":"----------------------------------------------------------------------","logger":"airflow.task.hooks.airflow.providers.standard.hooks.subprocess.SubprocessHook","filename":"subprocess.py","lineno":106}
{"timestamp":"2026-07-03T13:03:16.808635Z","level":"info","event":"USE SCHEMA RAW","logger":"airflow.task.hooks.airflow.providers.standard.hooks.subprocess.SubprocessHook","filename":"subprocess.py","lineno":106}
{"timestamp":"2026-07-03T13:03:16.808702Z","level":"info","event":"----------------------------------------------------------------------","logger":"airflow.task.hooks.airflow.providers.standard.hooks.subprocess.SubprocessHook","filename":"subprocess.py","lineno":106}
{"timestamp":"2026-07-03T13:03:16.808739Z","level":"info","event":"---------------------------------------------------------","logger":"airflow.task.hooks.airflow.providers.standard.hooks.subprocess.SubprocessHook","filename":"subprocess.py","lineno":106}
{"timestamp":"2026-07-03T13:03:16.808780Z","level":"info","event":"-- CRIME SCORES","logger":"airflow.task.hooks.airflow.providers.standard.hooks.subprocess.SubprocessHook","filename":"subprocess.py","lineno":106}
{"timestamp":"2026-07-03T13:03:16.808804Z","level":"info","event":"---------------------------------------------------------","logger":"airflow.task.hooks.airflow.providers.standard.hooks.subprocess.SubprocessHook","filename":"subprocess.py","lineno":106}
{"timestamp":"2026-07-03T13:03:16.808838Z","level":"info","event":"","logger":"airflow.task.hooks.airflow.providers.standard.hooks.subprocess.SubprocessHook","filename":"subprocess.py","lineno":106}
{"timestamp":"2026-07-03T13:03:16.808875Z","level":"info","event":"COPY INTO CRIME_SCORES","logger":"airflow.task.hooks.airflow.providers.standard.hooks.subprocess.SubprocessHook","filename":"subprocess.py","lineno":106}
{"timestamp":"2026-07-03T13:03:16.808910Z","level":"info","event":"FROM @GOLD_STAGE/crime_scores/","logger":"airflow.task.hooks.airflow.providers.standard.hooks.subprocess.SubprocessHook","filename":"subprocess.py","lineno":106}
{"timestamp":"2026-07-03T13:03:16.808953Z","level":"info","event":"MATCH_BY_COLUMN_NAME = CASE_INSENSITIVE","logger":"airflow.task.hooks.airflow.providers.standard.hooks.subprocess.SubprocessHook","filename":"subprocess.py","lineno":106}
{"timestamp":"2026-07-03T13:03:16.809080Z","level":"info","event":"----------------------------------------------------------------------","logger":"airflow.task.hooks.airflow.providers.standard.hooks.subprocess.SubprocessHook","filename":"subprocess.py","lineno":106}
{"timestamp":"2026-07-03T13:03:16.809165Z","level":"info","event":"---------------------------------------------------------","logger":"airflow.task.hooks.airflow.providers.standard.hooks.subprocess.SubprocessHook","filename":"subprocess.py","lineno":106}
{"timestamp":"2026-07-03T13:03:16.809632Z","level":"info","event":"-- GROWTH SCORES","logger":"airflow.task.hooks.airflow.providers.standard.hooks.subprocess.SubprocessHook","filename":"subprocess.py","lineno":106}
{"timestamp":"2026-07-03T13:03:16.809939Z","level":"info","event":"---------------------------------------------------------","logger":"airflow.task.hooks.airflow.providers.standard.hooks.subprocess.SubprocessHook","filename":"subprocess.py","lineno":106}
{"timestamp":"2026-07-03T13:03:16.810255Z","level":"info","event":"","logger":"airflow.task.hooks.airflow.providers.standard.hooks.subprocess.SubprocessHook","filename":"subprocess.py","lineno":106}
{"timestamp":"2026-07-03T13:03:16.810344Z","level":"info","event":"COPY INTO GROWTH_SCORES","logger":"airflow.task.hooks.airflow.providers.standard.hooks.subprocess.SubprocessHook","filename":"subprocess.py","lineno":106}
{"timestamp":"2026-07-03T13:03:16.810382Z","level":"info","event":"FROM @GOLD_STAGE/growth_scores/","logger":"airflow.task.hooks.airflow.providers.standard.hooks.subprocess.SubprocessHook","filename":"subprocess.py","lineno":106}
{"timestamp":"2026-07-03T13:03:16.810462Z","level":"info","event":"MATCH_BY_COLUMN_NAME = CASE_INSENSITIVE","logger":"airflow.task.hooks.airflow.providers.standard.hooks.subprocess.SubprocessHook","filename":"subprocess.py","lineno":106}
{"timestamp":"2026-07-03T13:03:16.810551Z","level":"info","event":"----------------------------------------------------------------------","logger":"airflow.task.hooks.airflow.providers.standard.hooks.subprocess.SubprocessHook","filename":"subprocess.py","lineno":106}
{"timestamp":"2026-07-03T13:03:16.810736Z","level":"info","event":"---------------------------------------------------------","logger":"airflow.task.hooks.airflow.providers.standard.hooks.subprocess.SubprocessHook","filename":"subprocess.py","lineno":106}
{"timestamp":"2026-07-03T13:03:16.810820Z","level":"info","event":"-- HEALTHCARE INTELLIGENCE","logger":"airflow.task.hooks.airflow.providers.standard.hooks.subprocess.SubprocessHook","filename":"subprocess.py","lineno":106}
{"timestamp":"2026-07-03T13:03:16.810921Z","level":"info","event":"---------------------------------------------------------","logger":"airflow.task.hooks.airflow.providers.standard.hooks.subprocess.SubprocessHook","filename":"subprocess.py","lineno":106}
{"timestamp":"2026-07-03T13:03:16.811001Z","level":"info","event":"","logger":"airflow.task.hooks.airflow.providers.standard.hooks.subprocess.SubprocessHook","filename":"subprocess.py","lineno":106}
{"timestamp":"2026-07-03T13:03:16.811163Z","level":"info","event":"COPY INTO HEALTHCARE_INTELLIGENCE","logger":"airflow.task.hooks.airflow.providers.standard.hooks.subprocess.SubprocessHook","filename":"subprocess.py","lineno":106}
{"timestamp":"2026-07-03T13:03:16.811258Z","level":"info","event":"FROM @GOLD_STAGE/healthcare_intelligence/","logger":"airflow.task.hooks.airflow.providers.standard.hooks.subprocess.SubprocessHook","filename":"subprocess.py","lineno":106}
{"timestamp":"2026-07-03T13:03:16.811486Z","level":"info","event":"MATCH_BY_COLUMN_NAME = CASE_INSENSITIVE","logger":"airflow.task.hooks.airflow.providers.standard.hooks.subprocess.SubprocessHook","filename":"subprocess.py","lineno":106}
{"timestamp":"2026-07-03T13:03:16.811700Z","level":"info","event":"----------------------------------------------------------------------","logger":"airflow.task.hooks.airflow.providers.standard.hooks.subprocess.SubprocessHook","filename":"subprocess.py","lineno":106}
{"timestamp":"2026-07-03T13:03:16.813068Z","level":"info","event":"---------------------------------------------------------","logger":"airflow.task.hooks.airflow.providers.standard.hooks.subprocess.SubprocessHook","filename":"subprocess.py","lineno":106}
{"timestamp":"2026-07-03T13:03:16.813251Z","level":"info","event":"-- HOUSING INTELLIGENCE","logger":"airflow.task.hooks.airflow.providers.standard.hooks.subprocess.SubprocessHook","filename":"subprocess.py","lineno":106}
{"timestamp":"2026-07-03T13:03:16.813332Z","level":"info","event":"---------------------------------------------------------","logger":"airflow.task.hooks.airflow.providers.standard.hooks.subprocess.SubprocessHook","filename":"subprocess.py","lineno":106}
{"timestamp":"2026-07-03T13:03:16.813702Z","level":"info","event":"","logger":"airflow.task.hooks.airflow.providers.standard.hooks.subprocess.SubprocessHook","filename":"subprocess.py","lineno":106}
{"timestamp":"2026-07-03T13:03:16.813788Z","level":"info","event":"COPY INTO HOUSING_INTELLIGENCE","logger":"airflow.task.hooks.airflow.providers.standard.hooks.subprocess.SubprocessHook","filename":"subprocess.py","lineno":106}
{"timestamp":"2026-07-03T13:03:16.813852Z","level":"info","event":"FROM @GOLD_STAGE/housing_index/","logger":"airflow.task.hooks.airflow.providers.standard.hooks.subprocess.SubprocessHook","filename":"subprocess.py","lineno":106}
{"timestamp":"2026-07-03T13:03:16.813914Z","level":"info","event":"MATCH_BY_COLUMN_NAME = CASE_INSENSITIVE","logger":"airflow.task.hooks.airflow.providers.standard.hooks.subprocess.SubprocessHook","filename":"subprocess.py","lineno":106}
{"timestamp":"2026-07-03T13:03:16.813974Z","level":"info","event":"----------------------------------------------------------------------","logger":"airflow.task.hooks.airflow.providers.standard.hooks.subprocess.SubprocessHook","filename":"subprocess.py","lineno":106}
{"timestamp":"2026-07-03T13:03:16.814045Z","level":"info","event":"---------------------------------------------------------","logger":"airflow.task.hooks.airflow.providers.standard.hooks.subprocess.SubprocessHook","filename":"subprocess.py","lineno":106}
{"timestamp":"2026-07-03T13:03:16.814392Z","level":"info","event":"-- INVESTMENT SCORES","logger":"airflow.task.hooks.airflow.providers.standard.hooks.subprocess.SubprocessHook","filename":"subprocess.py","lineno":106}
{"timestamp":"2026-07-03T13:03:16.814813Z","level":"info","event":"---------------------------------------------------------","logger":"airflow.task.hooks.airflow.providers.standard.hooks.subprocess.SubprocessHook","filename":"subprocess.py","lineno":106}
{"timestamp":"2026-07-03T13:03:16.815089Z","level":"info","event":"","logger":"airflow.task.hooks.airflow.providers.standard.hooks.subprocess.SubprocessHook","filename":"subprocess.py","lineno":106}
{"timestamp":"2026-07-03T13:03:16.815167Z","level":"info","event":"COPY INTO INVESTMENT_SCORES","logger":"airflow.task.hooks.airflow.providers.standard.hooks.subprocess.SubprocessHook","filename":"subprocess.py","lineno":106}
{"timestamp":"2026-07-03T13:03:16.815493Z","level":"info","event":"FROM @GOLD_STAGE/investment_scores/","logger":"airflow.task.hooks.airflow.providers.standard.hooks.subprocess.SubprocessHook","filename":"subprocess.py","lineno":106}
{"timestamp":"2026-07-03T13:03:16.815600Z","level":"info","event":"MATCH_BY_COLUMN_NAME = CASE_INSENSITIVE","logger":"airflow.task.hooks.airflow.providers.standard.hooks.subprocess.SubprocessHook","filename":"subprocess.py","lineno":106}
{"timestamp":"2026-07-03T13:03:16.815760Z","level":"info","event":"----------------------------------------------------------------------","logger":"airflow.task.hooks.airflow.providers.standard.hooks.subprocess.SubprocessHook","filename":"subprocess.py","lineno":106}
{"timestamp":"2026-07-03T13:03:16.815862Z","level":"info","event":"---------------------------------------------------------","logger":"airflow.task.hooks.airflow.providers.standard.hooks.subprocess.SubprocessHook","filename":"subprocess.py","lineno":106}
{"timestamp":"2026-07-03T13:03:16.815965Z","level":"info","event":"-- LOCATION INTELLIGENCE","logger":"airflow.task.hooks.airflow.providers.standard.hooks.subprocess.SubprocessHook","filename":"subprocess.py","lineno":106}
{"timestamp":"2026-07-03T13:03:16.817228Z","level":"info","event":"---------------------------------------------------------","logger":"airflow.task.hooks.airflow.providers.standard.hooks.subprocess.SubprocessHook","filename":"subprocess.py","lineno":106}
{"timestamp":"2026-07-03T13:03:16.817342Z","level":"info","event":"","logger":"airflow.task.hooks.airflow.providers.standard.hooks.subprocess.SubprocessHook","filename":"subprocess.py","lineno":106}
{"timestamp":"2026-07-03T13:03:16.817491Z","level":"info","event":"COPY INTO LOCATION_INTELLIGENCE","logger":"airflow.task.hooks.airflow.providers.standard.hooks.subprocess.SubprocessHook","filename":"subprocess.py","lineno":106}
{"timestamp":"2026-07-03T13:03:16.817519Z","level":"info","event":"FROM @GOLD_STAGE/location_intelligence/","logger":"airflow.task.hooks.airflow.providers.standard.hooks.subprocess.SubprocessHook","filename":"subprocess.py","lineno":106}
{"timestamp":"2026-07-03T13:03:16.817913Z","level":"info","event":"MATCH_BY_COLUMN_NAME = CASE_INSENSITIVE","logger":"airflow.task.hooks.airflow.providers.standard.hooks.subprocess.SubprocessHook","filename":"subprocess.py","lineno":106}
{"timestamp":"2026-07-03T13:03:16.818124Z","level":"info","event":"----------------------------------------------------------------------","logger":"airflow.task.hooks.airflow.providers.standard.hooks.subprocess.SubprocessHook","filename":"subprocess.py","lineno":106}
{"timestamp":"2026-07-03T13:03:16.818219Z","level":"info","event":"---------------------------------------------------------","logger":"airflow.task.hooks.airflow.providers.standard.hooks.subprocess.SubprocessHook","filename":"subprocess.py","lineno":106}
{"timestamp":"2026-07-03T13:03:16.818300Z","level":"info","event":"-- OPPORTUNITY EXPLORER","logger":"airflow.task.hooks.airflow.providers.standard.hooks.subprocess.SubprocessHook","filename":"subprocess.py","lineno":106}
{"timestamp":"2026-07-03T13:03:16.818397Z","level":"info","event":"---------------------------------------------------------","logger":"airflow.task.hooks.airflow.providers.standard.hooks.subprocess.SubprocessHook","filename":"subprocess.py","lineno":106}
{"timestamp":"2026-07-03T13:03:16.818477Z","level":"info","event":"","logger":"airflow.task.hooks.airflow.providers.standard.hooks.subprocess.SubprocessHook","filename":"subprocess.py","lineno":106}
{"timestamp":"2026-07-03T13:03:16.818529Z","level":"info","event":"COPY INTO OPPORTUNITY_EXPLORER","logger":"airflow.task.hooks.airflow.providers.standard.hooks.subprocess.SubprocessHook","filename":"subprocess.py","lineno":106}
{"timestamp":"2026-07-03T13:03:16.818623Z","level":"info","event":"FROM @GOLD_STAGE/opportunity_explorer/","logger":"airflow.task.hooks.airflow.providers.standard.hooks.subprocess.SubprocessHook","filename":"subprocess.py","lineno":106}
{"timestamp":"2026-07-03T13:03:16.818677Z","level":"info","event":"MATCH_BY_COLUMN_NAME = CASE_INSENSITIVE","logger":"airflow.task.hooks.airflow.providers.standard.hooks.subprocess.SubprocessHook","filename":"subprocess.py","lineno":106}
{"timestamp":"2026-07-03T13:03:16.818741Z","level":"info","event":"----------------------------------------------------------------------","logger":"airflow.task.hooks.airflow.providers.standard.hooks.subprocess.SubprocessHook","filename":"subprocess.py","lineno":106}
{"timestamp":"2026-07-03T13:03:16.818809Z","level":"info","event":"---------------------------------------------------------","logger":"airflow.task.hooks.airflow.providers.standard.hooks.subprocess.SubprocessHook","filename":"subprocess.py","lineno":106}
{"timestamp":"2026-07-03T13:03:16.818897Z","level":"info","event":"-- RANKINGS","logger":"airflow.task.hooks.airflow.providers.standard.hooks.subprocess.SubprocessHook","filename":"subprocess.py","lineno":106}
{"timestamp":"2026-07-03T13:03:16.818985Z","level":"info","event":"---------------------------------------------------------","logger":"airflow.task.hooks.airflow.providers.standard.hooks.subprocess.SubprocessHook","filename":"subprocess.py","lineno":106}
{"timestamp":"2026-07-03T13:03:16.819222Z","level":"info","event":"","logger":"airflow.task.hooks.airflow.providers.standard.hooks.subprocess.SubprocessHook","filename":"subprocess.py","lineno":106}
{"timestamp":"2026-07-03T13:03:16.819317Z","level":"info","event":"COPY INTO RANKINGS","logger":"airflow.task.hooks.airflow.providers.standard.hooks.subprocess.SubprocessHook","filename":"subprocess.py","lineno":106}
{"timestamp":"2026-07-03T13:03:16.819359Z","level":"info","event":"FROM @GOLD_STAGE/rankings/","logger":"airflow.task.hooks.airflow.providers.standard.hooks.subprocess.SubprocessHook","filename":"subprocess.py","lineno":106}
{"timestamp":"2026-07-03T13:03:16.819512Z","level":"info","event":"MATCH_BY_COLUMN_NAME = CASE_INSENSITIVE","logger":"airflow.task.hooks.airflow.providers.standard.hooks.subprocess.SubprocessHook","filename":"subprocess.py","lineno":106}
{"timestamp":"2026-07-03T13:03:16.819715Z","level":"info","event":"----------------------------------------------------------------------","logger":"airflow.task.hooks.airflow.providers.standard.hooks.subprocess.SubprocessHook","filename":"subprocess.py","lineno":106}
{"timestamp":"2026-07-03T13:03:16.819788Z","level":"info","event":"---------------------------------------------------------","logger":"airflow.task.hooks.airflow.providers.standard.hooks.subprocess.SubprocessHook","filename":"subprocess.py","lineno":106}
{"timestamp":"2026-07-03T13:03:16.819845Z","level":"info","event":"-- REGIONAL INTELLIGENCE","logger":"airflow.task.hooks.airflow.providers.standard.hooks.subprocess.SubprocessHook","filename":"subprocess.py","lineno":106}
{"timestamp":"2026-07-03T13:03:16.819909Z","level":"info","event":"---------------------------------------------------------","logger":"airflow.task.hooks.airflow.providers.standard.hooks.subprocess.SubprocessHook","filename":"subprocess.py","lineno":106}
{"timestamp":"2026-07-03T13:03:16.820017Z","level":"info","event":"","logger":"airflow.task.hooks.airflow.providers.standard.hooks.subprocess.SubprocessHook","filename":"subprocess.py","lineno":106}
{"timestamp":"2026-07-03T13:03:16.820277Z","level":"info","event":"COPY INTO REGIONAL_INTELLIGENCE","logger":"airflow.task.hooks.airflow.providers.standard.hooks.subprocess.SubprocessHook","filename":"subprocess.py","lineno":106}
{"timestamp":"2026-07-03T13:03:16.820363Z","level":"info","event":"FROM @GOLD_STAGE/regional_intelligence/","logger":"airflow.task.hooks.airflow.providers.standard.hooks.subprocess.SubprocessHook","filename":"subprocess.py","lineno":106}
{"timestamp":"2026-07-03T13:03:16.820505Z","level":"info","event":"MATCH_BY_COLUMN_NAME = CASE_INSENSITIVE","logger":"airflow.task.hooks.airflow.providers.standard.hooks.subprocess.SubprocessHook","filename":"subprocess.py","lineno":106}
{"timestamp":"2026-07-03T13:03:16.820678Z","level":"info","event":"----------------------------------------------------------------------","logger":"airflow.task.hooks.airflow.providers.standard.hooks.subprocess.SubprocessHook","filename":"subprocess.py","lineno":106}
{"timestamp":"2026-07-03T13:03:16.820761Z","level":"info","event":"---------------------------------------------------------","logger":"airflow.task.hooks.airflow.providers.standard.hooks.subprocess.SubprocessHook","filename":"subprocess.py","lineno":106}
{"timestamp":"2026-07-03T13:03:16.820844Z","level":"info","event":"-- SCHOOL INTELLIGENCE","logger":"airflow.task.hooks.airflow.providers.standard.hooks.subprocess.SubprocessHook","filename":"subprocess.py","lineno":106}
{"timestamp":"2026-07-03T13:03:16.820921Z","level":"info","event":"---------------------------------------------------------","logger":"airflow.task.hooks.airflow.providers.standard.hooks.subprocess.SubprocessHook","filename":"subprocess.py","lineno":106}
{"timestamp":"2026-07-03T13:03:16.821034Z","level":"info","event":"","logger":"airflow.task.hooks.airflow.providers.standard.hooks.subprocess.SubprocessHook","filename":"subprocess.py","lineno":106}
{"timestamp":"2026-07-03T13:03:16.821224Z","level":"info","event":"COPY INTO SCHOOL_INTELLIGENCE","logger":"airflow.task.hooks.airflow.providers.standard.hooks.subprocess.SubprocessHook","filename":"subprocess.py","lineno":106}
{"timestamp":"2026-07-03T13:03:16.821288Z","level":"info","event":"FROM @GOLD_STAGE/school_intelligence/","logger":"airflow.task.hooks.airflow.providers.standard.hooks.subprocess.SubprocessHook","filename":"subprocess.py","lineno":106}
{"timestamp":"2026-07-03T13:03:16.821491Z","level":"info","event":"MATCH_BY_COLUMN_NAME = CASE_INSENSITIVE","logger":"airflow.task.hooks.airflow.providers.standard.hooks.subprocess.SubprocessHook","filename":"subprocess.py","lineno":106}
{"timestamp":"2026-07-03T13:03:16.821519Z","level":"info","event":"----------------------------------------------------------------------","logger":"airflow.task.hooks.airflow.providers.standard.hooks.subprocess.SubprocessHook","filename":"subprocess.py","lineno":106}
{"timestamp":"2026-07-03T13:03:16.821542Z","level":"info","event":"---------------------------------------------------------","logger":"airflow.task.hooks.airflow.providers.standard.hooks.subprocess.SubprocessHook","filename":"subprocess.py","lineno":106}
{"timestamp":"2026-07-03T13:03:16.821558Z","level":"info","event":"-- TRANSPORT INTELLIGENCE","logger":"airflow.task.hooks.airflow.providers.standard.hooks.subprocess.SubprocessHook","filename":"subprocess.py","lineno":106}
{"timestamp":"2026-07-03T13:03:16.821575Z","level":"info","event":"---------------------------------------------------------","logger":"airflow.task.hooks.airflow.providers.standard.hooks.subprocess.SubprocessHook","filename":"subprocess.py","lineno":106}
{"timestamp":"2026-07-03T13:03:16.821590Z","level":"info","event":"","logger":"airflow.task.hooks.airflow.providers.standard.hooks.subprocess.SubprocessHook","filename":"subprocess.py","lineno":106}
{"timestamp":"2026-07-03T13:03:16.821759Z","level":"info","event":"COPY INTO TRANSPORT_INTELLIGENCE","logger":"airflow.task.hooks.airflow.providers.standard.hooks.subprocess.SubprocessHook","filename":"subprocess.py","lineno":106}
{"timestamp":"2026-07-03T13:03:16.822177Z","level":"info","event":"FROM @GOLD_STAGE/transport_intelligence/","logger":"airflow.task.hooks.airflow.providers.standard.hooks.subprocess.SubprocessHook","filename":"subprocess.py","lineno":106}
{"timestamp":"2026-07-03T13:03:16.822663Z","level":"info","event":"MATCH_BY_COLUMN_NAME = CASE_INSENSITIVE","logger":"airflow.task.hooks.airflow.providers.standard.hooks.subprocess.SubprocessHook","filename":"subprocess.py","lineno":106}
{"timestamp":"2026-07-03T13:03:16.822695Z","level":"info","event":"----------------------------------------------------------------------","logger":"airflow.task.hooks.airflow.providers.standard.hooks.subprocess.SubprocessHook","filename":"subprocess.py","lineno":106}
{"timestamp":"2026-07-03T13:03:16.822711Z","level":"info","event":"---------------------------------------------------------","logger":"airflow.task.hooks.airflow.providers.standard.hooks.subprocess.SubprocessHook","filename":"subprocess.py","lineno":106}
{"timestamp":"2026-07-03T13:03:16.822727Z","level":"info","event":"-- HISTORICAL HOUSING TRENDS","logger":"airflow.task.hooks.airflow.providers.standard.hooks.subprocess.SubprocessHook","filename":"subprocess.py","lineno":106}
{"timestamp":"2026-07-03T13:03:16.822742Z","level":"info","event":"---------------------------------------------------------","logger":"airflow.task.hooks.airflow.providers.standard.hooks.subprocess.SubprocessHook","filename":"subprocess.py","lineno":106}
{"timestamp":"2026-07-03T13:03:16.822758Z","level":"info","event":"","logger":"airflow.task.hooks.airflow.providers.standard.hooks.subprocess.SubprocessHook","filename":"subprocess.py","lineno":106}
{"timestamp":"2026-07-03T13:03:16.822773Z","level":"info","event":"COPY INTO HISTORICAL_HOUSING_TRENDS","logger":"airflow.task.hooks.airflow.providers.standard.hooks.subprocess.SubprocessHook","filename":"subprocess.py","lineno":106}
{"timestamp":"2026-07-03T13:03:16.822817Z","level":"info","event":"FROM @GOLD_STAGE/trends/historical/","logger":"airflow.task.hooks.airflow.providers.standard.hooks.subprocess.SubprocessHook","filename":"subprocess.py","lineno":106}
{"timestamp":"2026-07-03T13:03:16.822833Z","level":"info","event":"MATCH_BY_COLUMN_NAME = CASE_INSENSITIVE","logger":"airflow.task.hooks.airflow.providers.standard.hooks.subprocess.SubprocessHook","filename":"subprocess.py","lineno":106}
{"timestamp":"2026-07-03T13:03:16.822848Z","level":"info","event":"----------------------------------------------------------------------","logger":"airflow.task.hooks.airflow.providers.standard.hooks.subprocess.SubprocessHook","filename":"subprocess.py","lineno":106}
{"timestamp":"2026-07-03T13:03:16.822863Z","level":"info","event":"---------------------------------------------------------","logger":"airflow.task.hooks.airflow.providers.standard.hooks.subprocess.SubprocessHook","filename":"subprocess.py","lineno":106}
{"timestamp":"2026-07-03T13:03:16.822884Z","level":"info","event":"-- LOCAL AUTHORITY TRENDS","logger":"airflow.task.hooks.airflow.providers.standard.hooks.subprocess.SubprocessHook","filename":"subprocess.py","lineno":106}
{"timestamp":"2026-07-03T13:03:16.822911Z","level":"info","event":"---------------------------------------------------------","logger":"airflow.task.hooks.airflow.providers.standard.hooks.subprocess.SubprocessHook","filename":"subprocess.py","lineno":106}
{"timestamp":"2026-07-03T13:03:16.822928Z","level":"info","event":"","logger":"airflow.task.hooks.airflow.providers.standard.hooks.subprocess.SubprocessHook","filename":"subprocess.py","lineno":106}
{"timestamp":"2026-07-03T13:03:16.822943Z","level":"info","event":"COPY INTO LOCAL_AUTHORITY_TRENDS","logger":"airflow.task.hooks.airflow.providers.standard.hooks.subprocess.SubprocessHook","filename":"subprocess.py","lineno":106}
{"timestamp":"2026-07-03T13:03:16.822969Z","level":"info","event":"FROM @GOLD_STAGE/trends/local_authority/","logger":"airflow.task.hooks.airflow.providers.standard.hooks.subprocess.SubprocessHook","filename":"subprocess.py","lineno":106}
{"timestamp":"2026-07-03T13:03:16.822984Z","level":"info","event":"MATCH_BY_COLUMN_NAME = CASE_INSENSITIVE","logger":"airflow.task.hooks.airflow.providers.standard.hooks.subprocess.SubprocessHook","filename":"subprocess.py","lineno":106}
{"timestamp":"2026-07-03T13:03:16.823010Z","level":"info","event":"----------------------------------------------------------------------","logger":"airflow.task.hooks.airflow.providers.standard.hooks.subprocess.SubprocessHook","filename":"subprocess.py","lineno":106}
{"timestamp":"2026-07-03T13:03:16.823026Z","level":"info","event":"---------------------------------------------------------","logger":"airflow.task.hooks.airflow.providers.standard.hooks.subprocess.SubprocessHook","filename":"subprocess.py","lineno":106}
{"timestamp":"2026-07-03T13:03:16.823040Z","level":"info","event":"-- REGIONAL HOUSING TRENDS","logger":"airflow.task.hooks.airflow.providers.standard.hooks.subprocess.SubprocessHook","filename":"subprocess.py","lineno":106}
{"timestamp":"2026-07-03T13:03:16.823055Z","level":"info","event":"---------------------------------------------------------","logger":"airflow.task.hooks.airflow.providers.standard.hooks.subprocess.SubprocessHook","filename":"subprocess.py","lineno":106}
{"timestamp":"2026-07-03T13:03:16.823070Z","level":"info","event":"","logger":"airflow.task.hooks.airflow.providers.standard.hooks.subprocess.SubprocessHook","filename":"subprocess.py","lineno":106}
{"timestamp":"2026-07-03T13:03:16.823084Z","level":"info","event":"COPY INTO REGIONAL_HOUSING_TRENDS","logger":"airflow.task.hooks.airflow.providers.standard.hooks.subprocess.SubprocessHook","filename":"subprocess.py","lineno":106}
{"timestamp":"2026-07-03T13:03:16.823099Z","level":"info","event":"FROM @GOLD_STAGE/trends/regional/","logger":"airflow.task.hooks.airflow.providers.standard.hooks.subprocess.SubprocessHook","filename":"subprocess.py","lineno":106}
{"timestamp":"2026-07-03T13:03:16.823113Z","level":"info","event":"MATCH_BY_COLUMN_NAME = CASE_INSENSITIVE","logger":"airflow.task.hooks.airflow.providers.standard.hooks.subprocess.SubprocessHook","filename":"subprocess.py","lineno":106}
{"timestamp":"2026-07-03T13:03:16.823138Z","level":"info","event":"","logger":"airflow.task.hooks.airflow.providers.standard.hooks.subprocess.SubprocessHook","filename":"subprocess.py","lineno":106}
{"timestamp":"2026-07-03T13:03:16.823154Z","level":"info","event":"All RAW tables loaded successfully.","logger":"airflow.task.hooks.airflow.providers.standard.hooks.subprocess.SubprocessHook","filename":"subprocess.py","lineno":106}
{"timestamp":"2026-07-03T13:03:16.823305Z","level":"info","event":"","logger":"airflow.task.hooks.airflow.providers.standard.hooks.subprocess.SubprocessHook","filename":"subprocess.py","lineno":106}
{"timestamp":"2026-07-03T13:03:16.823327Z","level":"info","event":"Snowflake connection closed.","logger":"airflow.task.hooks.airflow.providers.standard.hooks.subprocess.SubprocessHook","filename":"subprocess.py","lineno":106}
{"timestamp":"2026-07-03T13:03:17.015458Z","level":"info","event":"Command exited with return code 0","logger":"airflow.task.hooks.airflow.providers.standard.hooks.subprocess.SubprocessHook","filename":"subprocess.py","lineno":110}
{"timestamp":"2026-07-03T13:03:17.024791Z","level":"info","event":"Pushing xcom","ti":"RuntimeTaskInstance(id=UUID('019f2812-60ff-7b17-b6b7-318b7827469b'), task_id='load_raw_data', dag_id='uk_housing_master_pipeline', run_id='manual__2026-07-03T13:02:00.909736+00:00', try_number=1, dag_version_id=UUID('019f22aa-99fc-7c23-9e3d-13215a8888ad'), map_index=-1, hostname='f00143147b01', context_carrier={}, task=<Task(BashOperator): load_raw_data>, bundle_instance=LocalDagBundle(name=dags-folder), max_tries=3, start_date=datetime.datetime(2026, 7, 3, 13, 2, 57, 15037, tzinfo=datetime.timezone.utc), end_date=None, state=<TaskInstanceState.RUNNING: 'running'>, is_mapped=False, rendered_map_index=None)","logger":"task","filename":"task_runner.py","lineno":1352}
